
> personal-portfolio@0.0.0 test
> jest

FAIL src/App.test.tsx (13.331 s)
  ● Portfolio Integration Tests › renders portfolio with hero section

    TestingLibraryElementError: Unable to find an element with the text: Netsanet Portfolio. This could be because the text is broken up by multiple elements. In this case, you can provide a function for your text matcher to make your matcher more flexible.

    Ignored nodes: comments, script, style
    [36m<body>[39m
      [36m<div>[39m
        [36m<div[39m
          [33mclass[39m=[32m"bg-white"[39m
        [36m>[39m
          [36m<nav[39m
            [33mclass[39m=[32m"navbar-container fixed top-0 w-full z-50 transition-all duration-300 bg-gradient-to-b from-gray-900/90 to-transparent "[39m
          [36m>[39m
            [36m<div[39m
              [33mclass[39m=[32m"max-w-7xl mx-auto px-4 sm:px-6 lg:px-8"[39m
            [36m>[39m
              [36m<div[39m
                [33mclass[39m=[32m"flex justify-between items-center h-16"[39m
              [36m>[39m
                [36m<div[39m
                  [33mclass[39m=[32m"flex-shrink-0"[39m
                [36m>[39m
                  [36m<button[39m
                    [33mclass[39m=[32m"text-2xl font-bold bg-gradient-to-r from-blue-400 via-blue-500 to-blue-600 bg-clip-text text-transparent hover:opacity-80 transition-opacity"[39m
                  [36m>[39m
                    [0mNetsanet[0m
                  [36m</button>[39m
                [36m</div>[39m
                [36m<div[39m
                  [33mclass[39m=[32m"hidden md:flex items-center gap-8"[39m
                [36m>[39m
                  [36m<button[39m
                    [33mclass[39m=[32m"px-6 py-2 rounded-md text-sm font-medium transition-all duration-200 mx-2 text-white hover:text-blue-300 hover:bg-white/10"[39m
                  [36m>[39m
                    [0mHome[0m
                  [36m</button>[39m
                  [36m<button[39m
                    [33mclass[39m=[32m"px-6 py-2 rounded-md text-sm font-medium transition-all duration-200 mx-2 text-white hover:text-blue-300 hover:bg-white/10"[39m
                  [36m>[39m
                    [0mAbout[0m
                  [36m</button>[39m
                  [36m<button[39m
                    [33mclass[39m=[32m"px-6 py-2 rounded-md text-sm font-medium transition-all duration-200 mx-2 text-white hover:text-blue-300 hover:bg-white/10"[39m
                  [36m>[39m
                    [0mProjects[0m
                  [36m</button>[39m
                  [36m<button[39m
                    [33mclass[39m=[32m"px-6 py-2 rounded-md text-sm font-medium transition-all duration-200 mx-2 text-white hover:text-blue-300 hover:bg-white/10"[39m
                  [36m>[39m
                    [0mGallery[0m
                  [36m</button>[39m
                  [36m<button[39m
                    [33mclass[39m=[32m"px-6 py-2 rounded-md text-sm font-medium transition-all duration-200 mx-2 text-white hover:text-blue-300 hover:bg-white/10"[39m
                  [36m>[39m
                    [0mContact[0m
                  [36m</button>[39m
                [36m</div>[39m
                [36m<div[39m
                  [33mclass[39m=[32m"hidden md:flex items-center space-x-4"[39m
                [36m>[39m
                  [36m<form[39m
                    [33mclass[39m=[32m"flex items-center"[39m
                  [36m>[39m
                    [36m<input[39m
                      [33mclass[39m=[32m"px-4 py-2 rounded-lg text-sm transition-all bg-white/10 text-white placeholder-white/50 focus:outline-none focus:ring-2 focus:ring-blue-500"[39m
                      [33mplaceholder[39m=[32m"Search..."[39m
                      [33mtype[39m=[32m"text"[39m
                      [33mvalue[39m=[32m""[39m
                    [36m/>[39m
                    [36m<button[39m
                      [33mclass[39m=[32m"ml-2 px-4 py-2 rounded-lg font-medium transition-all bg-blue-500 text-white hover:bg-blue-600"[39m
                      [33mtype[39m=[32m"submit"[39m
                    [36m>[39m
                      [0mSearch[0m
                    [36m</button>[39m
                  [36m</form>[39m
                [36m</div>[39m
                [36m<div[39m
                  [33mclass[39m=[32m"md:hidden flex items-center space-x-2"[39m
                [36m>[39m
                  [36m<button[39m
                    [33mclass[39m=[32m"p-2 rounded-md transition-colors text-white hover:bg-white/10"[39m
                  [36m>[39m
                    [0m🔍[0m
                  [36m</button>[39m
                  [36m<button[39m
                    [33mclass[39m=[32m"p-2 rounded-md transition-colors text-white hover:bg-white/10"[39m
                  [36m>[39m
                    [36m<svg[39m
                      [33mclass[39m=[32m"h-6 w-6"[39m
                      [33mfill[39m=[32m"none"[39m
                      [33mstroke[39m=[32m"currentColor"[39m
                      [33mviewBox[39m=[32m"0 0 24 24"[39m
                    [36m>[39m
                      [36m<path[39m
                        [33md[39m=[32m"M4 6h16M4 12h16M4 18h16"[39m
                        [33mstroke-linecap[39m=[32m"round"[39m
                        [33mstroke-linejoin[39m=[32m"round"[39m
                        [33mstroke-width[39m=[32m"2"[39m
                      [36m/>[39m
                    [36m</svg>[39m
                  [36m</button>[39m
                [36m</div>[39m
              [36m</div>[39m
            [36m</div>[39m
          [36m</nav>[39m
          [36m<section[39m
            [33maria-labelledby[39m=[32m"hero-title"[39m
            [33mclass[39m=[32m"pt-32 pb-20 px-4 md:px-8 bg-gradient-to-b from-gray-900 via-gray-800 to-gray-900 min-h-screen flex items-center opacity-0 "[39m
            [33mid[39m=[32m"hero"[39m
            [33mrole[39m=[32m"main"[39m
          [36m>[39m
            [36m<div[39m
              [33mclass[39m=[32m"max-w-6xl mx-auto w-full"[39m
            [36m>[39m
              [36m<div[39m
                [33mclass[39m=[32m"grid grid-cols-1 md:grid-cols-2 gap-12 items-center"[39m
              [36m>[39m
                [36m<div[39m
                  [33mclass[39m=[32m"flex justify-center "[39m
                [36m>[39m
                  [36m<div[39m
                    [33mclass[39m=[32m"relative w-64 h-64 md:w-80 md:h-80"[39m
                  [36m>[39m
                    [36m<div[39m
                      [33mclass[39m=[32m"absolute inset-0 bg-gradient-to-r from-blue-400 to-blue-600 rounded-full blur-3xl opacity-40"[39m
                    [36m/>[39m
                    [36m<img[39m
                      [33malt[39m=[32m"Professional headshot of Netsanet, a full-stack developer"[39m
                      [33mclass[39m=[32m"relative w-full h-full object-cover rounded-full shadow-2xl border-4 border-blue-500/30 hover:border-blue-500/60 transition-all duration-300 animate-float"[39m
                      [33mloading[39m=[32m"eager"[39m
                      [33msrc[39m=[32m"./images/netsa.jpg"[39m
                    [36m/>[39m
                  [36m</div>[39m
                [36m</div>[39m
                [36m<div[39m
                  [33mclass[39m=[32m"text-center md:text-left "[39m
                [36m>[39m
                  [36m<div[39m
                    [33mclass[39m=[32m"mb-6"[39m
                  [36m>[39m
                    [36m<h2[39m
                      [33mclass[39m=[32m"text-lg md:text-xl font-semibold text-blue-400 mb-2 animate-wave"[39m
                    [36m>[39m
                      [0mHello, I'm[0m
                    [36m</h2>[39m
                    [36m<h1[39m
         ...

      21 |     
      22 |     // Use getAllByText since "Netsanet" appears in both header and hero
    > 23 |     const nameElements = screen.getAllByText('Netsanet Portfolio')
         |                                 ^
      24 |     expect(nameElements.length).toBeGreaterThan(0)
      25 |   })
      26 |

      at Object.getElementError (node_modules/@testing-library/react/node_modules/@testing-library/dom/dist/config.js:37:19)
      at node_modules/@testing-library/react/node_modules/@testing-library/dom/dist/query-helpers.js:76:38
      at node_modules/@testing-library/react/node_modules/@testing-library/dom/dist/query-helpers.js:109:15
      at Object.<anonymous> (src/App.test.tsx:23:33)

  ● Portfolio Integration Tests › navigation works between all sections

    TestingLibraryElementError: Unable to find an accessible element with the role "button" and name `/navigate to about section/i`

    Here are the accessible roles:

      navigation:

      Name "":
      [36m<nav[39m
        [33mclass[39m=[32m"navbar-container fixed top-0 w-full z-50 transition-all duration-300 bg-gradient-to-b from-gray-900/90 to-transparent "[39m
      [36m/>[39m

      --------------------------------------------------
      button:

      Name "Netsanet":
      [36m<button[39m
        [33mclass[39m=[32m"text-2xl font-bold bg-gradient-to-r from-blue-400 via-blue-500 to-blue-600 bg-clip-text text-transparent hover:opacity-80 transition-opacity"[39m
      [36m/>[39m

      Name "Home":
      [36m<button[39m
        [33mclass[39m=[32m"px-6 py-2 rounded-md text-sm font-medium transition-all duration-200 mx-2 text-white hover:text-blue-300 hover:bg-white/10"[39m
      [36m/>[39m

      Name "About":
      [36m<button[39m
        [33mclass[39m=[32m"px-6 py-2 rounded-md text-sm font-medium transition-all duration-200 mx-2 text-white hover:text-blue-300 hover:bg-white/10"[39m
      [36m/>[39m

      Name "Projects":
      [36m<button[39m
        [33mclass[39m=[32m"px-6 py-2 rounded-md text-sm font-medium transition-all duration-200 mx-2 text-white hover:text-blue-300 hover:bg-white/10"[39m
      [36m/>[39m

      Name "Gallery":
      [36m<button[39m
        [33mclass[39m=[32m"px-6 py-2 rounded-md text-sm font-medium transition-all duration-200 mx-2 text-white hover:text-blue-300 hover:bg-white/10"[39m
      [36m/>[39m

      Name "Contact":
      [36m<button[39m
        [33mclass[39m=[32m"px-6 py-2 rounded-md text-sm font-medium transition-all duration-200 mx-2 text-white hover:text-blue-300 hover:bg-white/10"[39m
      [36m/>[39m

      Name "Search":
      [36m<button[39m
        [33mclass[39m=[32m"ml-2 px-4 py-2 rounded-lg font-medium transition-all bg-blue-500 text-white hover:bg-blue-600"[39m
        [33mtype[39m=[32m"submit"[39m
      [36m/>[39m

      Name "🔍":
      [36m<button[39m
        [33mclass[39m=[32m"p-2 rounded-md transition-colors text-white hover:bg-white/10"[39m
      [36m/>[39m

      Name "":
      [36m<button[39m
        [33mclass[39m=[32m"p-2 rounded-md transition-colors text-white hover:bg-white/10"[39m
      [36m/>[39m

      Name "View My Work":
      [36m<button[39m
        [33mclass[39m=[32m"px-8 py-3 bg-gradient-to-r from-blue-500 to-blue-600 text-white font-semibold rounded-lg hover:from-blue-600 hover:to-blue-700 transition-all transform hover:scale-105 hover:shadow-lg"[39m
      [36m/>[39m

      Name "Get In Touch":
      [36m<button[39m
        [33mclass[39m=[32m"px-8 py-3 border-2 border-blue-400 text-blue-400 font-semibold rounded-lg hover:bg-blue-400/10 transition-all transform hover:scale-105"[39m
      [36m/>[39m

      Name "All":
      [36m<button[39m
        [33maria-pressed[39m=[32m"true"[39m
        [33mclass[39m=[32m"filterButton active"[39m
        [33mtype[39m=[32m"button"[39m
      [36m/>[39m

      Name "Full Stack":
      [36m<button[39m
        [33maria-pressed[39m=[32m"false"[39m
        [33mclass[39m=[32m"filterButton "[39m
        [33mtype[39m=[32m"button"[39m
      [36m/>[39m

      Name "View details for High School Management System project":
      [36m<article[39m
        [33maria-label[39m=[32m"View details for High School Management System project"[39m
        [33mclass[39m=[32m"projectCard"[39m
        [33mrole[39m=[32m"button"[39m
        [33mtabindex[39m=[32m"0"[39m
      [36m/>[39m

      Name "▶ View Certifications (8)":
      [36m<button[39m
        [33maria-controls[39m=[32m"certifications-content"[39m
        [33maria-expanded[39m=[32m"false"[39m
        [33mclass[39m=[32m"toggleButton"[39m
      [36m/>[39m

      Name "View Professional portrait in gray hoodie in full size":
      [36m<div[39m
        [33maria-label[39m=[32m"View Professional portrait in gray hoodie in full size"[39m
        [33mclass[39m=[32m"imageCard "[39m
        [33mrole[39m=[32m"button"[39m
        [33mtabindex[39m=[32m"0"[39m
      [36m/>[39m

      Name "View Professional portrait in yellow shirt in full size":
      [36m<div[39m
        [33maria-label[39m=[32m"View Professional portrait in yellow shirt in full size"[39m
        [33mclass[39m=[32m"imageCard "[39m
        [33mrole[39m=[32m"button"[39m
        [33mtabindex[39m=[32m"0"[39m
      [36m/>[39m

      Name "View Professional portrait with thoughtful pose in full size":
      [36m<div[39m
        [33maria-label[39m=[32m"View Professional portrait with thoughtful pose in full size"[39m
        [33mclass[39m=[32m"imageCard "[39m
        [33mrole[39m=[32m"button"[39m
        [33mtabindex[39m=[32m"0"[39m
      [36m/>[39m

      Name "View Professional portrait in yellow striped shirt in full size":
      [36m<div[39m
        [33maria-label[39m=[32m"View Professional portrait in yellow striped shirt in full size"[39m
        [33mclass[39m=[32m"imageCard "[39m
        [33mrole[39m=[32m"button"[39m
        [33mtabindex[39m=[32m"0"[39m
      [36m/>[39m

      Name "View Professional portrait on phone call in full size":
      [36m<div[39m
        [33maria-label[39m=[32m"View Professional portrait on phone call in full size"[39m
        [33mclass[39m=[32m"imageCard "[39m
        [33mrole[39m=[32m"button"[39m
        [33mtabindex[39m=[32m"0"[39m
      [36m/>[39m

      Name "View Developer portrait with creative background in full size":
      [36m<div[39m
        [33maria-label[39m=[32m"View Developer portrait with creative background in full size"[39m
        [33mclass[39m=[32m"imageCard "[39m
        [33mrole[39m=[32m"button"[39m
        [33mtabindex[39m=[32m"0"[39m
      [36m/>[39m

      Name "Send Message":
      [36m<button[39m
        [33mclass[39m=[32m"submitButton "[39m
        [33mtype[39m=[32m"submit"[39m
      [36m/>[39m

      --------------------------------------------------
      textbox:

      Name "":
      [36m<input[39m
        [33mclass[39m=[32m"px-4 py-2 rounded-lg text-sm transition-all bg-white/10 text-white placeholder-white/50 focus:outline-none focus:ring-2 focus:ring-blue-500"[39m
        [33mplaceholder[39m=[32m"Search..."[39m
        [33mtype[39m=[32m"text"[39m
        [33mvalue[39m=[32m""[39m
      [36m/>[39m

      Name "Name *":
      [36m<input[39m
        [33mclass[39m=[32m"input "[39m
        [33mid[39m=[32m"name"[39m
        [33mplaceholder[39m=[32m"Your full name"[39m
        [33mrequired[39m=[32m""[39m
        [33mtype[39m=[32m"text"[39m
        [33mvalue[39m=[32m""[39m
      [36m/>[39m

      Name "Email *":
      [36m<input[39m
        [33mclass[39m=[32m"input "[39m
        [33mid[39m=[32m"email"[39m
        [33mplaceholder[39m=[32m"your.email@example.com"[39m
        [33mrequired[39m=[32m""[39m
        [33mtype[39m=[32m"email"[39m
        [33mvalue[39m=[32m""[39m
      [36m/>[39m

      Name "Subject *":
      [36m<input[39m
        [33mclass[39m=[32m"input "[39m
        [33mid[39m=[32m"subject"[39m
        [33mplaceholder[39m=[32m"What's this about?"[39m
        [33mrequired[39m=[32m""[39m
        [33mtype[39m=[32m"text"[39m
        [33mvalue[39m=[32m""[39m
      [36m/>[39m

      Name "Message *":
      [36m<textarea[39m
        [33mclass[39m=[32m"textarea "[39m
        [33mid[39m=[32m"message"[39m
        [33mplaceholder[39m=[32m"Tell me about your project or opportunity..."[39m
        [33mrequired[39m=[32m""[39m
        [33mrows[39m=[32m"6"[39m
      [36m/>[39m

      --------------------------------------------------
      main:

      Name "Netsanet Worku":
      [36m<section[39m
        [33maria-labelledby[39m=[32m"hero-title"[39m
        [33mclass[39m=[32m"pt-32 pb-20 px-4 md:px-8 bg-gradient-to-b from-gray-900 via-gray-800 to-gray-900 min-h-screen flex items-center opacity-0 "[39m
        [33mid[39m=[32m"hero"[39m
        [33mrole[39m=[32m"main"[39m
      [36m/>[39m

      --------------------------------------------------
      img:

      Name "Professional headshot of Netsanet, a full-stack developer":
      [36m<img[39m
        [33malt[39m=[32m"Professional headshot of Netsanet, a full-stack developer"[39m
        [33mclass[39m=[32m"relative w-full h-full object-cover rounded-full shadow-2xl border-4 border-blue-500/30 hover:border-blue-500/60 transition-all duration-300 animate-float"[39m
        [33mloading[39m=[32m"eager"[39m
        [33msrc[39m=[32m"./images/netsa.jpg"[39m
      [36m/>[39m

      Name "Screenshot of High School Management System project showing the main interface":
      [36m<img[39m
        [33malt[39m=[32m"Screenshot of High School Management System project showing the main interface"[39m
        [33mclass[39m=[32m"thumbnail"[39m
        [33mloading[39m=[32m"lazy"[39m
        [33msrc[39m=[32m"./images/developer-photo.jpg"[39m
      [36m/>[39m

      Name "Professional portrait in gray hoodie":
      [36m<img[39m
        [33malt[39m=[32m"Professional portrait in gray hoodie"[39m
        [33mclass[39m=[32m"image"[39m
        [33mloading[39m=[32m"lazy"[39m
        [33msrc[39m=[32m"./images/photo_2026-01-13_17-27-43.jpg"[39m
      [36m/>[39m

      Name "Professional portrait in yellow shirt":
      [36m<img[39m
        [33malt[39m=[32m"Professional portrait in yellow shirt"[39m
        [33mclass[39m=[32m"image"[39m
        [33mloading[39m=[32m"lazy"[39m
        [33msrc[39m=[32m"./images/netsa.jpg"[39m
      [36m/>[39m

      Name "Professional portrait with thoughtful pose":
      [36m<img[39m
        [33malt[39m=[32m"Professional portrait with thoughtful pose"[39m
        [33mclass[39m=[32m"image"[39m
        [33mloading[39m=[32m"lazy"[39m
        [33msrc[39m=[32m"./images/profile-1.jpg"[39m
      [36m/>[39m

      Name "Professional portrait in yellow striped shirt":
      [36m<img[39m
        [33malt[39m=[32m"Professional portrait in yellow striped shirt"[39m
        [33mclass[39m=[32m"image"[39m
        [33mloading[39m=[32m"lazy"[39m
        [33msrc[39m=[32m"./images/profile-2.jpg"[39m
      [36m/>[39m

      Name "Professional portrait on phone call":
      [36m<img[39m
        [33malt[39m=[32m"Professional portrait on phone call"[39m
        [33mclass[39m=[32m"image"[39m
        [33mloading[39m=[32m"lazy"[39m
        [33msrc[39m=[32m"./images/profile-3.jpg"[39m
      [36m/>[39m

      Name "Developer portrait with creative background":
      [36m<img[39m
        [33malt[39m=[32m"Developer portrait with creative background"[39m
        [33mclass[39m=[32m"image"[39m
        [33mloading[39m=[32m"lazy"[39m
        [33msrc[39m=[32m"./images/developer-photo.jpg"[39m
      [36m/>[39m

      --------------------------------------------------
      heading:

      Name "Hello, I'm":
      [36m<h2[39m
        [33mclass[39m=[32m"text-lg md:text-xl font-semibold text-blue-400 mb-2 animate-wave"[39m
      [36m/>[39m

      Name "Netsanet Worku":
      [36m<h1[39m
        [33mclass[39m=[32m"text-4xl md:text-6xl font-bold mb-4 animated-name glow"[39m
        [33mid[39m=[32m"hero-title"[39m
      [36m/>[39m

      Name "Computer Science Student & Web Developer":
      [36m<h2[39m
        [33mclass[39m=[32m"text-xl md:text-2xl font-semibold text-gray-300 mb-6"[39m
      [36m/>[39m

      Name "About Me":
      [36m<h2[39m
        [33mclass[39m=[32m"text-4xl font-bold text-center mb-8 animated-name glow"[39m
      [36m/>[39m

      Name "Featured Projects":
      [36m<h2[39m
        [33mclass[39m=[32m"title"[39m
        [33mid[39m=[32m"projects-title"[39m
      [36m/>[39m

      Name "Project Filters":
      [36m<h3[39m
        [33mclass[39m=[32m"sr-only"[39m
        [33mid[39m=[32m"filter-controls-label"[39m
      [36m/>[39m

      Name "High School Management System":
      [36m<h3[39m
        [33mclass[39m=[32m"title"[39m
      [36m/>[39m

      Name "Skills & Technologies":
      [36m<h2[39m
        [33mclass[39m=[32m"title"[39m
        [33mid[39m=[32m"skills-title"[39m
      [36m/>[39m

      Name "Programming Languages":
      [36m<h3[39m
        [33mclass[39m=[32m"categoryTitle"[39m
      [36m/>[39m

      Name "Frameworks & Libraries":
      [36m<h3[39m
        [33mclass[39m=[32m"categoryTitle"[39m
      [36m/>[39m

      Name "Tools & Technologies":
      [36m<h3[39m
        [33mclass[39m=[32m"categoryTitle"[39m
      [36m/>[39m

      Name "Experience & Education":
      [36m<h2[39m
        [33mclass[39m=[32m"title"[39m
        [33mid[39m=[32m"experience-title"[39m
      [36m/>[39m

      Name "Work Experience":
      [36m<h3[39m
        [33mclass[39m=[32m"sectionTitle"[39m
        [33mid[39m=[32m"work-experience-title"[39m
      [36m/>[39m

      Name "Web Development Student":
      [36m<h4[39m
        [33mclass[39m=[32m"position"[39m
      [36m/>[39m

      Name "Self-Learning & Personal Projects":
      [36m<h5[39m
        [33mclass[39m=[32m"company"[39m
      [36m/>[39m

      Name "Education":
      [36m<h3[39m
        [33mclass[39m=[32m"sectionTitle"[39m
        [33mid[39m=[32m"education-title"[39m
      [36m/>[39m

      Name "Bachelor of Science in Computer Science":
      [36m<h4[39m
        [33mclass[39m=[32m"degree"[39m
      [36m/>[39m

      Name "Madda Walabu University":
      [36m<h5[39m
        [33mclass[39m=[32m"institution"[39m
      [36m/>[39m

      Name "High School Diploma":
      [36m<h4[39m
        [33mclass[39m=[32m"degree"[39m
      [36m/>[39m

      Name "Asela Oda High School":
      [36m<h5[39m
        [33mclass[39m=[32m"institution"[39m
      [36m/>[39m

      Name "Elementary Education":
      [36m<h4[39m
        [33mclass[39m=[32m"degree"[39m
      [36m/>[39m

      Name "Tereta Elementary School":
      [36m<h5[39m
        [33mclass[39m=[32m"institution"[39m
      [36m/>[39m

      Name "Web Development":
      [36m<h4[39m
        [33mclass[39m=[32m"degree"[39m
      [36m/>[39m

      Name "Self-Taught Web Developer":
      [36m<h5[39m
        [33mclass[39m=[32m"institution"[39m
      [36m/>[39m

      Name "Certifications":
      [36m<h3[39m
        [33mclass[39m=[32m"sectionTitle"[39m
        [33mid[39m=[32m"certifications-title"[39m
      [36m/>[39m

      Name "Photo Gallery":
      [36m<h2[39m
        [33mclass[39m=[32m"title"[39m
      [36m/>[39m

      Name "Contact":
      [36m<h2 />[39m

      Name "Get In Touch":
      [36m<h3 />[39m

      --------------------------------------------------
      link:

      Name "📱":
      [36m<a[39m
        [33mclass[39m=[32m"w-10 h-10 flex items-center justify-center rounded-full bg-gray-700 hover:bg-blue-500 transition-all transform hover:scale-110"[39m
        [33mhref[39m=[32m"https://tiktok.com/@netsanet.worku"[39m
        [33mrel[39m=[32m"noopener noreferrer"[39m
        [33mtarget[39m=[32m"_blank"[39m
        [33mtitle[39m=[32m"TikTok"[39m
      [36m/>[39m

      Name "✈️":
      [36m<a[39m
        [33mclass[39m=[32m"w-10 h-10 flex items-center justify-center rounded-full bg-gray-700 hover:bg-blue-500 transition-all transform hover:scale-110"[39m
        [33mhref[39m=[32m"https://t.me/Abi_yam21"[39m
        [33mrel[39m=[32m"noopener noreferrer"[39m
        [33mtarget[39m=[32m"_blank"[39m
        [33mtitle[39m=[32m"Telegram"[39m
      [36m/>[39m

      Name "💻":
      [36m<a[39m
        [33mclass[39m=[32m"w-10 h-10 flex items-center justify-center rounded-full bg-gray-700 hover:bg-blue-500 transition-all transform hover:scale-110"[39m
        [33mhref[39m=[32m"https://github.com/NetsanetWorku"[39m
        [33mrel[39m=[32m"noopener noreferrer"[39m
        [33mtarget[39m=[32m"_blank"[39m
        [33mtitle[39m=[32m"GitHub"[39m
      [36m/>[39m

      Name "workunetsanet143@gmail.com":
      [36m<a[39m
        [33mclass[39m=[32m"contactLink"[39m
        [33mhref[39m=[32m"mailto:workunetsanet143@gmail.com"[39m
      [36m/>[39m

      Name "+251 936 116 761":
      [36m<a[39m
        [33mclass[39m=[32m"contactLink"[39m
        [33mhref[39m=[32m"tel:+251936116761"[39m
      [36m/>[39m

      Name "TikTok Profile":
      [36m<a[39m
        [33maria-label[39m=[32m"TikTok Profile"[39m
        [33mclass[39m=[32m"socialLink"[39m
        [33mhref[39m=[32m"https://tiktok.com/@netsanet.worku"[39m
        [33mrel[39m=[32m"noopener noreferrer"[39m
        [33mtarget[39m=[32m"_blank"[39m
      [36m/>[39m

      Name "YouTube Channel":
      [36m<a[39m
        [33maria-label[39m=[32m"YouTube Channel"[39m
        [33mclass[39m=[32m"socialLink"[39m
        [33mhref[39m=[32m"https://youtube.com/@Netsalove"[39m
        [33mrel[39m=[32m"noopener noreferrer"[39m
        [33mtarget[39m=[32m"_blank"[39m
      [36m/>[39m

      Name "Telegram Profile":
      [36m<a[39m
        [33maria-label[39m=[32m"Telegram Profile"[39m
        [33mclass[39m=[32m"socialLink"[39m
        [33mhref[39m=[32m"https://t.me/Abi_yam21"[39m
        [33mrel[39m=[32m"noopener noreferrer"[39m
        [33mtarget[39m=[32m"_blank"[39m
      [36m/>[39m

      Name "GitHub Profile":
      [36m<a[39m
        [33maria-label[39m=[32m"GitHub Profile"[39m
        [33mclass[39m=[32m"socialLink"[39m
        [33mhref[39m=[32m"https://github.com/netsanet"[39m
        [33mrel[39m=[32m"noopener noreferrer"[39m
        [33mtarget[39m=[32m"_blank"[39m
      [36m/>[39m

      Name "LinkedIn Profile":
      [36m<a[39m
        [33maria-label[39m=[32m"LinkedIn Profile"[39m
        [33mclass[39m=[32m"socialLink"[39m
        [33mhref[39m=[32m"https://linkedin.com/in/netsanet"[39m
        [33mrel[39m=[32m"noopener noreferrer"[39m
        [33mtarget[39m=[32m"_blank"[39m
      [36m/>[39m

      --------------------------------------------------
      region:

      Name "Featured Projects":
      [36m<section[39m
        [33maria-labelledby[39m=[32m"projects-title"[39m
        [33mclass[39m=[32m"projects"[39m
        [33mid[39m=[32m"projects"[39m
      [36m/>[39m

      Name "Skills & Technologies":
      [36m<section[39m
        [33maria-labelledby[39m=[32m"skills-title"[39m
        [33mclass[39m=[32m"skills"[39m
        [33mid[39m=[32m"skills"[39m
      [36m/>[39m

      Name "Skills organized by category":
      [36m<div[39m
        [33maria-label[39m=[32m"Skills organized by category"[39m
        [33mclass[39m=[32m"skillsGrid"[39m
        [33mrole[39m=[32m"region"[39m
      [36m/>[39m

      Name "Experience & Education":
      [36m<section[39m
        [33maria-labelledby[39m=[32m"experience-title"[39m
        [33mclass[39m=[32m"experience"[39m
        [33mid[39m=[32m"experience"[39m
      [36m/>[39m

      Name "Work Experience":
      [36m<section[39m
        [33maria-labelledby[39m=[32m"work-experience-title"[39m
        [33mclass[39m=[32m"section"[39m
      [36m/>[39m

      Name "Education":
      [36m<section[39m
        [33maria-labelledby[39m=[32m"education-title"[39m
        [33mclass[39m=[32m"section"[39m
      [36m/>[39m

      Name "Certifications":
      [36m<section[39m
        [33maria-labelledby[39m=[32m"certifications-title"[39m
        [33mclass[39m=[32m"section"[39m
      [36m/>[39m

      --------------------------------------------------
      banner:

      Name "":
      [36m<header />[39m

      Name "":
      [36m<header />[39m

      Name "":
      [36m<header />[39m

      Name "":
      [36m<header />[39m

      Name "":
      [36m<header />[39m

      Name "":
      [36m<header />[39m

      Name "":
      [36m<header />[39m

      Name "":
      [36m<header />[39m

      Name "":
      [36m<header[39m
        [33mclass[39m=[32m"itemHeader"[39m
      [36m/>[39m

      Name "":
      [36m<header />[39m

      Name "":
      [36m<header[39m
        [33mclass[39m=[32m"itemHeader"[39m
      [36m/>[39m

      Name "":
      [36m<header[39m
        [33mclass[39m=[32m"itemHeader"[39m
      [36m/>[39m

      Name "":
      [36m<header[39m
        [33mclass[39m=[32m"itemHeader"[39m
      [36m/>[39m

      Name "":
      [36m<header[39m
        [33mclass[39m=[32m"itemHeader"[39m
      [36m/>[39m

      Name "":
      [36m<header />[39m

      --------------------------------------------------
      group:

      Name "Project Filters":
      [36m<div[39m
        [33maria-labelledby[39m=[32m"filter-controls-label"[39m
        [33mclass[39m=[32m"filterControls"[39m
        [33mrole[39m=[32m"group"[39m
      [36m/>[39m

      Name "Filter projects by category":
      [36m<div[39m
        [33maria-label[39m=[32m"Filter projects by category"[39m
        [33mclass[39m=[32m"filterButtons"[39m
        [33mid[39m=[32m"filter-buttons"[39m
        [33mrole[39m=[32m"group"[39m
      [36m/>[39m

      --------------------------------------------------
      tablist:

      Name "Filter type selection":
      [36m<div[39m
        [33maria-label[39m=[32m"Filter type selection"[39m
        [33mclass[39m=[32m"filterTypeToggle"[39m
        [33mrole[39m=[32m"tablist"[39m
      [36m/>[39m

      --------------------------------------------------
      tab:

      Name "By Category":
      [36m<button[39m
        [33maria-controls[39m=[32m"filter-buttons"[39m
        [33maria-selected[39m=[32m"true"[39m
        [33mclass[39m=[32m"toggleButton active"[39m
        [33mrole[39m=[32m"tab"[39m
        [33mtype[39m=[32m"button"[39m
      [36m/>[39m

      Name "By Technology":
      [36m<button[39m
        [33maria-controls[39m=[32m"filter-buttons"[39m
        [33maria-selected[39m=[32m"false"[39m
        [33mclass[39m=[32m"toggleButton "[39m
        [33mrole[39m=[32m"tab"[39m
        [33mtype[39m=[32m"button"[39m
      [36m/>[39m

      --------------------------------------------------
      grid:

      Name "Projects showcase":
      [36m<div[39m
        [33maria-atomic[39m=[32m"false"[39m
        [33maria-label[39m=[32m"Projects showcase"[39m
        [33maria-live[39m=[32m"polite"[39m
        [33mclass[39m=[32m"projectsGrid"[39m
        [33mrole[39m=[32m"grid"[39m
      [36m/>[39m

      --------------------------------------------------
      gridcell:

      Name "Screenshot of High School Management System project showing the main interface Featured project High School Management System A comprehensive web-based management system designed for high schools to streamline administrative tasks and improve com... Technologies used Project category: Full Stack":
      [36m<div[39m
        [33mrole[39m=[32m"gridcell"[39m
      [36m/>[39m

      --------------------------------------------------
      list:

      Name "Technologies used":
      [36m<div[39m
        [33maria-label[39m=[32m"Technologies used"[39m
        [33mclass[39m=[32m"technologies"[39m
        [33mrole[39m=[32m"list"[39m
      [36m/>[39m

      Name "":
      [36m<div[39m
        [33mclass[39m=[32m"skillsList"[39m
        [33mrole[39m=[32m"list"[39m
      [36m/>[39m

      Name "":
      [36m<div[39m
        [33mclass[39m=[32m"skillsList"[39m
        [33mrole[39m=[32m"list"[39m
      [36m/>[39m

      Name "":
      [36m<div[39m
        [33mclass[39m=[32m"skillsList"[39m
        [33mrole[39m=[32m"list"[39m
      [36m/>[39m

      Name "Work experience timeline":
      [36m<div[39m
        [33maria-label[39m=[32m"Work experience timeline"[39m
        [33mclass[39m=[32m"timeline"[39m
        [33mrole[39m=[32m"list"[39m
      [36m/>[39m

      Name "Technologies used":
      [36m<div[39m
        [33maria-label[39m=[32m"Technologies used"[39m
        [33mclass[39m=[32m"technologies"[39m
        [33mrole[39m=[32m"list"[39m
      [36m/>[39m

      Name "Education timeline":
      [36m<div[39m
        [33maria-label[39m=[32m"Education timeline"[39m
        [33mclass[39m=[32m"timeline"[39m
        [33mrole[39m=[32m"list"[39m
      [36m/>[39m

      --------------------------------------------------
      listitem:

      Name "":
      [36m<span[39m
        [33mclass[39m=[32m"techTag"[39m
        [33mrole[39m=[32m"listitem"[39m
      [36m/>[39m

      Name "":
      [36m<span[39m
        [33mclass[39m=[32m"techTag"[39m
        [33mrole[39m=[32m"listitem"[39m
      [36m/>[39m

      Name "":
      [36m<span[39m
        [33mclass[39m=[32m"techTag"[39m
        [33mrole[39m=[32m"listitem"[39m
      [36m/>[39m

      Name "":
      [36m<span[39m
        [33mclass[39m=[32m"techTag"[39m
        [33mrole[39m=[32m"listitem"[39m
      [36m/>[39m

      Name "":
      [36m<div[39m
        [33mclass[39m=[32m"skillItem"[39m
        [33mrole[39m=[32m"listitem"[39m
      [36m/>[39m

      Name "":
      [36m<div[39m
        [33mclass[39m=[32m"skillItem"[39m
        [33mrole[39m=[32m"listitem"[39m
      [36m/>[39m

      Name "":
      [36m<div[39m
        [33mclass[39m=[32m"skillItem"[39m
        [33mrole[39m=[32m"listitem"[39m
      [36m/>[39m

      Name "":
      [36m<div[39m
        [33mclass[39m=[32m"skillItem"[39m
        [33mrole[39m=[32m"listitem"[39m
      [36m/>[39m

      Name "":
      [36m<div[39m
        [33mclass[39m=[32m"skillItem"[39m
        [33mrole[39m=[32m"listitem"[39m
      [36m/>[39m

      Name "":
      [36m<div[39m
        [33mclass[39m=[32m"skillItem"[39m
        [33mrole[39m=[32m"listitem"[39m
      [36m/>[39m

      Name "":
      [36m<div[39m
        [33mclass[39m=[32m"skillItem"[39m
        [33mrole[39m=[32m"listitem"[39m
      [36m/>[39m

      Name "":
      [36m<div[39m
        [33mclass[39m=[32m"skillItem"[39m
        [33mrole[39m=[32m"listitem"[39m
      [36m/>[39m

      Name "":
      [36m<div[39m
        [33mclass[39m=[32m"skillItem"[39m
        [33mrole[39m=[32m"listitem"[39m
      [36m/>[39m

      Name "":
      [36m<div[39m
        [33mclass[39m=[32m"skillItem"[39m
        [33mrole[39m=[32m"listitem"[39m
      [36m/>[39m

      Name "":
      [36m<div[39m
        [33mclass[39m=[32m"skillItem"[39m
        [33mrole[39m=[32m"listitem"[39m
      [36m/>[39m

      Name "":
      [36m<div[39m
        [33mclass[39m=[32m"skillItem"[39m
        [33mrole[39m=[32m"listitem"[39m
      [36m/>[39m

      Name "":
      [36m<article[39m
        [33mclass[39m=[32m"timelineItem"[39m
        [33mrole[39m=[32m"listitem"[39m
      [36m/>[39m

      Name "":
      [36m<span[39m
        [33mclass[39m=[32m"techTag"[39m
        [33mrole[39m=[32m"listitem"[39m
      [36m/>[39m

      Name "":
      [36m<span[39m
        [33mclass[39m=[32m"techTag"[39m
        [33mrole[39m=[32m"listitem"[39m
      [36m/>[39m

      Name "":
      [36m<span[39m
        [33mclass[39m=[32m"techTag"[39m
        [33mrole[39m=[32m"listitem"[39m
      [36m/>[39m

      Name "":
      [36m<span[39m
        [33mclass[39m=[32m"techTag"[39m
        [33mrole[39m=[32m"listitem"[39m
      [36m/>[39m

      Name "":
      [36m<span[39m
        [33mclass[39m=[32m"techTag"[39m
        [33mrole[39m=[32m"listitem"[39m
      [36m/>[39m

      Name "":
      [36m<span[39m
        [33mclass[39m=[32m"techTag"[39m
        [33mrole[39m=[32m"listitem"[39m
      [36m/>[39m

      Name "":
      [36m<span[39m
        [33mclass[39m=[32m"techTag"[39m
        [33mrole[39m=[32m"listitem"[39m
      [36m/>[39m

      Name "":
      [36m<article[39m
        [33mclass[39m=[32m"timelineItem"[39m
        [33mrole[39m=[32m"listitem"[39m
      [36m/>[39m

      Name "":
      [36m<article[39m
        [33mclass[39m=[32m"timelineItem"[39m
        [33mrole[39m=[32m"listitem"[39m
      [36m/>[39m

      Name "":
      [36m<article[39m
        [33mclass[39m=[32m"timelineItem"[39m
        [33mrole[39m=[32m"listitem"[39m
      [36m/>[39m

      Name "":
      [36m<article[39m
        [33mclass[39m=[32m"timelineItem"[39m
        [33mrole[39m=[32m"listitem"[39m
      [36m/>[39m

      --------------------------------------------------
      article:

      Name "":
      [36m<article[39m
        [33mclass[39m=[32m"skillCategory"[39m
      [36m/>[39m

      Name "":
      [36m<article[39m
        [33mclass[39m=[32m"skillCategory"[39m
      [36m/>[39m

      Name "":
      [36m<article[39m
        [33mclass[39m=[32m"skillCategory"[39m
      [36m/>[39m

      --------------------------------------------------
      progressbar:

      Name "HTML5":
      [36m<div[39m
        [33maria-labelledby[39m=[32m"skill-language-html5"[39m
        [33maria-valuemax[39m=[32m"4"[39m
        [33maria-valuemin[39m=[32m"1"[39m
        [33maria-valuenow[39m=[32m"2"[39m
        [33maria-valuetext[39m=[32m"Intermediate level (50%)"[39m
        [33mclass[39m=[32m"skillMeter"[39m
        [33mrole[39m=[32m"progressbar"[39m
      [36m/>[39m

      Name "CSS3":
      [36m<div[39m
        [33maria-labelledby[39m=[32m"skill-language-css3"[39m
        [33maria-valuemax[39m=[32m"4"[39m
        [33maria-valuemin[39m=[32m"1"[39m
        [33maria-valuenow[39m=[32m"2"[39m
        [33maria-valuetext[39m=[32m"Intermediate level (50%)"[39m
        [33mclass[39m=[32m"skillMeter"[39m
        [33mrole[39m=[32m"progressbar"[39m
      [36m/>[39m

      Name "JavaScript":
      [36m<div[39m
        [33maria-labelledby[39m=[32m"skill-language-javascript"[39m
        [33maria-valuemax[39m=[32m"4"[39m
        [33maria-valuemin[39m=[32m"1"[39m
        [33maria-valuenow[39m=[32m"2"[39m
        [33maria-valuetext[39m=[32m"Intermediate level (50%)"[39m
        [33mclass[39m=[32m"skillMeter"[39m
        [33mrole[39m=[32m"progressbar"[39m
      [36m/>[39m

      Name "TypeScript":
      [36m<div[39m
        [33maria-labelledby[39m=[32m"skill-language-typescript"[39m
        [33maria-valuemax[39m=[32m"4"[39m
        [33maria-valuemin[39m=[32m"1"[39m
        [33maria-valuenow[39m=[32m"1"[39m
        [33maria-valuetext[39m=[32m"Beginner level (25%)"[39m
        [33mclass[39m=[32m"skillMeter"[39m
        [33mrole[39m=[32m"progressbar"[39m
      [36m/>[39m

      Name "React":
      [36m<div[39m
        [33maria-labelledby[39m=[32m"skill-framework-react"[39m
        [33maria-valuemax[39m=[32m"4"[39m
        [33maria-valuemin[39m=[32m"1"[39m
        [33maria-valuenow[39m=[32m"1"[39m
        [33maria-valuetext[39m=[32m"Beginner level (25%)"[39m
        [33mclass[39m=[32m"skillMeter"[39m
        [33mrole[39m=[32m"progressbar"[39m
      [36m/>[39m

      Name "Node.js":
      [36m<div[39m
        [33maria-labelledby[39m=[32m"skill-framework-node.js"[39m
        [33maria-valuemax[39m=[32m"4"[39m
        [33maria-valuemin[39m=[32m"1"[39m
        [33maria-valuenow[39m=[32m"1"[39m
        [33maria-valuetext[39m=[32m"Beginner level (25%)"[39m
        [33mclass[39m=[32m"skillMeter"[39m
        [33mrole[39m=[32m"progressbar"[39m
      [36m/>[39m

      Name "Bootstrap":
      [36m<div[39m
        [33maria-labelledby[39m=[32m"skill-framework-bootstrap"[39m
        [33maria-valuemax[39m=[32m"4"[39m
        [33maria-valuemin[39m=[32m"1"[39m
        [33maria-valuenow[39m=[32m"1"[39m
        [33maria-valuetext[39m=[32m"Beginner level (25%)"[39m
        [33mclass[39m=[32m"skillMeter"[39m
        [33mrole[39m=[32m"progressbar"[39m
      [36m/>[39m

      Name "Sass/SCSS":
      [36m<div[39m
        [33maria-labelledby[39m=[32m"skill-tool-sass/scss"[39m
        [33maria-valuemax[39m=[32m"4"[39m
        [33maria-valuemin[39m=[32m"1"[39m
        [33maria-valuenow[39m=[32m"1"[39m
        [33maria-valuetext[39m=[32m"Beginner level (25%)"[39m
        [33mclass[39m=[32m"skillMeter"[39m
        [33mrole[39m=[32m"progressbar"[39m
      [36m/>[39m

      Name "Git":
      [36m<div[39m
        [33maria-labelledby[39m=[32m"skill-tool-git"[39m
        [33maria-valuemax[39m=[32m"4"[39m
        [33maria-valuemin[39m=[32m"1"[39m
        [33maria-valuenow[39m=[32m"1"[39m
        [33maria-valuetext[39m=[32m"Beginner level (25%)"[39m
        [33mclass[39m=[32m"skillMeter"[39m
        [33mrole[39m=[32m"progressbar"[39m
      [36m/>[39m

      Name "VS Code":
      [36m<div[39m
        [33maria-labelledby[39m=[32m"skill-tool-vs-code"[39m
        [33maria-valuemax[39m=[32m"4"[39m
        [33maria-valuemin[39m=[32m"1"[39m
        [33maria-valuenow[39m=[32m"2"[39m
        [33maria-valuetext[39m=[32m"Intermediate level (50%)"[39m
        [33mclass[39m=[32m"skillMeter"[39m
        [33mrole[39m=[32m"progressbar"[39m
      [36m/>[39m

      Name "Chrome DevTools":
      [36m<div[39m
        [33maria-labelledby[39m=[32m"skill-tool-chrome-devtools"[39m
        [33maria-valuemax[39m=[32m"4"[39m
        [33maria-valuemin[39m=[32m"1"[39m
        [33maria-valuenow[39m=[32m"2"[39m
        [33maria-valuetext[39m=[32m"Intermediate level (50%)"[39m
        [33mclass[39m=[32m"skillMeter"[39m
        [33mrole[39m=[32m"progressbar"[39m
      [36m/>[39m

      Name "Responsive Design":
      [36m<div[39m
        [33maria-labelledby[39m=[32m"skill-tool-responsive-design"[39m
        [33maria-valuemax[39m=[32m"4"[39m
        [33maria-valuemin[39m=[32m"1"[39m
        [33maria-valuenow[39m=[32m"2"[39m
        [33maria-valuetext[39m=[32m"Intermediate level (50%)"[39m
        [33mclass[39m=[32m"skillMeter"[39m
        [33mrole[39m=[32m"progressbar"[39m
      [36m/>[39m

      --------------------------------------------------

    Ignored nodes: comments, script, style
    [36m<body>[39m
      [36m<div>[39m
        [36m<div[39m
          [33mclass[39m=[32m"bg-white"[39m
        [36m>[39m
          [36m<nav[39m
            [33mclass[39m=[32m"navbar-container fixed top-0 w-full z-50 transition-all duration-300 bg-gradient-to-b from-gray-900/90 to-transparent "[39m
          [36m>[39m
            [36m<div[39m
              [33mclass[39m=[32m"max-w-7xl mx-auto px-4 sm:px-6 lg:px-8"[39m
            [36m>[39m
              [36m<div[39m
                [33mclass[39m=[32m"flex justify-between items-center h-16"[39m
              [36m>[39m
                [36m<div[39m
                  [33mclass[39m=[32m"flex-shrink-0"[39m
                [36m>[39m
                  [36m<button[39m
                    [33mclass[39m=[32m"text-2xl font-bold bg-gradient-to-r from-blue-400 via-blue-500 to-blue-600 bg-clip-text text-transparent hover:opacity-80 transition-opacity"[39m
                  [36m>[39m
                    [0mNetsanet[0m
                  [36m</button>[39m
                [36m</div>[39m
                [36m<div[39m
                  [33mclass[39m=[32m"hidden md:flex items-center gap-8"[39m
                [36m>[39m
                  [36m<button[39m
                    [33mclass[39m=[32m"px-6 py-2 rounded-md text-sm font-medium transition-all duration-200 mx-2 text-white hover:text-blue-300 hover:bg-white/10"[39m
                  [36m>[39m
                    [0mHome[0m
                  [36m</button>[39m
                  [36m<button[39m
                    [33mclass[39m=[32m"px-6 py-2 rounded-md text-sm font-medium transition-all duration-200 mx-2 text-white hover:text-blue-300 hover:bg-white/10"[39m
                  [36m>[39m
                    [0mAbout[0m
                  [36m</button>[39m
                  [36m<button[39m
                    [33mclass[39m=[32m"px-6 py-2 rounded-md text-sm font-medium transition-all duration-200 mx-2 text-white hover:text-blue-300 hover:bg-white/10"[39m
                  [36m>[39m
                    [0mProjects[0m
                  [36m</button>[39m
                  [36m<button[39m
                    [33mclass[39m=[32m"px-6 py-2 rounded-md text-sm font-medium transition-all duration-200 mx-2 text-white hover:text-blue-300 hover:bg-white/10"[39m
                  [36m>[39m
                    [0mGallery[0m
                  [36m</button>[39m
                  [36m<button[39m
                    [33mclass[39m=[32m"px-6 py-2 rounded-md text-sm font-medium transition-all duration-200 mx-2 text-white hover:text-blue-300 hover:bg-white/10"[39m
                  [36m>[39m
                    [0mContact[0m
                  [36m</button>[39m
                [36m</div>[39m
                [36m<div[39m
                  [33mclass[39m=[32m"hidden md:flex items-center space-x-4"[39m
                [36m>[39m
                  [36m<form[39m
                    [33mclass[39m=[32m"flex items-center"[39m
                  [36m>[39m
                    [36m<input[39m
                      [33mclass[39m=[32m"px-4 py-2 rounded-lg text-sm transition-all bg-white/10 text-white placeholder-white/50 focus:outline-none focus:ring-2 focus:ring-blue-500"[39m
                      [33mplaceholder[39m=[32m"Search..."[39m
                      [33mtype[39m=[32m"text"[39m
                      [33mvalue[39m=[32m""[39m
                    [36m/>[39m
                    [36m<button[39m
                      [33mclass[39m=[32m"ml-2 px-4 py-2 rounded-lg font-medium transition-all bg-blue-500 text-white hover:bg-blue-600"[39m
                      [33mtype[39m=[32m"submit"[39m
                    [36m>[39m
                      [0mSearch[0m
                    [36m</button>[39m
                  [36m</form>[39m
                [36m</div>[39m
                [36m<div[39m
                  [33mclass[39m=[32m"md:hidden flex items-center space-x-2"[39m
                [36m>[39m
                  [36m<button[39m
                    [33mclass[39m=[32m"p-2 rounded-md transition-colors text-white hover:bg-white/10"[39m
                  [36m>[39m
                    [0m🔍[0m
                  [36m</button>[39m
                  [36m<button[39m
                    [33mclass[39m=[32m"p-2 rounded-md transition-colors text-white hover:bg-white/10"[39m
                  [36m>[39m
                    [36m<svg[39m
                      [33mclass[39m=[32m"h-6 w-6"[39m
                      [33mfill[39m=[32m"none"[39m
                      [33mstroke[39m=[32m"currentColor"[39m
                      [33mviewBox[39m=[32m"0 0 24 24"[39m
                    [36m>[39m
                      [36m<path[39m
                        [33md[39m=[32m"M4 6h16M4 12h16M4 18h16"[39m
                        [33mstroke-linecap[39m=[32m"round"[39m
                        [33mstroke-linejoin[39m=[32m"round"[39m
                        [33mstroke-width[39m=[32m"2"[39m
                      [36m/>[39m
                    [36m</svg>[39m
                  [36m</button>[39m
                [36m</div>[39m
              [36m</div>[39m
            [36m</div>[39m
          [36m</nav>[39m
          [36m<section[39m
            [33maria-labelledby[39m=[32m"hero-title"[39m
            [33mclass[39m=[32m"pt-32 pb-20 px-4 md:px-8 bg-gradient-to-b from-gray-900 via-gray-800 to-gray-900 min-h-screen flex items-center opacity-0 "[39m
            [33mid[39m=[32m"hero"[39m
            [33mrole[39m=[32m"main"[39m
          [36m>[39m
            [36m<div[39m
              [33mclass[39m=[32m"max-w-6xl mx-auto w-full"[39m
            [36m>[39m
              [36m<div[39m
                [33mclass[39m=[32m"grid grid-cols-1 md:grid-cols-2 gap-12 items-center"[39m
              [36m>[39m
                [36m<div[39m
                  [33mclass[39m=[32m"flex justify-center "[39m
                [36m>[39m
                  [36m<div[39m
                    [33mclass[39m=[32m"relative w-64 h-64 md:w-80 md:h-80"[39m
                  [36m>[39m
                    [36m<div[39m
                      [33mclass[39m=[32m"absolute inset-0 bg-gradient-to-r from-blue-400 to-blue-600 rounded-full blur-3xl opacity-40"[39m
                    [36m/>[39m
                    [36m<img[39m
                      [33malt[39m=[32m"Professional headshot of Netsanet, a full-stack developer"[39m
                      [33mclass[39m=[32m"relative w-full h-full object-cover rounded-full shadow-2xl border-4 border-blue-500/30 hover:border-blue-500/60 transition-all duration-300 animate-float"[39m
                      [33mloading[39m=[32m"eager"[39m
                      [33msrc[39m=[32m"./images/netsa.jpg"[39m
                    [36m/>[39m
                  [36m</div>[39m
                [36m</div>[39m
                [36m<div[39m
                  [33mclass[39m=[32m"text-center md:text-left "[39m
                [36m>[39m
                  [36m<div[39m
                    [33mclass[39m=[32m"mb-6"[39m
                  [36m>[39m
                    [36m<h2[39m
                      [33mclass[39m=[32m"text-lg md:text-xl font-semibold text-blue-400 mb-2 animate-wave"[39m
                    [36m>[39m
                      [0mHello, I'm[0m
                    [36m</h2>[39m
                    [36m<h1[39m
         ...

      29 |     
      30 |     // Test navigation to About section - use getAllByRole and find the first one
    > 31 |     const aboutLinks = screen.getAllByRole('button', { name: /navigate to about section/i })
         |                               ^
      32 |     fireEvent.click(aboutLinks[0])
      33 |     
      34 |     // Check if scrollIntoView was called

      at Object.getElementError (node_modules/@testing-library/react/node_modules/@testing-library/dom/dist/config.js:37:19)
      at node_modules/@testing-library/react/node_modules/@testing-library/dom/dist/query-helpers.js:76:38
      at node_modules/@testing-library/react/node_modules/@testing-library/dom/dist/query-helpers.js:109:15
      at Object.<anonymous> (src/App.test.tsx:31:31)

  ● Portfolio Integration Tests › mobile navigation menu works correctly

    TestingLibraryElementError: Unable to find an accessible element with the role "button" and name `/toggle mobile menu/i`

    Here are the accessible roles:

      navigation:

      Name "":
      [36m<nav[39m
        [33mclass[39m=[32m"navbar-container fixed top-0 w-full z-50 transition-all duration-300 bg-gradient-to-b from-gray-900/90 to-transparent "[39m
      [36m/>[39m

      --------------------------------------------------
      button:

      Name "Netsanet":
      [36m<button[39m
        [33mclass[39m=[32m"text-2xl font-bold bg-gradient-to-r from-blue-400 via-blue-500 to-blue-600 bg-clip-text text-transparent hover:opacity-80 transition-opacity"[39m
      [36m/>[39m

      Name "Home":
      [36m<button[39m
        [33mclass[39m=[32m"px-6 py-2 rounded-md text-sm font-medium transition-all duration-200 mx-2 text-white hover:text-blue-300 hover:bg-white/10"[39m
      [36m/>[39m

      Name "About":
      [36m<button[39m
        [33mclass[39m=[32m"px-6 py-2 rounded-md text-sm font-medium transition-all duration-200 mx-2 text-white hover:text-blue-300 hover:bg-white/10"[39m
      [36m/>[39m

      Name "Projects":
      [36m<button[39m
        [33mclass[39m=[32m"px-6 py-2 rounded-md text-sm font-medium transition-all duration-200 mx-2 text-white hover:text-blue-300 hover:bg-white/10"[39m
      [36m/>[39m

      Name "Gallery":
      [36m<button[39m
        [33mclass[39m=[32m"px-6 py-2 rounded-md text-sm font-medium transition-all duration-200 mx-2 text-white hover:text-blue-300 hover:bg-white/10"[39m
      [36m/>[39m

      Name "Contact":
      [36m<button[39m
        [33mclass[39m=[32m"px-6 py-2 rounded-md text-sm font-medium transition-all duration-200 mx-2 text-white hover:text-blue-300 hover:bg-white/10"[39m
      [36m/>[39m

      Name "Search":
      [36m<button[39m
        [33mclass[39m=[32m"ml-2 px-4 py-2 rounded-lg font-medium transition-all bg-blue-500 text-white hover:bg-blue-600"[39m
        [33mtype[39m=[32m"submit"[39m
      [36m/>[39m

      Name "🔍":
      [36m<button[39m
        [33mclass[39m=[32m"p-2 rounded-md transition-colors text-white hover:bg-white/10"[39m
      [36m/>[39m

      Name "":
      [36m<button[39m
        [33mclass[39m=[32m"p-2 rounded-md transition-colors text-white hover:bg-white/10"[39m
      [36m/>[39m

      Name "View My Work":
      [36m<button[39m
        [33mclass[39m=[32m"px-8 py-3 bg-gradient-to-r from-blue-500 to-blue-600 text-white font-semibold rounded-lg hover:from-blue-600 hover:to-blue-700 transition-all transform hover:scale-105 hover:shadow-lg"[39m
      [36m/>[39m

      Name "Get In Touch":
      [36m<button[39m
        [33mclass[39m=[32m"px-8 py-3 border-2 border-blue-400 text-blue-400 font-semibold rounded-lg hover:bg-blue-400/10 transition-all transform hover:scale-105"[39m
      [36m/>[39m

      Name "All":
      [36m<button[39m
        [33maria-pressed[39m=[32m"true"[39m
        [33mclass[39m=[32m"filterButton active"[39m
        [33mtype[39m=[32m"button"[39m
      [36m/>[39m

      Name "Full Stack":
      [36m<button[39m
        [33maria-pressed[39m=[32m"false"[39m
        [33mclass[39m=[32m"filterButton "[39m
        [33mtype[39m=[32m"button"[39m
      [36m/>[39m

      Name "View details for High School Management System project":
      [36m<article[39m
        [33maria-label[39m=[32m"View details for High School Management System project"[39m
        [33mclass[39m=[32m"projectCard"[39m
        [33mrole[39m=[32m"button"[39m
        [33mtabindex[39m=[32m"0"[39m
      [36m/>[39m

      Name "▶ View Certifications (8)":
      [36m<button[39m
        [33maria-controls[39m=[32m"certifications-content"[39m
        [33maria-expanded[39m=[32m"false"[39m
        [33mclass[39m=[32m"toggleButton"[39m
      [36m/>[39m

      Name "View Professional portrait in gray hoodie in full size":
      [36m<div[39m
        [33maria-label[39m=[32m"View Professional portrait in gray hoodie in full size"[39m
        [33mclass[39m=[32m"imageCard "[39m
        [33mrole[39m=[32m"button"[39m
        [33mtabindex[39m=[32m"0"[39m
      [36m/>[39m

      Name "View Professional portrait in yellow shirt in full size":
      [36m<div[39m
        [33maria-label[39m=[32m"View Professional portrait in yellow shirt in full size"[39m
        [33mclass[39m=[32m"imageCard "[39m
        [33mrole[39m=[32m"button"[39m
        [33mtabindex[39m=[32m"0"[39m
      [36m/>[39m

      Name "View Professional portrait with thoughtful pose in full size":
      [36m<div[39m
        [33maria-label[39m=[32m"View Professional portrait with thoughtful pose in full size"[39m
        [33mclass[39m=[32m"imageCard "[39m
        [33mrole[39m=[32m"button"[39m
        [33mtabindex[39m=[32m"0"[39m
      [36m/>[39m

      Name "View Professional portrait in yellow striped shirt in full size":
      [36m<div[39m
        [33maria-label[39m=[32m"View Professional portrait in yellow striped shirt in full size"[39m
        [33mclass[39m=[32m"imageCard "[39m
        [33mrole[39m=[32m"button"[39m
        [33mtabindex[39m=[32m"0"[39m
      [36m/>[39m

      Name "View Professional portrait on phone call in full size":
      [36m<div[39m
        [33maria-label[39m=[32m"View Professional portrait on phone call in full size"[39m
        [33mclass[39m=[32m"imageCard "[39m
        [33mrole[39m=[32m"button"[39m
        [33mtabindex[39m=[32m"0"[39m
      [36m/>[39m

      Name "View Developer portrait with creative background in full size":
      [36m<div[39m
        [33maria-label[39m=[32m"View Developer portrait with creative background in full size"[39m
        [33mclass[39m=[32m"imageCard "[39m
        [33mrole[39m=[32m"button"[39m
        [33mtabindex[39m=[32m"0"[39m
      [36m/>[39m

      Name "Send Message":
      [36m<button[39m
        [33mclass[39m=[32m"submitButton "[39m
        [33mtype[39m=[32m"submit"[39m
      [36m/>[39m

      --------------------------------------------------
      textbox:

      Name "":
      [36m<input[39m
        [33mclass[39m=[32m"px-4 py-2 rounded-lg text-sm transition-all bg-white/10 text-white placeholder-white/50 focus:outline-none focus:ring-2 focus:ring-blue-500"[39m
        [33mplaceholder[39m=[32m"Search..."[39m
        [33mtype[39m=[32m"text"[39m
        [33mvalue[39m=[32m""[39m
      [36m/>[39m

      Name "Name *":
      [36m<input[39m
        [33mclass[39m=[32m"input "[39m
        [33mid[39m=[32m"name"[39m
        [33mplaceholder[39m=[32m"Your full name"[39m
        [33mrequired[39m=[32m""[39m
        [33mtype[39m=[32m"text"[39m
        [33mvalue[39m=[32m""[39m
      [36m/>[39m

      Name "Email *":
      [36m<input[39m
        [33mclass[39m=[32m"input "[39m
        [33mid[39m=[32m"email"[39m
        [33mplaceholder[39m=[32m"your.email@example.com"[39m
        [33mrequired[39m=[32m""[39m
        [33mtype[39m=[32m"email"[39m
        [33mvalue[39m=[32m""[39m
      [36m/>[39m

      Name "Subject *":
      [36m<input[39m
        [33mclass[39m=[32m"input "[39m
        [33mid[39m=[32m"subject"[39m
        [33mplaceholder[39m=[32m"What's this about?"[39m
        [33mrequired[39m=[32m""[39m
        [33mtype[39m=[32m"text"[39m
        [33mvalue[39m=[32m""[39m
      [36m/>[39m

      Name "Message *":
      [36m<textarea[39m
        [33mclass[39m=[32m"textarea "[39m
        [33mid[39m=[32m"message"[39m
        [33mplaceholder[39m=[32m"Tell me about your project or opportunity..."[39m
        [33mrequired[39m=[32m""[39m
        [33mrows[39m=[32m"6"[39m
      [36m/>[39m

      --------------------------------------------------
      main:

      Name "Netsanet Worku":
      [36m<section[39m
        [33maria-labelledby[39m=[32m"hero-title"[39m
        [33mclass[39m=[32m"pt-32 pb-20 px-4 md:px-8 bg-gradient-to-b from-gray-900 via-gray-800 to-gray-900 min-h-screen flex items-center opacity-0 "[39m
        [33mid[39m=[32m"hero"[39m
        [33mrole[39m=[32m"main"[39m
      [36m/>[39m

      --------------------------------------------------
      img:

      Name "Professional headshot of Netsanet, a full-stack developer":
      [36m<img[39m
        [33malt[39m=[32m"Professional headshot of Netsanet, a full-stack developer"[39m
        [33mclass[39m=[32m"relative w-full h-full object-cover rounded-full shadow-2xl border-4 border-blue-500/30 hover:border-blue-500/60 transition-all duration-300 animate-float"[39m
        [33mloading[39m=[32m"eager"[39m
        [33msrc[39m=[32m"./images/netsa.jpg"[39m
      [36m/>[39m

      Name "Screenshot of High School Management System project showing the main interface":
      [36m<img[39m
        [33malt[39m=[32m"Screenshot of High School Management System project showing the main interface"[39m
        [33mclass[39m=[32m"thumbnail"[39m
        [33mloading[39m=[32m"lazy"[39m
        [33msrc[39m=[32m"./images/developer-photo.jpg"[39m
      [36m/>[39m

      Name "Professional portrait in gray hoodie":
      [36m<img[39m
        [33malt[39m=[32m"Professional portrait in gray hoodie"[39m
        [33mclass[39m=[32m"image"[39m
        [33mloading[39m=[32m"lazy"[39m
        [33msrc[39m=[32m"./images/photo_2026-01-13_17-27-43.jpg"[39m
      [36m/>[39m

      Name "Professional portrait in yellow shirt":
      [36m<img[39m
        [33malt[39m=[32m"Professional portrait in yellow shirt"[39m
        [33mclass[39m=[32m"image"[39m
        [33mloading[39m=[32m"lazy"[39m
        [33msrc[39m=[32m"./images/netsa.jpg"[39m
      [36m/>[39m

      Name "Professional portrait with thoughtful pose":
      [36m<img[39m
        [33malt[39m=[32m"Professional portrait with thoughtful pose"[39m
        [33mclass[39m=[32m"image"[39m
        [33mloading[39m=[32m"lazy"[39m
        [33msrc[39m=[32m"./images/profile-1.jpg"[39m
      [36m/>[39m

      Name "Professional portrait in yellow striped shirt":
      [36m<img[39m
        [33malt[39m=[32m"Professional portrait in yellow striped shirt"[39m
        [33mclass[39m=[32m"image"[39m
        [33mloading[39m=[32m"lazy"[39m
        [33msrc[39m=[32m"./images/profile-2.jpg"[39m
      [36m/>[39m

      Name "Professional portrait on phone call":
      [36m<img[39m
        [33malt[39m=[32m"Professional portrait on phone call"[39m
        [33mclass[39m=[32m"image"[39m
        [33mloading[39m=[32m"lazy"[39m
        [33msrc[39m=[32m"./images/profile-3.jpg"[39m
      [36m/>[39m

      Name "Developer portrait with creative background":
      [36m<img[39m
        [33malt[39m=[32m"Developer portrait with creative background"[39m
        [33mclass[39m=[32m"image"[39m
        [33mloading[39m=[32m"lazy"[39m
        [33msrc[39m=[32m"./images/developer-photo.jpg"[39m
      [36m/>[39m

      --------------------------------------------------
      heading:

      Name "Hello, I'm":
      [36m<h2[39m
        [33mclass[39m=[32m"text-lg md:text-xl font-semibold text-blue-400 mb-2 animate-wave"[39m
      [36m/>[39m

      Name "Netsanet Worku":
      [36m<h1[39m
        [33mclass[39m=[32m"text-4xl md:text-6xl font-bold mb-4 animated-name glow"[39m
        [33mid[39m=[32m"hero-title"[39m
      [36m/>[39m

      Name "Computer Science Student & Web Developer":
      [36m<h2[39m
        [33mclass[39m=[32m"text-xl md:text-2xl font-semibold text-gray-300 mb-6"[39m
      [36m/>[39m

      Name "About Me":
      [36m<h2[39m
        [33mclass[39m=[32m"text-4xl font-bold text-center mb-8 animated-name glow"[39m
      [36m/>[39m

      Name "Featured Projects":
      [36m<h2[39m
        [33mclass[39m=[32m"title"[39m
        [33mid[39m=[32m"projects-title"[39m
      [36m/>[39m

      Name "Project Filters":
      [36m<h3[39m
        [33mclass[39m=[32m"sr-only"[39m
        [33mid[39m=[32m"filter-controls-label"[39m
      [36m/>[39m

      Name "High School Management System":
      [36m<h3[39m
        [33mclass[39m=[32m"title"[39m
      [36m/>[39m

      Name "Skills & Technologies":
      [36m<h2[39m
        [33mclass[39m=[32m"title"[39m
        [33mid[39m=[32m"skills-title"[39m
      [36m/>[39m

      Name "Programming Languages":
      [36m<h3[39m
        [33mclass[39m=[32m"categoryTitle"[39m
      [36m/>[39m

      Name "Frameworks & Libraries":
      [36m<h3[39m
        [33mclass[39m=[32m"categoryTitle"[39m
      [36m/>[39m

      Name "Tools & Technologies":
      [36m<h3[39m
        [33mclass[39m=[32m"categoryTitle"[39m
      [36m/>[39m

      Name "Experience & Education":
      [36m<h2[39m
        [33mclass[39m=[32m"title"[39m
        [33mid[39m=[32m"experience-title"[39m
      [36m/>[39m

      Name "Work Experience":
      [36m<h3[39m
        [33mclass[39m=[32m"sectionTitle"[39m
        [33mid[39m=[32m"work-experience-title"[39m
      [36m/>[39m

      Name "Web Development Student":
      [36m<h4[39m
        [33mclass[39m=[32m"position"[39m
      [36m/>[39m

      Name "Self-Learning & Personal Projects":
      [36m<h5[39m
        [33mclass[39m=[32m"company"[39m
      [36m/>[39m

      Name "Education":
      [36m<h3[39m
        [33mclass[39m=[32m"sectionTitle"[39m
        [33mid[39m=[32m"education-title"[39m
      [36m/>[39m

      Name "Bachelor of Science in Computer Science":
      [36m<h4[39m
        [33mclass[39m=[32m"degree"[39m
      [36m/>[39m

      Name "Madda Walabu University":
      [36m<h5[39m
        [33mclass[39m=[32m"institution"[39m
      [36m/>[39m

      Name "High School Diploma":
      [36m<h4[39m
        [33mclass[39m=[32m"degree"[39m
      [36m/>[39m

      Name "Asela Oda High School":
      [36m<h5[39m
        [33mclass[39m=[32m"institution"[39m
      [36m/>[39m

      Name "Elementary Education":
      [36m<h4[39m
        [33mclass[39m=[32m"degree"[39m
      [36m/>[39m

      Name "Tereta Elementary School":
      [36m<h5[39m
        [33mclass[39m=[32m"institution"[39m
      [36m/>[39m

      Name "Web Development":
      [36m<h4[39m
        [33mclass[39m=[32m"degree"[39m
      [36m/>[39m

      Name "Self-Taught Web Developer":
      [36m<h5[39m
        [33mclass[39m=[32m"institution"[39m
      [36m/>[39m

      Name "Certifications":
      [36m<h3[39m
        [33mclass[39m=[32m"sectionTitle"[39m
        [33mid[39m=[32m"certifications-title"[39m
      [36m/>[39m

      Name "Photo Gallery":
      [36m<h2[39m
        [33mclass[39m=[32m"title"[39m
      [36m/>[39m

      Name "Contact":
      [36m<h2 />[39m

      Name "Get In Touch":
      [36m<h3 />[39m

      --------------------------------------------------
      link:

      Name "📱":
      [36m<a[39m
        [33mclass[39m=[32m"w-10 h-10 flex items-center justify-center rounded-full bg-gray-700 hover:bg-blue-500 transition-all transform hover:scale-110"[39m
        [33mhref[39m=[32m"https://tiktok.com/@netsanet.worku"[39m
        [33mrel[39m=[32m"noopener noreferrer"[39m
        [33mtarget[39m=[32m"_blank"[39m
        [33mtitle[39m=[32m"TikTok"[39m
      [36m/>[39m

      Name "✈️":
      [36m<a[39m
        [33mclass[39m=[32m"w-10 h-10 flex items-center justify-center rounded-full bg-gray-700 hover:bg-blue-500 transition-all transform hover:scale-110"[39m
        [33mhref[39m=[32m"https://t.me/Abi_yam21"[39m
        [33mrel[39m=[32m"noopener noreferrer"[39m
        [33mtarget[39m=[32m"_blank"[39m
        [33mtitle[39m=[32m"Telegram"[39m
      [36m/>[39m

      Name "💻":
      [36m<a[39m
        [33mclass[39m=[32m"w-10 h-10 flex items-center justify-center rounded-full bg-gray-700 hover:bg-blue-500 transition-all transform hover:scale-110"[39m
        [33mhref[39m=[32m"https://github.com/NetsanetWorku"[39m
        [33mrel[39m=[32m"noopener noreferrer"[39m
        [33mtarget[39m=[32m"_blank"[39m
        [33mtitle[39m=[32m"GitHub"[39m
      [36m/>[39m

      Name "workunetsanet143@gmail.com":
      [36m<a[39m
        [33mclass[39m=[32m"contactLink"[39m
        [33mhref[39m=[32m"mailto:workunetsanet143@gmail.com"[39m
      [36m/>[39m

      Name "+251 936 116 761":
      [36m<a[39m
        [33mclass[39m=[32m"contactLink"[39m
        [33mhref[39m=[32m"tel:+251936116761"[39m
      [36m/>[39m

      Name "TikTok Profile":
      [36m<a[39m
        [33maria-label[39m=[32m"TikTok Profile"[39m
        [33mclass[39m=[32m"socialLink"[39m
        [33mhref[39m=[32m"https://tiktok.com/@netsanet.worku"[39m
        [33mrel[39m=[32m"noopener noreferrer"[39m
        [33mtarget[39m=[32m"_blank"[39m
      [36m/>[39m

      Name "YouTube Channel":
      [36m<a[39m
        [33maria-label[39m=[32m"YouTube Channel"[39m
        [33mclass[39m=[32m"socialLink"[39m
        [33mhref[39m=[32m"https://youtube.com/@Netsalove"[39m
        [33mrel[39m=[32m"noopener noreferrer"[39m
        [33mtarget[39m=[32m"_blank"[39m
      [36m/>[39m

      Name "Telegram Profile":
      [36m<a[39m
        [33maria-label[39m=[32m"Telegram Profile"[39m
        [33mclass[39m=[32m"socialLink"[39m
        [33mhref[39m=[32m"https://t.me/Abi_yam21"[39m
        [33mrel[39m=[32m"noopener noreferrer"[39m
        [33mtarget[39m=[32m"_blank"[39m
      [36m/>[39m

      Name "GitHub Profile":
      [36m<a[39m
        [33maria-label[39m=[32m"GitHub Profile"[39m
        [33mclass[39m=[32m"socialLink"[39m
        [33mhref[39m=[32m"https://github.com/netsanet"[39m
        [33mrel[39m=[32m"noopener noreferrer"[39m
        [33mtarget[39m=[32m"_blank"[39m
      [36m/>[39m

      Name "LinkedIn Profile":
      [36m<a[39m
        [33maria-label[39m=[32m"LinkedIn Profile"[39m
        [33mclass[39m=[32m"socialLink"[39m
        [33mhref[39m=[32m"https://linkedin.com/in/netsanet"[39m
        [33mrel[39m=[32m"noopener noreferrer"[39m
        [33mtarget[39m=[32m"_blank"[39m
      [36m/>[39m

      --------------------------------------------------
      region:

      Name "Featured Projects":
      [36m<section[39m
        [33maria-labelledby[39m=[32m"projects-title"[39m
        [33mclass[39m=[32m"projects"[39m
        [33mid[39m=[32m"projects"[39m
      [36m/>[39m

      Name "Skills & Technologies":
      [36m<section[39m
        [33maria-labelledby[39m=[32m"skills-title"[39m
        [33mclass[39m=[32m"skills"[39m
        [33mid[39m=[32m"skills"[39m
      [36m/>[39m

      Name "Skills organized by category":
      [36m<div[39m
        [33maria-label[39m=[32m"Skills organized by category"[39m
        [33mclass[39m=[32m"skillsGrid"[39m
        [33mrole[39m=[32m"region"[39m
      [36m/>[39m

      Name "Experience & Education":
      [36m<section[39m
        [33maria-labelledby[39m=[32m"experience-title"[39m
        [33mclass[39m=[32m"experience"[39m
        [33mid[39m=[32m"experience"[39m
      [36m/>[39m

      Name "Work Experience":
      [36m<section[39m
        [33maria-labelledby[39m=[32m"work-experience-title"[39m
        [33mclass[39m=[32m"section"[39m
      [36m/>[39m

      Name "Education":
      [36m<section[39m
        [33maria-labelledby[39m=[32m"education-title"[39m
        [33mclass[39m=[32m"section"[39m
      [36m/>[39m

      Name "Certifications":
      [36m<section[39m
        [33maria-labelledby[39m=[32m"certifications-title"[39m
        [33mclass[39m=[32m"section"[39m
      [36m/>[39m

      --------------------------------------------------
      banner:

      Name "":
      [36m<header />[39m

      Name "":
      [36m<header />[39m

      Name "":
      [36m<header />[39m

      Name "":
      [36m<header />[39m

      Name "":
      [36m<header />[39m

      Name "":
      [36m<header />[39m

      Name "":
      [36m<header />[39m

      Name "":
      [36m<header />[39m

      Name "":
      [36m<header[39m
        [33mclass[39m=[32m"itemHeader"[39m
      [36m/>[39m

      Name "":
      [36m<header />[39m

      Name "":
      [36m<header[39m
        [33mclass[39m=[32m"itemHeader"[39m
      [36m/>[39m

      Name "":
      [36m<header[39m
        [33mclass[39m=[32m"itemHeader"[39m
      [36m/>[39m

      Name "":
      [36m<header[39m
        [33mclass[39m=[32m"itemHeader"[39m
      [36m/>[39m

      Name "":
      [36m<header[39m
        [33mclass[39m=[32m"itemHeader"[39m
      [36m/>[39m

      Name "":
      [36m<header />[39m

      --------------------------------------------------
      group:

      Name "Project Filters":
      [36m<div[39m
        [33maria-labelledby[39m=[32m"filter-controls-label"[39m
        [33mclass[39m=[32m"filterControls"[39m
        [33mrole[39m=[32m"group"[39m
      [36m/>[39m

      Name "Filter projects by category":
      [36m<div[39m
        [33maria-label[39m=[32m"Filter projects by category"[39m
        [33mclass[39m=[32m"filterButtons"[39m
        [33mid[39m=[32m"filter-buttons"[39m
        [33mrole[39m=[32m"group"[39m
      [36m/>[39m

      --------------------------------------------------
      tablist:

      Name "Filter type selection":
      [36m<div[39m
        [33maria-label[39m=[32m"Filter type selection"[39m
        [33mclass[39m=[32m"filterTypeToggle"[39m
        [33mrole[39m=[32m"tablist"[39m
      [36m/>[39m

      --------------------------------------------------
      tab:

      Name "By Category":
      [36m<button[39m
        [33maria-controls[39m=[32m"filter-buttons"[39m
        [33maria-selected[39m=[32m"true"[39m
        [33mclass[39m=[32m"toggleButton active"[39m
        [33mrole[39m=[32m"tab"[39m
        [33mtype[39m=[32m"button"[39m
      [36m/>[39m

      Name "By Technology":
      [36m<button[39m
        [33maria-controls[39m=[32m"filter-buttons"[39m
        [33maria-selected[39m=[32m"false"[39m
        [33mclass[39m=[32m"toggleButton "[39m
        [33mrole[39m=[32m"tab"[39m
        [33mtype[39m=[32m"button"[39m
      [36m/>[39m

      --------------------------------------------------
      grid:

      Name "Projects showcase":
      [36m<div[39m
        [33maria-atomic[39m=[32m"false"[39m
        [33maria-label[39m=[32m"Projects showcase"[39m
        [33maria-live[39m=[32m"polite"[39m
        [33mclass[39m=[32m"projectsGrid"[39m
        [33mrole[39m=[32m"grid"[39m
      [36m/>[39m

      --------------------------------------------------
      gridcell:

      Name "Screenshot of High School Management System project showing the main interface Featured project High School Management System A comprehensive web-based management system designed for high schools to streamline administrative tasks and improve com... Technologies used Project category: Full Stack":
      [36m<div[39m
        [33mrole[39m=[32m"gridcell"[39m
      [36m/>[39m

      --------------------------------------------------
      list:

      Name "Technologies used":
      [36m<div[39m
        [33maria-label[39m=[32m"Technologies used"[39m
        [33mclass[39m=[32m"technologies"[39m
        [33mrole[39m=[32m"list"[39m
      [36m/>[39m

      Name "":
      [36m<div[39m
        [33mclass[39m=[32m"skillsList"[39m
        [33mrole[39m=[32m"list"[39m
      [36m/>[39m

      Name "":
      [36m<div[39m
        [33mclass[39m=[32m"skillsList"[39m
        [33mrole[39m=[32m"list"[39m
      [36m/>[39m

      Name "":
      [36m<div[39m
        [33mclass[39m=[32m"skillsList"[39m
        [33mrole[39m=[32m"list"[39m
      [36m/>[39m

      Name "Work experience timeline":
      [36m<div[39m
        [33maria-label[39m=[32m"Work experience timeline"[39m
        [33mclass[39m=[32m"timeline"[39m
        [33mrole[39m=[32m"list"[39m
      [36m/>[39m

      Name "Technologies used":
      [36m<div[39m
        [33maria-label[39m=[32m"Technologies used"[39m
        [33mclass[39m=[32m"technologies"[39m
        [33mrole[39m=[32m"list"[39m
      [36m/>[39m

      Name "Education timeline":
      [36m<div[39m
        [33maria-label[39m=[32m"Education timeline"[39m
        [33mclass[39m=[32m"timeline"[39m
        [33mrole[39m=[32m"list"[39m
      [36m/>[39m

      --------------------------------------------------
      listitem:

      Name "":
      [36m<span[39m
        [33mclass[39m=[32m"techTag"[39m
        [33mrole[39m=[32m"listitem"[39m
      [36m/>[39m

      Name "":
      [36m<span[39m
        [33mclass[39m=[32m"techTag"[39m
        [33mrole[39m=[32m"listitem"[39m
      [36m/>[39m

      Name "":
      [36m<span[39m
        [33mclass[39m=[32m"techTag"[39m
        [33mrole[39m=[32m"listitem"[39m
      [36m/>[39m

      Name "":
      [36m<span[39m
        [33mclass[39m=[32m"techTag"[39m
        [33mrole[39m=[32m"listitem"[39m
      [36m/>[39m

      Name "":
      [36m<div[39m
        [33mclass[39m=[32m"skillItem"[39m
        [33mrole[39m=[32m"listitem"[39m
      [36m/>[39m

      Name "":
      [36m<div[39m
        [33mclass[39m=[32m"skillItem"[39m
        [33mrole[39m=[32m"listitem"[39m
      [36m/>[39m

      Name "":
      [36m<div[39m
        [33mclass[39m=[32m"skillItem"[39m
        [33mrole[39m=[32m"listitem"[39m
      [36m/>[39m

      Name "":
      [36m<div[39m
        [33mclass[39m=[32m"skillItem"[39m
        [33mrole[39m=[32m"listitem"[39m
      [36m/>[39m

      Name "":
      [36m<div[39m
        [33mclass[39m=[32m"skillItem"[39m
        [33mrole[39m=[32m"listitem"[39m
      [36m/>[39m

      Name "":
      [36m<div[39m
        [33mclass[39m=[32m"skillItem"[39m
        [33mrole[39m=[32m"listitem"[39m
      [36m/>[39m

      Name "":
      [36m<div[39m
        [33mclass[39m=[32m"skillItem"[39m
        [33mrole[39m=[32m"listitem"[39m
      [36m/>[39m

      Name "":
      [36m<div[39m
        [33mclass[39m=[32m"skillItem"[39m
        [33mrole[39m=[32m"listitem"[39m
      [36m/>[39m

      Name "":
      [36m<div[39m
        [33mclass[39m=[32m"skillItem"[39m
        [33mrole[39m=[32m"listitem"[39m
      [36m/>[39m

      Name "":
      [36m<div[39m
        [33mclass[39m=[32m"skillItem"[39m
        [33mrole[39m=[32m"listitem"[39m
      [36m/>[39m

      Name "":
      [36m<div[39m
        [33mclass[39m=[32m"skillItem"[39m
        [33mrole[39m=[32m"listitem"[39m
      [36m/>[39m

      Name "":
      [36m<div[39m
        [33mclass[39m=[32m"skillItem"[39m
        [33mrole[39m=[32m"listitem"[39m
      [36m/>[39m

      Name "":
      [36m<article[39m
        [33mclass[39m=[32m"timelineItem"[39m
        [33mrole[39m=[32m"listitem"[39m
      [36m/>[39m

      Name "":
      [36m<span[39m
        [33mclass[39m=[32m"techTag"[39m
        [33mrole[39m=[32m"listitem"[39m
      [36m/>[39m

      Name "":
      [36m<span[39m
        [33mclass[39m=[32m"techTag"[39m
        [33mrole[39m=[32m"listitem"[39m
      [36m/>[39m

      Name "":
      [36m<span[39m
        [33mclass[39m=[32m"techTag"[39m
        [33mrole[39m=[32m"listitem"[39m
      [36m/>[39m

      Name "":
      [36m<span[39m
        [33mclass[39m=[32m"techTag"[39m
        [33mrole[39m=[32m"listitem"[39m
      [36m/>[39m

      Name "":
      [36m<span[39m
        [33mclass[39m=[32m"techTag"[39m
        [33mrole[39m=[32m"listitem"[39m
      [36m/>[39m

      Name "":
      [36m<span[39m
        [33mclass[39m=[32m"techTag"[39m
        [33mrole[39m=[32m"listitem"[39m
      [36m/>[39m

      Name "":
      [36m<span[39m
        [33mclass[39m=[32m"techTag"[39m
        [33mrole[39m=[32m"listitem"[39m
      [36m/>[39m

      Name "":
      [36m<article[39m
        [33mclass[39m=[32m"timelineItem"[39m
        [33mrole[39m=[32m"listitem"[39m
      [36m/>[39m

      Name "":
      [36m<article[39m
        [33mclass[39m=[32m"timelineItem"[39m
        [33mrole[39m=[32m"listitem"[39m
      [36m/>[39m

      Name "":
      [36m<article[39m
        [33mclass[39m=[32m"timelineItem"[39m
        [33mrole[39m=[32m"listitem"[39m
      [36m/>[39m

      Name "":
      [36m<article[39m
        [33mclass[39m=[32m"timelineItem"[39m
        [33mrole[39m=[32m"listitem"[39m
      [36m/>[39m

      --------------------------------------------------
      article:

      Name "":
      [36m<article[39m
        [33mclass[39m=[32m"skillCategory"[39m
      [36m/>[39m

      Name "":
      [36m<article[39m
        [33mclass[39m=[32m"skillCategory"[39m
      [36m/>[39m

      Name "":
      [36m<article[39m
        [33mclass[39m=[32m"skillCategory"[39m
      [36m/>[39m

      --------------------------------------------------
      progressbar:

      Name "HTML5":
      [36m<div[39m
        [33maria-labelledby[39m=[32m"skill-language-html5"[39m
        [33maria-valuemax[39m=[32m"4"[39m
        [33maria-valuemin[39m=[32m"1"[39m
        [33maria-valuenow[39m=[32m"2"[39m
        [33maria-valuetext[39m=[32m"Intermediate level (50%)"[39m
        [33mclass[39m=[32m"skillMeter"[39m
        [33mrole[39m=[32m"progressbar"[39m
      [36m/>[39m

      Name "CSS3":
      [36m<div[39m
        [33maria-labelledby[39m=[32m"skill-language-css3"[39m
        [33maria-valuemax[39m=[32m"4"[39m
        [33maria-valuemin[39m=[32m"1"[39m
        [33maria-valuenow[39m=[32m"2"[39m
        [33maria-valuetext[39m=[32m"Intermediate level (50%)"[39m
        [33mclass[39m=[32m"skillMeter"[39m
        [33mrole[39m=[32m"progressbar"[39m
      [36m/>[39m

      Name "JavaScript":
      [36m<div[39m
        [33maria-labelledby[39m=[32m"skill-language-javascript"[39m
        [33maria-valuemax[39m=[32m"4"[39m
        [33maria-valuemin[39m=[32m"1"[39m
        [33maria-valuenow[39m=[32m"2"[39m
        [33maria-valuetext[39m=[32m"Intermediate level (50%)"[39m
        [33mclass[39m=[32m"skillMeter"[39m
        [33mrole[39m=[32m"progressbar"[39m
      [36m/>[39m

      Name "TypeScript":
      [36m<div[39m
        [33maria-labelledby[39m=[32m"skill-language-typescript"[39m
        [33maria-valuemax[39m=[32m"4"[39m
        [33maria-valuemin[39m=[32m"1"[39m
        [33maria-valuenow[39m=[32m"1"[39m
        [33maria-valuetext[39m=[32m"Beginner level (25%)"[39m
        [33mclass[39m=[32m"skillMeter"[39m
        [33mrole[39m=[32m"progressbar"[39m
      [36m/>[39m

      Name "React":
      [36m<div[39m
        [33maria-labelledby[39m=[32m"skill-framework-react"[39m
        [33maria-valuemax[39m=[32m"4"[39m
        [33maria-valuemin[39m=[32m"1"[39m
        [33maria-valuenow[39m=[32m"1"[39m
        [33maria-valuetext[39m=[32m"Beginner level (25%)"[39m
        [33mclass[39m=[32m"skillMeter"[39m
        [33mrole[39m=[32m"progressbar"[39m
      [36m/>[39m

      Name "Node.js":
      [36m<div[39m
        [33maria-labelledby[39m=[32m"skill-framework-node.js"[39m
        [33maria-valuemax[39m=[32m"4"[39m
        [33maria-valuemin[39m=[32m"1"[39m
        [33maria-valuenow[39m=[32m"1"[39m
        [33maria-valuetext[39m=[32m"Beginner level (25%)"[39m
        [33mclass[39m=[32m"skillMeter"[39m
        [33mrole[39m=[32m"progressbar"[39m
      [36m/>[39m

      Name "Bootstrap":
      [36m<div[39m
        [33maria-labelledby[39m=[32m"skill-framework-bootstrap"[39m
        [33maria-valuemax[39m=[32m"4"[39m
        [33maria-valuemin[39m=[32m"1"[39m
        [33maria-valuenow[39m=[32m"1"[39m
        [33maria-valuetext[39m=[32m"Beginner level (25%)"[39m
        [33mclass[39m=[32m"skillMeter"[39m
        [33mrole[39m=[32m"progressbar"[39m
      [36m/>[39m

      Name "Sass/SCSS":
      [36m<div[39m
        [33maria-labelledby[39m=[32m"skill-tool-sass/scss"[39m
        [33maria-valuemax[39m=[32m"4"[39m
        [33maria-valuemin[39m=[32m"1"[39m
        [33maria-valuenow[39m=[32m"1"[39m
        [33maria-valuetext[39m=[32m"Beginner level (25%)"[39m
        [33mclass[39m=[32m"skillMeter"[39m
        [33mrole[39m=[32m"progressbar"[39m
      [36m/>[39m

      Name "Git":
      [36m<div[39m
        [33maria-labelledby[39m=[32m"skill-tool-git"[39m
        [33maria-valuemax[39m=[32m"4"[39m
        [33maria-valuemin[39m=[32m"1"[39m
        [33maria-valuenow[39m=[32m"1"[39m
        [33maria-valuetext[39m=[32m"Beginner level (25%)"[39m
        [33mclass[39m=[32m"skillMeter"[39m
        [33mrole[39m=[32m"progressbar"[39m
      [36m/>[39m

      Name "VS Code":
      [36m<div[39m
        [33maria-labelledby[39m=[32m"skill-tool-vs-code"[39m
        [33maria-valuemax[39m=[32m"4"[39m
        [33maria-valuemin[39m=[32m"1"[39m
        [33maria-valuenow[39m=[32m"2"[39m
        [33maria-valuetext[39m=[32m"Intermediate level (50%)"[39m
        [33mclass[39m=[32m"skillMeter"[39m
        [33mrole[39m=[32m"progressbar"[39m
      [36m/>[39m

      Name "Chrome DevTools":
      [36m<div[39m
        [33maria-labelledby[39m=[32m"skill-tool-chrome-devtools"[39m
        [33maria-valuemax[39m=[32m"4"[39m
        [33maria-valuemin[39m=[32m"1"[39m
        [33maria-valuenow[39m=[32m"2"[39m
        [33maria-valuetext[39m=[32m"Intermediate level (50%)"[39m
        [33mclass[39m=[32m"skillMeter"[39m
        [33mrole[39m=[32m"progressbar"[39m
      [36m/>[39m

      Name "Responsive Design":
      [36m<div[39m
        [33maria-labelledby[39m=[32m"skill-tool-responsive-design"[39m
        [33maria-valuemax[39m=[32m"4"[39m
        [33maria-valuemin[39m=[32m"1"[39m
        [33maria-valuenow[39m=[32m"2"[39m
        [33maria-valuetext[39m=[32m"Intermediate level (50%)"[39m
        [33mclass[39m=[32m"skillMeter"[39m
        [33mrole[39m=[32m"progressbar"[39m
      [36m/>[39m

      --------------------------------------------------

    Ignored nodes: comments, script, style
    [36m<body>[39m
      [36m<div>[39m
        [36m<div[39m
          [33mclass[39m=[32m"bg-white"[39m
        [36m>[39m
          [36m<nav[39m
            [33mclass[39m=[32m"navbar-container fixed top-0 w-full z-50 transition-all duration-300 bg-gradient-to-b from-gray-900/90 to-transparent "[39m
          [36m>[39m
            [36m<div[39m
              [33mclass[39m=[32m"max-w-7xl mx-auto px-4 sm:px-6 lg:px-8"[39m
            [36m>[39m
              [36m<div[39m
                [33mclass[39m=[32m"flex justify-between items-center h-16"[39m
              [36m>[39m
                [36m<div[39m
                  [33mclass[39m=[32m"flex-shrink-0"[39m
                [36m>[39m
                  [36m<button[39m
                    [33mclass[39m=[32m"text-2xl font-bold bg-gradient-to-r from-blue-400 via-blue-500 to-blue-600 bg-clip-text text-transparent hover:opacity-80 transition-opacity"[39m
                  [36m>[39m
                    [0mNetsanet[0m
                  [36m</button>[39m
                [36m</div>[39m
                [36m<div[39m
                  [33mclass[39m=[32m"hidden md:flex items-center gap-8"[39m
                [36m>[39m
                  [36m<button[39m
                    [33mclass[39m=[32m"px-6 py-2 rounded-md text-sm font-medium transition-all duration-200 mx-2 text-white hover:text-blue-300 hover:bg-white/10"[39m
                  [36m>[39m
                    [0mHome[0m
                  [36m</button>[39m
                  [36m<button[39m
                    [33mclass[39m=[32m"px-6 py-2 rounded-md text-sm font-medium transition-all duration-200 mx-2 text-white hover:text-blue-300 hover:bg-white/10"[39m
                  [36m>[39m
                    [0mAbout[0m
                  [36m</button>[39m
                  [36m<button[39m
                    [33mclass[39m=[32m"px-6 py-2 rounded-md text-sm font-medium transition-all duration-200 mx-2 text-white hover:text-blue-300 hover:bg-white/10"[39m
                  [36m>[39m
                    [0mProjects[0m
                  [36m</button>[39m
                  [36m<button[39m
                    [33mclass[39m=[32m"px-6 py-2 rounded-md text-sm font-medium transition-all duration-200 mx-2 text-white hover:text-blue-300 hover:bg-white/10"[39m
                  [36m>[39m
                    [0mGallery[0m
                  [36m</button>[39m
                  [36m<button[39m
                    [33mclass[39m=[32m"px-6 py-2 rounded-md text-sm font-medium transition-all duration-200 mx-2 text-white hover:text-blue-300 hover:bg-white/10"[39m
                  [36m>[39m
                    [0mContact[0m
                  [36m</button>[39m
                [36m</div>[39m
                [36m<div[39m
                  [33mclass[39m=[32m"hidden md:flex items-center space-x-4"[39m
                [36m>[39m
                  [36m<form[39m
                    [33mclass[39m=[32m"flex items-center"[39m
                  [36m>[39m
                    [36m<input[39m
                      [33mclass[39m=[32m"px-4 py-2 rounded-lg text-sm transition-all bg-white/10 text-white placeholder-white/50 focus:outline-none focus:ring-2 focus:ring-blue-500"[39m
                      [33mplaceholder[39m=[32m"Search..."[39m
                      [33mtype[39m=[32m"text"[39m
                      [33mvalue[39m=[32m""[39m
                    [36m/>[39m
                    [36m<button[39m
                      [33mclass[39m=[32m"ml-2 px-4 py-2 rounded-lg font-medium transition-all bg-blue-500 text-white hover:bg-blue-600"[39m
                      [33mtype[39m=[32m"submit"[39m
                    [36m>[39m
                      [0mSearch[0m
                    [36m</button>[39m
                  [36m</form>[39m
                [36m</div>[39m
                [36m<div[39m
                  [33mclass[39m=[32m"md:hidden flex items-center space-x-2"[39m
                [36m>[39m
                  [36m<button[39m
                    [33mclass[39m=[32m"p-2 rounded-md transition-colors text-white hover:bg-white/10"[39m
                  [36m>[39m
                    [0m🔍[0m
                  [36m</button>[39m
                  [36m<button[39m
                    [33mclass[39m=[32m"p-2 rounded-md transition-colors text-white hover:bg-white/10"[39m
                  [36m>[39m
                    [36m<svg[39m
                      [33mclass[39m=[32m"h-6 w-6"[39m
                      [33mfill[39m=[32m"none"[39m
                      [33mstroke[39m=[32m"currentColor"[39m
                      [33mviewBox[39m=[32m"0 0 24 24"[39m
                    [36m>[39m
                      [36m<path[39m
                        [33md[39m=[32m"M4 6h16M4 12h16M4 18h16"[39m
                        [33mstroke-linecap[39m=[32m"round"[39m
                        [33mstroke-linejoin[39m=[32m"round"[39m
                        [33mstroke-width[39m=[32m"2"[39m
                      [36m/>[39m
                    [36m</svg>[39m
                  [36m</button>[39m
                [36m</div>[39m
              [36m</div>[39m
            [36m</div>[39m
          [36m</nav>[39m
          [36m<section[39m
            [33maria-labelledby[39m=[32m"hero-title"[39m
            [33mclass[39m=[32m"pt-32 pb-20 px-4 md:px-8 bg-gradient-to-b from-gray-900 via-gray-800 to-gray-900 min-h-screen flex items-center opacity-0 "[39m
            [33mid[39m=[32m"hero"[39m
            [33mrole[39m=[32m"main"[39m
          [36m>[39m
            [36m<div[39m
              [33mclass[39m=[32m"max-w-6xl mx-auto w-full"[39m
            [36m>[39m
              [36m<div[39m
                [33mclass[39m=[32m"grid grid-cols-1 md:grid-cols-2 gap-12 items-center"[39m
              [36m>[39m
                [36m<div[39m
                  [33mclass[39m=[32m"flex justify-center "[39m
                [36m>[39m
                  [36m<div[39m
                    [33mclass[39m=[32m"relative w-64 h-64 md:w-80 md:h-80"[39m
                  [36m>[39m
                    [36m<div[39m
                      [33mclass[39m=[32m"absolute inset-0 bg-gradient-to-r from-blue-400 to-blue-600 rounded-full blur-3xl opacity-40"[39m
                    [36m/>[39m
                    [36m<img[39m
                      [33malt[39m=[32m"Professional headshot of Netsanet, a full-stack developer"[39m
                      [33mclass[39m=[32m"relative w-full h-full object-cover rounded-full shadow-2xl border-4 border-blue-500/30 hover:border-blue-500/60 transition-all duration-300 animate-float"[39m
                      [33mloading[39m=[32m"eager"[39m
                      [33msrc[39m=[32m"./images/netsa.jpg"[39m
                    [36m/>[39m
                  [36m</div>[39m
                [36m</div>[39m
                [36m<div[39m
                  [33mclass[39m=[32m"text-center md:text-left "[39m
                [36m>[39m
                  [36m<div[39m
                    [33mclass[39m=[32m"mb-6"[39m
                  [36m>[39m
                    [36m<h2[39m
                      [33mclass[39m=[32m"text-lg md:text-xl font-semibold text-blue-400 mb-2 animate-wave"[39m
                    [36m>[39m
                      [0mHello, I'm[0m
                    [36m</h2>[39m
                    [36m<h1[39m
         ...

      76 |     
      77 |     // Find and click mobile menu button
    > 78 |     const mobileMenuButton = screen.getByRole('button', { name: /toggle mobile menu/i })
         |                                     ^
      79 |     expect(mobileMenuButton).toBeInTheDocument()
      80 |     
      81 |     // Click to open mobile menu

      at Object.getElementError (node_modules/@testing-library/react/node_modules/@testing-library/dom/dist/config.js:37:19)
      at node_modules/@testing-library/react/node_modules/@testing-library/dom/dist/query-helpers.js:76:38
      at node_modules/@testing-library/react/node_modules/@testing-library/dom/dist/query-helpers.js:52:17
      at node_modules/@testing-library/react/node_modules/@testing-library/dom/dist/query-helpers.js:95:19
      at Object.<anonymous> (src/App.test.tsx:78:37)

  ● Portfolio Integration Tests › hero section call-to-action buttons work

    TestingLibraryElementError: Unable to find an accessible element with the role "button" and name `/view my projects/i`

    Here are the accessible roles:

      navigation:

      Name "":
      [36m<nav[39m
        [33mclass[39m=[32m"navbar-container fixed top-0 w-full z-50 transition-all duration-300 bg-gradient-to-b from-gray-900/90 to-transparent "[39m
      [36m/>[39m

      --------------------------------------------------
      button:

      Name "Netsanet":
      [36m<button[39m
        [33mclass[39m=[32m"text-2xl font-bold bg-gradient-to-r from-blue-400 via-blue-500 to-blue-600 bg-clip-text text-transparent hover:opacity-80 transition-opacity"[39m
      [36m/>[39m

      Name "Home":
      [36m<button[39m
        [33mclass[39m=[32m"px-6 py-2 rounded-md text-sm font-medium transition-all duration-200 mx-2 text-white hover:text-blue-300 hover:bg-white/10"[39m
      [36m/>[39m

      Name "About":
      [36m<button[39m
        [33mclass[39m=[32m"px-6 py-2 rounded-md text-sm font-medium transition-all duration-200 mx-2 text-white hover:text-blue-300 hover:bg-white/10"[39m
      [36m/>[39m

      Name "Projects":
      [36m<button[39m
        [33mclass[39m=[32m"px-6 py-2 rounded-md text-sm font-medium transition-all duration-200 mx-2 text-white hover:text-blue-300 hover:bg-white/10"[39m
      [36m/>[39m

      Name "Gallery":
      [36m<button[39m
        [33mclass[39m=[32m"px-6 py-2 rounded-md text-sm font-medium transition-all duration-200 mx-2 text-white hover:text-blue-300 hover:bg-white/10"[39m
      [36m/>[39m

      Name "Contact":
      [36m<button[39m
        [33mclass[39m=[32m"px-6 py-2 rounded-md text-sm font-medium transition-all duration-200 mx-2 text-white hover:text-blue-300 hover:bg-white/10"[39m
      [36m/>[39m

      Name "Search":
      [36m<button[39m
        [33mclass[39m=[32m"ml-2 px-4 py-2 rounded-lg font-medium transition-all bg-blue-500 text-white hover:bg-blue-600"[39m
        [33mtype[39m=[32m"submit"[39m
      [36m/>[39m

      Name "🔍":
      [36m<button[39m
        [33mclass[39m=[32m"p-2 rounded-md transition-colors text-white hover:bg-white/10"[39m
      [36m/>[39m

      Name "":
      [36m<button[39m
        [33mclass[39m=[32m"p-2 rounded-md transition-colors text-white hover:bg-white/10"[39m
      [36m/>[39m

      Name "View My Work":
      [36m<button[39m
        [33mclass[39m=[32m"px-8 py-3 bg-gradient-to-r from-blue-500 to-blue-600 text-white font-semibold rounded-lg hover:from-blue-600 hover:to-blue-700 transition-all transform hover:scale-105 hover:shadow-lg"[39m
      [36m/>[39m

      Name "Get In Touch":
      [36m<button[39m
        [33mclass[39m=[32m"px-8 py-3 border-2 border-blue-400 text-blue-400 font-semibold rounded-lg hover:bg-blue-400/10 transition-all transform hover:scale-105"[39m
      [36m/>[39m

      Name "All":
      [36m<button[39m
        [33maria-pressed[39m=[32m"true"[39m
        [33mclass[39m=[32m"filterButton active"[39m
        [33mtype[39m=[32m"button"[39m
      [36m/>[39m

      Name "Full Stack":
      [36m<button[39m
        [33maria-pressed[39m=[32m"false"[39m
        [33mclass[39m=[32m"filterButton "[39m
        [33mtype[39m=[32m"button"[39m
      [36m/>[39m

      Name "View details for High School Management System project":
      [36m<article[39m
        [33maria-label[39m=[32m"View details for High School Management System project"[39m
        [33mclass[39m=[32m"projectCard"[39m
        [33mrole[39m=[32m"button"[39m
        [33mtabindex[39m=[32m"0"[39m
      [36m/>[39m

      Name "▶ View Certifications (8)":
      [36m<button[39m
        [33maria-controls[39m=[32m"certifications-content"[39m
        [33maria-expanded[39m=[32m"false"[39m
        [33mclass[39m=[32m"toggleButton"[39m
      [36m/>[39m

      Name "View Professional portrait in gray hoodie in full size":
      [36m<div[39m
        [33maria-label[39m=[32m"View Professional portrait in gray hoodie in full size"[39m
        [33mclass[39m=[32m"imageCard "[39m
        [33mrole[39m=[32m"button"[39m
        [33mtabindex[39m=[32m"0"[39m
      [36m/>[39m

      Name "View Professional portrait in yellow shirt in full size":
      [36m<div[39m
        [33maria-label[39m=[32m"View Professional portrait in yellow shirt in full size"[39m
        [33mclass[39m=[32m"imageCard "[39m
        [33mrole[39m=[32m"button"[39m
        [33mtabindex[39m=[32m"0"[39m
      [36m/>[39m

      Name "View Professional portrait with thoughtful pose in full size":
      [36m<div[39m
        [33maria-label[39m=[32m"View Professional portrait with thoughtful pose in full size"[39m
        [33mclass[39m=[32m"imageCard "[39m
        [33mrole[39m=[32m"button"[39m
        [33mtabindex[39m=[32m"0"[39m
      [36m/>[39m

      Name "View Professional portrait in yellow striped shirt in full size":
      [36m<div[39m
        [33maria-label[39m=[32m"View Professional portrait in yellow striped shirt in full size"[39m
        [33mclass[39m=[32m"imageCard "[39m
        [33mrole[39m=[32m"button"[39m
        [33mtabindex[39m=[32m"0"[39m
      [36m/>[39m

      Name "View Professional portrait on phone call in full size":
      [36m<div[39m
        [33maria-label[39m=[32m"View Professional portrait on phone call in full size"[39m
        [33mclass[39m=[32m"imageCard "[39m
        [33mrole[39m=[32m"button"[39m
        [33mtabindex[39m=[32m"0"[39m
      [36m/>[39m

      Name "View Developer portrait with creative background in full size":
      [36m<div[39m
        [33maria-label[39m=[32m"View Developer portrait with creative background in full size"[39m
        [33mclass[39m=[32m"imageCard "[39m
        [33mrole[39m=[32m"button"[39m
        [33mtabindex[39m=[32m"0"[39m
      [36m/>[39m

      Name "Send Message":
      [36m<button[39m
        [33mclass[39m=[32m"submitButton "[39m
        [33mtype[39m=[32m"submit"[39m
      [36m/>[39m

      --------------------------------------------------
      textbox:

      Name "":
      [36m<input[39m
        [33mclass[39m=[32m"px-4 py-2 rounded-lg text-sm transition-all bg-white/10 text-white placeholder-white/50 focus:outline-none focus:ring-2 focus:ring-blue-500"[39m
        [33mplaceholder[39m=[32m"Search..."[39m
        [33mtype[39m=[32m"text"[39m
        [33mvalue[39m=[32m""[39m
      [36m/>[39m

      Name "Name *":
      [36m<input[39m
        [33mclass[39m=[32m"input "[39m
        [33mid[39m=[32m"name"[39m
        [33mplaceholder[39m=[32m"Your full name"[39m
        [33mrequired[39m=[32m""[39m
        [33mtype[39m=[32m"text"[39m
        [33mvalue[39m=[32m""[39m
      [36m/>[39m

      Name "Email *":
      [36m<input[39m
        [33mclass[39m=[32m"input "[39m
        [33mid[39m=[32m"email"[39m
        [33mplaceholder[39m=[32m"your.email@example.com"[39m
        [33mrequired[39m=[32m""[39m
        [33mtype[39m=[32m"email"[39m
        [33mvalue[39m=[32m""[39m
      [36m/>[39m

      Name "Subject *":
      [36m<input[39m
        [33mclass[39m=[32m"input "[39m
        [33mid[39m=[32m"subject"[39m
        [33mplaceholder[39m=[32m"What's this about?"[39m
        [33mrequired[39m=[32m""[39m
        [33mtype[39m=[32m"text"[39m
        [33mvalue[39m=[32m""[39m
      [36m/>[39m

      Name "Message *":
      [36m<textarea[39m
        [33mclass[39m=[32m"textarea "[39m
        [33mid[39m=[32m"message"[39m
        [33mplaceholder[39m=[32m"Tell me about your project or opportunity..."[39m
        [33mrequired[39m=[32m""[39m
        [33mrows[39m=[32m"6"[39m
      [36m/>[39m

      --------------------------------------------------
      main:

      Name "Netsanet Worku":
      [36m<section[39m
        [33maria-labelledby[39m=[32m"hero-title"[39m
        [33mclass[39m=[32m"pt-32 pb-20 px-4 md:px-8 bg-gradient-to-b from-gray-900 via-gray-800 to-gray-900 min-h-screen flex items-center opacity-0 "[39m
        [33mid[39m=[32m"hero"[39m
        [33mrole[39m=[32m"main"[39m
      [36m/>[39m

      --------------------------------------------------
      img:

      Name "Professional headshot of Netsanet, a full-stack developer":
      [36m<img[39m
        [33malt[39m=[32m"Professional headshot of Netsanet, a full-stack developer"[39m
        [33mclass[39m=[32m"relative w-full h-full object-cover rounded-full shadow-2xl border-4 border-blue-500/30 hover:border-blue-500/60 transition-all duration-300 animate-float"[39m
        [33mloading[39m=[32m"eager"[39m
        [33msrc[39m=[32m"./images/netsa.jpg"[39m
      [36m/>[39m

      Name "Screenshot of High School Management System project showing the main interface":
      [36m<img[39m
        [33malt[39m=[32m"Screenshot of High School Management System project showing the main interface"[39m
        [33mclass[39m=[32m"thumbnail"[39m
        [33mloading[39m=[32m"lazy"[39m
        [33msrc[39m=[32m"./images/developer-photo.jpg"[39m
      [36m/>[39m

      Name "Professional portrait in gray hoodie":
      [36m<img[39m
        [33malt[39m=[32m"Professional portrait in gray hoodie"[39m
        [33mclass[39m=[32m"image"[39m
        [33mloading[39m=[32m"lazy"[39m
        [33msrc[39m=[32m"./images/photo_2026-01-13_17-27-43.jpg"[39m
      [36m/>[39m

      Name "Professional portrait in yellow shirt":
      [36m<img[39m
        [33malt[39m=[32m"Professional portrait in yellow shirt"[39m
        [33mclass[39m=[32m"image"[39m
        [33mloading[39m=[32m"lazy"[39m
        [33msrc[39m=[32m"./images/netsa.jpg"[39m
      [36m/>[39m

      Name "Professional portrait with thoughtful pose":
      [36m<img[39m
        [33malt[39m=[32m"Professional portrait with thoughtful pose"[39m
        [33mclass[39m=[32m"image"[39m
        [33mloading[39m=[32m"lazy"[39m
        [33msrc[39m=[32m"./images/profile-1.jpg"[39m
      [36m/>[39m

      Name "Professional portrait in yellow striped shirt":
      [36m<img[39m
        [33malt[39m=[32m"Professional portrait in yellow striped shirt"[39m
        [33mclass[39m=[32m"image"[39m
        [33mloading[39m=[32m"lazy"[39m
        [33msrc[39m=[32m"./images/profile-2.jpg"[39m
      [36m/>[39m

      Name "Professional portrait on phone call":
      [36m<img[39m
        [33malt[39m=[32m"Professional portrait on phone call"[39m
        [33mclass[39m=[32m"image"[39m
        [33mloading[39m=[32m"lazy"[39m
        [33msrc[39m=[32m"./images/profile-3.jpg"[39m
      [36m/>[39m

      Name "Developer portrait with creative background":
      [36m<img[39m
        [33malt[39m=[32m"Developer portrait with creative background"[39m
        [33mclass[39m=[32m"image"[39m
        [33mloading[39m=[32m"lazy"[39m
        [33msrc[39m=[32m"./images/developer-photo.jpg"[39m
      [36m/>[39m

      --------------------------------------------------
      heading:

      Name "Hello, I'm":
      [36m<h2[39m
        [33mclass[39m=[32m"text-lg md:text-xl font-semibold text-blue-400 mb-2 animate-wave"[39m
      [36m/>[39m

      Name "Netsanet Worku":
      [36m<h1[39m
        [33mclass[39m=[32m"text-4xl md:text-6xl font-bold mb-4 animated-name glow"[39m
        [33mid[39m=[32m"hero-title"[39m
      [36m/>[39m

      Name "Computer Science Student & Web Developer":
      [36m<h2[39m
        [33mclass[39m=[32m"text-xl md:text-2xl font-semibold text-gray-300 mb-6"[39m
      [36m/>[39m

      Name "About Me":
      [36m<h2[39m
        [33mclass[39m=[32m"text-4xl font-bold text-center mb-8 animated-name glow"[39m
      [36m/>[39m

      Name "Featured Projects":
      [36m<h2[39m
        [33mclass[39m=[32m"title"[39m
        [33mid[39m=[32m"projects-title"[39m
      [36m/>[39m

      Name "Project Filters":
      [36m<h3[39m
        [33mclass[39m=[32m"sr-only"[39m
        [33mid[39m=[32m"filter-controls-label"[39m
      [36m/>[39m

      Name "High School Management System":
      [36m<h3[39m
        [33mclass[39m=[32m"title"[39m
      [36m/>[39m

      Name "Skills & Technologies":
      [36m<h2[39m
        [33mclass[39m=[32m"title"[39m
        [33mid[39m=[32m"skills-title"[39m
      [36m/>[39m

      Name "Programming Languages":
      [36m<h3[39m
        [33mclass[39m=[32m"categoryTitle"[39m
      [36m/>[39m

      Name "Frameworks & Libraries":
      [36m<h3[39m
        [33mclass[39m=[32m"categoryTitle"[39m
      [36m/>[39m

      Name "Tools & Technologies":
      [36m<h3[39m
        [33mclass[39m=[32m"categoryTitle"[39m
      [36m/>[39m

      Name "Experience & Education":
      [36m<h2[39m
        [33mclass[39m=[32m"title"[39m
        [33mid[39m=[32m"experience-title"[39m
      [36m/>[39m

      Name "Work Experience":
      [36m<h3[39m
        [33mclass[39m=[32m"sectionTitle"[39m
        [33mid[39m=[32m"work-experience-title"[39m
      [36m/>[39m

      Name "Web Development Student":
      [36m<h4[39m
        [33mclass[39m=[32m"position"[39m
      [36m/>[39m

      Name "Self-Learning & Personal Projects":
      [36m<h5[39m
        [33mclass[39m=[32m"company"[39m
      [36m/>[39m

      Name "Education":
      [36m<h3[39m
        [33mclass[39m=[32m"sectionTitle"[39m
        [33mid[39m=[32m"education-title"[39m
      [36m/>[39m

      Name "Bachelor of Science in Computer Science":
      [36m<h4[39m
        [33mclass[39m=[32m"degree"[39m
      [36m/>[39m

      Name "Madda Walabu University":
      [36m<h5[39m
        [33mclass[39m=[32m"institution"[39m
      [36m/>[39m

      Name "High School Diploma":
      [36m<h4[39m
        [33mclass[39m=[32m"degree"[39m
      [36m/>[39m

      Name "Asela Oda High School":
      [36m<h5[39m
        [33mclass[39m=[32m"institution"[39m
      [36m/>[39m

      Name "Elementary Education":
      [36m<h4[39m
        [33mclass[39m=[32m"degree"[39m
      [36m/>[39m

      Name "Tereta Elementary School":
      [36m<h5[39m
        [33mclass[39m=[32m"institution"[39m
      [36m/>[39m

      Name "Web Development":
      [36m<h4[39m
        [33mclass[39m=[32m"degree"[39m
      [36m/>[39m

      Name "Self-Taught Web Developer":
      [36m<h5[39m
        [33mclass[39m=[32m"institution"[39m
      [36m/>[39m

      Name "Certifications":
      [36m<h3[39m
        [33mclass[39m=[32m"sectionTitle"[39m
        [33mid[39m=[32m"certifications-title"[39m
      [36m/>[39m

      Name "Photo Gallery":
      [36m<h2[39m
        [33mclass[39m=[32m"title"[39m
      [36m/>[39m

      Name "Contact":
      [36m<h2 />[39m

      Name "Get In Touch":
      [36m<h3 />[39m

      --------------------------------------------------
      link:

      Name "📱":
      [36m<a[39m
        [33mclass[39m=[32m"w-10 h-10 flex items-center justify-center rounded-full bg-gray-700 hover:bg-blue-500 transition-all transform hover:scale-110"[39m
        [33mhref[39m=[32m"https://tiktok.com/@netsanet.worku"[39m
        [33mrel[39m=[32m"noopener noreferrer"[39m
        [33mtarget[39m=[32m"_blank"[39m
        [33mtitle[39m=[32m"TikTok"[39m
      [36m/>[39m

      Name "✈️":
      [36m<a[39m
        [33mclass[39m=[32m"w-10 h-10 flex items-center justify-center rounded-full bg-gray-700 hover:bg-blue-500 transition-all transform hover:scale-110"[39m
        [33mhref[39m=[32m"https://t.me/Abi_yam21"[39m
        [33mrel[39m=[32m"noopener noreferrer"[39m
        [33mtarget[39m=[32m"_blank"[39m
        [33mtitle[39m=[32m"Telegram"[39m
      [36m/>[39m

      Name "💻":
      [36m<a[39m
        [33mclass[39m=[32m"w-10 h-10 flex items-center justify-center rounded-full bg-gray-700 hover:bg-blue-500 transition-all transform hover:scale-110"[39m
        [33mhref[39m=[32m"https://github.com/NetsanetWorku"[39m
        [33mrel[39m=[32m"noopener noreferrer"[39m
        [33mtarget[39m=[32m"_blank"[39m
        [33mtitle[39m=[32m"GitHub"[39m
      [36m/>[39m

      Name "workunetsanet143@gmail.com":
      [36m<a[39m
        [33mclass[39m=[32m"contactLink"[39m
        [33mhref[39m=[32m"mailto:workunetsanet143@gmail.com"[39m
      [36m/>[39m

      Name "+251 936 116 761":
      [36m<a[39m
        [33mclass[39m=[32m"contactLink"[39m
        [33mhref[39m=[32m"tel:+251936116761"[39m
      [36m/>[39m

      Name "TikTok Profile":
      [36m<a[39m
        [33maria-label[39m=[32m"TikTok Profile"[39m
        [33mclass[39m=[32m"socialLink"[39m
        [33mhref[39m=[32m"https://tiktok.com/@netsanet.worku"[39m
        [33mrel[39m=[32m"noopener noreferrer"[39m
        [33mtarget[39m=[32m"_blank"[39m
      [36m/>[39m

      Name "YouTube Channel":
      [36m<a[39m
        [33maria-label[39m=[32m"YouTube Channel"[39m
        [33mclass[39m=[32m"socialLink"[39m
        [33mhref[39m=[32m"https://youtube.com/@Netsalove"[39m
        [33mrel[39m=[32m"noopener noreferrer"[39m
        [33mtarget[39m=[32m"_blank"[39m
      [36m/>[39m

      Name "Telegram Profile":
      [36m<a[39m
        [33maria-label[39m=[32m"Telegram Profile"[39m
        [33mclass[39m=[32m"socialLink"[39m
        [33mhref[39m=[32m"https://t.me/Abi_yam21"[39m
        [33mrel[39m=[32m"noopener noreferrer"[39m
        [33mtarget[39m=[32m"_blank"[39m
      [36m/>[39m

      Name "GitHub Profile":
      [36m<a[39m
        [33maria-label[39m=[32m"GitHub Profile"[39m
        [33mclass[39m=[32m"socialLink"[39m
        [33mhref[39m=[32m"https://github.com/netsanet"[39m
        [33mrel[39m=[32m"noopener noreferrer"[39m
        [33mtarget[39m=[32m"_blank"[39m
      [36m/>[39m

      Name "LinkedIn Profile":
      [36m<a[39m
        [33maria-label[39m=[32m"LinkedIn Profile"[39m
        [33mclass[39m=[32m"socialLink"[39m
        [33mhref[39m=[32m"https://linkedin.com/in/netsanet"[39m
        [33mrel[39m=[32m"noopener noreferrer"[39m
        [33mtarget[39m=[32m"_blank"[39m
      [36m/>[39m

      --------------------------------------------------
      region:

      Name "Featured Projects":
      [36m<section[39m
        [33maria-labelledby[39m=[32m"projects-title"[39m
        [33mclass[39m=[32m"projects"[39m
        [33mid[39m=[32m"projects"[39m
      [36m/>[39m

      Name "Skills & Technologies":
      [36m<section[39m
        [33maria-labelledby[39m=[32m"skills-title"[39m
        [33mclass[39m=[32m"skills"[39m
        [33mid[39m=[32m"skills"[39m
      [36m/>[39m

      Name "Skills organized by category":
      [36m<div[39m
        [33maria-label[39m=[32m"Skills organized by category"[39m
        [33mclass[39m=[32m"skillsGrid"[39m
        [33mrole[39m=[32m"region"[39m
      [36m/>[39m

      Name "Experience & Education":
      [36m<section[39m
        [33maria-labelledby[39m=[32m"experience-title"[39m
        [33mclass[39m=[32m"experience"[39m
        [33mid[39m=[32m"experience"[39m
      [36m/>[39m

      Name "Work Experience":
      [36m<section[39m
        [33maria-labelledby[39m=[32m"work-experience-title"[39m
        [33mclass[39m=[32m"section"[39m
      [36m/>[39m

      Name "Education":
      [36m<section[39m
        [33maria-labelledby[39m=[32m"education-title"[39m
        [33mclass[39m=[32m"section"[39m
      [36m/>[39m

      Name "Certifications":
      [36m<section[39m
        [33maria-labelledby[39m=[32m"certifications-title"[39m
        [33mclass[39m=[32m"section"[39m
      [36m/>[39m

      --------------------------------------------------
      banner:

      Name "":
      [36m<header />[39m

      Name "":
      [36m<header />[39m

      Name "":
      [36m<header />[39m

      Name "":
      [36m<header />[39m

      Name "":
      [36m<header />[39m

      Name "":
      [36m<header />[39m

      Name "":
      [36m<header />[39m

      Name "":
      [36m<header />[39m

      Name "":
      [36m<header[39m
        [33mclass[39m=[32m"itemHeader"[39m
      [36m/>[39m

      Name "":
      [36m<header />[39m

      Name "":
      [36m<header[39m
        [33mclass[39m=[32m"itemHeader"[39m
      [36m/>[39m

      Name "":
      [36m<header[39m
        [33mclass[39m=[32m"itemHeader"[39m
      [36m/>[39m

      Name "":
      [36m<header[39m
        [33mclass[39m=[32m"itemHeader"[39m
      [36m/>[39m

      Name "":
      [36m<header[39m
        [33mclass[39m=[32m"itemHeader"[39m
      [36m/>[39m

      Name "":
      [36m<header />[39m

      --------------------------------------------------
      group:

      Name "Project Filters":
      [36m<div[39m
        [33maria-labelledby[39m=[32m"filter-controls-label"[39m
        [33mclass[39m=[32m"filterControls"[39m
        [33mrole[39m=[32m"group"[39m
      [36m/>[39m

      Name "Filter projects by category":
      [36m<div[39m
        [33maria-label[39m=[32m"Filter projects by category"[39m
        [33mclass[39m=[32m"filterButtons"[39m
        [33mid[39m=[32m"filter-buttons"[39m
        [33mrole[39m=[32m"group"[39m
      [36m/>[39m

      --------------------------------------------------
      tablist:

      Name "Filter type selection":
      [36m<div[39m
        [33maria-label[39m=[32m"Filter type selection"[39m
        [33mclass[39m=[32m"filterTypeToggle"[39m
        [33mrole[39m=[32m"tablist"[39m
      [36m/>[39m

      --------------------------------------------------
      tab:

      Name "By Category":
      [36m<button[39m
        [33maria-controls[39m=[32m"filter-buttons"[39m
        [33maria-selected[39m=[32m"true"[39m
        [33mclass[39m=[32m"toggleButton active"[39m
        [33mrole[39m=[32m"tab"[39m
        [33mtype[39m=[32m"button"[39m
      [36m/>[39m

      Name "By Technology":
      [36m<button[39m
        [33maria-controls[39m=[32m"filter-buttons"[39m
        [33maria-selected[39m=[32m"false"[39m
        [33mclass[39m=[32m"toggleButton "[39m
        [33mrole[39m=[32m"tab"[39m
        [33mtype[39m=[32m"button"[39m
      [36m/>[39m

      --------------------------------------------------
      grid:

      Name "Projects showcase":
      [36m<div[39m
        [33maria-atomic[39m=[32m"false"[39m
        [33maria-label[39m=[32m"Projects showcase"[39m
        [33maria-live[39m=[32m"polite"[39m
        [33mclass[39m=[32m"projectsGrid"[39m
        [33mrole[39m=[32m"grid"[39m
      [36m/>[39m

      --------------------------------------------------
      gridcell:

      Name "Screenshot of High School Management System project showing the main interface Featured project High School Management System A comprehensive web-based management system designed for high schools to streamline administrative tasks and improve com... Technologies used Project category: Full Stack":
      [36m<div[39m
        [33mrole[39m=[32m"gridcell"[39m
      [36m/>[39m

      --------------------------------------------------
      list:

      Name "Technologies used":
      [36m<div[39m
        [33maria-label[39m=[32m"Technologies used"[39m
        [33mclass[39m=[32m"technologies"[39m
        [33mrole[39m=[32m"list"[39m
      [36m/>[39m

      Name "":
      [36m<div[39m
        [33mclass[39m=[32m"skillsList"[39m
        [33mrole[39m=[32m"list"[39m
      [36m/>[39m

      Name "":
      [36m<div[39m
        [33mclass[39m=[32m"skillsList"[39m
        [33mrole[39m=[32m"list"[39m
      [36m/>[39m

      Name "":
      [36m<div[39m
        [33mclass[39m=[32m"skillsList"[39m
        [33mrole[39m=[32m"list"[39m
      [36m/>[39m

      Name "Work experience timeline":
      [36m<div[39m
        [33maria-label[39m=[32m"Work experience timeline"[39m
        [33mclass[39m=[32m"timeline"[39m
        [33mrole[39m=[32m"list"[39m
      [36m/>[39m

      Name "Technologies used":
      [36m<div[39m
        [33maria-label[39m=[32m"Technologies used"[39m
        [33mclass[39m=[32m"technologies"[39m
        [33mrole[39m=[32m"list"[39m
      [36m/>[39m

      Name "Education timeline":
      [36m<div[39m
        [33maria-label[39m=[32m"Education timeline"[39m
        [33mclass[39m=[32m"timeline"[39m
        [33mrole[39m=[32m"list"[39m
      [36m/>[39m

      --------------------------------------------------
      listitem:

      Name "":
      [36m<span[39m
        [33mclass[39m=[32m"techTag"[39m
        [33mrole[39m=[32m"listitem"[39m
      [36m/>[39m

      Name "":
      [36m<span[39m
        [33mclass[39m=[32m"techTag"[39m
        [33mrole[39m=[32m"listitem"[39m
      [36m/>[39m

      Name "":
      [36m<span[39m
        [33mclass[39m=[32m"techTag"[39m
        [33mrole[39m=[32m"listitem"[39m
      [36m/>[39m

      Name "":
      [36m<span[39m
        [33mclass[39m=[32m"techTag"[39m
        [33mrole[39m=[32m"listitem"[39m
      [36m/>[39m

      Name "":
      [36m<div[39m
        [33mclass[39m=[32m"skillItem"[39m
        [33mrole[39m=[32m"listitem"[39m
      [36m/>[39m

      Name "":
      [36m<div[39m
        [33mclass[39m=[32m"skillItem"[39m
        [33mrole[39m=[32m"listitem"[39m
      [36m/>[39m

      Name "":
      [36m<div[39m
        [33mclass[39m=[32m"skillItem"[39m
        [33mrole[39m=[32m"listitem"[39m
      [36m/>[39m

      Name "":
      [36m<div[39m
        [33mclass[39m=[32m"skillItem"[39m
        [33mrole[39m=[32m"listitem"[39m
      [36m/>[39m

      Name "":
      [36m<div[39m
        [33mclass[39m=[32m"skillItem"[39m
        [33mrole[39m=[32m"listitem"[39m
      [36m/>[39m

      Name "":
      [36m<div[39m
        [33mclass[39m=[32m"skillItem"[39m
        [33mrole[39m=[32m"listitem"[39m
      [36m/>[39m

      Name "":
      [36m<div[39m
        [33mclass[39m=[32m"skillItem"[39m
        [33mrole[39m=[32m"listitem"[39m
      [36m/>[39m

      Name "":
      [36m<div[39m
        [33mclass[39m=[32m"skillItem"[39m
        [33mrole[39m=[32m"listitem"[39m
      [36m/>[39m

      Name "":
      [36m<div[39m
        [33mclass[39m=[32m"skillItem"[39m
        [33mrole[39m=[32m"listitem"[39m
      [36m/>[39m

      Name "":
      [36m<div[39m
        [33mclass[39m=[32m"skillItem"[39m
        [33mrole[39m=[32m"listitem"[39m
      [36m/>[39m

      Name "":
      [36m<div[39m
        [33mclass[39m=[32m"skillItem"[39m
        [33mrole[39m=[32m"listitem"[39m
      [36m/>[39m

      Name "":
      [36m<div[39m
        [33mclass[39m=[32m"skillItem"[39m
        [33mrole[39m=[32m"listitem"[39m
      [36m/>[39m

      Name "":
      [36m<article[39m
        [33mclass[39m=[32m"timelineItem"[39m
        [33mrole[39m=[32m"listitem"[39m
      [36m/>[39m

      Name "":
      [36m<span[39m
        [33mclass[39m=[32m"techTag"[39m
        [33mrole[39m=[32m"listitem"[39m
      [36m/>[39m

      Name "":
      [36m<span[39m
        [33mclass[39m=[32m"techTag"[39m
        [33mrole[39m=[32m"listitem"[39m
      [36m/>[39m

      Name "":
      [36m<span[39m
        [33mclass[39m=[32m"techTag"[39m
        [33mrole[39m=[32m"listitem"[39m
      [36m/>[39m

      Name "":
      [36m<span[39m
        [33mclass[39m=[32m"techTag"[39m
        [33mrole[39m=[32m"listitem"[39m
      [36m/>[39m

      Name "":
      [36m<span[39m
        [33mclass[39m=[32m"techTag"[39m
        [33mrole[39m=[32m"listitem"[39m
      [36m/>[39m

      Name "":
      [36m<span[39m
        [33mclass[39m=[32m"techTag"[39m
        [33mrole[39m=[32m"listitem"[39m
      [36m/>[39m

      Name "":
      [36m<span[39m
        [33mclass[39m=[32m"techTag"[39m
        [33mrole[39m=[32m"listitem"[39m
      [36m/>[39m

      Name "":
      [36m<article[39m
        [33mclass[39m=[32m"timelineItem"[39m
        [33mrole[39m=[32m"listitem"[39m
      [36m/>[39m

      Name "":
      [36m<article[39m
        [33mclass[39m=[32m"timelineItem"[39m
        [33mrole[39m=[32m"listitem"[39m
      [36m/>[39m

      Name "":
      [36m<article[39m
        [33mclass[39m=[32m"timelineItem"[39m
        [33mrole[39m=[32m"listitem"[39m
      [36m/>[39m

      Name "":
      [36m<article[39m
        [33mclass[39m=[32m"timelineItem"[39m
        [33mrole[39m=[32m"listitem"[39m
      [36m/>[39m

      --------------------------------------------------
      article:

      Name "":
      [36m<article[39m
        [33mclass[39m=[32m"skillCategory"[39m
      [36m/>[39m

      Name "":
      [36m<article[39m
        [33mclass[39m=[32m"skillCategory"[39m
      [36m/>[39m

      Name "":
      [36m<article[39m
        [33mclass[39m=[32m"skillCategory"[39m
      [36m/>[39m

      --------------------------------------------------
      progressbar:

      Name "HTML5":
      [36m<div[39m
        [33maria-labelledby[39m=[32m"skill-language-html5"[39m
        [33maria-valuemax[39m=[32m"4"[39m
        [33maria-valuemin[39m=[32m"1"[39m
        [33maria-valuenow[39m=[32m"2"[39m
        [33maria-valuetext[39m=[32m"Intermediate level (50%)"[39m
        [33mclass[39m=[32m"skillMeter"[39m
        [33mrole[39m=[32m"progressbar"[39m
      [36m/>[39m

      Name "CSS3":
      [36m<div[39m
        [33maria-labelledby[39m=[32m"skill-language-css3"[39m
        [33maria-valuemax[39m=[32m"4"[39m
        [33maria-valuemin[39m=[32m"1"[39m
        [33maria-valuenow[39m=[32m"2"[39m
        [33maria-valuetext[39m=[32m"Intermediate level (50%)"[39m
        [33mclass[39m=[32m"skillMeter"[39m
        [33mrole[39m=[32m"progressbar"[39m
      [36m/>[39m

      Name "JavaScript":
      [36m<div[39m
        [33maria-labelledby[39m=[32m"skill-language-javascript"[39m
        [33maria-valuemax[39m=[32m"4"[39m
        [33maria-valuemin[39m=[32m"1"[39m
        [33maria-valuenow[39m=[32m"2"[39m
        [33maria-valuetext[39m=[32m"Intermediate level (50%)"[39m
        [33mclass[39m=[32m"skillMeter"[39m
        [33mrole[39m=[32m"progressbar"[39m
      [36m/>[39m

      Name "TypeScript":
      [36m<div[39m
        [33maria-labelledby[39m=[32m"skill-language-typescript"[39m
        [33maria-valuemax[39m=[32m"4"[39m
        [33maria-valuemin[39m=[32m"1"[39m
        [33maria-valuenow[39m=[32m"1"[39m
        [33maria-valuetext[39m=[32m"Beginner level (25%)"[39m
        [33mclass[39m=[32m"skillMeter"[39m
        [33mrole[39m=[32m"progressbar"[39m
      [36m/>[39m

      Name "React":
      [36m<div[39m
        [33maria-labelledby[39m=[32m"skill-framework-react"[39m
        [33maria-valuemax[39m=[32m"4"[39m
        [33maria-valuemin[39m=[32m"1"[39m
        [33maria-valuenow[39m=[32m"1"[39m
        [33maria-valuetext[39m=[32m"Beginner level (25%)"[39m
        [33mclass[39m=[32m"skillMeter"[39m
        [33mrole[39m=[32m"progressbar"[39m
      [36m/>[39m

      Name "Node.js":
      [36m<div[39m
        [33maria-labelledby[39m=[32m"skill-framework-node.js"[39m
        [33maria-valuemax[39m=[32m"4"[39m
        [33maria-valuemin[39m=[32m"1"[39m
        [33maria-valuenow[39m=[32m"1"[39m
        [33maria-valuetext[39m=[32m"Beginner level (25%)"[39m
        [33mclass[39m=[32m"skillMeter"[39m
        [33mrole[39m=[32m"progressbar"[39m
      [36m/>[39m

      Name "Bootstrap":
      [36m<div[39m
        [33maria-labelledby[39m=[32m"skill-framework-bootstrap"[39m
        [33maria-valuemax[39m=[32m"4"[39m
        [33maria-valuemin[39m=[32m"1"[39m
        [33maria-valuenow[39m=[32m"1"[39m
        [33maria-valuetext[39m=[32m"Beginner level (25%)"[39m
        [33mclass[39m=[32m"skillMeter"[39m
        [33mrole[39m=[32m"progressbar"[39m
      [36m/>[39m

      Name "Sass/SCSS":
      [36m<div[39m
        [33maria-labelledby[39m=[32m"skill-tool-sass/scss"[39m
        [33maria-valuemax[39m=[32m"4"[39m
        [33maria-valuemin[39m=[32m"1"[39m
        [33maria-valuenow[39m=[32m"1"[39m
        [33maria-valuetext[39m=[32m"Beginner level (25%)"[39m
        [33mclass[39m=[32m"skillMeter"[39m
        [33mrole[39m=[32m"progressbar"[39m
      [36m/>[39m

      Name "Git":
      [36m<div[39m
        [33maria-labelledby[39m=[32m"skill-tool-git"[39m
        [33maria-valuemax[39m=[32m"4"[39m
        [33maria-valuemin[39m=[32m"1"[39m
        [33maria-valuenow[39m=[32m"1"[39m
        [33maria-valuetext[39m=[32m"Beginner level (25%)"[39m
        [33mclass[39m=[32m"skillMeter"[39m
        [33mrole[39m=[32m"progressbar"[39m
      [36m/>[39m

      Name "VS Code":
      [36m<div[39m
        [33maria-labelledby[39m=[32m"skill-tool-vs-code"[39m
        [33maria-valuemax[39m=[32m"4"[39m
        [33maria-valuemin[39m=[32m"1"[39m
        [33maria-valuenow[39m=[32m"2"[39m
        [33maria-valuetext[39m=[32m"Intermediate level (50%)"[39m
        [33mclass[39m=[32m"skillMeter"[39m
        [33mrole[39m=[32m"progressbar"[39m
      [36m/>[39m

      Name "Chrome DevTools":
      [36m<div[39m
        [33maria-labelledby[39m=[32m"skill-tool-chrome-devtools"[39m
        [33maria-valuemax[39m=[32m"4"[39m
        [33maria-valuemin[39m=[32m"1"[39m
        [33maria-valuenow[39m=[32m"2"[39m
        [33maria-valuetext[39m=[32m"Intermediate level (50%)"[39m
        [33mclass[39m=[32m"skillMeter"[39m
        [33mrole[39m=[32m"progressbar"[39m
      [36m/>[39m

      Name "Responsive Design":
      [36m<div[39m
        [33maria-labelledby[39m=[32m"skill-tool-responsive-design"[39m
        [33maria-valuemax[39m=[32m"4"[39m
        [33maria-valuemin[39m=[32m"1"[39m
        [33maria-valuenow[39m=[32m"2"[39m
        [33maria-valuetext[39m=[32m"Intermediate level (50%)"[39m
        [33mclass[39m=[32m"skillMeter"[39m
        [33mrole[39m=[32m"progressbar"[39m
      [36m/>[39m

      --------------------------------------------------

    Ignored nodes: comments, script, style
    [36m<body>[39m
      [36m<div>[39m
        [36m<div[39m
          [33mclass[39m=[32m"bg-white"[39m
        [36m>[39m
          [36m<nav[39m
            [33mclass[39m=[32m"navbar-container fixed top-0 w-full z-50 transition-all duration-300 bg-gradient-to-b from-gray-900/90 to-transparent "[39m
          [36m>[39m
            [36m<div[39m
              [33mclass[39m=[32m"max-w-7xl mx-auto px-4 sm:px-6 lg:px-8"[39m
            [36m>[39m
              [36m<div[39m
                [33mclass[39m=[32m"flex justify-between items-center h-16"[39m
              [36m>[39m
                [36m<div[39m
                  [33mclass[39m=[32m"flex-shrink-0"[39m
                [36m>[39m
                  [36m<button[39m
                    [33mclass[39m=[32m"text-2xl font-bold bg-gradient-to-r from-blue-400 via-blue-500 to-blue-600 bg-clip-text text-transparent hover:opacity-80 transition-opacity"[39m
                  [36m>[39m
                    [0mNetsanet[0m
                  [36m</button>[39m
                [36m</div>[39m
                [36m<div[39m
                  [33mclass[39m=[32m"hidden md:flex items-center gap-8"[39m
                [36m>[39m
                  [36m<button[39m
                    [33mclass[39m=[32m"px-6 py-2 rounded-md text-sm font-medium transition-all duration-200 mx-2 text-white hover:text-blue-300 hover:bg-white/10"[39m
                  [36m>[39m
                    [0mHome[0m
                  [36m</button>[39m
                  [36m<button[39m
                    [33mclass[39m=[32m"px-6 py-2 rounded-md text-sm font-medium transition-all duration-200 mx-2 text-white hover:text-blue-300 hover:bg-white/10"[39m
                  [36m>[39m
                    [0mAbout[0m
                  [36m</button>[39m
                  [36m<button[39m
                    [33mclass[39m=[32m"px-6 py-2 rounded-md text-sm font-medium transition-all duration-200 mx-2 text-white hover:text-blue-300 hover:bg-white/10"[39m
                  [36m>[39m
                    [0mProjects[0m
                  [36m</button>[39m
                  [36m<button[39m
                    [33mclass[39m=[32m"px-6 py-2 rounded-md text-sm font-medium transition-all duration-200 mx-2 text-white hover:text-blue-300 hover:bg-white/10"[39m
                  [36m>[39m
                    [0mGallery[0m
                  [36m</button>[39m
                  [36m<button[39m
                    [33mclass[39m=[32m"px-6 py-2 rounded-md text-sm font-medium transition-all duration-200 mx-2 text-white hover:text-blue-300 hover:bg-white/10"[39m
                  [36m>[39m
                    [0mContact[0m
                  [36m</button>[39m
                [36m</div>[39m
                [36m<div[39m
                  [33mclass[39m=[32m"hidden md:flex items-center space-x-4"[39m
                [36m>[39m
                  [36m<form[39m
                    [33mclass[39m=[32m"flex items-center"[39m
                  [36m>[39m
                    [36m<input[39m
                      [33mclass[39m=[32m"px-4 py-2 rounded-lg text-sm transition-all bg-white/10 text-white placeholder-white/50 focus:outline-none focus:ring-2 focus:ring-blue-500"[39m
                      [33mplaceholder[39m=[32m"Search..."[39m
                      [33mtype[39m=[32m"text"[39m
                      [33mvalue[39m=[32m""[39m
                    [36m/>[39m
                    [36m<button[39m
                      [33mclass[39m=[32m"ml-2 px-4 py-2 rounded-lg font-medium transition-all bg-blue-500 text-white hover:bg-blue-600"[39m
                      [33mtype[39m=[32m"submit"[39m
                    [36m>[39m
                      [0mSearch[0m
                    [36m</button>[39m
                  [36m</form>[39m
                [36m</div>[39m
                [36m<div[39m
                  [33mclass[39m=[32m"md:hidden flex items-center space-x-2"[39m
                [36m>[39m
                  [36m<button[39m
                    [33mclass[39m=[32m"p-2 rounded-md transition-colors text-white hover:bg-white/10"[39m
                  [36m>[39m
                    [0m🔍[0m
                  [36m</button>[39m
                  [36m<button[39m
                    [33mclass[39m=[32m"p-2 rounded-md transition-colors text-white hover:bg-white/10"[39m
                  [36m>[39m
                    [36m<svg[39m
                      [33mclass[39m=[32m"h-6 w-6"[39m
                      [33mfill[39m=[32m"none"[39m
                      [33mstroke[39m=[32m"currentColor"[39m
                      [33mviewBox[39m=[32m"0 0 24 24"[39m
                    [36m>[39m
                      [36m<path[39m
                        [33md[39m=[32m"M4 6h16M4 12h16M4 18h16"[39m
                        [33mstroke-linecap[39m=[32m"round"[39m
                        [33mstroke-linejoin[39m=[32m"round"[39m
                        [33mstroke-width[39m=[32m"2"[39m
                      [36m/>[39m
                    [36m</svg>[39m
                  [36m</button>[39m
                [36m</div>[39m
              [36m</div>[39m
            [36m</div>[39m
          [36m</nav>[39m
          [36m<section[39m
            [33maria-labelledby[39m=[32m"hero-title"[39m
            [33mclass[39m=[32m"pt-32 pb-20 px-4 md:px-8 bg-gradient-to-b from-gray-900 via-gray-800 to-gray-900 min-h-screen flex items-center opacity-0 "[39m
            [33mid[39m=[32m"hero"[39m
            [33mrole[39m=[32m"main"[39m
          [36m>[39m
            [36m<div[39m
              [33mclass[39m=[32m"max-w-6xl mx-auto w-full"[39m
            [36m>[39m
              [36m<div[39m
                [33mclass[39m=[32m"grid grid-cols-1 md:grid-cols-2 gap-12 items-center"[39m
              [36m>[39m
                [36m<div[39m
                  [33mclass[39m=[32m"flex justify-center "[39m
                [36m>[39m
                  [36m<div[39m
                    [33mclass[39m=[32m"relative w-64 h-64 md:w-80 md:h-80"[39m
                  [36m>[39m
                    [36m<div[39m
                      [33mclass[39m=[32m"absolute inset-0 bg-gradient-to-r from-blue-400 to-blue-600 rounded-full blur-3xl opacity-40"[39m
                    [36m/>[39m
                    [36m<img[39m
                      [33malt[39m=[32m"Professional headshot of Netsanet, a full-stack developer"[39m
                      [33mclass[39m=[32m"relative w-full h-full object-cover rounded-full shadow-2xl border-4 border-blue-500/30 hover:border-blue-500/60 transition-all duration-300 animate-float"[39m
                      [33mloading[39m=[32m"eager"[39m
                      [33msrc[39m=[32m"./images/netsa.jpg"[39m
                    [36m/>[39m
                  [36m</div>[39m
                [36m</div>[39m
                [36m<div[39m
                  [33mclass[39m=[32m"text-center md:text-left "[39m
                [36m>[39m
                  [36m<div[39m
                    [33mclass[39m=[32m"mb-6"[39m
                  [36m>[39m
                    [36m<h2[39m
                      [33mclass[39m=[32m"text-lg md:text-xl font-semibold text-blue-400 mb-2 animate-wave"[39m
                    [36m>[39m
                      [0mHello, I'm[0m
                    [36m</h2>[39m
                    [36m<h1[39m
         ...

      103 |     
      104 |     // Test "View My Work" button navigates to projects
    > 105 |     const viewWorkButton = screen.getByRole('button', { name: /view my projects/i })
          |                                   ^
      106 |     fireEvent.click(viewWorkButton)
      107 |     
      108 |     // Should call scrollIntoView

      at Object.getElementError (node_modules/@testing-library/react/node_modules/@testing-library/dom/dist/config.js:37:19)
      at node_modules/@testing-library/react/node_modules/@testing-library/dom/dist/query-helpers.js:76:38
      at node_modules/@testing-library/react/node_modules/@testing-library/dom/dist/query-helpers.js:52:17
      at node_modules/@testing-library/react/node_modules/@testing-library/dom/dist/query-helpers.js:95:19
      at Object.<anonymous> (src/App.test.tsx:105:35)

  ● Portfolio Integration Tests › project filtering and modal interaction works

    TestingLibraryElementError: Unable to find an accessible element with the role "button" and name `/navigate to projects section/i`

    Here are the accessible roles:

      navigation:

      Name "":
      [36m<nav[39m
        [33mclass[39m=[32m"navbar-container fixed top-0 w-full z-50 transition-all duration-300 bg-gradient-to-b from-gray-900/90 to-transparent "[39m
      [36m/>[39m

      --------------------------------------------------
      button:

      Name "Netsanet":
      [36m<button[39m
        [33mclass[39m=[32m"text-2xl font-bold bg-gradient-to-r from-blue-400 via-blue-500 to-blue-600 bg-clip-text text-transparent hover:opacity-80 transition-opacity"[39m
      [36m/>[39m

      Name "Home":
      [36m<button[39m
        [33mclass[39m=[32m"px-6 py-2 rounded-md text-sm font-medium transition-all duration-200 mx-2 text-white hover:text-blue-300 hover:bg-white/10"[39m
      [36m/>[39m

      Name "About":
      [36m<button[39m
        [33mclass[39m=[32m"px-6 py-2 rounded-md text-sm font-medium transition-all duration-200 mx-2 text-white hover:text-blue-300 hover:bg-white/10"[39m
      [36m/>[39m

      Name "Projects":
      [36m<button[39m
        [33mclass[39m=[32m"px-6 py-2 rounded-md text-sm font-medium transition-all duration-200 mx-2 text-white hover:text-blue-300 hover:bg-white/10"[39m
      [36m/>[39m

      Name "Gallery":
      [36m<button[39m
        [33mclass[39m=[32m"px-6 py-2 rounded-md text-sm font-medium transition-all duration-200 mx-2 text-white hover:text-blue-300 hover:bg-white/10"[39m
      [36m/>[39m

      Name "Contact":
      [36m<button[39m
        [33mclass[39m=[32m"px-6 py-2 rounded-md text-sm font-medium transition-all duration-200 mx-2 text-white hover:text-blue-300 hover:bg-white/10"[39m
      [36m/>[39m

      Name "Search":
      [36m<button[39m
        [33mclass[39m=[32m"ml-2 px-4 py-2 rounded-lg font-medium transition-all bg-blue-500 text-white hover:bg-blue-600"[39m
        [33mtype[39m=[32m"submit"[39m
      [36m/>[39m

      Name "🔍":
      [36m<button[39m
        [33mclass[39m=[32m"p-2 rounded-md transition-colors text-white hover:bg-white/10"[39m
      [36m/>[39m

      Name "":
      [36m<button[39m
        [33mclass[39m=[32m"p-2 rounded-md transition-colors text-white hover:bg-white/10"[39m
      [36m/>[39m

      Name "View My Work":
      [36m<button[39m
        [33mclass[39m=[32m"px-8 py-3 bg-gradient-to-r from-blue-500 to-blue-600 text-white font-semibold rounded-lg hover:from-blue-600 hover:to-blue-700 transition-all transform hover:scale-105 hover:shadow-lg"[39m
      [36m/>[39m

      Name "Get In Touch":
      [36m<button[39m
        [33mclass[39m=[32m"px-8 py-3 border-2 border-blue-400 text-blue-400 font-semibold rounded-lg hover:bg-blue-400/10 transition-all transform hover:scale-105"[39m
      [36m/>[39m

      Name "All":
      [36m<button[39m
        [33maria-pressed[39m=[32m"true"[39m
        [33mclass[39m=[32m"filterButton active"[39m
        [33mtype[39m=[32m"button"[39m
      [36m/>[39m

      Name "Full Stack":
      [36m<button[39m
        [33maria-pressed[39m=[32m"false"[39m
        [33mclass[39m=[32m"filterButton "[39m
        [33mtype[39m=[32m"button"[39m
      [36m/>[39m

      Name "View details for High School Management System project":
      [36m<article[39m
        [33maria-label[39m=[32m"View details for High School Management System project"[39m
        [33mclass[39m=[32m"projectCard"[39m
        [33mrole[39m=[32m"button"[39m
        [33mtabindex[39m=[32m"0"[39m
      [36m/>[39m

      Name "▶ View Certifications (8)":
      [36m<button[39m
        [33maria-controls[39m=[32m"certifications-content"[39m
        [33maria-expanded[39m=[32m"false"[39m
        [33mclass[39m=[32m"toggleButton"[39m
      [36m/>[39m

      Name "View Professional portrait in gray hoodie in full size":
      [36m<div[39m
        [33maria-label[39m=[32m"View Professional portrait in gray hoodie in full size"[39m
        [33mclass[39m=[32m"imageCard "[39m
        [33mrole[39m=[32m"button"[39m
        [33mtabindex[39m=[32m"0"[39m
      [36m/>[39m

      Name "View Professional portrait in yellow shirt in full size":
      [36m<div[39m
        [33maria-label[39m=[32m"View Professional portrait in yellow shirt in full size"[39m
        [33mclass[39m=[32m"imageCard "[39m
        [33mrole[39m=[32m"button"[39m
        [33mtabindex[39m=[32m"0"[39m
      [36m/>[39m

      Name "View Professional portrait with thoughtful pose in full size":
      [36m<div[39m
        [33maria-label[39m=[32m"View Professional portrait with thoughtful pose in full size"[39m
        [33mclass[39m=[32m"imageCard "[39m
        [33mrole[39m=[32m"button"[39m
        [33mtabindex[39m=[32m"0"[39m
      [36m/>[39m

      Name "View Professional portrait in yellow striped shirt in full size":
      [36m<div[39m
        [33maria-label[39m=[32m"View Professional portrait in yellow striped shirt in full size"[39m
        [33mclass[39m=[32m"imageCard "[39m
        [33mrole[39m=[32m"button"[39m
        [33mtabindex[39m=[32m"0"[39m
      [36m/>[39m

      Name "View Professional portrait on phone call in full size":
      [36m<div[39m
        [33maria-label[39m=[32m"View Professional portrait on phone call in full size"[39m
        [33mclass[39m=[32m"imageCard "[39m
        [33mrole[39m=[32m"button"[39m
        [33mtabindex[39m=[32m"0"[39m
      [36m/>[39m

      Name "View Developer portrait with creative background in full size":
      [36m<div[39m
        [33maria-label[39m=[32m"View Developer portrait with creative background in full size"[39m
        [33mclass[39m=[32m"imageCard "[39m
        [33mrole[39m=[32m"button"[39m
        [33mtabindex[39m=[32m"0"[39m
      [36m/>[39m

      Name "Send Message":
      [36m<button[39m
        [33mclass[39m=[32m"submitButton "[39m
        [33mtype[39m=[32m"submit"[39m
      [36m/>[39m

      --------------------------------------------------
      textbox:

      Name "":
      [36m<input[39m
        [33mclass[39m=[32m"px-4 py-2 rounded-lg text-sm transition-all bg-white/10 text-white placeholder-white/50 focus:outline-none focus:ring-2 focus:ring-blue-500"[39m
        [33mplaceholder[39m=[32m"Search..."[39m
        [33mtype[39m=[32m"text"[39m
        [33mvalue[39m=[32m""[39m
      [36m/>[39m

      Name "Name *":
      [36m<input[39m
        [33mclass[39m=[32m"input "[39m
        [33mid[39m=[32m"name"[39m
        [33mplaceholder[39m=[32m"Your full name"[39m
        [33mrequired[39m=[32m""[39m
        [33mtype[39m=[32m"text"[39m
        [33mvalue[39m=[32m""[39m
      [36m/>[39m

      Name "Email *":
      [36m<input[39m
        [33mclass[39m=[32m"input "[39m
        [33mid[39m=[32m"email"[39m
        [33mplaceholder[39m=[32m"your.email@example.com"[39m
        [33mrequired[39m=[32m""[39m
        [33mtype[39m=[32m"email"[39m
        [33mvalue[39m=[32m""[39m
      [36m/>[39m

      Name "Subject *":
      [36m<input[39m
        [33mclass[39m=[32m"input "[39m
        [33mid[39m=[32m"subject"[39m
        [33mplaceholder[39m=[32m"What's this about?"[39m
        [33mrequired[39m=[32m""[39m
        [33mtype[39m=[32m"text"[39m
        [33mvalue[39m=[32m""[39m
      [36m/>[39m

      Name "Message *":
      [36m<textarea[39m
        [33mclass[39m=[32m"textarea "[39m
        [33mid[39m=[32m"message"[39m
        [33mplaceholder[39m=[32m"Tell me about your project or opportunity..."[39m
        [33mrequired[39m=[32m""[39m
        [33mrows[39m=[32m"6"[39m
      [36m/>[39m

      --------------------------------------------------
      main:

      Name "Netsanet Worku":
      [36m<section[39m
        [33maria-labelledby[39m=[32m"hero-title"[39m
        [33mclass[39m=[32m"pt-32 pb-20 px-4 md:px-8 bg-gradient-to-b from-gray-900 via-gray-800 to-gray-900 min-h-screen flex items-center opacity-0 "[39m
        [33mid[39m=[32m"hero"[39m
        [33mrole[39m=[32m"main"[39m
      [36m/>[39m

      --------------------------------------------------
      img:

      Name "Professional headshot of Netsanet, a full-stack developer":
      [36m<img[39m
        [33malt[39m=[32m"Professional headshot of Netsanet, a full-stack developer"[39m
        [33mclass[39m=[32m"relative w-full h-full object-cover rounded-full shadow-2xl border-4 border-blue-500/30 hover:border-blue-500/60 transition-all duration-300 animate-float"[39m
        [33mloading[39m=[32m"eager"[39m
        [33msrc[39m=[32m"./images/netsa.jpg"[39m
      [36m/>[39m

      Name "Screenshot of High School Management System project showing the main interface":
      [36m<img[39m
        [33malt[39m=[32m"Screenshot of High School Management System project showing the main interface"[39m
        [33mclass[39m=[32m"thumbnail"[39m
        [33mloading[39m=[32m"lazy"[39m
        [33msrc[39m=[32m"./images/developer-photo.jpg"[39m
      [36m/>[39m

      Name "Professional portrait in gray hoodie":
      [36m<img[39m
        [33malt[39m=[32m"Professional portrait in gray hoodie"[39m
        [33mclass[39m=[32m"image"[39m
        [33mloading[39m=[32m"lazy"[39m
        [33msrc[39m=[32m"./images/photo_2026-01-13_17-27-43.jpg"[39m
      [36m/>[39m

      Name "Professional portrait in yellow shirt":
      [36m<img[39m
        [33malt[39m=[32m"Professional portrait in yellow shirt"[39m
        [33mclass[39m=[32m"image"[39m
        [33mloading[39m=[32m"lazy"[39m
        [33msrc[39m=[32m"./images/netsa.jpg"[39m
      [36m/>[39m

      Name "Professional portrait with thoughtful pose":
      [36m<img[39m
        [33malt[39m=[32m"Professional portrait with thoughtful pose"[39m
        [33mclass[39m=[32m"image"[39m
        [33mloading[39m=[32m"lazy"[39m
        [33msrc[39m=[32m"./images/profile-1.jpg"[39m
      [36m/>[39m

      Name "Professional portrait in yellow striped shirt":
      [36m<img[39m
        [33malt[39m=[32m"Professional portrait in yellow striped shirt"[39m
        [33mclass[39m=[32m"image"[39m
        [33mloading[39m=[32m"lazy"[39m
        [33msrc[39m=[32m"./images/profile-2.jpg"[39m
      [36m/>[39m

      Name "Professional portrait on phone call":
      [36m<img[39m
        [33malt[39m=[32m"Professional portrait on phone call"[39m
        [33mclass[39m=[32m"image"[39m
        [33mloading[39m=[32m"lazy"[39m
        [33msrc[39m=[32m"./images/profile-3.jpg"[39m
      [36m/>[39m

      Name "Developer portrait with creative background":
      [36m<img[39m
        [33malt[39m=[32m"Developer portrait with creative background"[39m
        [33mclass[39m=[32m"image"[39m
        [33mloading[39m=[32m"lazy"[39m
        [33msrc[39m=[32m"./images/developer-photo.jpg"[39m
      [36m/>[39m

      --------------------------------------------------
      heading:

      Name "Hello, I'm":
      [36m<h2[39m
        [33mclass[39m=[32m"text-lg md:text-xl font-semibold text-blue-400 mb-2 animate-wave"[39m
      [36m/>[39m

      Name "Netsanet Worku":
      [36m<h1[39m
        [33mclass[39m=[32m"text-4xl md:text-6xl font-bold mb-4 animated-name glow"[39m
        [33mid[39m=[32m"hero-title"[39m
      [36m/>[39m

      Name "Computer Science Student & Web Developer":
      [36m<h2[39m
        [33mclass[39m=[32m"text-xl md:text-2xl font-semibold text-gray-300 mb-6"[39m
      [36m/>[39m

      Name "About Me":
      [36m<h2[39m
        [33mclass[39m=[32m"text-4xl font-bold text-center mb-8 animated-name glow"[39m
      [36m/>[39m

      Name "Featured Projects":
      [36m<h2[39m
        [33mclass[39m=[32m"title"[39m
        [33mid[39m=[32m"projects-title"[39m
      [36m/>[39m

      Name "Project Filters":
      [36m<h3[39m
        [33mclass[39m=[32m"sr-only"[39m
        [33mid[39m=[32m"filter-controls-label"[39m
      [36m/>[39m

      Name "High School Management System":
      [36m<h3[39m
        [33mclass[39m=[32m"title"[39m
      [36m/>[39m

      Name "Skills & Technologies":
      [36m<h2[39m
        [33mclass[39m=[32m"title"[39m
        [33mid[39m=[32m"skills-title"[39m
      [36m/>[39m

      Name "Programming Languages":
      [36m<h3[39m
        [33mclass[39m=[32m"categoryTitle"[39m
      [36m/>[39m

      Name "Frameworks & Libraries":
      [36m<h3[39m
        [33mclass[39m=[32m"categoryTitle"[39m
      [36m/>[39m

      Name "Tools & Technologies":
      [36m<h3[39m
        [33mclass[39m=[32m"categoryTitle"[39m
      [36m/>[39m

      Name "Experience & Education":
      [36m<h2[39m
        [33mclass[39m=[32m"title"[39m
        [33mid[39m=[32m"experience-title"[39m
      [36m/>[39m

      Name "Work Experience":
      [36m<h3[39m
        [33mclass[39m=[32m"sectionTitle"[39m
        [33mid[39m=[32m"work-experience-title"[39m
      [36m/>[39m

      Name "Web Development Student":
      [36m<h4[39m
        [33mclass[39m=[32m"position"[39m
      [36m/>[39m

      Name "Self-Learning & Personal Projects":
      [36m<h5[39m
        [33mclass[39m=[32m"company"[39m
      [36m/>[39m

      Name "Education":
      [36m<h3[39m
        [33mclass[39m=[32m"sectionTitle"[39m
        [33mid[39m=[32m"education-title"[39m
      [36m/>[39m

      Name "Bachelor of Science in Computer Science":
      [36m<h4[39m
        [33mclass[39m=[32m"degree"[39m
      [36m/>[39m

      Name "Madda Walabu University":
      [36m<h5[39m
        [33mclass[39m=[32m"institution"[39m
      [36m/>[39m

      Name "High School Diploma":
      [36m<h4[39m
        [33mclass[39m=[32m"degree"[39m
      [36m/>[39m

      Name "Asela Oda High School":
      [36m<h5[39m
        [33mclass[39m=[32m"institution"[39m
      [36m/>[39m

      Name "Elementary Education":
      [36m<h4[39m
        [33mclass[39m=[32m"degree"[39m
      [36m/>[39m

      Name "Tereta Elementary School":
      [36m<h5[39m
        [33mclass[39m=[32m"institution"[39m
      [36m/>[39m

      Name "Web Development":
      [36m<h4[39m
        [33mclass[39m=[32m"degree"[39m
      [36m/>[39m

      Name "Self-Taught Web Developer":
      [36m<h5[39m
        [33mclass[39m=[32m"institution"[39m
      [36m/>[39m

      Name "Certifications":
      [36m<h3[39m
        [33mclass[39m=[32m"sectionTitle"[39m
        [33mid[39m=[32m"certifications-title"[39m
      [36m/>[39m

      Name "Photo Gallery":
      [36m<h2[39m
        [33mclass[39m=[32m"title"[39m
      [36m/>[39m

      Name "Contact":
      [36m<h2 />[39m

      Name "Get In Touch":
      [36m<h3 />[39m

      --------------------------------------------------
      link:

      Name "📱":
      [36m<a[39m
        [33mclass[39m=[32m"w-10 h-10 flex items-center justify-center rounded-full bg-gray-700 hover:bg-blue-500 transition-all transform hover:scale-110"[39m
        [33mhref[39m=[32m"https://tiktok.com/@netsanet.worku"[39m
        [33mrel[39m=[32m"noopener noreferrer"[39m
        [33mtarget[39m=[32m"_blank"[39m
        [33mtitle[39m=[32m"TikTok"[39m
      [36m/>[39m

      Name "✈️":
      [36m<a[39m
        [33mclass[39m=[32m"w-10 h-10 flex items-center justify-center rounded-full bg-gray-700 hover:bg-blue-500 transition-all transform hover:scale-110"[39m
        [33mhref[39m=[32m"https://t.me/Abi_yam21"[39m
        [33mrel[39m=[32m"noopener noreferrer"[39m
        [33mtarget[39m=[32m"_blank"[39m
        [33mtitle[39m=[32m"Telegram"[39m
      [36m/>[39m

      Name "💻":
      [36m<a[39m
        [33mclass[39m=[32m"w-10 h-10 flex items-center justify-center rounded-full bg-gray-700 hover:bg-blue-500 transition-all transform hover:scale-110"[39m
        [33mhref[39m=[32m"https://github.com/NetsanetWorku"[39m
        [33mrel[39m=[32m"noopener noreferrer"[39m
        [33mtarget[39m=[32m"_blank"[39m
        [33mtitle[39m=[32m"GitHub"[39m
      [36m/>[39m

      Name "workunetsanet143@gmail.com":
      [36m<a[39m
        [33mclass[39m=[32m"contactLink"[39m
        [33mhref[39m=[32m"mailto:workunetsanet143@gmail.com"[39m
      [36m/>[39m

      Name "+251 936 116 761":
      [36m<a[39m
        [33mclass[39m=[32m"contactLink"[39m
        [33mhref[39m=[32m"tel:+251936116761"[39m
      [36m/>[39m

      Name "TikTok Profile":
      [36m<a[39m
        [33maria-label[39m=[32m"TikTok Profile"[39m
        [33mclass[39m=[32m"socialLink"[39m
        [33mhref[39m=[32m"https://tiktok.com/@netsanet.worku"[39m
        [33mrel[39m=[32m"noopener noreferrer"[39m
        [33mtarget[39m=[32m"_blank"[39m
      [36m/>[39m

      Name "YouTube Channel":
      [36m<a[39m
        [33maria-label[39m=[32m"YouTube Channel"[39m
        [33mclass[39m=[32m"socialLink"[39m
        [33mhref[39m=[32m"https://youtube.com/@Netsalove"[39m
        [33mrel[39m=[32m"noopener noreferrer"[39m
        [33mtarget[39m=[32m"_blank"[39m
      [36m/>[39m

      Name "Telegram Profile":
      [36m<a[39m
        [33maria-label[39m=[32m"Telegram Profile"[39m
        [33mclass[39m=[32m"socialLink"[39m
        [33mhref[39m=[32m"https://t.me/Abi_yam21"[39m
        [33mrel[39m=[32m"noopener noreferrer"[39m
        [33mtarget[39m=[32m"_blank"[39m
      [36m/>[39m

      Name "GitHub Profile":
      [36m<a[39m
        [33maria-label[39m=[32m"GitHub Profile"[39m
        [33mclass[39m=[32m"socialLink"[39m
        [33mhref[39m=[32m"https://github.com/netsanet"[39m
        [33mrel[39m=[32m"noopener noreferrer"[39m
        [33mtarget[39m=[32m"_blank"[39m
      [36m/>[39m

      Name "LinkedIn Profile":
      [36m<a[39m
        [33maria-label[39m=[32m"LinkedIn Profile"[39m
        [33mclass[39m=[32m"socialLink"[39m
        [33mhref[39m=[32m"https://linkedin.com/in/netsanet"[39m
        [33mrel[39m=[32m"noopener noreferrer"[39m
        [33mtarget[39m=[32m"_blank"[39m
      [36m/>[39m

      --------------------------------------------------
      region:

      Name "Featured Projects":
      [36m<section[39m
        [33maria-labelledby[39m=[32m"projects-title"[39m
        [33mclass[39m=[32m"projects"[39m
        [33mid[39m=[32m"projects"[39m
      [36m/>[39m

      Name "Skills & Technologies":
      [36m<section[39m
        [33maria-labelledby[39m=[32m"skills-title"[39m
        [33mclass[39m=[32m"skills"[39m
        [33mid[39m=[32m"skills"[39m
      [36m/>[39m

      Name "Skills organized by category":
      [36m<div[39m
        [33maria-label[39m=[32m"Skills organized by category"[39m
        [33mclass[39m=[32m"skillsGrid"[39m
        [33mrole[39m=[32m"region"[39m
      [36m/>[39m

      Name "Experience & Education":
      [36m<section[39m
        [33maria-labelledby[39m=[32m"experience-title"[39m
        [33mclass[39m=[32m"experience"[39m
        [33mid[39m=[32m"experience"[39m
      [36m/>[39m

      Name "Work Experience":
      [36m<section[39m
        [33maria-labelledby[39m=[32m"work-experience-title"[39m
        [33mclass[39m=[32m"section"[39m
      [36m/>[39m

      Name "Education":
      [36m<section[39m
        [33maria-labelledby[39m=[32m"education-title"[39m
        [33mclass[39m=[32m"section"[39m
      [36m/>[39m

      Name "Certifications":
      [36m<section[39m
        [33maria-labelledby[39m=[32m"certifications-title"[39m
        [33mclass[39m=[32m"section"[39m
      [36m/>[39m

      --------------------------------------------------
      banner:

      Name "":
      [36m<header />[39m

      Name "":
      [36m<header />[39m

      Name "":
      [36m<header />[39m

      Name "":
      [36m<header />[39m

      Name "":
      [36m<header />[39m

      Name "":
      [36m<header />[39m

      Name "":
      [36m<header />[39m

      Name "":
      [36m<header />[39m

      Name "":
      [36m<header[39m
        [33mclass[39m=[32m"itemHeader"[39m
      [36m/>[39m

      Name "":
      [36m<header />[39m

      Name "":
      [36m<header[39m
        [33mclass[39m=[32m"itemHeader"[39m
      [36m/>[39m

      Name "":
      [36m<header[39m
        [33mclass[39m=[32m"itemHeader"[39m
      [36m/>[39m

      Name "":
      [36m<header[39m
        [33mclass[39m=[32m"itemHeader"[39m
      [36m/>[39m

      Name "":
      [36m<header[39m
        [33mclass[39m=[32m"itemHeader"[39m
      [36m/>[39m

      Name "":
      [36m<header />[39m

      --------------------------------------------------
      group:

      Name "Project Filters":
      [36m<div[39m
        [33maria-labelledby[39m=[32m"filter-controls-label"[39m
        [33mclass[39m=[32m"filterControls"[39m
        [33mrole[39m=[32m"group"[39m
      [36m/>[39m

      Name "Filter projects by category":
      [36m<div[39m
        [33maria-label[39m=[32m"Filter projects by category"[39m
        [33mclass[39m=[32m"filterButtons"[39m
        [33mid[39m=[32m"filter-buttons"[39m
        [33mrole[39m=[32m"group"[39m
      [36m/>[39m

      --------------------------------------------------
      tablist:

      Name "Filter type selection":
      [36m<div[39m
        [33maria-label[39m=[32m"Filter type selection"[39m
        [33mclass[39m=[32m"filterTypeToggle"[39m
        [33mrole[39m=[32m"tablist"[39m
      [36m/>[39m

      --------------------------------------------------
      tab:

      Name "By Category":
      [36m<button[39m
        [33maria-controls[39m=[32m"filter-buttons"[39m
        [33maria-selected[39m=[32m"true"[39m
        [33mclass[39m=[32m"toggleButton active"[39m
        [33mrole[39m=[32m"tab"[39m
        [33mtype[39m=[32m"button"[39m
      [36m/>[39m

      Name "By Technology":
      [36m<button[39m
        [33maria-controls[39m=[32m"filter-buttons"[39m
        [33maria-selected[39m=[32m"false"[39m
        [33mclass[39m=[32m"toggleButton "[39m
        [33mrole[39m=[32m"tab"[39m
        [33mtype[39m=[32m"button"[39m
      [36m/>[39m

      --------------------------------------------------
      grid:

      Name "Projects showcase":
      [36m<div[39m
        [33maria-atomic[39m=[32m"false"[39m
        [33maria-label[39m=[32m"Projects showcase"[39m
        [33maria-live[39m=[32m"polite"[39m
        [33mclass[39m=[32m"projectsGrid"[39m
        [33mrole[39m=[32m"grid"[39m
      [36m/>[39m

      --------------------------------------------------
      gridcell:

      Name "Screenshot of High School Management System project showing the main interface Featured project High School Management System A comprehensive web-based management system designed for high schools to streamline administrative tasks and improve com... Technologies used Project category: Full Stack":
      [36m<div[39m
        [33mrole[39m=[32m"gridcell"[39m
      [36m/>[39m

      --------------------------------------------------
      list:

      Name "Technologies used":
      [36m<div[39m
        [33maria-label[39m=[32m"Technologies used"[39m
        [33mclass[39m=[32m"technologies"[39m
        [33mrole[39m=[32m"list"[39m
      [36m/>[39m

      Name "":
      [36m<div[39m
        [33mclass[39m=[32m"skillsList"[39m
        [33mrole[39m=[32m"list"[39m
      [36m/>[39m

      Name "":
      [36m<div[39m
        [33mclass[39m=[32m"skillsList"[39m
        [33mrole[39m=[32m"list"[39m
      [36m/>[39m

      Name "":
      [36m<div[39m
        [33mclass[39m=[32m"skillsList"[39m
        [33mrole[39m=[32m"list"[39m
      [36m/>[39m

      Name "Work experience timeline":
      [36m<div[39m
        [33maria-label[39m=[32m"Work experience timeline"[39m
        [33mclass[39m=[32m"timeline"[39m
        [33mrole[39m=[32m"list"[39m
      [36m/>[39m

      Name "Technologies used":
      [36m<div[39m
        [33maria-label[39m=[32m"Technologies used"[39m
        [33mclass[39m=[32m"technologies"[39m
        [33mrole[39m=[32m"list"[39m
      [36m/>[39m

      Name "Education timeline":
      [36m<div[39m
        [33maria-label[39m=[32m"Education timeline"[39m
        [33mclass[39m=[32m"timeline"[39m
        [33mrole[39m=[32m"list"[39m
      [36m/>[39m

      --------------------------------------------------
      listitem:

      Name "":
      [36m<span[39m
        [33mclass[39m=[32m"techTag"[39m
        [33mrole[39m=[32m"listitem"[39m
      [36m/>[39m

      Name "":
      [36m<span[39m
        [33mclass[39m=[32m"techTag"[39m
        [33mrole[39m=[32m"listitem"[39m
      [36m/>[39m

      Name "":
      [36m<span[39m
        [33mclass[39m=[32m"techTag"[39m
        [33mrole[39m=[32m"listitem"[39m
      [36m/>[39m

      Name "":
      [36m<span[39m
        [33mclass[39m=[32m"techTag"[39m
        [33mrole[39m=[32m"listitem"[39m
      [36m/>[39m

      Name "":
      [36m<div[39m
        [33mclass[39m=[32m"skillItem"[39m
        [33mrole[39m=[32m"listitem"[39m
      [36m/>[39m

      Name "":
      [36m<div[39m
        [33mclass[39m=[32m"skillItem"[39m
        [33mrole[39m=[32m"listitem"[39m
      [36m/>[39m

      Name "":
      [36m<div[39m
        [33mclass[39m=[32m"skillItem"[39m
        [33mrole[39m=[32m"listitem"[39m
      [36m/>[39m

      Name "":
      [36m<div[39m
        [33mclass[39m=[32m"skillItem"[39m
        [33mrole[39m=[32m"listitem"[39m
      [36m/>[39m

      Name "":
      [36m<div[39m
        [33mclass[39m=[32m"skillItem"[39m
        [33mrole[39m=[32m"listitem"[39m
      [36m/>[39m

      Name "":
      [36m<div[39m
        [33mclass[39m=[32m"skillItem"[39m
        [33mrole[39m=[32m"listitem"[39m
      [36m/>[39m

      Name "":
      [36m<div[39m
        [33mclass[39m=[32m"skillItem"[39m
        [33mrole[39m=[32m"listitem"[39m
      [36m/>[39m

      Name "":
      [36m<div[39m
        [33mclass[39m=[32m"skillItem"[39m
        [33mrole[39m=[32m"listitem"[39m
      [36m/>[39m

      Name "":
      [36m<div[39m
        [33mclass[39m=[32m"skillItem"[39m
        [33mrole[39m=[32m"listitem"[39m
      [36m/>[39m

      Name "":
      [36m<div[39m
        [33mclass[39m=[32m"skillItem"[39m
        [33mrole[39m=[32m"listitem"[39m
      [36m/>[39m

      Name "":
      [36m<div[39m
        [33mclass[39m=[32m"skillItem"[39m
        [33mrole[39m=[32m"listitem"[39m
      [36m/>[39m

      Name "":
      [36m<div[39m
        [33mclass[39m=[32m"skillItem"[39m
        [33mrole[39m=[32m"listitem"[39m
      [36m/>[39m

      Name "":
      [36m<article[39m
        [33mclass[39m=[32m"timelineItem"[39m
        [33mrole[39m=[32m"listitem"[39m
      [36m/>[39m

      Name "":
      [36m<span[39m
        [33mclass[39m=[32m"techTag"[39m
        [33mrole[39m=[32m"listitem"[39m
      [36m/>[39m

      Name "":
      [36m<span[39m
        [33mclass[39m=[32m"techTag"[39m
        [33mrole[39m=[32m"listitem"[39m
      [36m/>[39m

      Name "":
      [36m<span[39m
        [33mclass[39m=[32m"techTag"[39m
        [33mrole[39m=[32m"listitem"[39m
      [36m/>[39m

      Name "":
      [36m<span[39m
        [33mclass[39m=[32m"techTag"[39m
        [33mrole[39m=[32m"listitem"[39m
      [36m/>[39m

      Name "":
      [36m<span[39m
        [33mclass[39m=[32m"techTag"[39m
        [33mrole[39m=[32m"listitem"[39m
      [36m/>[39m

      Name "":
      [36m<span[39m
        [33mclass[39m=[32m"techTag"[39m
        [33mrole[39m=[32m"listitem"[39m
      [36m/>[39m

      Name "":
      [36m<span[39m
        [33mclass[39m=[32m"techTag"[39m
        [33mrole[39m=[32m"listitem"[39m
      [36m/>[39m

      Name "":
      [36m<article[39m
        [33mclass[39m=[32m"timelineItem"[39m
        [33mrole[39m=[32m"listitem"[39m
      [36m/>[39m

      Name "":
      [36m<article[39m
        [33mclass[39m=[32m"timelineItem"[39m
        [33mrole[39m=[32m"listitem"[39m
      [36m/>[39m

      Name "":
      [36m<article[39m
        [33mclass[39m=[32m"timelineItem"[39m
        [33mrole[39m=[32m"listitem"[39m
      [36m/>[39m

      Name "":
      [36m<article[39m
        [33mclass[39m=[32m"timelineItem"[39m
        [33mrole[39m=[32m"listitem"[39m
      [36m/>[39m

      --------------------------------------------------
      article:

      Name "":
      [36m<article[39m
        [33mclass[39m=[32m"skillCategory"[39m
      [36m/>[39m

      Name "":
      [36m<article[39m
        [33mclass[39m=[32m"skillCategory"[39m
      [36m/>[39m

      Name "":
      [36m<article[39m
        [33mclass[39m=[32m"skillCategory"[39m
      [36m/>[39m

      --------------------------------------------------
      progressbar:

      Name "HTML5":
      [36m<div[39m
        [33maria-labelledby[39m=[32m"skill-language-html5"[39m
        [33maria-valuemax[39m=[32m"4"[39m
        [33maria-valuemin[39m=[32m"1"[39m
        [33maria-valuenow[39m=[32m"2"[39m
        [33maria-valuetext[39m=[32m"Intermediate level (50%)"[39m
        [33mclass[39m=[32m"skillMeter"[39m
        [33mrole[39m=[32m"progressbar"[39m
      [36m/>[39m

      Name "CSS3":
      [36m<div[39m
        [33maria-labelledby[39m=[32m"skill-language-css3"[39m
        [33maria-valuemax[39m=[32m"4"[39m
        [33maria-valuemin[39m=[32m"1"[39m
        [33maria-valuenow[39m=[32m"2"[39m
        [33maria-valuetext[39m=[32m"Intermediate level (50%)"[39m
        [33mclass[39m=[32m"skillMeter"[39m
        [33mrole[39m=[32m"progressbar"[39m
      [36m/>[39m

      Name "JavaScript":
      [36m<div[39m
        [33maria-labelledby[39m=[32m"skill-language-javascript"[39m
        [33maria-valuemax[39m=[32m"4"[39m
        [33maria-valuemin[39m=[32m"1"[39m
        [33maria-valuenow[39m=[32m"2"[39m
        [33maria-valuetext[39m=[32m"Intermediate level (50%)"[39m
        [33mclass[39m=[32m"skillMeter"[39m
        [33mrole[39m=[32m"progressbar"[39m
      [36m/>[39m

      Name "TypeScript":
      [36m<div[39m
        [33maria-labelledby[39m=[32m"skill-language-typescript"[39m
        [33maria-valuemax[39m=[32m"4"[39m
        [33maria-valuemin[39m=[32m"1"[39m
        [33maria-valuenow[39m=[32m"1"[39m
        [33maria-valuetext[39m=[32m"Beginner level (25%)"[39m
        [33mclass[39m=[32m"skillMeter"[39m
        [33mrole[39m=[32m"progressbar"[39m
      [36m/>[39m

      Name "React":
      [36m<div[39m
        [33maria-labelledby[39m=[32m"skill-framework-react"[39m
        [33maria-valuemax[39m=[32m"4"[39m
        [33maria-valuemin[39m=[32m"1"[39m
        [33maria-valuenow[39m=[32m"1"[39m
        [33maria-valuetext[39m=[32m"Beginner level (25%)"[39m
        [33mclass[39m=[32m"skillMeter"[39m
        [33mrole[39m=[32m"progressbar"[39m
      [36m/>[39m

      Name "Node.js":
      [36m<div[39m
        [33maria-labelledby[39m=[32m"skill-framework-node.js"[39m
        [33maria-valuemax[39m=[32m"4"[39m
        [33maria-valuemin[39m=[32m"1"[39m
        [33maria-valuenow[39m=[32m"1"[39m
        [33maria-valuetext[39m=[32m"Beginner level (25%)"[39m
        [33mclass[39m=[32m"skillMeter"[39m
        [33mrole[39m=[32m"progressbar"[39m
      [36m/>[39m

      Name "Bootstrap":
      [36m<div[39m
        [33maria-labelledby[39m=[32m"skill-framework-bootstrap"[39m
        [33maria-valuemax[39m=[32m"4"[39m
        [33maria-valuemin[39m=[32m"1"[39m
        [33maria-valuenow[39m=[32m"1"[39m
        [33maria-valuetext[39m=[32m"Beginner level (25%)"[39m
        [33mclass[39m=[32m"skillMeter"[39m
        [33mrole[39m=[32m"progressbar"[39m
      [36m/>[39m

      Name "Sass/SCSS":
      [36m<div[39m
        [33maria-labelledby[39m=[32m"skill-tool-sass/scss"[39m
        [33maria-valuemax[39m=[32m"4"[39m
        [33maria-valuemin[39m=[32m"1"[39m
        [33maria-valuenow[39m=[32m"1"[39m
        [33maria-valuetext[39m=[32m"Beginner level (25%)"[39m
        [33mclass[39m=[32m"skillMeter"[39m
        [33mrole[39m=[32m"progressbar"[39m
      [36m/>[39m

      Name "Git":
      [36m<div[39m
        [33maria-labelledby[39m=[32m"skill-tool-git"[39m
        [33maria-valuemax[39m=[32m"4"[39m
        [33maria-valuemin[39m=[32m"1"[39m
        [33maria-valuenow[39m=[32m"1"[39m
        [33maria-valuetext[39m=[32m"Beginner level (25%)"[39m
        [33mclass[39m=[32m"skillMeter"[39m
        [33mrole[39m=[32m"progressbar"[39m
      [36m/>[39m

      Name "VS Code":
      [36m<div[39m
        [33maria-labelledby[39m=[32m"skill-tool-vs-code"[39m
        [33maria-valuemax[39m=[32m"4"[39m
        [33maria-valuemin[39m=[32m"1"[39m
        [33maria-valuenow[39m=[32m"2"[39m
        [33maria-valuetext[39m=[32m"Intermediate level (50%)"[39m
        [33mclass[39m=[32m"skillMeter"[39m
        [33mrole[39m=[32m"progressbar"[39m
      [36m/>[39m

      Name "Chrome DevTools":
      [36m<div[39m
        [33maria-labelledby[39m=[32m"skill-tool-chrome-devtools"[39m
        [33maria-valuemax[39m=[32m"4"[39m
        [33maria-valuemin[39m=[32m"1"[39m
        [33maria-valuenow[39m=[32m"2"[39m
        [33maria-valuetext[39m=[32m"Intermediate level (50%)"[39m
        [33mclass[39m=[32m"skillMeter"[39m
        [33mrole[39m=[32m"progressbar"[39m
      [36m/>[39m

      Name "Responsive Design":
      [36m<div[39m
        [33maria-labelledby[39m=[32m"skill-tool-responsive-design"[39m
        [33maria-valuemax[39m=[32m"4"[39m
        [33maria-valuemin[39m=[32m"1"[39m
        [33maria-valuenow[39m=[32m"2"[39m
        [33maria-valuetext[39m=[32m"Intermediate level (50%)"[39m
        [33mclass[39m=[32m"skillMeter"[39m
        [33mrole[39m=[32m"progressbar"[39m
      [36m/>[39m

      --------------------------------------------------

    Ignored nodes: comments, script, style
    [36m<body>[39m
      [36m<div>[39m
        [36m<div[39m
          [33mclass[39m=[32m"bg-white"[39m
        [36m>[39m
          [36m<nav[39m
            [33mclass[39m=[32m"navbar-container fixed top-0 w-full z-50 transition-all duration-300 bg-gradient-to-b from-gray-900/90 to-transparent "[39m
          [36m>[39m
            [36m<div[39m
              [33mclass[39m=[32m"max-w-7xl mx-auto px-4 sm:px-6 lg:px-8"[39m
            [36m>[39m
              [36m<div[39m
                [33mclass[39m=[32m"flex justify-between items-center h-16"[39m
              [36m>[39m
                [36m<div[39m
                  [33mclass[39m=[32m"flex-shrink-0"[39m
                [36m>[39m
                  [36m<button[39m
                    [33mclass[39m=[32m"text-2xl font-bold bg-gradient-to-r from-blue-400 via-blue-500 to-blue-600 bg-clip-text text-transparent hover:opacity-80 transition-opacity"[39m
                  [36m>[39m
                    [0mNetsanet[0m
                  [36m</button>[39m
                [36m</div>[39m
                [36m<div[39m
                  [33mclass[39m=[32m"hidden md:flex items-center gap-8"[39m
                [36m>[39m
                  [36m<button[39m
                    [33mclass[39m=[32m"px-6 py-2 rounded-md text-sm font-medium transition-all duration-200 mx-2 text-white hover:text-blue-300 hover:bg-white/10"[39m
                  [36m>[39m
                    [0mHome[0m
                  [36m</button>[39m
                  [36m<button[39m
                    [33mclass[39m=[32m"px-6 py-2 rounded-md text-sm font-medium transition-all duration-200 mx-2 text-white hover:text-blue-300 hover:bg-white/10"[39m
                  [36m>[39m
                    [0mAbout[0m
                  [36m</button>[39m
                  [36m<button[39m
                    [33mclass[39m=[32m"px-6 py-2 rounded-md text-sm font-medium transition-all duration-200 mx-2 text-white hover:text-blue-300 hover:bg-white/10"[39m
                  [36m>[39m
                    [0mProjects[0m
                  [36m</button>[39m
                  [36m<button[39m
                    [33mclass[39m=[32m"px-6 py-2 rounded-md text-sm font-medium transition-all duration-200 mx-2 text-white hover:text-blue-300 hover:bg-white/10"[39m
                  [36m>[39m
                    [0mGallery[0m
                  [36m</button>[39m
                  [36m<button[39m
                    [33mclass[39m=[32m"px-6 py-2 rounded-md text-sm font-medium transition-all duration-200 mx-2 text-white hover:text-blue-300 hover:bg-white/10"[39m
                  [36m>[39m
                    [0mContact[0m
                  [36m</button>[39m
                [36m</div>[39m
                [36m<div[39m
                  [33mclass[39m=[32m"hidden md:flex items-center space-x-4"[39m
                [36m>[39m
                  [36m<form[39m
                    [33mclass[39m=[32m"flex items-center"[39m
                  [36m>[39m
                    [36m<input[39m
                      [33mclass[39m=[32m"px-4 py-2 rounded-lg text-sm transition-all bg-white/10 text-white placeholder-white/50 focus:outline-none focus:ring-2 focus:ring-blue-500"[39m
                      [33mplaceholder[39m=[32m"Search..."[39m
                      [33mtype[39m=[32m"text"[39m
                      [33mvalue[39m=[32m""[39m
                    [36m/>[39m
                    [36m<button[39m
                      [33mclass[39m=[32m"ml-2 px-4 py-2 rounded-lg font-medium transition-all bg-blue-500 text-white hover:bg-blue-600"[39m
                      [33mtype[39m=[32m"submit"[39m
                    [36m>[39m
                      [0mSearch[0m
                    [36m</button>[39m
                  [36m</form>[39m
                [36m</div>[39m
                [36m<div[39m
                  [33mclass[39m=[32m"md:hidden flex items-center space-x-2"[39m
                [36m>[39m
                  [36m<button[39m
                    [33mclass[39m=[32m"p-2 rounded-md transition-colors text-white hover:bg-white/10"[39m
                  [36m>[39m
                    [0m🔍[0m
                  [36m</button>[39m
                  [36m<button[39m
                    [33mclass[39m=[32m"p-2 rounded-md transition-colors text-white hover:bg-white/10"[39m
                  [36m>[39m
                    [36m<svg[39m
                      [33mclass[39m=[32m"h-6 w-6"[39m
                      [33mfill[39m=[32m"none"[39m
                      [33mstroke[39m=[32m"currentColor"[39m
                      [33mviewBox[39m=[32m"0 0 24 24"[39m
                    [36m>[39m
                      [36m<path[39m
                        [33md[39m=[32m"M4 6h16M4 12h16M4 18h16"[39m
                        [33mstroke-linecap[39m=[32m"round"[39m
                        [33mstroke-linejoin[39m=[32m"round"[39m
                        [33mstroke-width[39m=[32m"2"[39m
                      [36m/>[39m
                    [36m</svg>[39m
                  [36m</button>[39m
                [36m</div>[39m
              [36m</div>[39m
            [36m</div>[39m
          [36m</nav>[39m
          [36m<section[39m
            [33maria-labelledby[39m=[32m"hero-title"[39m
            [33mclass[39m=[32m"pt-32 pb-20 px-4 md:px-8 bg-gradient-to-b from-gray-900 via-gray-800 to-gray-900 min-h-screen flex items-center opacity-0 "[39m
            [33mid[39m=[32m"hero"[39m
            [33mrole[39m=[32m"main"[39m
          [36m>[39m
            [36m<div[39m
              [33mclass[39m=[32m"max-w-6xl mx-auto w-full"[39m
            [36m>[39m
              [36m<div[39m
                [33mclass[39m=[32m"grid grid-cols-1 md:grid-cols-2 gap-12 items-center"[39m
              [36m>[39m
                [36m<div[39m
                  [33mclass[39m=[32m"flex justify-center "[39m
                [36m>[39m
                  [36m<div[39m
                    [33mclass[39m=[32m"relative w-64 h-64 md:w-80 md:h-80"[39m
                  [36m>[39m
                    [36m<div[39m
                      [33mclass[39m=[32m"absolute inset-0 bg-gradient-to-r from-blue-400 to-blue-600 rounded-full blur-3xl opacity-40"[39m
                    [36m/>[39m
                    [36m<img[39m
                      [33malt[39m=[32m"Professional headshot of Netsanet, a full-stack developer"[39m
                      [33mclass[39m=[32m"relative w-full h-full object-cover rounded-full shadow-2xl border-4 border-blue-500/30 hover:border-blue-500/60 transition-all duration-300 animate-float"[39m
                      [33mloading[39m=[32m"eager"[39m
                      [33msrc[39m=[32m"./images/netsa.jpg"[39m
                    [36m/>[39m
                  [36m</div>[39m
                [36m</div>[39m
                [36m<div[39m
                  [33mclass[39m=[32m"text-center md:text-left "[39m
                [36m>[39m
                  [36m<div[39m
                    [33mclass[39m=[32m"mb-6"[39m
                  [36m>[39m
                    [36m<h2[39m
                      [33mclass[39m=[32m"text-lg md:text-xl font-semibold text-blue-400 mb-2 animate-wave"[39m
                    [36m>[39m
                      [0mHello, I'm[0m
                    [36m</h2>[39m
                    [36m<h1[39m
         ...

      121 |     
      122 |     // Navigate to projects section first
    > 123 |     const projectsLinks = screen.getAllByRole('button', { name: /navigate to projects section/i })
          |                                  ^
      124 |     fireEvent.click(projectsLinks[0])
      125 |     
      126 |     // Check if projects are displayed

      at Object.getElementError (node_modules/@testing-library/react/node_modules/@testing-library/dom/dist/config.js:37:19)
      at node_modules/@testing-library/react/node_modules/@testing-library/dom/dist/query-helpers.js:76:38
      at node_modules/@testing-library/react/node_modules/@testing-library/dom/dist/query-helpers.js:109:15
      at Object.<anonymous> (src/App.test.tsx:123:34)

  ● Portfolio Integration Tests › contact form integration works

    TestingLibraryElementError: Unable to find an accessible element with the role "button" and name `/navigate to contact section/i`

    Here are the accessible roles:

      navigation:

      Name "":
      [36m<nav[39m
        [33mclass[39m=[32m"navbar-container fixed top-0 w-full z-50 transition-all duration-300 bg-gradient-to-b from-gray-900/90 to-transparent "[39m
      [36m/>[39m

      --------------------------------------------------
      button:

      Name "Netsanet":
      [36m<button[39m
        [33mclass[39m=[32m"text-2xl font-bold bg-gradient-to-r from-blue-400 via-blue-500 to-blue-600 bg-clip-text text-transparent hover:opacity-80 transition-opacity"[39m
      [36m/>[39m

      Name "Home":
      [36m<button[39m
        [33mclass[39m=[32m"px-6 py-2 rounded-md text-sm font-medium transition-all duration-200 mx-2 text-white hover:text-blue-300 hover:bg-white/10"[39m
      [36m/>[39m

      Name "About":
      [36m<button[39m
        [33mclass[39m=[32m"px-6 py-2 rounded-md text-sm font-medium transition-all duration-200 mx-2 text-white hover:text-blue-300 hover:bg-white/10"[39m
      [36m/>[39m

      Name "Projects":
      [36m<button[39m
        [33mclass[39m=[32m"px-6 py-2 rounded-md text-sm font-medium transition-all duration-200 mx-2 text-white hover:text-blue-300 hover:bg-white/10"[39m
      [36m/>[39m

      Name "Gallery":
      [36m<button[39m
        [33mclass[39m=[32m"px-6 py-2 rounded-md text-sm font-medium transition-all duration-200 mx-2 text-white hover:text-blue-300 hover:bg-white/10"[39m
      [36m/>[39m

      Name "Contact":
      [36m<button[39m
        [33mclass[39m=[32m"px-6 py-2 rounded-md text-sm font-medium transition-all duration-200 mx-2 text-white hover:text-blue-300 hover:bg-white/10"[39m
      [36m/>[39m

      Name "Search":
      [36m<button[39m
        [33mclass[39m=[32m"ml-2 px-4 py-2 rounded-lg font-medium transition-all bg-blue-500 text-white hover:bg-blue-600"[39m
        [33mtype[39m=[32m"submit"[39m
      [36m/>[39m

      Name "🔍":
      [36m<button[39m
        [33mclass[39m=[32m"p-2 rounded-md transition-colors text-white hover:bg-white/10"[39m
      [36m/>[39m

      Name "":
      [36m<button[39m
        [33mclass[39m=[32m"p-2 rounded-md transition-colors text-white hover:bg-white/10"[39m
      [36m/>[39m

      Name "View My Work":
      [36m<button[39m
        [33mclass[39m=[32m"px-8 py-3 bg-gradient-to-r from-blue-500 to-blue-600 text-white font-semibold rounded-lg hover:from-blue-600 hover:to-blue-700 transition-all transform hover:scale-105 hover:shadow-lg"[39m
      [36m/>[39m

      Name "Get In Touch":
      [36m<button[39m
        [33mclass[39m=[32m"px-8 py-3 border-2 border-blue-400 text-blue-400 font-semibold rounded-lg hover:bg-blue-400/10 transition-all transform hover:scale-105"[39m
      [36m/>[39m

      Name "All":
      [36m<button[39m
        [33maria-pressed[39m=[32m"true"[39m
        [33mclass[39m=[32m"filterButton active"[39m
        [33mtype[39m=[32m"button"[39m
      [36m/>[39m

      Name "Full Stack":
      [36m<button[39m
        [33maria-pressed[39m=[32m"false"[39m
        [33mclass[39m=[32m"filterButton "[39m
        [33mtype[39m=[32m"button"[39m
      [36m/>[39m

      Name "View details for High School Management System project":
      [36m<article[39m
        [33maria-label[39m=[32m"View details for High School Management System project"[39m
        [33mclass[39m=[32m"projectCard"[39m
        [33mrole[39m=[32m"button"[39m
        [33mtabindex[39m=[32m"0"[39m
      [36m/>[39m

      Name "▶ View Certifications (8)":
      [36m<button[39m
        [33maria-controls[39m=[32m"certifications-content"[39m
        [33maria-expanded[39m=[32m"false"[39m
        [33mclass[39m=[32m"toggleButton"[39m
      [36m/>[39m

      Name "View Professional portrait in gray hoodie in full size":
      [36m<div[39m
        [33maria-label[39m=[32m"View Professional portrait in gray hoodie in full size"[39m
        [33mclass[39m=[32m"imageCard "[39m
        [33mrole[39m=[32m"button"[39m
        [33mtabindex[39m=[32m"0"[39m
      [36m/>[39m

      Name "View Professional portrait in yellow shirt in full size":
      [36m<div[39m
        [33maria-label[39m=[32m"View Professional portrait in yellow shirt in full size"[39m
        [33mclass[39m=[32m"imageCard "[39m
        [33mrole[39m=[32m"button"[39m
        [33mtabindex[39m=[32m"0"[39m
      [36m/>[39m

      Name "View Professional portrait with thoughtful pose in full size":
      [36m<div[39m
        [33maria-label[39m=[32m"View Professional portrait with thoughtful pose in full size"[39m
        [33mclass[39m=[32m"imageCard "[39m
        [33mrole[39m=[32m"button"[39m
        [33mtabindex[39m=[32m"0"[39m
      [36m/>[39m

      Name "View Professional portrait in yellow striped shirt in full size":
      [36m<div[39m
        [33maria-label[39m=[32m"View Professional portrait in yellow striped shirt in full size"[39m
        [33mclass[39m=[32m"imageCard "[39m
        [33mrole[39m=[32m"button"[39m
        [33mtabindex[39m=[32m"0"[39m
      [36m/>[39m

      Name "View Professional portrait on phone call in full size":
      [36m<div[39m
        [33maria-label[39m=[32m"View Professional portrait on phone call in full size"[39m
        [33mclass[39m=[32m"imageCard "[39m
        [33mrole[39m=[32m"button"[39m
        [33mtabindex[39m=[32m"0"[39m
      [36m/>[39m

      Name "View Developer portrait with creative background in full size":
      [36m<div[39m
        [33maria-label[39m=[32m"View Developer portrait with creative background in full size"[39m
        [33mclass[39m=[32m"imageCard "[39m
        [33mrole[39m=[32m"button"[39m
        [33mtabindex[39m=[32m"0"[39m
      [36m/>[39m

      Name "Send Message":
      [36m<button[39m
        [33mclass[39m=[32m"submitButton "[39m
        [33mtype[39m=[32m"submit"[39m
      [36m/>[39m

      --------------------------------------------------
      textbox:

      Name "":
      [36m<input[39m
        [33mclass[39m=[32m"px-4 py-2 rounded-lg text-sm transition-all bg-white/10 text-white placeholder-white/50 focus:outline-none focus:ring-2 focus:ring-blue-500"[39m
        [33mplaceholder[39m=[32m"Search..."[39m
        [33mtype[39m=[32m"text"[39m
        [33mvalue[39m=[32m""[39m
      [36m/>[39m

      Name "Name *":
      [36m<input[39m
        [33mclass[39m=[32m"input "[39m
        [33mid[39m=[32m"name"[39m
        [33mplaceholder[39m=[32m"Your full name"[39m
        [33mrequired[39m=[32m""[39m
        [33mtype[39m=[32m"text"[39m
        [33mvalue[39m=[32m""[39m
      [36m/>[39m

      Name "Email *":
      [36m<input[39m
        [33mclass[39m=[32m"input "[39m
        [33mid[39m=[32m"email"[39m
        [33mplaceholder[39m=[32m"your.email@example.com"[39m
        [33mrequired[39m=[32m""[39m
        [33mtype[39m=[32m"email"[39m
        [33mvalue[39m=[32m""[39m
      [36m/>[39m

      Name "Subject *":
      [36m<input[39m
        [33mclass[39m=[32m"input "[39m
        [33mid[39m=[32m"subject"[39m
        [33mplaceholder[39m=[32m"What's this about?"[39m
        [33mrequired[39m=[32m""[39m
        [33mtype[39m=[32m"text"[39m
        [33mvalue[39m=[32m""[39m
      [36m/>[39m

      Name "Message *":
      [36m<textarea[39m
        [33mclass[39m=[32m"textarea "[39m
        [33mid[39m=[32m"message"[39m
        [33mplaceholder[39m=[32m"Tell me about your project or opportunity..."[39m
        [33mrequired[39m=[32m""[39m
        [33mrows[39m=[32m"6"[39m
      [36m/>[39m

      --------------------------------------------------
      main:

      Name "Netsanet Worku":
      [36m<section[39m
        [33maria-labelledby[39m=[32m"hero-title"[39m
        [33mclass[39m=[32m"pt-32 pb-20 px-4 md:px-8 bg-gradient-to-b from-gray-900 via-gray-800 to-gray-900 min-h-screen flex items-center opacity-0 "[39m
        [33mid[39m=[32m"hero"[39m
        [33mrole[39m=[32m"main"[39m
      [36m/>[39m

      --------------------------------------------------
      img:

      Name "Professional headshot of Netsanet, a full-stack developer":
      [36m<img[39m
        [33malt[39m=[32m"Professional headshot of Netsanet, a full-stack developer"[39m
        [33mclass[39m=[32m"relative w-full h-full object-cover rounded-full shadow-2xl border-4 border-blue-500/30 hover:border-blue-500/60 transition-all duration-300 animate-float"[39m
        [33mloading[39m=[32m"eager"[39m
        [33msrc[39m=[32m"./images/netsa.jpg"[39m
      [36m/>[39m

      Name "Screenshot of High School Management System project showing the main interface":
      [36m<img[39m
        [33malt[39m=[32m"Screenshot of High School Management System project showing the main interface"[39m
        [33mclass[39m=[32m"thumbnail"[39m
        [33mloading[39m=[32m"lazy"[39m
        [33msrc[39m=[32m"./images/developer-photo.jpg"[39m
      [36m/>[39m

      Name "Professional portrait in gray hoodie":
      [36m<img[39m
        [33malt[39m=[32m"Professional portrait in gray hoodie"[39m
        [33mclass[39m=[32m"image"[39m
        [33mloading[39m=[32m"lazy"[39m
        [33msrc[39m=[32m"./images/photo_2026-01-13_17-27-43.jpg"[39m
      [36m/>[39m

      Name "Professional portrait in yellow shirt":
      [36m<img[39m
        [33malt[39m=[32m"Professional portrait in yellow shirt"[39m
        [33mclass[39m=[32m"image"[39m
        [33mloading[39m=[32m"lazy"[39m
        [33msrc[39m=[32m"./images/netsa.jpg"[39m
      [36m/>[39m

      Name "Professional portrait with thoughtful pose":
      [36m<img[39m
        [33malt[39m=[32m"Professional portrait with thoughtful pose"[39m
        [33mclass[39m=[32m"image"[39m
        [33mloading[39m=[32m"lazy"[39m
        [33msrc[39m=[32m"./images/profile-1.jpg"[39m
      [36m/>[39m

      Name "Professional portrait in yellow striped shirt":
      [36m<img[39m
        [33malt[39m=[32m"Professional portrait in yellow striped shirt"[39m
        [33mclass[39m=[32m"image"[39m
        [33mloading[39m=[32m"lazy"[39m
        [33msrc[39m=[32m"./images/profile-2.jpg"[39m
      [36m/>[39m

      Name "Professional portrait on phone call":
      [36m<img[39m
        [33malt[39m=[32m"Professional portrait on phone call"[39m
        [33mclass[39m=[32m"image"[39m
        [33mloading[39m=[32m"lazy"[39m
        [33msrc[39m=[32m"./images/profile-3.jpg"[39m
      [36m/>[39m

      Name "Developer portrait with creative background":
      [36m<img[39m
        [33malt[39m=[32m"Developer portrait with creative background"[39m
        [33mclass[39m=[32m"image"[39m
        [33mloading[39m=[32m"lazy"[39m
        [33msrc[39m=[32m"./images/developer-photo.jpg"[39m
      [36m/>[39m

      --------------------------------------------------
      heading:

      Name "Hello, I'm":
      [36m<h2[39m
        [33mclass[39m=[32m"text-lg md:text-xl font-semibold text-blue-400 mb-2 animate-wave"[39m
      [36m/>[39m

      Name "Netsanet Worku":
      [36m<h1[39m
        [33mclass[39m=[32m"text-4xl md:text-6xl font-bold mb-4 animated-name glow"[39m
        [33mid[39m=[32m"hero-title"[39m
      [36m/>[39m

      Name "Computer Science Student & Web Developer":
      [36m<h2[39m
        [33mclass[39m=[32m"text-xl md:text-2xl font-semibold text-gray-300 mb-6"[39m
      [36m/>[39m

      Name "About Me":
      [36m<h2[39m
        [33mclass[39m=[32m"text-4xl font-bold text-center mb-8 animated-name glow"[39m
      [36m/>[39m

      Name "Featured Projects":
      [36m<h2[39m
        [33mclass[39m=[32m"title"[39m
        [33mid[39m=[32m"projects-title"[39m
      [36m/>[39m

      Name "Project Filters":
      [36m<h3[39m
        [33mclass[39m=[32m"sr-only"[39m
        [33mid[39m=[32m"filter-controls-label"[39m
      [36m/>[39m

      Name "High School Management System":
      [36m<h3[39m
        [33mclass[39m=[32m"title"[39m
      [36m/>[39m

      Name "Skills & Technologies":
      [36m<h2[39m
        [33mclass[39m=[32m"title"[39m
        [33mid[39m=[32m"skills-title"[39m
      [36m/>[39m

      Name "Programming Languages":
      [36m<h3[39m
        [33mclass[39m=[32m"categoryTitle"[39m
      [36m/>[39m

      Name "Frameworks & Libraries":
      [36m<h3[39m
        [33mclass[39m=[32m"categoryTitle"[39m
      [36m/>[39m

      Name "Tools & Technologies":
      [36m<h3[39m
        [33mclass[39m=[32m"categoryTitle"[39m
      [36m/>[39m

      Name "Experience & Education":
      [36m<h2[39m
        [33mclass[39m=[32m"title"[39m
        [33mid[39m=[32m"experience-title"[39m
      [36m/>[39m

      Name "Work Experience":
      [36m<h3[39m
        [33mclass[39m=[32m"sectionTitle"[39m
        [33mid[39m=[32m"work-experience-title"[39m
      [36m/>[39m

      Name "Web Development Student":
      [36m<h4[39m
        [33mclass[39m=[32m"position"[39m
      [36m/>[39m

      Name "Self-Learning & Personal Projects":
      [36m<h5[39m
        [33mclass[39m=[32m"company"[39m
      [36m/>[39m

      Name "Education":
      [36m<h3[39m
        [33mclass[39m=[32m"sectionTitle"[39m
        [33mid[39m=[32m"education-title"[39m
      [36m/>[39m

      Name "Bachelor of Science in Computer Science":
      [36m<h4[39m
        [33mclass[39m=[32m"degree"[39m
      [36m/>[39m

      Name "Madda Walabu University":
      [36m<h5[39m
        [33mclass[39m=[32m"institution"[39m
      [36m/>[39m

      Name "High School Diploma":
      [36m<h4[39m
        [33mclass[39m=[32m"degree"[39m
      [36m/>[39m

      Name "Asela Oda High School":
      [36m<h5[39m
        [33mclass[39m=[32m"institution"[39m
      [36m/>[39m

      Name "Elementary Education":
      [36m<h4[39m
        [33mclass[39m=[32m"degree"[39m
      [36m/>[39m

      Name "Tereta Elementary School":
      [36m<h5[39m
        [33mclass[39m=[32m"institution"[39m
      [36m/>[39m

      Name "Web Development":
      [36m<h4[39m
        [33mclass[39m=[32m"degree"[39m
      [36m/>[39m

      Name "Self-Taught Web Developer":
      [36m<h5[39m
        [33mclass[39m=[32m"institution"[39m
      [36m/>[39m

      Name "Certifications":
      [36m<h3[39m
        [33mclass[39m=[32m"sectionTitle"[39m
        [33mid[39m=[32m"certifications-title"[39m
      [36m/>[39m

      Name "Photo Gallery":
      [36m<h2[39m
        [33mclass[39m=[32m"title"[39m
      [36m/>[39m

      Name "Contact":
      [36m<h2 />[39m

      Name "Get In Touch":
      [36m<h3 />[39m

      --------------------------------------------------
      link:

      Name "📱":
      [36m<a[39m
        [33mclass[39m=[32m"w-10 h-10 flex items-center justify-center rounded-full bg-gray-700 hover:bg-blue-500 transition-all transform hover:scale-110"[39m
        [33mhref[39m=[32m"https://tiktok.com/@netsanet.worku"[39m
        [33mrel[39m=[32m"noopener noreferrer"[39m
        [33mtarget[39m=[32m"_blank"[39m
        [33mtitle[39m=[32m"TikTok"[39m
      [36m/>[39m

      Name "✈️":
      [36m<a[39m
        [33mclass[39m=[32m"w-10 h-10 flex items-center justify-center rounded-full bg-gray-700 hover:bg-blue-500 transition-all transform hover:scale-110"[39m
        [33mhref[39m=[32m"https://t.me/Abi_yam21"[39m
        [33mrel[39m=[32m"noopener noreferrer"[39m
        [33mtarget[39m=[32m"_blank"[39m
        [33mtitle[39m=[32m"Telegram"[39m
      [36m/>[39m

      Name "💻":
      [36m<a[39m
        [33mclass[39m=[32m"w-10 h-10 flex items-center justify-center rounded-full bg-gray-700 hover:bg-blue-500 transition-all transform hover:scale-110"[39m
        [33mhref[39m=[32m"https://github.com/NetsanetWorku"[39m
        [33mrel[39m=[32m"noopener noreferrer"[39m
        [33mtarget[39m=[32m"_blank"[39m
        [33mtitle[39m=[32m"GitHub"[39m
      [36m/>[39m

      Name "workunetsanet143@gmail.com":
      [36m<a[39m
        [33mclass[39m=[32m"contactLink"[39m
        [33mhref[39m=[32m"mailto:workunetsanet143@gmail.com"[39m
      [36m/>[39m

      Name "+251 936 116 761":
      [36m<a[39m
        [33mclass[39m=[32m"contactLink"[39m
        [33mhref[39m=[32m"tel:+251936116761"[39m
      [36m/>[39m

      Name "TikTok Profile":
      [36m<a[39m
        [33maria-label[39m=[32m"TikTok Profile"[39m
        [33mclass[39m=[32m"socialLink"[39m
        [33mhref[39m=[32m"https://tiktok.com/@netsanet.worku"[39m
        [33mrel[39m=[32m"noopener noreferrer"[39m
        [33mtarget[39m=[32m"_blank"[39m
      [36m/>[39m

      Name "YouTube Channel":
      [36m<a[39m
        [33maria-label[39m=[32m"YouTube Channel"[39m
        [33mclass[39m=[32m"socialLink"[39m
        [33mhref[39m=[32m"https://youtube.com/@Netsalove"[39m
        [33mrel[39m=[32m"noopener noreferrer"[39m
        [33mtarget[39m=[32m"_blank"[39m
      [36m/>[39m

      Name "Telegram Profile":
      [36m<a[39m
        [33maria-label[39m=[32m"Telegram Profile"[39m
        [33mclass[39m=[32m"socialLink"[39m
        [33mhref[39m=[32m"https://t.me/Abi_yam21"[39m
        [33mrel[39m=[32m"noopener noreferrer"[39m
        [33mtarget[39m=[32m"_blank"[39m
      [36m/>[39m

      Name "GitHub Profile":
      [36m<a[39m
        [33maria-label[39m=[32m"GitHub Profile"[39m
        [33mclass[39m=[32m"socialLink"[39m
        [33mhref[39m=[32m"https://github.com/netsanet"[39m
        [33mrel[39m=[32m"noopener noreferrer"[39m
        [33mtarget[39m=[32m"_blank"[39m
      [36m/>[39m

      Name "LinkedIn Profile":
      [36m<a[39m
        [33maria-label[39m=[32m"LinkedIn Profile"[39m
        [33mclass[39m=[32m"socialLink"[39m
        [33mhref[39m=[32m"https://linkedin.com/in/netsanet"[39m
        [33mrel[39m=[32m"noopener noreferrer"[39m
        [33mtarget[39m=[32m"_blank"[39m
      [36m/>[39m

      --------------------------------------------------
      region:

      Name "Featured Projects":
      [36m<section[39m
        [33maria-labelledby[39m=[32m"projects-title"[39m
        [33mclass[39m=[32m"projects"[39m
        [33mid[39m=[32m"projects"[39m
      [36m/>[39m

      Name "Skills & Technologies":
      [36m<section[39m
        [33maria-labelledby[39m=[32m"skills-title"[39m
        [33mclass[39m=[32m"skills"[39m
        [33mid[39m=[32m"skills"[39m
      [36m/>[39m

      Name "Skills organized by category":
      [36m<div[39m
        [33maria-label[39m=[32m"Skills organized by category"[39m
        [33mclass[39m=[32m"skillsGrid"[39m
        [33mrole[39m=[32m"region"[39m
      [36m/>[39m

      Name "Experience & Education":
      [36m<section[39m
        [33maria-labelledby[39m=[32m"experience-title"[39m
        [33mclass[39m=[32m"experience"[39m
        [33mid[39m=[32m"experience"[39m
      [36m/>[39m

      Name "Work Experience":
      [36m<section[39m
        [33maria-labelledby[39m=[32m"work-experience-title"[39m
        [33mclass[39m=[32m"section"[39m
      [36m/>[39m

      Name "Education":
      [36m<section[39m
        [33maria-labelledby[39m=[32m"education-title"[39m
        [33mclass[39m=[32m"section"[39m
      [36m/>[39m

      Name "Certifications":
      [36m<section[39m
        [33maria-labelledby[39m=[32m"certifications-title"[39m
        [33mclass[39m=[32m"section"[39m
      [36m/>[39m

      --------------------------------------------------
      banner:

      Name "":
      [36m<header />[39m

      Name "":
      [36m<header />[39m

      Name "":
      [36m<header />[39m

      Name "":
      [36m<header />[39m

      Name "":
      [36m<header />[39m

      Name "":
      [36m<header />[39m

      Name "":
      [36m<header />[39m

      Name "":
      [36m<header />[39m

      Name "":
      [36m<header[39m
        [33mclass[39m=[32m"itemHeader"[39m
      [36m/>[39m

      Name "":
      [36m<header />[39m

      Name "":
      [36m<header[39m
        [33mclass[39m=[32m"itemHeader"[39m
      [36m/>[39m

      Name "":
      [36m<header[39m
        [33mclass[39m=[32m"itemHeader"[39m
      [36m/>[39m

      Name "":
      [36m<header[39m
        [33mclass[39m=[32m"itemHeader"[39m
      [36m/>[39m

      Name "":
      [36m<header[39m
        [33mclass[39m=[32m"itemHeader"[39m
      [36m/>[39m

      Name "":
      [36m<header />[39m

      --------------------------------------------------
      group:

      Name "Project Filters":
      [36m<div[39m
        [33maria-labelledby[39m=[32m"filter-controls-label"[39m
        [33mclass[39m=[32m"filterControls"[39m
        [33mrole[39m=[32m"group"[39m
      [36m/>[39m

      Name "Filter projects by category":
      [36m<div[39m
        [33maria-label[39m=[32m"Filter projects by category"[39m
        [33mclass[39m=[32m"filterButtons"[39m
        [33mid[39m=[32m"filter-buttons"[39m
        [33mrole[39m=[32m"group"[39m
      [36m/>[39m

      --------------------------------------------------
      tablist:

      Name "Filter type selection":
      [36m<div[39m
        [33maria-label[39m=[32m"Filter type selection"[39m
        [33mclass[39m=[32m"filterTypeToggle"[39m
        [33mrole[39m=[32m"tablist"[39m
      [36m/>[39m

      --------------------------------------------------
      tab:

      Name "By Category":
      [36m<button[39m
        [33maria-controls[39m=[32m"filter-buttons"[39m
        [33maria-selected[39m=[32m"true"[39m
        [33mclass[39m=[32m"toggleButton active"[39m
        [33mrole[39m=[32m"tab"[39m
        [33mtype[39m=[32m"button"[39m
      [36m/>[39m

      Name "By Technology":
      [36m<button[39m
        [33maria-controls[39m=[32m"filter-buttons"[39m
        [33maria-selected[39m=[32m"false"[39m
        [33mclass[39m=[32m"toggleButton "[39m
        [33mrole[39m=[32m"tab"[39m
        [33mtype[39m=[32m"button"[39m
      [36m/>[39m

      --------------------------------------------------
      grid:

      Name "Projects showcase":
      [36m<div[39m
        [33maria-atomic[39m=[32m"false"[39m
        [33maria-label[39m=[32m"Projects showcase"[39m
        [33maria-live[39m=[32m"polite"[39m
        [33mclass[39m=[32m"projectsGrid"[39m
        [33mrole[39m=[32m"grid"[39m
      [36m/>[39m

      --------------------------------------------------
      gridcell:

      Name "Screenshot of High School Management System project showing the main interface Featured project High School Management System A comprehensive web-based management system designed for high schools to streamline administrative tasks and improve com... Technologies used Project category: Full Stack":
      [36m<div[39m
        [33mrole[39m=[32m"gridcell"[39m
      [36m/>[39m

      --------------------------------------------------
      list:

      Name "Technologies used":
      [36m<div[39m
        [33maria-label[39m=[32m"Technologies used"[39m
        [33mclass[39m=[32m"technologies"[39m
        [33mrole[39m=[32m"list"[39m
      [36m/>[39m

      Name "":
      [36m<div[39m
        [33mclass[39m=[32m"skillsList"[39m
        [33mrole[39m=[32m"list"[39m
      [36m/>[39m

      Name "":
      [36m<div[39m
        [33mclass[39m=[32m"skillsList"[39m
        [33mrole[39m=[32m"list"[39m
      [36m/>[39m

      Name "":
      [36m<div[39m
        [33mclass[39m=[32m"skillsList"[39m
        [33mrole[39m=[32m"list"[39m
      [36m/>[39m

      Name "Work experience timeline":
      [36m<div[39m
        [33maria-label[39m=[32m"Work experience timeline"[39m
        [33mclass[39m=[32m"timeline"[39m
        [33mrole[39m=[32m"list"[39m
      [36m/>[39m

      Name "Technologies used":
      [36m<div[39m
        [33maria-label[39m=[32m"Technologies used"[39m
        [33mclass[39m=[32m"technologies"[39m
        [33mrole[39m=[32m"list"[39m
      [36m/>[39m

      Name "Education timeline":
      [36m<div[39m
        [33maria-label[39m=[32m"Education timeline"[39m
        [33mclass[39m=[32m"timeline"[39m
        [33mrole[39m=[32m"list"[39m
      [36m/>[39m

      --------------------------------------------------
      listitem:

      Name "":
      [36m<span[39m
        [33mclass[39m=[32m"techTag"[39m
        [33mrole[39m=[32m"listitem"[39m
      [36m/>[39m

      Name "":
      [36m<span[39m
        [33mclass[39m=[32m"techTag"[39m
        [33mrole[39m=[32m"listitem"[39m
      [36m/>[39m

      Name "":
      [36m<span[39m
        [33mclass[39m=[32m"techTag"[39m
        [33mrole[39m=[32m"listitem"[39m
      [36m/>[39m

      Name "":
      [36m<span[39m
        [33mclass[39m=[32m"techTag"[39m
        [33mrole[39m=[32m"listitem"[39m
      [36m/>[39m

      Name "":
      [36m<div[39m
        [33mclass[39m=[32m"skillItem"[39m
        [33mrole[39m=[32m"listitem"[39m
      [36m/>[39m

      Name "":
      [36m<div[39m
        [33mclass[39m=[32m"skillItem"[39m
        [33mrole[39m=[32m"listitem"[39m
      [36m/>[39m

      Name "":
      [36m<div[39m
        [33mclass[39m=[32m"skillItem"[39m
        [33mrole[39m=[32m"listitem"[39m
      [36m/>[39m

      Name "":
      [36m<div[39m
        [33mclass[39m=[32m"skillItem"[39m
        [33mrole[39m=[32m"listitem"[39m
      [36m/>[39m

      Name "":
      [36m<div[39m
        [33mclass[39m=[32m"skillItem"[39m
        [33mrole[39m=[32m"listitem"[39m
      [36m/>[39m

      Name "":
      [36m<div[39m
        [33mclass[39m=[32m"skillItem"[39m
        [33mrole[39m=[32m"listitem"[39m
      [36m/>[39m

      Name "":
      [36m<div[39m
        [33mclass[39m=[32m"skillItem"[39m
        [33mrole[39m=[32m"listitem"[39m
      [36m/>[39m

      Name "":
      [36m<div[39m
        [33mclass[39m=[32m"skillItem"[39m
        [33mrole[39m=[32m"listitem"[39m
      [36m/>[39m

      Name "":
      [36m<div[39m
        [33mclass[39m=[32m"skillItem"[39m
        [33mrole[39m=[32m"listitem"[39m
      [36m/>[39m

      Name "":
      [36m<div[39m
        [33mclass[39m=[32m"skillItem"[39m
        [33mrole[39m=[32m"listitem"[39m
      [36m/>[39m

      Name "":
      [36m<div[39m
        [33mclass[39m=[32m"skillItem"[39m
        [33mrole[39m=[32m"listitem"[39m
      [36m/>[39m

      Name "":
      [36m<div[39m
        [33mclass[39m=[32m"skillItem"[39m
        [33mrole[39m=[32m"listitem"[39m
      [36m/>[39m

      Name "":
      [36m<article[39m
        [33mclass[39m=[32m"timelineItem"[39m
        [33mrole[39m=[32m"listitem"[39m
      [36m/>[39m

      Name "":
      [36m<span[39m
        [33mclass[39m=[32m"techTag"[39m
        [33mrole[39m=[32m"listitem"[39m
      [36m/>[39m

      Name "":
      [36m<span[39m
        [33mclass[39m=[32m"techTag"[39m
        [33mrole[39m=[32m"listitem"[39m
      [36m/>[39m

      Name "":
      [36m<span[39m
        [33mclass[39m=[32m"techTag"[39m
        [33mrole[39m=[32m"listitem"[39m
      [36m/>[39m

      Name "":
      [36m<span[39m
        [33mclass[39m=[32m"techTag"[39m
        [33mrole[39m=[32m"listitem"[39m
      [36m/>[39m

      Name "":
      [36m<span[39m
        [33mclass[39m=[32m"techTag"[39m
        [33mrole[39m=[32m"listitem"[39m
      [36m/>[39m

      Name "":
      [36m<span[39m
        [33mclass[39m=[32m"techTag"[39m
        [33mrole[39m=[32m"listitem"[39m
      [36m/>[39m

      Name "":
      [36m<span[39m
        [33mclass[39m=[32m"techTag"[39m
        [33mrole[39m=[32m"listitem"[39m
      [36m/>[39m

      Name "":
      [36m<article[39m
        [33mclass[39m=[32m"timelineItem"[39m
        [33mrole[39m=[32m"listitem"[39m
      [36m/>[39m

      Name "":
      [36m<article[39m
        [33mclass[39m=[32m"timelineItem"[39m
        [33mrole[39m=[32m"listitem"[39m
      [36m/>[39m

      Name "":
      [36m<article[39m
        [33mclass[39m=[32m"timelineItem"[39m
        [33mrole[39m=[32m"listitem"[39m
      [36m/>[39m

      Name "":
      [36m<article[39m
        [33mclass[39m=[32m"timelineItem"[39m
        [33mrole[39m=[32m"listitem"[39m
      [36m/>[39m

      --------------------------------------------------
      article:

      Name "":
      [36m<article[39m
        [33mclass[39m=[32m"skillCategory"[39m
      [36m/>[39m

      Name "":
      [36m<article[39m
        [33mclass[39m=[32m"skillCategory"[39m
      [36m/>[39m

      Name "":
      [36m<article[39m
        [33mclass[39m=[32m"skillCategory"[39m
      [36m/>[39m

      --------------------------------------------------
      progressbar:

      Name "HTML5":
      [36m<div[39m
        [33maria-labelledby[39m=[32m"skill-language-html5"[39m
        [33maria-valuemax[39m=[32m"4"[39m
        [33maria-valuemin[39m=[32m"1"[39m
        [33maria-valuenow[39m=[32m"2"[39m
        [33maria-valuetext[39m=[32m"Intermediate level (50%)"[39m
        [33mclass[39m=[32m"skillMeter"[39m
        [33mrole[39m=[32m"progressbar"[39m
      [36m/>[39m

      Name "CSS3":
      [36m<div[39m
        [33maria-labelledby[39m=[32m"skill-language-css3"[39m
        [33maria-valuemax[39m=[32m"4"[39m
        [33maria-valuemin[39m=[32m"1"[39m
        [33maria-valuenow[39m=[32m"2"[39m
        [33maria-valuetext[39m=[32m"Intermediate level (50%)"[39m
        [33mclass[39m=[32m"skillMeter"[39m
        [33mrole[39m=[32m"progressbar"[39m
      [36m/>[39m

      Name "JavaScript":
      [36m<div[39m
        [33maria-labelledby[39m=[32m"skill-language-javascript"[39m
        [33maria-valuemax[39m=[32m"4"[39m
        [33maria-valuemin[39m=[32m"1"[39m
        [33maria-valuenow[39m=[32m"2"[39m
        [33maria-valuetext[39m=[32m"Intermediate level (50%)"[39m
        [33mclass[39m=[32m"skillMeter"[39m
        [33mrole[39m=[32m"progressbar"[39m
      [36m/>[39m

      Name "TypeScript":
      [36m<div[39m
        [33maria-labelledby[39m=[32m"skill-language-typescript"[39m
        [33maria-valuemax[39m=[32m"4"[39m
        [33maria-valuemin[39m=[32m"1"[39m
        [33maria-valuenow[39m=[32m"1"[39m
        [33maria-valuetext[39m=[32m"Beginner level (25%)"[39m
        [33mclass[39m=[32m"skillMeter"[39m
        [33mrole[39m=[32m"progressbar"[39m
      [36m/>[39m

      Name "React":
      [36m<div[39m
        [33maria-labelledby[39m=[32m"skill-framework-react"[39m
        [33maria-valuemax[39m=[32m"4"[39m
        [33maria-valuemin[39m=[32m"1"[39m
        [33maria-valuenow[39m=[32m"1"[39m
        [33maria-valuetext[39m=[32m"Beginner level (25%)"[39m
        [33mclass[39m=[32m"skillMeter"[39m
        [33mrole[39m=[32m"progressbar"[39m
      [36m/>[39m

      Name "Node.js":
      [36m<div[39m
        [33maria-labelledby[39m=[32m"skill-framework-node.js"[39m
        [33maria-valuemax[39m=[32m"4"[39m
        [33maria-valuemin[39m=[32m"1"[39m
        [33maria-valuenow[39m=[32m"1"[39m
        [33maria-valuetext[39m=[32m"Beginner level (25%)"[39m
        [33mclass[39m=[32m"skillMeter"[39m
        [33mrole[39m=[32m"progressbar"[39m
      [36m/>[39m

      Name "Bootstrap":
      [36m<div[39m
        [33maria-labelledby[39m=[32m"skill-framework-bootstrap"[39m
        [33maria-valuemax[39m=[32m"4"[39m
        [33maria-valuemin[39m=[32m"1"[39m
        [33maria-valuenow[39m=[32m"1"[39m
        [33maria-valuetext[39m=[32m"Beginner level (25%)"[39m
        [33mclass[39m=[32m"skillMeter"[39m
        [33mrole[39m=[32m"progressbar"[39m
      [36m/>[39m

      Name "Sass/SCSS":
      [36m<div[39m
        [33maria-labelledby[39m=[32m"skill-tool-sass/scss"[39m
        [33maria-valuemax[39m=[32m"4"[39m
        [33maria-valuemin[39m=[32m"1"[39m
        [33maria-valuenow[39m=[32m"1"[39m
        [33maria-valuetext[39m=[32m"Beginner level (25%)"[39m
        [33mclass[39m=[32m"skillMeter"[39m
        [33mrole[39m=[32m"progressbar"[39m
      [36m/>[39m

      Name "Git":
      [36m<div[39m
        [33maria-labelledby[39m=[32m"skill-tool-git"[39m
        [33maria-valuemax[39m=[32m"4"[39m
        [33maria-valuemin[39m=[32m"1"[39m
        [33maria-valuenow[39m=[32m"1"[39m
        [33maria-valuetext[39m=[32m"Beginner level (25%)"[39m
        [33mclass[39m=[32m"skillMeter"[39m
        [33mrole[39m=[32m"progressbar"[39m
      [36m/>[39m

      Name "VS Code":
      [36m<div[39m
        [33maria-labelledby[39m=[32m"skill-tool-vs-code"[39m
        [33maria-valuemax[39m=[32m"4"[39m
        [33maria-valuemin[39m=[32m"1"[39m
        [33maria-valuenow[39m=[32m"2"[39m
        [33maria-valuetext[39m=[32m"Intermediate level (50%)"[39m
        [33mclass[39m=[32m"skillMeter"[39m
        [33mrole[39m=[32m"progressbar"[39m
      [36m/>[39m

      Name "Chrome DevTools":
      [36m<div[39m
        [33maria-labelledby[39m=[32m"skill-tool-chrome-devtools"[39m
        [33maria-valuemax[39m=[32m"4"[39m
        [33maria-valuemin[39m=[32m"1"[39m
        [33maria-valuenow[39m=[32m"2"[39m
        [33maria-valuetext[39m=[32m"Intermediate level (50%)"[39m
        [33mclass[39m=[32m"skillMeter"[39m
        [33mrole[39m=[32m"progressbar"[39m
      [36m/>[39m

      Name "Responsive Design":
      [36m<div[39m
        [33maria-labelledby[39m=[32m"skill-tool-responsive-design"[39m
        [33maria-valuemax[39m=[32m"4"[39m
        [33maria-valuemin[39m=[32m"1"[39m
        [33maria-valuenow[39m=[32m"2"[39m
        [33maria-valuetext[39m=[32m"Intermediate level (50%)"[39m
        [33mclass[39m=[32m"skillMeter"[39m
        [33mrole[39m=[32m"progressbar"[39m
      [36m/>[39m

      --------------------------------------------------

    Ignored nodes: comments, script, style
    [36m<body>[39m
      [36m<div>[39m
        [36m<div[39m
          [33mclass[39m=[32m"bg-white"[39m
        [36m>[39m
          [36m<nav[39m
            [33mclass[39m=[32m"navbar-container fixed top-0 w-full z-50 transition-all duration-300 bg-gradient-to-b from-gray-900/90 to-transparent "[39m
          [36m>[39m
            [36m<div[39m
              [33mclass[39m=[32m"max-w-7xl mx-auto px-4 sm:px-6 lg:px-8"[39m
            [36m>[39m
              [36m<div[39m
                [33mclass[39m=[32m"flex justify-between items-center h-16"[39m
              [36m>[39m
                [36m<div[39m
                  [33mclass[39m=[32m"flex-shrink-0"[39m
                [36m>[39m
                  [36m<button[39m
                    [33mclass[39m=[32m"text-2xl font-bold bg-gradient-to-r from-blue-400 via-blue-500 to-blue-600 bg-clip-text text-transparent hover:opacity-80 transition-opacity"[39m
                  [36m>[39m
                    [0mNetsanet[0m
                  [36m</button>[39m
                [36m</div>[39m
                [36m<div[39m
                  [33mclass[39m=[32m"hidden md:flex items-center gap-8"[39m
                [36m>[39m
                  [36m<button[39m
                    [33mclass[39m=[32m"px-6 py-2 rounded-md text-sm font-medium transition-all duration-200 mx-2 text-white hover:text-blue-300 hover:bg-white/10"[39m
                  [36m>[39m
                    [0mHome[0m
                  [36m</button>[39m
                  [36m<button[39m
                    [33mclass[39m=[32m"px-6 py-2 rounded-md text-sm font-medium transition-all duration-200 mx-2 text-white hover:text-blue-300 hover:bg-white/10"[39m
                  [36m>[39m
                    [0mAbout[0m
                  [36m</button>[39m
                  [36m<button[39m
                    [33mclass[39m=[32m"px-6 py-2 rounded-md text-sm font-medium transition-all duration-200 mx-2 text-white hover:text-blue-300 hover:bg-white/10"[39m
                  [36m>[39m
                    [0mProjects[0m
                  [36m</button>[39m
                  [36m<button[39m
                    [33mclass[39m=[32m"px-6 py-2 rounded-md text-sm font-medium transition-all duration-200 mx-2 text-white hover:text-blue-300 hover:bg-white/10"[39m
                  [36m>[39m
                    [0mGallery[0m
                  [36m</button>[39m
                  [36m<button[39m
                    [33mclass[39m=[32m"px-6 py-2 rounded-md text-sm font-medium transition-all duration-200 mx-2 text-white hover:text-blue-300 hover:bg-white/10"[39m
                  [36m>[39m
                    [0mContact[0m
                  [36m</button>[39m
                [36m</div>[39m
                [36m<div[39m
                  [33mclass[39m=[32m"hidden md:flex items-center space-x-4"[39m
                [36m>[39m
                  [36m<form[39m
                    [33mclass[39m=[32m"flex items-center"[39m
                  [36m>[39m
                    [36m<input[39m
                      [33mclass[39m=[32m"px-4 py-2 rounded-lg text-sm transition-all bg-white/10 text-white placeholder-white/50 focus:outline-none focus:ring-2 focus:ring-blue-500"[39m
                      [33mplaceholder[39m=[32m"Search..."[39m
                      [33mtype[39m=[32m"text"[39m
                      [33mvalue[39m=[32m""[39m
                    [36m/>[39m
                    [36m<button[39m
                      [33mclass[39m=[32m"ml-2 px-4 py-2 rounded-lg font-medium transition-all bg-blue-500 text-white hover:bg-blue-600"[39m
                      [33mtype[39m=[32m"submit"[39m
                    [36m>[39m
                      [0mSearch[0m
                    [36m</button>[39m
                  [36m</form>[39m
                [36m</div>[39m
                [36m<div[39m
                  [33mclass[39m=[32m"md:hidden flex items-center space-x-2"[39m
                [36m>[39m
                  [36m<button[39m
                    [33mclass[39m=[32m"p-2 rounded-md transition-colors text-white hover:bg-white/10"[39m
                  [36m>[39m
                    [0m🔍[0m
                  [36m</button>[39m
                  [36m<button[39m
                    [33mclass[39m=[32m"p-2 rounded-md transition-colors text-white hover:bg-white/10"[39m
                  [36m>[39m
                    [36m<svg[39m
                      [33mclass[39m=[32m"h-6 w-6"[39m
                      [33mfill[39m=[32m"none"[39m
                      [33mstroke[39m=[32m"currentColor"[39m
                      [33mviewBox[39m=[32m"0 0 24 24"[39m
                    [36m>[39m
                      [36m<path[39m
                        [33md[39m=[32m"M4 6h16M4 12h16M4 18h16"[39m
                        [33mstroke-linecap[39m=[32m"round"[39m
                        [33mstroke-linejoin[39m=[32m"round"[39m
                        [33mstroke-width[39m=[32m"2"[39m
                      [36m/>[39m
                    [36m</svg>[39m
                  [36m</button>[39m
                [36m</div>[39m
              [36m</div>[39m
            [36m</div>[39m
          [36m</nav>[39m
          [36m<section[39m
            [33maria-labelledby[39m=[32m"hero-title"[39m
            [33mclass[39m=[32m"pt-32 pb-20 px-4 md:px-8 bg-gradient-to-b from-gray-900 via-gray-800 to-gray-900 min-h-screen flex items-center opacity-0 "[39m
            [33mid[39m=[32m"hero"[39m
            [33mrole[39m=[32m"main"[39m
          [36m>[39m
            [36m<div[39m
              [33mclass[39m=[32m"max-w-6xl mx-auto w-full"[39m
            [36m>[39m
              [36m<div[39m
                [33mclass[39m=[32m"grid grid-cols-1 md:grid-cols-2 gap-12 items-center"[39m
              [36m>[39m
                [36m<div[39m
                  [33mclass[39m=[32m"flex justify-center "[39m
                [36m>[39m
                  [36m<div[39m
                    [33mclass[39m=[32m"relative w-64 h-64 md:w-80 md:h-80"[39m
                  [36m>[39m
                    [36m<div[39m
                      [33mclass[39m=[32m"absolute inset-0 bg-gradient-to-r from-blue-400 to-blue-600 rounded-full blur-3xl opacity-40"[39m
                    [36m/>[39m
                    [36m<img[39m
                      [33malt[39m=[32m"Professional headshot of Netsanet, a full-stack developer"[39m
                      [33mclass[39m=[32m"relative w-full h-full object-cover rounded-full shadow-2xl border-4 border-blue-500/30 hover:border-blue-500/60 transition-all duration-300 animate-float"[39m
                      [33mloading[39m=[32m"eager"[39m
                      [33msrc[39m=[32m"./images/netsa.jpg"[39m
                    [36m/>[39m
                  [36m</div>[39m
                [36m</div>[39m
                [36m<div[39m
                  [33mclass[39m=[32m"text-center md:text-left "[39m
                [36m>[39m
                  [36m<div[39m
                    [33mclass[39m=[32m"mb-6"[39m
                  [36m>[39m
                    [36m<h2[39m
                      [33mclass[39m=[32m"text-lg md:text-xl font-semibold text-blue-400 mb-2 animate-wave"[39m
                    [36m>[39m
                      [0mHello, I'm[0m
                    [36m</h2>[39m
                    [36m<h1[39m
         ...

      142 |     
      143 |     // Navigate to contact section
    > 144 |     const contactLinks = screen.getAllByRole('button', { name: /navigate to contact section/i })
          |                                 ^
      145 |     fireEvent.click(contactLinks[0])
      146 |     
      147 |     // Fill out the contact form

      at Object.getElementError (node_modules/@testing-library/react/node_modules/@testing-library/dom/dist/config.js:37:19)
      at node_modules/@testing-library/react/node_modules/@testing-library/dom/dist/query-helpers.js:76:38
      at node_modules/@testing-library/react/node_modules/@testing-library/dom/dist/query-helpers.js:109:15
      at Object.<anonymous> (src/App.test.tsx:144:33)

  ● Portfolio Integration Tests › skills section displays correctly with categories

    TestingLibraryElementError: Unable to find an accessible element with the role "button" and name `/navigate to skills section/i`

    Here are the accessible roles:

      navigation:

      Name "":
      [36m<nav[39m
        [33mclass[39m=[32m"navbar-container fixed top-0 w-full z-50 transition-all duration-300 bg-gradient-to-b from-gray-900/90 to-transparent "[39m
      [36m/>[39m

      --------------------------------------------------
      button:

      Name "Netsanet":
      [36m<button[39m
        [33mclass[39m=[32m"text-2xl font-bold bg-gradient-to-r from-blue-400 via-blue-500 to-blue-600 bg-clip-text text-transparent hover:opacity-80 transition-opacity"[39m
      [36m/>[39m

      Name "Home":
      [36m<button[39m
        [33mclass[39m=[32m"px-6 py-2 rounded-md text-sm font-medium transition-all duration-200 mx-2 text-white hover:text-blue-300 hover:bg-white/10"[39m
      [36m/>[39m

      Name "About":
      [36m<button[39m
        [33mclass[39m=[32m"px-6 py-2 rounded-md text-sm font-medium transition-all duration-200 mx-2 text-white hover:text-blue-300 hover:bg-white/10"[39m
      [36m/>[39m

      Name "Projects":
      [36m<button[39m
        [33mclass[39m=[32m"px-6 py-2 rounded-md text-sm font-medium transition-all duration-200 mx-2 text-white hover:text-blue-300 hover:bg-white/10"[39m
      [36m/>[39m

      Name "Gallery":
      [36m<button[39m
        [33mclass[39m=[32m"px-6 py-2 rounded-md text-sm font-medium transition-all duration-200 mx-2 text-white hover:text-blue-300 hover:bg-white/10"[39m
      [36m/>[39m

      Name "Contact":
      [36m<button[39m
        [33mclass[39m=[32m"px-6 py-2 rounded-md text-sm font-medium transition-all duration-200 mx-2 text-white hover:text-blue-300 hover:bg-white/10"[39m
      [36m/>[39m

      Name "Search":
      [36m<button[39m
        [33mclass[39m=[32m"ml-2 px-4 py-2 rounded-lg font-medium transition-all bg-blue-500 text-white hover:bg-blue-600"[39m
        [33mtype[39m=[32m"submit"[39m
      [36m/>[39m

      Name "🔍":
      [36m<button[39m
        [33mclass[39m=[32m"p-2 rounded-md transition-colors text-white hover:bg-white/10"[39m
      [36m/>[39m

      Name "":
      [36m<button[39m
        [33mclass[39m=[32m"p-2 rounded-md transition-colors text-white hover:bg-white/10"[39m
      [36m/>[39m

      Name "View My Work":
      [36m<button[39m
        [33mclass[39m=[32m"px-8 py-3 bg-gradient-to-r from-blue-500 to-blue-600 text-white font-semibold rounded-lg hover:from-blue-600 hover:to-blue-700 transition-all transform hover:scale-105 hover:shadow-lg"[39m
      [36m/>[39m

      Name "Get In Touch":
      [36m<button[39m
        [33mclass[39m=[32m"px-8 py-3 border-2 border-blue-400 text-blue-400 font-semibold rounded-lg hover:bg-blue-400/10 transition-all transform hover:scale-105"[39m
      [36m/>[39m

      Name "All":
      [36m<button[39m
        [33maria-pressed[39m=[32m"true"[39m
        [33mclass[39m=[32m"filterButton active"[39m
        [33mtype[39m=[32m"button"[39m
      [36m/>[39m

      Name "Full Stack":
      [36m<button[39m
        [33maria-pressed[39m=[32m"false"[39m
        [33mclass[39m=[32m"filterButton "[39m
        [33mtype[39m=[32m"button"[39m
      [36m/>[39m

      Name "View details for High School Management System project":
      [36m<article[39m
        [33maria-label[39m=[32m"View details for High School Management System project"[39m
        [33mclass[39m=[32m"projectCard"[39m
        [33mrole[39m=[32m"button"[39m
        [33mtabindex[39m=[32m"0"[39m
      [36m/>[39m

      Name "▶ View Certifications (8)":
      [36m<button[39m
        [33maria-controls[39m=[32m"certifications-content"[39m
        [33maria-expanded[39m=[32m"false"[39m
        [33mclass[39m=[32m"toggleButton"[39m
      [36m/>[39m

      Name "View Professional portrait in gray hoodie in full size":
      [36m<div[39m
        [33maria-label[39m=[32m"View Professional portrait in gray hoodie in full size"[39m
        [33mclass[39m=[32m"imageCard "[39m
        [33mrole[39m=[32m"button"[39m
        [33mtabindex[39m=[32m"0"[39m
      [36m/>[39m

      Name "View Professional portrait in yellow shirt in full size":
      [36m<div[39m
        [33maria-label[39m=[32m"View Professional portrait in yellow shirt in full size"[39m
        [33mclass[39m=[32m"imageCard "[39m
        [33mrole[39m=[32m"button"[39m
        [33mtabindex[39m=[32m"0"[39m
      [36m/>[39m

      Name "View Professional portrait with thoughtful pose in full size":
      [36m<div[39m
        [33maria-label[39m=[32m"View Professional portrait with thoughtful pose in full size"[39m
        [33mclass[39m=[32m"imageCard "[39m
        [33mrole[39m=[32m"button"[39m
        [33mtabindex[39m=[32m"0"[39m
      [36m/>[39m

      Name "View Professional portrait in yellow striped shirt in full size":
      [36m<div[39m
        [33maria-label[39m=[32m"View Professional portrait in yellow striped shirt in full size"[39m
        [33mclass[39m=[32m"imageCard "[39m
        [33mrole[39m=[32m"button"[39m
        [33mtabindex[39m=[32m"0"[39m
      [36m/>[39m

      Name "View Professional portrait on phone call in full size":
      [36m<div[39m
        [33maria-label[39m=[32m"View Professional portrait on phone call in full size"[39m
        [33mclass[39m=[32m"imageCard "[39m
        [33mrole[39m=[32m"button"[39m
        [33mtabindex[39m=[32m"0"[39m
      [36m/>[39m

      Name "View Developer portrait with creative background in full size":
      [36m<div[39m
        [33maria-label[39m=[32m"View Developer portrait with creative background in full size"[39m
        [33mclass[39m=[32m"imageCard "[39m
        [33mrole[39m=[32m"button"[39m
        [33mtabindex[39m=[32m"0"[39m
      [36m/>[39m

      Name "Send Message":
      [36m<button[39m
        [33mclass[39m=[32m"submitButton "[39m
        [33mtype[39m=[32m"submit"[39m
      [36m/>[39m

      --------------------------------------------------
      textbox:

      Name "":
      [36m<input[39m
        [33mclass[39m=[32m"px-4 py-2 rounded-lg text-sm transition-all bg-white/10 text-white placeholder-white/50 focus:outline-none focus:ring-2 focus:ring-blue-500"[39m
        [33mplaceholder[39m=[32m"Search..."[39m
        [33mtype[39m=[32m"text"[39m
        [33mvalue[39m=[32m""[39m
      [36m/>[39m

      Name "Name *":
      [36m<input[39m
        [33mclass[39m=[32m"input "[39m
        [33mid[39m=[32m"name"[39m
        [33mplaceholder[39m=[32m"Your full name"[39m
        [33mrequired[39m=[32m""[39m
        [33mtype[39m=[32m"text"[39m
        [33mvalue[39m=[32m""[39m
      [36m/>[39m

      Name "Email *":
      [36m<input[39m
        [33mclass[39m=[32m"input "[39m
        [33mid[39m=[32m"email"[39m
        [33mplaceholder[39m=[32m"your.email@example.com"[39m
        [33mrequired[39m=[32m""[39m
        [33mtype[39m=[32m"email"[39m
        [33mvalue[39m=[32m""[39m
      [36m/>[39m

      Name "Subject *":
      [36m<input[39m
        [33mclass[39m=[32m"input "[39m
        [33mid[39m=[32m"subject"[39m
        [33mplaceholder[39m=[32m"What's this about?"[39m
        [33mrequired[39m=[32m""[39m
        [33mtype[39m=[32m"text"[39m
        [33mvalue[39m=[32m""[39m
      [36m/>[39m

      Name "Message *":
      [36m<textarea[39m
        [33mclass[39m=[32m"textarea "[39m
        [33mid[39m=[32m"message"[39m
        [33mplaceholder[39m=[32m"Tell me about your project or opportunity..."[39m
        [33mrequired[39m=[32m""[39m
        [33mrows[39m=[32m"6"[39m
      [36m/>[39m

      --------------------------------------------------
      main:

      Name "Netsanet Worku":
      [36m<section[39m
        [33maria-labelledby[39m=[32m"hero-title"[39m
        [33mclass[39m=[32m"pt-32 pb-20 px-4 md:px-8 bg-gradient-to-b from-gray-900 via-gray-800 to-gray-900 min-h-screen flex items-center opacity-0 "[39m
        [33mid[39m=[32m"hero"[39m
        [33mrole[39m=[32m"main"[39m
      [36m/>[39m

      --------------------------------------------------
      img:

      Name "Professional headshot of Netsanet, a full-stack developer":
      [36m<img[39m
        [33malt[39m=[32m"Professional headshot of Netsanet, a full-stack developer"[39m
        [33mclass[39m=[32m"relative w-full h-full object-cover rounded-full shadow-2xl border-4 border-blue-500/30 hover:border-blue-500/60 transition-all duration-300 animate-float"[39m
        [33mloading[39m=[32m"eager"[39m
        [33msrc[39m=[32m"./images/netsa.jpg"[39m
      [36m/>[39m

      Name "Screenshot of High School Management System project showing the main interface":
      [36m<img[39m
        [33malt[39m=[32m"Screenshot of High School Management System project showing the main interface"[39m
        [33mclass[39m=[32m"thumbnail"[39m
        [33mloading[39m=[32m"lazy"[39m
        [33msrc[39m=[32m"./images/developer-photo.jpg"[39m
      [36m/>[39m

      Name "Professional portrait in gray hoodie":
      [36m<img[39m
        [33malt[39m=[32m"Professional portrait in gray hoodie"[39m
        [33mclass[39m=[32m"image"[39m
        [33mloading[39m=[32m"lazy"[39m
        [33msrc[39m=[32m"./images/photo_2026-01-13_17-27-43.jpg"[39m
      [36m/>[39m

      Name "Professional portrait in yellow shirt":
      [36m<img[39m
        [33malt[39m=[32m"Professional portrait in yellow shirt"[39m
        [33mclass[39m=[32m"image"[39m
        [33mloading[39m=[32m"lazy"[39m
        [33msrc[39m=[32m"./images/netsa.jpg"[39m
      [36m/>[39m

      Name "Professional portrait with thoughtful pose":
      [36m<img[39m
        [33malt[39m=[32m"Professional portrait with thoughtful pose"[39m
        [33mclass[39m=[32m"image"[39m
        [33mloading[39m=[32m"lazy"[39m
        [33msrc[39m=[32m"./images/profile-1.jpg"[39m
      [36m/>[39m

      Name "Professional portrait in yellow striped shirt":
      [36m<img[39m
        [33malt[39m=[32m"Professional portrait in yellow striped shirt"[39m
        [33mclass[39m=[32m"image"[39m
        [33mloading[39m=[32m"lazy"[39m
        [33msrc[39m=[32m"./images/profile-2.jpg"[39m
      [36m/>[39m

      Name "Professional portrait on phone call":
      [36m<img[39m
        [33malt[39m=[32m"Professional portrait on phone call"[39m
        [33mclass[39m=[32m"image"[39m
        [33mloading[39m=[32m"lazy"[39m
        [33msrc[39m=[32m"./images/profile-3.jpg"[39m
      [36m/>[39m

      Name "Developer portrait with creative background":
      [36m<img[39m
        [33malt[39m=[32m"Developer portrait with creative background"[39m
        [33mclass[39m=[32m"image"[39m
        [33mloading[39m=[32m"lazy"[39m
        [33msrc[39m=[32m"./images/developer-photo.jpg"[39m
      [36m/>[39m

      --------------------------------------------------
      heading:

      Name "Hello, I'm":
      [36m<h2[39m
        [33mclass[39m=[32m"text-lg md:text-xl font-semibold text-blue-400 mb-2 animate-wave"[39m
      [36m/>[39m

      Name "Netsanet Worku":
      [36m<h1[39m
        [33mclass[39m=[32m"text-4xl md:text-6xl font-bold mb-4 animated-name glow"[39m
        [33mid[39m=[32m"hero-title"[39m
      [36m/>[39m

      Name "Computer Science Student & Web Developer":
      [36m<h2[39m
        [33mclass[39m=[32m"text-xl md:text-2xl font-semibold text-gray-300 mb-6"[39m
      [36m/>[39m

      Name "About Me":
      [36m<h2[39m
        [33mclass[39m=[32m"text-4xl font-bold text-center mb-8 animated-name glow"[39m
      [36m/>[39m

      Name "Featured Projects":
      [36m<h2[39m
        [33mclass[39m=[32m"title"[39m
        [33mid[39m=[32m"projects-title"[39m
      [36m/>[39m

      Name "Project Filters":
      [36m<h3[39m
        [33mclass[39m=[32m"sr-only"[39m
        [33mid[39m=[32m"filter-controls-label"[39m
      [36m/>[39m

      Name "High School Management System":
      [36m<h3[39m
        [33mclass[39m=[32m"title"[39m
      [36m/>[39m

      Name "Skills & Technologies":
      [36m<h2[39m
        [33mclass[39m=[32m"title"[39m
        [33mid[39m=[32m"skills-title"[39m
      [36m/>[39m

      Name "Programming Languages":
      [36m<h3[39m
        [33mclass[39m=[32m"categoryTitle"[39m
      [36m/>[39m

      Name "Frameworks & Libraries":
      [36m<h3[39m
        [33mclass[39m=[32m"categoryTitle"[39m
      [36m/>[39m

      Name "Tools & Technologies":
      [36m<h3[39m
        [33mclass[39m=[32m"categoryTitle"[39m
      [36m/>[39m

      Name "Experience & Education":
      [36m<h2[39m
        [33mclass[39m=[32m"title"[39m
        [33mid[39m=[32m"experience-title"[39m
      [36m/>[39m

      Name "Work Experience":
      [36m<h3[39m
        [33mclass[39m=[32m"sectionTitle"[39m
        [33mid[39m=[32m"work-experience-title"[39m
      [36m/>[39m

      Name "Web Development Student":
      [36m<h4[39m
        [33mclass[39m=[32m"position"[39m
      [36m/>[39m

      Name "Self-Learning & Personal Projects":
      [36m<h5[39m
        [33mclass[39m=[32m"company"[39m
      [36m/>[39m

      Name "Education":
      [36m<h3[39m
        [33mclass[39m=[32m"sectionTitle"[39m
        [33mid[39m=[32m"education-title"[39m
      [36m/>[39m

      Name "Bachelor of Science in Computer Science":
      [36m<h4[39m
        [33mclass[39m=[32m"degree"[39m
      [36m/>[39m

      Name "Madda Walabu University":
      [36m<h5[39m
        [33mclass[39m=[32m"institution"[39m
      [36m/>[39m

      Name "High School Diploma":
      [36m<h4[39m
        [33mclass[39m=[32m"degree"[39m
      [36m/>[39m

      Name "Asela Oda High School":
      [36m<h5[39m
        [33mclass[39m=[32m"institution"[39m
      [36m/>[39m

      Name "Elementary Education":
      [36m<h4[39m
        [33mclass[39m=[32m"degree"[39m
      [36m/>[39m

      Name "Tereta Elementary School":
      [36m<h5[39m
        [33mclass[39m=[32m"institution"[39m
      [36m/>[39m

      Name "Web Development":
      [36m<h4[39m
        [33mclass[39m=[32m"degree"[39m
      [36m/>[39m

      Name "Self-Taught Web Developer":
      [36m<h5[39m
        [33mclass[39m=[32m"institution"[39m
      [36m/>[39m

      Name "Certifications":
      [36m<h3[39m
        [33mclass[39m=[32m"sectionTitle"[39m
        [33mid[39m=[32m"certifications-title"[39m
      [36m/>[39m

      Name "Photo Gallery":
      [36m<h2[39m
        [33mclass[39m=[32m"title"[39m
      [36m/>[39m

      Name "Contact":
      [36m<h2 />[39m

      Name "Get In Touch":
      [36m<h3 />[39m

      --------------------------------------------------
      link:

      Name "📱":
      [36m<a[39m
        [33mclass[39m=[32m"w-10 h-10 flex items-center justify-center rounded-full bg-gray-700 hover:bg-blue-500 transition-all transform hover:scale-110"[39m
        [33mhref[39m=[32m"https://tiktok.com/@netsanet.worku"[39m
        [33mrel[39m=[32m"noopener noreferrer"[39m
        [33mtarget[39m=[32m"_blank"[39m
        [33mtitle[39m=[32m"TikTok"[39m
      [36m/>[39m

      Name "✈️":
      [36m<a[39m
        [33mclass[39m=[32m"w-10 h-10 flex items-center justify-center rounded-full bg-gray-700 hover:bg-blue-500 transition-all transform hover:scale-110"[39m
        [33mhref[39m=[32m"https://t.me/Abi_yam21"[39m
        [33mrel[39m=[32m"noopener noreferrer"[39m
        [33mtarget[39m=[32m"_blank"[39m
        [33mtitle[39m=[32m"Telegram"[39m
      [36m/>[39m

      Name "💻":
      [36m<a[39m
        [33mclass[39m=[32m"w-10 h-10 flex items-center justify-center rounded-full bg-gray-700 hover:bg-blue-500 transition-all transform hover:scale-110"[39m
        [33mhref[39m=[32m"https://github.com/NetsanetWorku"[39m
        [33mrel[39m=[32m"noopener noreferrer"[39m
        [33mtarget[39m=[32m"_blank"[39m
        [33mtitle[39m=[32m"GitHub"[39m
      [36m/>[39m

      Name "workunetsanet143@gmail.com":
      [36m<a[39m
        [33mclass[39m=[32m"contactLink"[39m
        [33mhref[39m=[32m"mailto:workunetsanet143@gmail.com"[39m
      [36m/>[39m

      Name "+251 936 116 761":
      [36m<a[39m
        [33mclass[39m=[32m"contactLink"[39m
        [33mhref[39m=[32m"tel:+251936116761"[39m
      [36m/>[39m

      Name "TikTok Profile":
      [36m<a[39m
        [33maria-label[39m=[32m"TikTok Profile"[39m
        [33mclass[39m=[32m"socialLink"[39m
        [33mhref[39m=[32m"https://tiktok.com/@netsanet.worku"[39m
        [33mrel[39m=[32m"noopener noreferrer"[39m
        [33mtarget[39m=[32m"_blank"[39m
      [36m/>[39m

      Name "YouTube Channel":
      [36m<a[39m
        [33maria-label[39m=[32m"YouTube Channel"[39m
        [33mclass[39m=[32m"socialLink"[39m
        [33mhref[39m=[32m"https://youtube.com/@Netsalove"[39m
        [33mrel[39m=[32m"noopener noreferrer"[39m
        [33mtarget[39m=[32m"_blank"[39m
      [36m/>[39m

      Name "Telegram Profile":
      [36m<a[39m
        [33maria-label[39m=[32m"Telegram Profile"[39m
        [33mclass[39m=[32m"socialLink"[39m
        [33mhref[39m=[32m"https://t.me/Abi_yam21"[39m
        [33mrel[39m=[32m"noopener noreferrer"[39m
        [33mtarget[39m=[32m"_blank"[39m
      [36m/>[39m

      Name "GitHub Profile":
      [36m<a[39m
        [33maria-label[39m=[32m"GitHub Profile"[39m
        [33mclass[39m=[32m"socialLink"[39m
        [33mhref[39m=[32m"https://github.com/netsanet"[39m
        [33mrel[39m=[32m"noopener noreferrer"[39m
        [33mtarget[39m=[32m"_blank"[39m
      [36m/>[39m

      Name "LinkedIn Profile":
      [36m<a[39m
        [33maria-label[39m=[32m"LinkedIn Profile"[39m
        [33mclass[39m=[32m"socialLink"[39m
        [33mhref[39m=[32m"https://linkedin.com/in/netsanet"[39m
        [33mrel[39m=[32m"noopener noreferrer"[39m
        [33mtarget[39m=[32m"_blank"[39m
      [36m/>[39m

      --------------------------------------------------
      region:

      Name "Featured Projects":
      [36m<section[39m
        [33maria-labelledby[39m=[32m"projects-title"[39m
        [33mclass[39m=[32m"projects"[39m
        [33mid[39m=[32m"projects"[39m
      [36m/>[39m

      Name "Skills & Technologies":
      [36m<section[39m
        [33maria-labelledby[39m=[32m"skills-title"[39m
        [33mclass[39m=[32m"skills"[39m
        [33mid[39m=[32m"skills"[39m
      [36m/>[39m

      Name "Skills organized by category":
      [36m<div[39m
        [33maria-label[39m=[32m"Skills organized by category"[39m
        [33mclass[39m=[32m"skillsGrid"[39m
        [33mrole[39m=[32m"region"[39m
      [36m/>[39m

      Name "Experience & Education":
      [36m<section[39m
        [33maria-labelledby[39m=[32m"experience-title"[39m
        [33mclass[39m=[32m"experience"[39m
        [33mid[39m=[32m"experience"[39m
      [36m/>[39m

      Name "Work Experience":
      [36m<section[39m
        [33maria-labelledby[39m=[32m"work-experience-title"[39m
        [33mclass[39m=[32m"section"[39m
      [36m/>[39m

      Name "Education":
      [36m<section[39m
        [33maria-labelledby[39m=[32m"education-title"[39m
        [33mclass[39m=[32m"section"[39m
      [36m/>[39m

      Name "Certifications":
      [36m<section[39m
        [33maria-labelledby[39m=[32m"certifications-title"[39m
        [33mclass[39m=[32m"section"[39m
      [36m/>[39m

      --------------------------------------------------
      banner:

      Name "":
      [36m<header />[39m

      Name "":
      [36m<header />[39m

      Name "":
      [36m<header />[39m

      Name "":
      [36m<header />[39m

      Name "":
      [36m<header />[39m

      Name "":
      [36m<header />[39m

      Name "":
      [36m<header />[39m

      Name "":
      [36m<header />[39m

      Name "":
      [36m<header[39m
        [33mclass[39m=[32m"itemHeader"[39m
      [36m/>[39m

      Name "":
      [36m<header />[39m

      Name "":
      [36m<header[39m
        [33mclass[39m=[32m"itemHeader"[39m
      [36m/>[39m

      Name "":
      [36m<header[39m
        [33mclass[39m=[32m"itemHeader"[39m
      [36m/>[39m

      Name "":
      [36m<header[39m
        [33mclass[39m=[32m"itemHeader"[39m
      [36m/>[39m

      Name "":
      [36m<header[39m
        [33mclass[39m=[32m"itemHeader"[39m
      [36m/>[39m

      Name "":
      [36m<header />[39m

      --------------------------------------------------
      group:

      Name "Project Filters":
      [36m<div[39m
        [33maria-labelledby[39m=[32m"filter-controls-label"[39m
        [33mclass[39m=[32m"filterControls"[39m
        [33mrole[39m=[32m"group"[39m
      [36m/>[39m

      Name "Filter projects by category":
      [36m<div[39m
        [33maria-label[39m=[32m"Filter projects by category"[39m
        [33mclass[39m=[32m"filterButtons"[39m
        [33mid[39m=[32m"filter-buttons"[39m
        [33mrole[39m=[32m"group"[39m
      [36m/>[39m

      --------------------------------------------------
      tablist:

      Name "Filter type selection":
      [36m<div[39m
        [33maria-label[39m=[32m"Filter type selection"[39m
        [33mclass[39m=[32m"filterTypeToggle"[39m
        [33mrole[39m=[32m"tablist"[39m
      [36m/>[39m

      --------------------------------------------------
      tab:

      Name "By Category":
      [36m<button[39m
        [33maria-controls[39m=[32m"filter-buttons"[39m
        [33maria-selected[39m=[32m"true"[39m
        [33mclass[39m=[32m"toggleButton active"[39m
        [33mrole[39m=[32m"tab"[39m
        [33mtype[39m=[32m"button"[39m
      [36m/>[39m

      Name "By Technology":
      [36m<button[39m
        [33maria-controls[39m=[32m"filter-buttons"[39m
        [33maria-selected[39m=[32m"false"[39m
        [33mclass[39m=[32m"toggleButton "[39m
        [33mrole[39m=[32m"tab"[39m
        [33mtype[39m=[32m"button"[39m
      [36m/>[39m

      --------------------------------------------------
      grid:

      Name "Projects showcase":
      [36m<div[39m
        [33maria-atomic[39m=[32m"false"[39m
        [33maria-label[39m=[32m"Projects showcase"[39m
        [33maria-live[39m=[32m"polite"[39m
        [33mclass[39m=[32m"projectsGrid"[39m
        [33mrole[39m=[32m"grid"[39m
      [36m/>[39m

      --------------------------------------------------
      gridcell:

      Name "Screenshot of High School Management System project showing the main interface Featured project High School Management System A comprehensive web-based management system designed for high schools to streamline administrative tasks and improve com... Technologies used Project category: Full Stack":
      [36m<div[39m
        [33mrole[39m=[32m"gridcell"[39m
      [36m/>[39m

      --------------------------------------------------
      list:

      Name "Technologies used":
      [36m<div[39m
        [33maria-label[39m=[32m"Technologies used"[39m
        [33mclass[39m=[32m"technologies"[39m
        [33mrole[39m=[32m"list"[39m
      [36m/>[39m

      Name "":
      [36m<div[39m
        [33mclass[39m=[32m"skillsList"[39m
        [33mrole[39m=[32m"list"[39m
      [36m/>[39m

      Name "":
      [36m<div[39m
        [33mclass[39m=[32m"skillsList"[39m
        [33mrole[39m=[32m"list"[39m
      [36m/>[39m

      Name "":
      [36m<div[39m
        [33mclass[39m=[32m"skillsList"[39m
        [33mrole[39m=[32m"list"[39m
      [36m/>[39m

      Name "Work experience timeline":
      [36m<div[39m
        [33maria-label[39m=[32m"Work experience timeline"[39m
        [33mclass[39m=[32m"timeline"[39m
        [33mrole[39m=[32m"list"[39m
      [36m/>[39m

      Name "Technologies used":
      [36m<div[39m
        [33maria-label[39m=[32m"Technologies used"[39m
        [33mclass[39m=[32m"technologies"[39m
        [33mrole[39m=[32m"list"[39m
      [36m/>[39m

      Name "Education timeline":
      [36m<div[39m
        [33maria-label[39m=[32m"Education timeline"[39m
        [33mclass[39m=[32m"timeline"[39m
        [33mrole[39m=[32m"list"[39m
      [36m/>[39m

      --------------------------------------------------
      listitem:

      Name "":
      [36m<span[39m
        [33mclass[39m=[32m"techTag"[39m
        [33mrole[39m=[32m"listitem"[39m
      [36m/>[39m

      Name "":
      [36m<span[39m
        [33mclass[39m=[32m"techTag"[39m
        [33mrole[39m=[32m"listitem"[39m
      [36m/>[39m

      Name "":
      [36m<span[39m
        [33mclass[39m=[32m"techTag"[39m
        [33mrole[39m=[32m"listitem"[39m
      [36m/>[39m

      Name "":
      [36m<span[39m
        [33mclass[39m=[32m"techTag"[39m
        [33mrole[39m=[32m"listitem"[39m
      [36m/>[39m

      Name "":
      [36m<div[39m
        [33mclass[39m=[32m"skillItem"[39m
        [33mrole[39m=[32m"listitem"[39m
      [36m/>[39m

      Name "":
      [36m<div[39m
        [33mclass[39m=[32m"skillItem"[39m
        [33mrole[39m=[32m"listitem"[39m
      [36m/>[39m

      Name "":
      [36m<div[39m
        [33mclass[39m=[32m"skillItem"[39m
        [33mrole[39m=[32m"listitem"[39m
      [36m/>[39m

      Name "":
      [36m<div[39m
        [33mclass[39m=[32m"skillItem"[39m
        [33mrole[39m=[32m"listitem"[39m
      [36m/>[39m

      Name "":
      [36m<div[39m
        [33mclass[39m=[32m"skillItem"[39m
        [33mrole[39m=[32m"listitem"[39m
      [36m/>[39m

      Name "":
      [36m<div[39m
        [33mclass[39m=[32m"skillItem"[39m
        [33mrole[39m=[32m"listitem"[39m
      [36m/>[39m

      Name "":
      [36m<div[39m
        [33mclass[39m=[32m"skillItem"[39m
        [33mrole[39m=[32m"listitem"[39m
      [36m/>[39m

      Name "":
      [36m<div[39m
        [33mclass[39m=[32m"skillItem"[39m
        [33mrole[39m=[32m"listitem"[39m
      [36m/>[39m

      Name "":
      [36m<div[39m
        [33mclass[39m=[32m"skillItem"[39m
        [33mrole[39m=[32m"listitem"[39m
      [36m/>[39m

      Name "":
      [36m<div[39m
        [33mclass[39m=[32m"skillItem"[39m
        [33mrole[39m=[32m"listitem"[39m
      [36m/>[39m

      Name "":
      [36m<div[39m
        [33mclass[39m=[32m"skillItem"[39m
        [33mrole[39m=[32m"listitem"[39m
      [36m/>[39m

      Name "":
      [36m<div[39m
        [33mclass[39m=[32m"skillItem"[39m
        [33mrole[39m=[32m"listitem"[39m
      [36m/>[39m

      Name "":
      [36m<article[39m
        [33mclass[39m=[32m"timelineItem"[39m
        [33mrole[39m=[32m"listitem"[39m
      [36m/>[39m

      Name "":
      [36m<span[39m
        [33mclass[39m=[32m"techTag"[39m
        [33mrole[39m=[32m"listitem"[39m
      [36m/>[39m

      Name "":
      [36m<span[39m
        [33mclass[39m=[32m"techTag"[39m
        [33mrole[39m=[32m"listitem"[39m
      [36m/>[39m

      Name "":
      [36m<span[39m
        [33mclass[39m=[32m"techTag"[39m
        [33mrole[39m=[32m"listitem"[39m
      [36m/>[39m

      Name "":
      [36m<span[39m
        [33mclass[39m=[32m"techTag"[39m
        [33mrole[39m=[32m"listitem"[39m
      [36m/>[39m

      Name "":
      [36m<span[39m
        [33mclass[39m=[32m"techTag"[39m
        [33mrole[39m=[32m"listitem"[39m
      [36m/>[39m

      Name "":
      [36m<span[39m
        [33mclass[39m=[32m"techTag"[39m
        [33mrole[39m=[32m"listitem"[39m
      [36m/>[39m

      Name "":
      [36m<span[39m
        [33mclass[39m=[32m"techTag"[39m
        [33mrole[39m=[32m"listitem"[39m
      [36m/>[39m

      Name "":
      [36m<article[39m
        [33mclass[39m=[32m"timelineItem"[39m
        [33mrole[39m=[32m"listitem"[39m
      [36m/>[39m

      Name "":
      [36m<article[39m
        [33mclass[39m=[32m"timelineItem"[39m
        [33mrole[39m=[32m"listitem"[39m
      [36m/>[39m

      Name "":
      [36m<article[39m
        [33mclass[39m=[32m"timelineItem"[39m
        [33mrole[39m=[32m"listitem"[39m
      [36m/>[39m

      Name "":
      [36m<article[39m
        [33mclass[39m=[32m"timelineItem"[39m
        [33mrole[39m=[32m"listitem"[39m
      [36m/>[39m

      --------------------------------------------------
      article:

      Name "":
      [36m<article[39m
        [33mclass[39m=[32m"skillCategory"[39m
      [36m/>[39m

      Name "":
      [36m<article[39m
        [33mclass[39m=[32m"skillCategory"[39m
      [36m/>[39m

      Name "":
      [36m<article[39m
        [33mclass[39m=[32m"skillCategory"[39m
      [36m/>[39m

      --------------------------------------------------
      progressbar:

      Name "HTML5":
      [36m<div[39m
        [33maria-labelledby[39m=[32m"skill-language-html5"[39m
        [33maria-valuemax[39m=[32m"4"[39m
        [33maria-valuemin[39m=[32m"1"[39m
        [33maria-valuenow[39m=[32m"2"[39m
        [33maria-valuetext[39m=[32m"Intermediate level (50%)"[39m
        [33mclass[39m=[32m"skillMeter"[39m
        [33mrole[39m=[32m"progressbar"[39m
      [36m/>[39m

      Name "CSS3":
      [36m<div[39m
        [33maria-labelledby[39m=[32m"skill-language-css3"[39m
        [33maria-valuemax[39m=[32m"4"[39m
        [33maria-valuemin[39m=[32m"1"[39m
        [33maria-valuenow[39m=[32m"2"[39m
        [33maria-valuetext[39m=[32m"Intermediate level (50%)"[39m
        [33mclass[39m=[32m"skillMeter"[39m
        [33mrole[39m=[32m"progressbar"[39m
      [36m/>[39m

      Name "JavaScript":
      [36m<div[39m
        [33maria-labelledby[39m=[32m"skill-language-javascript"[39m
        [33maria-valuemax[39m=[32m"4"[39m
        [33maria-valuemin[39m=[32m"1"[39m
        [33maria-valuenow[39m=[32m"2"[39m
        [33maria-valuetext[39m=[32m"Intermediate level (50%)"[39m
        [33mclass[39m=[32m"skillMeter"[39m
        [33mrole[39m=[32m"progressbar"[39m
      [36m/>[39m

      Name "TypeScript":
      [36m<div[39m
        [33maria-labelledby[39m=[32m"skill-language-typescript"[39m
        [33maria-valuemax[39m=[32m"4"[39m
        [33maria-valuemin[39m=[32m"1"[39m
        [33maria-valuenow[39m=[32m"1"[39m
        [33maria-valuetext[39m=[32m"Beginner level (25%)"[39m
        [33mclass[39m=[32m"skillMeter"[39m
        [33mrole[39m=[32m"progressbar"[39m
      [36m/>[39m

      Name "React":
      [36m<div[39m
        [33maria-labelledby[39m=[32m"skill-framework-react"[39m
        [33maria-valuemax[39m=[32m"4"[39m
        [33maria-valuemin[39m=[32m"1"[39m
        [33maria-valuenow[39m=[32m"1"[39m
        [33maria-valuetext[39m=[32m"Beginner level (25%)"[39m
        [33mclass[39m=[32m"skillMeter"[39m
        [33mrole[39m=[32m"progressbar"[39m
      [36m/>[39m

      Name "Node.js":
      [36m<div[39m
        [33maria-labelledby[39m=[32m"skill-framework-node.js"[39m
        [33maria-valuemax[39m=[32m"4"[39m
        [33maria-valuemin[39m=[32m"1"[39m
        [33maria-valuenow[39m=[32m"1"[39m
        [33maria-valuetext[39m=[32m"Beginner level (25%)"[39m
        [33mclass[39m=[32m"skillMeter"[39m
        [33mrole[39m=[32m"progressbar"[39m
      [36m/>[39m

      Name "Bootstrap":
      [36m<div[39m
        [33maria-labelledby[39m=[32m"skill-framework-bootstrap"[39m
        [33maria-valuemax[39m=[32m"4"[39m
        [33maria-valuemin[39m=[32m"1"[39m
        [33maria-valuenow[39m=[32m"1"[39m
        [33maria-valuetext[39m=[32m"Beginner level (25%)"[39m
        [33mclass[39m=[32m"skillMeter"[39m
        [33mrole[39m=[32m"progressbar"[39m
      [36m/>[39m

      Name "Sass/SCSS":
      [36m<div[39m
        [33maria-labelledby[39m=[32m"skill-tool-sass/scss"[39m
        [33maria-valuemax[39m=[32m"4"[39m
        [33maria-valuemin[39m=[32m"1"[39m
        [33maria-valuenow[39m=[32m"1"[39m
        [33maria-valuetext[39m=[32m"Beginner level (25%)"[39m
        [33mclass[39m=[32m"skillMeter"[39m
        [33mrole[39m=[32m"progressbar"[39m
      [36m/>[39m

      Name "Git":
      [36m<div[39m
        [33maria-labelledby[39m=[32m"skill-tool-git"[39m
        [33maria-valuemax[39m=[32m"4"[39m
        [33maria-valuemin[39m=[32m"1"[39m
        [33maria-valuenow[39m=[32m"1"[39m
        [33maria-valuetext[39m=[32m"Beginner level (25%)"[39m
        [33mclass[39m=[32m"skillMeter"[39m
        [33mrole[39m=[32m"progressbar"[39m
      [36m/>[39m

      Name "VS Code":
      [36m<div[39m
        [33maria-labelledby[39m=[32m"skill-tool-vs-code"[39m
        [33maria-valuemax[39m=[32m"4"[39m
        [33maria-valuemin[39m=[32m"1"[39m
        [33maria-valuenow[39m=[32m"2"[39m
        [33maria-valuetext[39m=[32m"Intermediate level (50%)"[39m
        [33mclass[39m=[32m"skillMeter"[39m
        [33mrole[39m=[32m"progressbar"[39m
      [36m/>[39m

      Name "Chrome DevTools":
      [36m<div[39m
        [33maria-labelledby[39m=[32m"skill-tool-chrome-devtools"[39m
        [33maria-valuemax[39m=[32m"4"[39m
        [33maria-valuemin[39m=[32m"1"[39m
        [33maria-valuenow[39m=[32m"2"[39m
        [33maria-valuetext[39m=[32m"Intermediate level (50%)"[39m
        [33mclass[39m=[32m"skillMeter"[39m
        [33mrole[39m=[32m"progressbar"[39m
      [36m/>[39m

      Name "Responsive Design":
      [36m<div[39m
        [33maria-labelledby[39m=[32m"skill-tool-responsive-design"[39m
        [33maria-valuemax[39m=[32m"4"[39m
        [33maria-valuemin[39m=[32m"1"[39m
        [33maria-valuenow[39m=[32m"2"[39m
        [33maria-valuetext[39m=[32m"Intermediate level (50%)"[39m
        [33mclass[39m=[32m"skillMeter"[39m
        [33mrole[39m=[32m"progressbar"[39m
      [36m/>[39m

      --------------------------------------------------

    Ignored nodes: comments, script, style
    [36m<body>[39m
      [36m<div>[39m
        [36m<div[39m
          [33mclass[39m=[32m"bg-white"[39m
        [36m>[39m
          [36m<nav[39m
            [33mclass[39m=[32m"navbar-container fixed top-0 w-full z-50 transition-all duration-300 bg-gradient-to-b from-gray-900/90 to-transparent "[39m
          [36m>[39m
            [36m<div[39m
              [33mclass[39m=[32m"max-w-7xl mx-auto px-4 sm:px-6 lg:px-8"[39m
            [36m>[39m
              [36m<div[39m
                [33mclass[39m=[32m"flex justify-between items-center h-16"[39m
              [36m>[39m
                [36m<div[39m
                  [33mclass[39m=[32m"flex-shrink-0"[39m
                [36m>[39m
                  [36m<button[39m
                    [33mclass[39m=[32m"text-2xl font-bold bg-gradient-to-r from-blue-400 via-blue-500 to-blue-600 bg-clip-text text-transparent hover:opacity-80 transition-opacity"[39m
                  [36m>[39m
                    [0mNetsanet[0m
                  [36m</button>[39m
                [36m</div>[39m
                [36m<div[39m
                  [33mclass[39m=[32m"hidden md:flex items-center gap-8"[39m
                [36m>[39m
                  [36m<button[39m
                    [33mclass[39m=[32m"px-6 py-2 rounded-md text-sm font-medium transition-all duration-200 mx-2 text-white hover:text-blue-300 hover:bg-white/10"[39m
                  [36m>[39m
                    [0mHome[0m
                  [36m</button>[39m
                  [36m<button[39m
                    [33mclass[39m=[32m"px-6 py-2 rounded-md text-sm font-medium transition-all duration-200 mx-2 text-white hover:text-blue-300 hover:bg-white/10"[39m
                  [36m>[39m
                    [0mAbout[0m
                  [36m</button>[39m
                  [36m<button[39m
                    [33mclass[39m=[32m"px-6 py-2 rounded-md text-sm font-medium transition-all duration-200 mx-2 text-white hover:text-blue-300 hover:bg-white/10"[39m
                  [36m>[39m
                    [0mProjects[0m
                  [36m</button>[39m
                  [36m<button[39m
                    [33mclass[39m=[32m"px-6 py-2 rounded-md text-sm font-medium transition-all duration-200 mx-2 text-white hover:text-blue-300 hover:bg-white/10"[39m
                  [36m>[39m
                    [0mGallery[0m
                  [36m</button>[39m
                  [36m<button[39m
                    [33mclass[39m=[32m"px-6 py-2 rounded-md text-sm font-medium transition-all duration-200 mx-2 text-white hover:text-blue-300 hover:bg-white/10"[39m
                  [36m>[39m
                    [0mContact[0m
                  [36m</button>[39m
                [36m</div>[39m
                [36m<div[39m
                  [33mclass[39m=[32m"hidden md:flex items-center space-x-4"[39m
                [36m>[39m
                  [36m<form[39m
                    [33mclass[39m=[32m"flex items-center"[39m
                  [36m>[39m
                    [36m<input[39m
                      [33mclass[39m=[32m"px-4 py-2 rounded-lg text-sm transition-all bg-white/10 text-white placeholder-white/50 focus:outline-none focus:ring-2 focus:ring-blue-500"[39m
                      [33mplaceholder[39m=[32m"Search..."[39m
                      [33mtype[39m=[32m"text"[39m
                      [33mvalue[39m=[32m""[39m
                    [36m/>[39m
                    [36m<button[39m
                      [33mclass[39m=[32m"ml-2 px-4 py-2 rounded-lg font-medium transition-all bg-blue-500 text-white hover:bg-blue-600"[39m
                      [33mtype[39m=[32m"submit"[39m
                    [36m>[39m
                      [0mSearch[0m
                    [36m</button>[39m
                  [36m</form>[39m
                [36m</div>[39m
                [36m<div[39m
                  [33mclass[39m=[32m"md:hidden flex items-center space-x-2"[39m
                [36m>[39m
                  [36m<button[39m
                    [33mclass[39m=[32m"p-2 rounded-md transition-colors text-white hover:bg-white/10"[39m
                  [36m>[39m
                    [0m🔍[0m
                  [36m</button>[39m
                  [36m<button[39m
                    [33mclass[39m=[32m"p-2 rounded-md transition-colors text-white hover:bg-white/10"[39m
                  [36m>[39m
                    [36m<svg[39m
                      [33mclass[39m=[32m"h-6 w-6"[39m
                      [33mfill[39m=[32m"none"[39m
                      [33mstroke[39m=[32m"currentColor"[39m
                      [33mviewBox[39m=[32m"0 0 24 24"[39m
                    [36m>[39m
                      [36m<path[39m
                        [33md[39m=[32m"M4 6h16M4 12h16M4 18h16"[39m
                        [33mstroke-linecap[39m=[32m"round"[39m
                        [33mstroke-linejoin[39m=[32m"round"[39m
                        [33mstroke-width[39m=[32m"2"[39m
                      [36m/>[39m
                    [36m</svg>[39m
                  [36m</button>[39m
                [36m</div>[39m
              [36m</div>[39m
            [36m</div>[39m
          [36m</nav>[39m
          [36m<section[39m
            [33maria-labelledby[39m=[32m"hero-title"[39m
            [33mclass[39m=[32m"pt-32 pb-20 px-4 md:px-8 bg-gradient-to-b from-gray-900 via-gray-800 to-gray-900 min-h-screen flex items-center opacity-0 "[39m
            [33mid[39m=[32m"hero"[39m
            [33mrole[39m=[32m"main"[39m
          [36m>[39m
            [36m<div[39m
              [33mclass[39m=[32m"max-w-6xl mx-auto w-full"[39m
            [36m>[39m
              [36m<div[39m
                [33mclass[39m=[32m"grid grid-cols-1 md:grid-cols-2 gap-12 items-center"[39m
              [36m>[39m
                [36m<div[39m
                  [33mclass[39m=[32m"flex justify-center "[39m
                [36m>[39m
                  [36m<div[39m
                    [33mclass[39m=[32m"relative w-64 h-64 md:w-80 md:h-80"[39m
                  [36m>[39m
                    [36m<div[39m
                      [33mclass[39m=[32m"absolute inset-0 bg-gradient-to-r from-blue-400 to-blue-600 rounded-full blur-3xl opacity-40"[39m
                    [36m/>[39m
                    [36m<img[39m
                      [33malt[39m=[32m"Professional headshot of Netsanet, a full-stack developer"[39m
                      [33mclass[39m=[32m"relative w-full h-full object-cover rounded-full shadow-2xl border-4 border-blue-500/30 hover:border-blue-500/60 transition-all duration-300 animate-float"[39m
                      [33mloading[39m=[32m"eager"[39m
                      [33msrc[39m=[32m"./images/netsa.jpg"[39m
                    [36m/>[39m
                  [36m</div>[39m
                [36m</div>[39m
                [36m<div[39m
                  [33mclass[39m=[32m"text-center md:text-left "[39m
                [36m>[39m
                  [36m<div[39m
                    [33mclass[39m=[32m"mb-6"[39m
                  [36m>[39m
                    [36m<h2[39m
                      [33mclass[39m=[32m"text-lg md:text-xl font-semibold text-blue-400 mb-2 animate-wave"[39m
                    [36m>[39m
                      [0mHello, I'm[0m
                    [36m</h2>[39m
                    [36m<h1[39m
         ...

      173 |     
      174 |     // Navigate to skills section
    > 175 |     const skillsLinks = screen.getAllByRole('button', { name: /navigate to skills section/i })
          |                                ^
      176 |     fireEvent.click(skillsLinks[0])
      177 |     
      178 |     // Check if skills section is present

      at Object.getElementError (node_modules/@testing-library/react/node_modules/@testing-library/dom/dist/config.js:37:19)
      at node_modules/@testing-library/react/node_modules/@testing-library/dom/dist/query-helpers.js:76:38
      at node_modules/@testing-library/react/node_modules/@testing-library/dom/dist/query-helpers.js:109:15
      at Object.<anonymous> (src/App.test.tsx:175:32)

  ● Portfolio Integration Tests › experience section displays timeline correctly

    TestingLibraryElementError: Unable to find an accessible element with the role "button" and name `/navigate to experience section/i`

    Here are the accessible roles:

      navigation:

      Name "":
      [36m<nav[39m
        [33mclass[39m=[32m"navbar-container fixed top-0 w-full z-50 transition-all duration-300 bg-gradient-to-b from-gray-900/90 to-transparent "[39m
      [36m/>[39m

      --------------------------------------------------
      button:

      Name "Netsanet":
      [36m<button[39m
        [33mclass[39m=[32m"text-2xl font-bold bg-gradient-to-r from-blue-400 via-blue-500 to-blue-600 bg-clip-text text-transparent hover:opacity-80 transition-opacity"[39m
      [36m/>[39m

      Name "Home":
      [36m<button[39m
        [33mclass[39m=[32m"px-6 py-2 rounded-md text-sm font-medium transition-all duration-200 mx-2 text-white hover:text-blue-300 hover:bg-white/10"[39m
      [36m/>[39m

      Name "About":
      [36m<button[39m
        [33mclass[39m=[32m"px-6 py-2 rounded-md text-sm font-medium transition-all duration-200 mx-2 text-white hover:text-blue-300 hover:bg-white/10"[39m
      [36m/>[39m

      Name "Projects":
      [36m<button[39m
        [33mclass[39m=[32m"px-6 py-2 rounded-md text-sm font-medium transition-all duration-200 mx-2 text-white hover:text-blue-300 hover:bg-white/10"[39m
      [36m/>[39m

      Name "Gallery":
      [36m<button[39m
        [33mclass[39m=[32m"px-6 py-2 rounded-md text-sm font-medium transition-all duration-200 mx-2 text-white hover:text-blue-300 hover:bg-white/10"[39m
      [36m/>[39m

      Name "Contact":
      [36m<button[39m
        [33mclass[39m=[32m"px-6 py-2 rounded-md text-sm font-medium transition-all duration-200 mx-2 text-white hover:text-blue-300 hover:bg-white/10"[39m
      [36m/>[39m

      Name "Search":
      [36m<button[39m
        [33mclass[39m=[32m"ml-2 px-4 py-2 rounded-lg font-medium transition-all bg-blue-500 text-white hover:bg-blue-600"[39m
        [33mtype[39m=[32m"submit"[39m
      [36m/>[39m

      Name "🔍":
      [36m<button[39m
        [33mclass[39m=[32m"p-2 rounded-md transition-colors text-white hover:bg-white/10"[39m
      [36m/>[39m

      Name "":
      [36m<button[39m
        [33mclass[39m=[32m"p-2 rounded-md transition-colors text-white hover:bg-white/10"[39m
      [36m/>[39m

      Name "View My Work":
      [36m<button[39m
        [33mclass[39m=[32m"px-8 py-3 bg-gradient-to-r from-blue-500 to-blue-600 text-white font-semibold rounded-lg hover:from-blue-600 hover:to-blue-700 transition-all transform hover:scale-105 hover:shadow-lg"[39m
      [36m/>[39m

      Name "Get In Touch":
      [36m<button[39m
        [33mclass[39m=[32m"px-8 py-3 border-2 border-blue-400 text-blue-400 font-semibold rounded-lg hover:bg-blue-400/10 transition-all transform hover:scale-105"[39m
      [36m/>[39m

      Name "All":
      [36m<button[39m
        [33maria-pressed[39m=[32m"true"[39m
        [33mclass[39m=[32m"filterButton active"[39m
        [33mtype[39m=[32m"button"[39m
      [36m/>[39m

      Name "Full Stack":
      [36m<button[39m
        [33maria-pressed[39m=[32m"false"[39m
        [33mclass[39m=[32m"filterButton "[39m
        [33mtype[39m=[32m"button"[39m
      [36m/>[39m

      Name "View details for High School Management System project":
      [36m<article[39m
        [33maria-label[39m=[32m"View details for High School Management System project"[39m
        [33mclass[39m=[32m"projectCard"[39m
        [33mrole[39m=[32m"button"[39m
        [33mtabindex[39m=[32m"0"[39m
      [36m/>[39m

      Name "▶ View Certifications (8)":
      [36m<button[39m
        [33maria-controls[39m=[32m"certifications-content"[39m
        [33maria-expanded[39m=[32m"false"[39m
        [33mclass[39m=[32m"toggleButton"[39m
      [36m/>[39m

      Name "View Professional portrait in gray hoodie in full size":
      [36m<div[39m
        [33maria-label[39m=[32m"View Professional portrait in gray hoodie in full size"[39m
        [33mclass[39m=[32m"imageCard "[39m
        [33mrole[39m=[32m"button"[39m
        [33mtabindex[39m=[32m"0"[39m
      [36m/>[39m

      Name "View Professional portrait in yellow shirt in full size":
      [36m<div[39m
        [33maria-label[39m=[32m"View Professional portrait in yellow shirt in full size"[39m
        [33mclass[39m=[32m"imageCard "[39m
        [33mrole[39m=[32m"button"[39m
        [33mtabindex[39m=[32m"0"[39m
      [36m/>[39m

      Name "View Professional portrait with thoughtful pose in full size":
      [36m<div[39m
        [33maria-label[39m=[32m"View Professional portrait with thoughtful pose in full size"[39m
        [33mclass[39m=[32m"imageCard "[39m
        [33mrole[39m=[32m"button"[39m
        [33mtabindex[39m=[32m"0"[39m
      [36m/>[39m

      Name "View Professional portrait in yellow striped shirt in full size":
      [36m<div[39m
        [33maria-label[39m=[32m"View Professional portrait in yellow striped shirt in full size"[39m
        [33mclass[39m=[32m"imageCard "[39m
        [33mrole[39m=[32m"button"[39m
        [33mtabindex[39m=[32m"0"[39m
      [36m/>[39m

      Name "View Professional portrait on phone call in full size":
      [36m<div[39m
        [33maria-label[39m=[32m"View Professional portrait on phone call in full size"[39m
        [33mclass[39m=[32m"imageCard "[39m
        [33mrole[39m=[32m"button"[39m
        [33mtabindex[39m=[32m"0"[39m
      [36m/>[39m

      Name "View Developer portrait with creative background in full size":
      [36m<div[39m
        [33maria-label[39m=[32m"View Developer portrait with creative background in full size"[39m
        [33mclass[39m=[32m"imageCard "[39m
        [33mrole[39m=[32m"button"[39m
        [33mtabindex[39m=[32m"0"[39m
      [36m/>[39m

      Name "Send Message":
      [36m<button[39m
        [33mclass[39m=[32m"submitButton "[39m
        [33mtype[39m=[32m"submit"[39m
      [36m/>[39m

      --------------------------------------------------
      textbox:

      Name "":
      [36m<input[39m
        [33mclass[39m=[32m"px-4 py-2 rounded-lg text-sm transition-all bg-white/10 text-white placeholder-white/50 focus:outline-none focus:ring-2 focus:ring-blue-500"[39m
        [33mplaceholder[39m=[32m"Search..."[39m
        [33mtype[39m=[32m"text"[39m
        [33mvalue[39m=[32m""[39m
      [36m/>[39m

      Name "Name *":
      [36m<input[39m
        [33mclass[39m=[32m"input "[39m
        [33mid[39m=[32m"name"[39m
        [33mplaceholder[39m=[32m"Your full name"[39m
        [33mrequired[39m=[32m""[39m
        [33mtype[39m=[32m"text"[39m
        [33mvalue[39m=[32m""[39m
      [36m/>[39m

      Name "Email *":
      [36m<input[39m
        [33mclass[39m=[32m"input "[39m
        [33mid[39m=[32m"email"[39m
        [33mplaceholder[39m=[32m"your.email@example.com"[39m
        [33mrequired[39m=[32m""[39m
        [33mtype[39m=[32m"email"[39m
        [33mvalue[39m=[32m""[39m
      [36m/>[39m

      Name "Subject *":
      [36m<input[39m
        [33mclass[39m=[32m"input "[39m
        [33mid[39m=[32m"subject"[39m
        [33mplaceholder[39m=[32m"What's this about?"[39m
        [33mrequired[39m=[32m""[39m
        [33mtype[39m=[32m"text"[39m
        [33mvalue[39m=[32m""[39m
      [36m/>[39m

      Name "Message *":
      [36m<textarea[39m
        [33mclass[39m=[32m"textarea "[39m
        [33mid[39m=[32m"message"[39m
        [33mplaceholder[39m=[32m"Tell me about your project or opportunity..."[39m
        [33mrequired[39m=[32m""[39m
        [33mrows[39m=[32m"6"[39m
      [36m/>[39m

      --------------------------------------------------
      main:

      Name "Netsanet Worku":
      [36m<section[39m
        [33maria-labelledby[39m=[32m"hero-title"[39m
        [33mclass[39m=[32m"pt-32 pb-20 px-4 md:px-8 bg-gradient-to-b from-gray-900 via-gray-800 to-gray-900 min-h-screen flex items-center opacity-0 "[39m
        [33mid[39m=[32m"hero"[39m
        [33mrole[39m=[32m"main"[39m
      [36m/>[39m

      --------------------------------------------------
      img:

      Name "Professional headshot of Netsanet, a full-stack developer":
      [36m<img[39m
        [33malt[39m=[32m"Professional headshot of Netsanet, a full-stack developer"[39m
        [33mclass[39m=[32m"relative w-full h-full object-cover rounded-full shadow-2xl border-4 border-blue-500/30 hover:border-blue-500/60 transition-all duration-300 animate-float"[39m
        [33mloading[39m=[32m"eager"[39m
        [33msrc[39m=[32m"./images/netsa.jpg"[39m
      [36m/>[39m

      Name "Screenshot of High School Management System project showing the main interface":
      [36m<img[39m
        [33malt[39m=[32m"Screenshot of High School Management System project showing the main interface"[39m
        [33mclass[39m=[32m"thumbnail"[39m
        [33mloading[39m=[32m"lazy"[39m
        [33msrc[39m=[32m"./images/developer-photo.jpg"[39m
      [36m/>[39m

      Name "Professional portrait in gray hoodie":
      [36m<img[39m
        [33malt[39m=[32m"Professional portrait in gray hoodie"[39m
        [33mclass[39m=[32m"image"[39m
        [33mloading[39m=[32m"lazy"[39m
        [33msrc[39m=[32m"./images/photo_2026-01-13_17-27-43.jpg"[39m
      [36m/>[39m

      Name "Professional portrait in yellow shirt":
      [36m<img[39m
        [33malt[39m=[32m"Professional portrait in yellow shirt"[39m
        [33mclass[39m=[32m"image"[39m
        [33mloading[39m=[32m"lazy"[39m
        [33msrc[39m=[32m"./images/netsa.jpg"[39m
      [36m/>[39m

      Name "Professional portrait with thoughtful pose":
      [36m<img[39m
        [33malt[39m=[32m"Professional portrait with thoughtful pose"[39m
        [33mclass[39m=[32m"image"[39m
        [33mloading[39m=[32m"lazy"[39m
        [33msrc[39m=[32m"./images/profile-1.jpg"[39m
      [36m/>[39m

      Name "Professional portrait in yellow striped shirt":
      [36m<img[39m
        [33malt[39m=[32m"Professional portrait in yellow striped shirt"[39m
        [33mclass[39m=[32m"image"[39m
        [33mloading[39m=[32m"lazy"[39m
        [33msrc[39m=[32m"./images/profile-2.jpg"[39m
      [36m/>[39m

      Name "Professional portrait on phone call":
      [36m<img[39m
        [33malt[39m=[32m"Professional portrait on phone call"[39m
        [33mclass[39m=[32m"image"[39m
        [33mloading[39m=[32m"lazy"[39m
        [33msrc[39m=[32m"./images/profile-3.jpg"[39m
      [36m/>[39m

      Name "Developer portrait with creative background":
      [36m<img[39m
        [33malt[39m=[32m"Developer portrait with creative background"[39m
        [33mclass[39m=[32m"image"[39m
        [33mloading[39m=[32m"lazy"[39m
        [33msrc[39m=[32m"./images/developer-photo.jpg"[39m
      [36m/>[39m

      --------------------------------------------------
      heading:

      Name "Hello, I'm":
      [36m<h2[39m
        [33mclass[39m=[32m"text-lg md:text-xl font-semibold text-blue-400 mb-2 animate-wave"[39m
      [36m/>[39m

      Name "Netsanet Worku":
      [36m<h1[39m
        [33mclass[39m=[32m"text-4xl md:text-6xl font-bold mb-4 animated-name glow"[39m
        [33mid[39m=[32m"hero-title"[39m
      [36m/>[39m

      Name "Computer Science Student & Web Developer":
      [36m<h2[39m
        [33mclass[39m=[32m"text-xl md:text-2xl font-semibold text-gray-300 mb-6"[39m
      [36m/>[39m

      Name "About Me":
      [36m<h2[39m
        [33mclass[39m=[32m"text-4xl font-bold text-center mb-8 animated-name glow"[39m
      [36m/>[39m

      Name "Featured Projects":
      [36m<h2[39m
        [33mclass[39m=[32m"title"[39m
        [33mid[39m=[32m"projects-title"[39m
      [36m/>[39m

      Name "Project Filters":
      [36m<h3[39m
        [33mclass[39m=[32m"sr-only"[39m
        [33mid[39m=[32m"filter-controls-label"[39m
      [36m/>[39m

      Name "High School Management System":
      [36m<h3[39m
        [33mclass[39m=[32m"title"[39m
      [36m/>[39m

      Name "Skills & Technologies":
      [36m<h2[39m
        [33mclass[39m=[32m"title"[39m
        [33mid[39m=[32m"skills-title"[39m
      [36m/>[39m

      Name "Programming Languages":
      [36m<h3[39m
        [33mclass[39m=[32m"categoryTitle"[39m
      [36m/>[39m

      Name "Frameworks & Libraries":
      [36m<h3[39m
        [33mclass[39m=[32m"categoryTitle"[39m
      [36m/>[39m

      Name "Tools & Technologies":
      [36m<h3[39m
        [33mclass[39m=[32m"categoryTitle"[39m
      [36m/>[39m

      Name "Experience & Education":
      [36m<h2[39m
        [33mclass[39m=[32m"title"[39m
        [33mid[39m=[32m"experience-title"[39m
      [36m/>[39m

      Name "Work Experience":
      [36m<h3[39m
        [33mclass[39m=[32m"sectionTitle"[39m
        [33mid[39m=[32m"work-experience-title"[39m
      [36m/>[39m

      Name "Web Development Student":
      [36m<h4[39m
        [33mclass[39m=[32m"position"[39m
      [36m/>[39m

      Name "Self-Learning & Personal Projects":
      [36m<h5[39m
        [33mclass[39m=[32m"company"[39m
      [36m/>[39m

      Name "Education":
      [36m<h3[39m
        [33mclass[39m=[32m"sectionTitle"[39m
        [33mid[39m=[32m"education-title"[39m
      [36m/>[39m

      Name "Bachelor of Science in Computer Science":
      [36m<h4[39m
        [33mclass[39m=[32m"degree"[39m
      [36m/>[39m

      Name "Madda Walabu University":
      [36m<h5[39m
        [33mclass[39m=[32m"institution"[39m
      [36m/>[39m

      Name "High School Diploma":
      [36m<h4[39m
        [33mclass[39m=[32m"degree"[39m
      [36m/>[39m

      Name "Asela Oda High School":
      [36m<h5[39m
        [33mclass[39m=[32m"institution"[39m
      [36m/>[39m

      Name "Elementary Education":
      [36m<h4[39m
        [33mclass[39m=[32m"degree"[39m
      [36m/>[39m

      Name "Tereta Elementary School":
      [36m<h5[39m
        [33mclass[39m=[32m"institution"[39m
      [36m/>[39m

      Name "Web Development":
      [36m<h4[39m
        [33mclass[39m=[32m"degree"[39m
      [36m/>[39m

      Name "Self-Taught Web Developer":
      [36m<h5[39m
        [33mclass[39m=[32m"institution"[39m
      [36m/>[39m

      Name "Certifications":
      [36m<h3[39m
        [33mclass[39m=[32m"sectionTitle"[39m
        [33mid[39m=[32m"certifications-title"[39m
      [36m/>[39m

      Name "Photo Gallery":
      [36m<h2[39m
        [33mclass[39m=[32m"title"[39m
      [36m/>[39m

      Name "Contact":
      [36m<h2 />[39m

      Name "Get In Touch":
      [36m<h3 />[39m

      --------------------------------------------------
      link:

      Name "📱":
      [36m<a[39m
        [33mclass[39m=[32m"w-10 h-10 flex items-center justify-center rounded-full bg-gray-700 hover:bg-blue-500 transition-all transform hover:scale-110"[39m
        [33mhref[39m=[32m"https://tiktok.com/@netsanet.worku"[39m
        [33mrel[39m=[32m"noopener noreferrer"[39m
        [33mtarget[39m=[32m"_blank"[39m
        [33mtitle[39m=[32m"TikTok"[39m
      [36m/>[39m

      Name "✈️":
      [36m<a[39m
        [33mclass[39m=[32m"w-10 h-10 flex items-center justify-center rounded-full bg-gray-700 hover:bg-blue-500 transition-all transform hover:scale-110"[39m
        [33mhref[39m=[32m"https://t.me/Abi_yam21"[39m
        [33mrel[39m=[32m"noopener noreferrer"[39m
        [33mtarget[39m=[32m"_blank"[39m
        [33mtitle[39m=[32m"Telegram"[39m
      [36m/>[39m

      Name "💻":
      [36m<a[39m
        [33mclass[39m=[32m"w-10 h-10 flex items-center justify-center rounded-full bg-gray-700 hover:bg-blue-500 transition-all transform hover:scale-110"[39m
        [33mhref[39m=[32m"https://github.com/NetsanetWorku"[39m
        [33mrel[39m=[32m"noopener noreferrer"[39m
        [33mtarget[39m=[32m"_blank"[39m
        [33mtitle[39m=[32m"GitHub"[39m
      [36m/>[39m

      Name "workunetsanet143@gmail.com":
      [36m<a[39m
        [33mclass[39m=[32m"contactLink"[39m
        [33mhref[39m=[32m"mailto:workunetsanet143@gmail.com"[39m
      [36m/>[39m

      Name "+251 936 116 761":
      [36m<a[39m
        [33mclass[39m=[32m"contactLink"[39m
        [33mhref[39m=[32m"tel:+251936116761"[39m
      [36m/>[39m

      Name "TikTok Profile":
      [36m<a[39m
        [33maria-label[39m=[32m"TikTok Profile"[39m
        [33mclass[39m=[32m"socialLink"[39m
        [33mhref[39m=[32m"https://tiktok.com/@netsanet.worku"[39m
        [33mrel[39m=[32m"noopener noreferrer"[39m
        [33mtarget[39m=[32m"_blank"[39m
      [36m/>[39m

      Name "YouTube Channel":
      [36m<a[39m
        [33maria-label[39m=[32m"YouTube Channel"[39m
        [33mclass[39m=[32m"socialLink"[39m
        [33mhref[39m=[32m"https://youtube.com/@Netsalove"[39m
        [33mrel[39m=[32m"noopener noreferrer"[39m
        [33mtarget[39m=[32m"_blank"[39m
      [36m/>[39m

      Name "Telegram Profile":
      [36m<a[39m
        [33maria-label[39m=[32m"Telegram Profile"[39m
        [33mclass[39m=[32m"socialLink"[39m
        [33mhref[39m=[32m"https://t.me/Abi_yam21"[39m
        [33mrel[39m=[32m"noopener noreferrer"[39m
        [33mtarget[39m=[32m"_blank"[39m
      [36m/>[39m

      Name "GitHub Profile":
      [36m<a[39m
        [33maria-label[39m=[32m"GitHub Profile"[39m
        [33mclass[39m=[32m"socialLink"[39m
        [33mhref[39m=[32m"https://github.com/netsanet"[39m
        [33mrel[39m=[32m"noopener noreferrer"[39m
        [33mtarget[39m=[32m"_blank"[39m
      [36m/>[39m

      Name "LinkedIn Profile":
      [36m<a[39m
        [33maria-label[39m=[32m"LinkedIn Profile"[39m
        [33mclass[39m=[32m"socialLink"[39m
        [33mhref[39m=[32m"https://linkedin.com/in/netsanet"[39m
        [33mrel[39m=[32m"noopener noreferrer"[39m
        [33mtarget[39m=[32m"_blank"[39m
      [36m/>[39m

      --------------------------------------------------
      region:

      Name "Featured Projects":
      [36m<section[39m
        [33maria-labelledby[39m=[32m"projects-title"[39m
        [33mclass[39m=[32m"projects"[39m
        [33mid[39m=[32m"projects"[39m
      [36m/>[39m

      Name "Skills & Technologies":
      [36m<section[39m
        [33maria-labelledby[39m=[32m"skills-title"[39m
        [33mclass[39m=[32m"skills"[39m
        [33mid[39m=[32m"skills"[39m
      [36m/>[39m

      Name "Skills organized by category":
      [36m<div[39m
        [33maria-label[39m=[32m"Skills organized by category"[39m
        [33mclass[39m=[32m"skillsGrid"[39m
        [33mrole[39m=[32m"region"[39m
      [36m/>[39m

      Name "Experience & Education":
      [36m<section[39m
        [33maria-labelledby[39m=[32m"experience-title"[39m
        [33mclass[39m=[32m"experience"[39m
        [33mid[39m=[32m"experience"[39m
      [36m/>[39m

      Name "Work Experience":
      [36m<section[39m
        [33maria-labelledby[39m=[32m"work-experience-title"[39m
        [33mclass[39m=[32m"section"[39m
      [36m/>[39m

      Name "Education":
      [36m<section[39m
        [33maria-labelledby[39m=[32m"education-title"[39m
        [33mclass[39m=[32m"section"[39m
      [36m/>[39m

      Name "Certifications":
      [36m<section[39m
        [33maria-labelledby[39m=[32m"certifications-title"[39m
        [33mclass[39m=[32m"section"[39m
      [36m/>[39m

      --------------------------------------------------
      banner:

      Name "":
      [36m<header />[39m

      Name "":
      [36m<header />[39m

      Name "":
      [36m<header />[39m

      Name "":
      [36m<header />[39m

      Name "":
      [36m<header />[39m

      Name "":
      [36m<header />[39m

      Name "":
      [36m<header />[39m

      Name "":
      [36m<header />[39m

      Name "":
      [36m<header[39m
        [33mclass[39m=[32m"itemHeader"[39m
      [36m/>[39m

      Name "":
      [36m<header />[39m

      Name "":
      [36m<header[39m
        [33mclass[39m=[32m"itemHeader"[39m
      [36m/>[39m

      Name "":
      [36m<header[39m
        [33mclass[39m=[32m"itemHeader"[39m
      [36m/>[39m

      Name "":
      [36m<header[39m
        [33mclass[39m=[32m"itemHeader"[39m
      [36m/>[39m

      Name "":
      [36m<header[39m
        [33mclass[39m=[32m"itemHeader"[39m
      [36m/>[39m

      Name "":
      [36m<header />[39m

      --------------------------------------------------
      group:

      Name "Project Filters":
      [36m<div[39m
        [33maria-labelledby[39m=[32m"filter-controls-label"[39m
        [33mclass[39m=[32m"filterControls"[39m
        [33mrole[39m=[32m"group"[39m
      [36m/>[39m

      Name "Filter projects by category":
      [36m<div[39m
        [33maria-label[39m=[32m"Filter projects by category"[39m
        [33mclass[39m=[32m"filterButtons"[39m
        [33mid[39m=[32m"filter-buttons"[39m
        [33mrole[39m=[32m"group"[39m
      [36m/>[39m

      --------------------------------------------------
      tablist:

      Name "Filter type selection":
      [36m<div[39m
        [33maria-label[39m=[32m"Filter type selection"[39m
        [33mclass[39m=[32m"filterTypeToggle"[39m
        [33mrole[39m=[32m"tablist"[39m
      [36m/>[39m

      --------------------------------------------------
      tab:

      Name "By Category":
      [36m<button[39m
        [33maria-controls[39m=[32m"filter-buttons"[39m
        [33maria-selected[39m=[32m"true"[39m
        [33mclass[39m=[32m"toggleButton active"[39m
        [33mrole[39m=[32m"tab"[39m
        [33mtype[39m=[32m"button"[39m
      [36m/>[39m

      Name "By Technology":
      [36m<button[39m
        [33maria-controls[39m=[32m"filter-buttons"[39m
        [33maria-selected[39m=[32m"false"[39m
        [33mclass[39m=[32m"toggleButton "[39m
        [33mrole[39m=[32m"tab"[39m
        [33mtype[39m=[32m"button"[39m
      [36m/>[39m

      --------------------------------------------------
      grid:

      Name "Projects showcase":
      [36m<div[39m
        [33maria-atomic[39m=[32m"false"[39m
        [33maria-label[39m=[32m"Projects showcase"[39m
        [33maria-live[39m=[32m"polite"[39m
        [33mclass[39m=[32m"projectsGrid"[39m
        [33mrole[39m=[32m"grid"[39m
      [36m/>[39m

      --------------------------------------------------
      gridcell:

      Name "Screenshot of High School Management System project showing the main interface Featured project High School Management System A comprehensive web-based management system designed for high schools to streamline administrative tasks and improve com... Technologies used Project category: Full Stack":
      [36m<div[39m
        [33mrole[39m=[32m"gridcell"[39m
      [36m/>[39m

      --------------------------------------------------
      list:

      Name "Technologies used":
      [36m<div[39m
        [33maria-label[39m=[32m"Technologies used"[39m
        [33mclass[39m=[32m"technologies"[39m
        [33mrole[39m=[32m"list"[39m
      [36m/>[39m

      Name "":
      [36m<div[39m
        [33mclass[39m=[32m"skillsList"[39m
        [33mrole[39m=[32m"list"[39m
      [36m/>[39m

      Name "":
      [36m<div[39m
        [33mclass[39m=[32m"skillsList"[39m
        [33mrole[39m=[32m"list"[39m
      [36m/>[39m

      Name "":
      [36m<div[39m
        [33mclass[39m=[32m"skillsList"[39m
        [33mrole[39m=[32m"list"[39m
      [36m/>[39m

      Name "Work experience timeline":
      [36m<div[39m
        [33maria-label[39m=[32m"Work experience timeline"[39m
        [33mclass[39m=[32m"timeline"[39m
        [33mrole[39m=[32m"list"[39m
      [36m/>[39m

      Name "Technologies used":
      [36m<div[39m
        [33maria-label[39m=[32m"Technologies used"[39m
        [33mclass[39m=[32m"technologies"[39m
        [33mrole[39m=[32m"list"[39m
      [36m/>[39m

      Name "Education timeline":
      [36m<div[39m
        [33maria-label[39m=[32m"Education timeline"[39m
        [33mclass[39m=[32m"timeline"[39m
        [33mrole[39m=[32m"list"[39m
      [36m/>[39m

      --------------------------------------------------
      listitem:

      Name "":
      [36m<span[39m
        [33mclass[39m=[32m"techTag"[39m
        [33mrole[39m=[32m"listitem"[39m
      [36m/>[39m

      Name "":
      [36m<span[39m
        [33mclass[39m=[32m"techTag"[39m
        [33mrole[39m=[32m"listitem"[39m
      [36m/>[39m

      Name "":
      [36m<span[39m
        [33mclass[39m=[32m"techTag"[39m
        [33mrole[39m=[32m"listitem"[39m
      [36m/>[39m

      Name "":
      [36m<span[39m
        [33mclass[39m=[32m"techTag"[39m
        [33mrole[39m=[32m"listitem"[39m
      [36m/>[39m

      Name "":
      [36m<div[39m
        [33mclass[39m=[32m"skillItem"[39m
        [33mrole[39m=[32m"listitem"[39m
      [36m/>[39m

      Name "":
      [36m<div[39m
        [33mclass[39m=[32m"skillItem"[39m
        [33mrole[39m=[32m"listitem"[39m
      [36m/>[39m

      Name "":
      [36m<div[39m
        [33mclass[39m=[32m"skillItem"[39m
        [33mrole[39m=[32m"listitem"[39m
      [36m/>[39m

      Name "":
      [36m<div[39m
        [33mclass[39m=[32m"skillItem"[39m
        [33mrole[39m=[32m"listitem"[39m
      [36m/>[39m

      Name "":
      [36m<div[39m
        [33mclass[39m=[32m"skillItem"[39m
        [33mrole[39m=[32m"listitem"[39m
      [36m/>[39m

      Name "":
      [36m<div[39m
        [33mclass[39m=[32m"skillItem"[39m
        [33mrole[39m=[32m"listitem"[39m
      [36m/>[39m

      Name "":
      [36m<div[39m
        [33mclass[39m=[32m"skillItem"[39m
        [33mrole[39m=[32m"listitem"[39m
      [36m/>[39m

      Name "":
      [36m<div[39m
        [33mclass[39m=[32m"skillItem"[39m
        [33mrole[39m=[32m"listitem"[39m
      [36m/>[39m

      Name "":
      [36m<div[39m
        [33mclass[39m=[32m"skillItem"[39m
        [33mrole[39m=[32m"listitem"[39m
      [36m/>[39m

      Name "":
      [36m<div[39m
        [33mclass[39m=[32m"skillItem"[39m
        [33mrole[39m=[32m"listitem"[39m
      [36m/>[39m

      Name "":
      [36m<div[39m
        [33mclass[39m=[32m"skillItem"[39m
        [33mrole[39m=[32m"listitem"[39m
      [36m/>[39m

      Name "":
      [36m<div[39m
        [33mclass[39m=[32m"skillItem"[39m
        [33mrole[39m=[32m"listitem"[39m
      [36m/>[39m

      Name "":
      [36m<article[39m
        [33mclass[39m=[32m"timelineItem"[39m
        [33mrole[39m=[32m"listitem"[39m
      [36m/>[39m

      Name "":
      [36m<span[39m
        [33mclass[39m=[32m"techTag"[39m
        [33mrole[39m=[32m"listitem"[39m
      [36m/>[39m

      Name "":
      [36m<span[39m
        [33mclass[39m=[32m"techTag"[39m
        [33mrole[39m=[32m"listitem"[39m
      [36m/>[39m

      Name "":
      [36m<span[39m
        [33mclass[39m=[32m"techTag"[39m
        [33mrole[39m=[32m"listitem"[39m
      [36m/>[39m

      Name "":
      [36m<span[39m
        [33mclass[39m=[32m"techTag"[39m
        [33mrole[39m=[32m"listitem"[39m
      [36m/>[39m

      Name "":
      [36m<span[39m
        [33mclass[39m=[32m"techTag"[39m
        [33mrole[39m=[32m"listitem"[39m
      [36m/>[39m

      Name "":
      [36m<span[39m
        [33mclass[39m=[32m"techTag"[39m
        [33mrole[39m=[32m"listitem"[39m
      [36m/>[39m

      Name "":
      [36m<span[39m
        [33mclass[39m=[32m"techTag"[39m
        [33mrole[39m=[32m"listitem"[39m
      [36m/>[39m

      Name "":
      [36m<article[39m
        [33mclass[39m=[32m"timelineItem"[39m
        [33mrole[39m=[32m"listitem"[39m
      [36m/>[39m

      Name "":
      [36m<article[39m
        [33mclass[39m=[32m"timelineItem"[39m
        [33mrole[39m=[32m"listitem"[39m
      [36m/>[39m

      Name "":
      [36m<article[39m
        [33mclass[39m=[32m"timelineItem"[39m
        [33mrole[39m=[32m"listitem"[39m
      [36m/>[39m

      Name "":
      [36m<article[39m
        [33mclass[39m=[32m"timelineItem"[39m
        [33mrole[39m=[32m"listitem"[39m
      [36m/>[39m

      --------------------------------------------------
      article:

      Name "":
      [36m<article[39m
        [33mclass[39m=[32m"skillCategory"[39m
      [36m/>[39m

      Name "":
      [36m<article[39m
        [33mclass[39m=[32m"skillCategory"[39m
      [36m/>[39m

      Name "":
      [36m<article[39m
        [33mclass[39m=[32m"skillCategory"[39m
      [36m/>[39m

      --------------------------------------------------
      progressbar:

      Name "HTML5":
      [36m<div[39m
        [33maria-labelledby[39m=[32m"skill-language-html5"[39m
        [33maria-valuemax[39m=[32m"4"[39m
        [33maria-valuemin[39m=[32m"1"[39m
        [33maria-valuenow[39m=[32m"2"[39m
        [33maria-valuetext[39m=[32m"Intermediate level (50%)"[39m
        [33mclass[39m=[32m"skillMeter"[39m
        [33mrole[39m=[32m"progressbar"[39m
      [36m/>[39m

      Name "CSS3":
      [36m<div[39m
        [33maria-labelledby[39m=[32m"skill-language-css3"[39m
        [33maria-valuemax[39m=[32m"4"[39m
        [33maria-valuemin[39m=[32m"1"[39m
        [33maria-valuenow[39m=[32m"2"[39m
        [33maria-valuetext[39m=[32m"Intermediate level (50%)"[39m
        [33mclass[39m=[32m"skillMeter"[39m
        [33mrole[39m=[32m"progressbar"[39m
      [36m/>[39m

      Name "JavaScript":
      [36m<div[39m
        [33maria-labelledby[39m=[32m"skill-language-javascript"[39m
        [33maria-valuemax[39m=[32m"4"[39m
        [33maria-valuemin[39m=[32m"1"[39m
        [33maria-valuenow[39m=[32m"2"[39m
        [33maria-valuetext[39m=[32m"Intermediate level (50%)"[39m
        [33mclass[39m=[32m"skillMeter"[39m
        [33mrole[39m=[32m"progressbar"[39m
      [36m/>[39m

      Name "TypeScript":
      [36m<div[39m
        [33maria-labelledby[39m=[32m"skill-language-typescript"[39m
        [33maria-valuemax[39m=[32m"4"[39m
        [33maria-valuemin[39m=[32m"1"[39m
        [33maria-valuenow[39m=[32m"1"[39m
        [33maria-valuetext[39m=[32m"Beginner level (25%)"[39m
        [33mclass[39m=[32m"skillMeter"[39m
        [33mrole[39m=[32m"progressbar"[39m
      [36m/>[39m

      Name "React":
      [36m<div[39m
        [33maria-labelledby[39m=[32m"skill-framework-react"[39m
        [33maria-valuemax[39m=[32m"4"[39m
        [33maria-valuemin[39m=[32m"1"[39m
        [33maria-valuenow[39m=[32m"1"[39m
        [33maria-valuetext[39m=[32m"Beginner level (25%)"[39m
        [33mclass[39m=[32m"skillMeter"[39m
        [33mrole[39m=[32m"progressbar"[39m
      [36m/>[39m

      Name "Node.js":
      [36m<div[39m
        [33maria-labelledby[39m=[32m"skill-framework-node.js"[39m
        [33maria-valuemax[39m=[32m"4"[39m
        [33maria-valuemin[39m=[32m"1"[39m
        [33maria-valuenow[39m=[32m"1"[39m
        [33maria-valuetext[39m=[32m"Beginner level (25%)"[39m
        [33mclass[39m=[32m"skillMeter"[39m
        [33mrole[39m=[32m"progressbar"[39m
      [36m/>[39m

      Name "Bootstrap":
      [36m<div[39m
        [33maria-labelledby[39m=[32m"skill-framework-bootstrap"[39m
        [33maria-valuemax[39m=[32m"4"[39m
        [33maria-valuemin[39m=[32m"1"[39m
        [33maria-valuenow[39m=[32m"1"[39m
        [33maria-valuetext[39m=[32m"Beginner level (25%)"[39m
        [33mclass[39m=[32m"skillMeter"[39m
        [33mrole[39m=[32m"progressbar"[39m
      [36m/>[39m

      Name "Sass/SCSS":
      [36m<div[39m
        [33maria-labelledby[39m=[32m"skill-tool-sass/scss"[39m
        [33maria-valuemax[39m=[32m"4"[39m
        [33maria-valuemin[39m=[32m"1"[39m
        [33maria-valuenow[39m=[32m"1"[39m
        [33maria-valuetext[39m=[32m"Beginner level (25%)"[39m
        [33mclass[39m=[32m"skillMeter"[39m
        [33mrole[39m=[32m"progressbar"[39m
      [36m/>[39m

      Name "Git":
      [36m<div[39m
        [33maria-labelledby[39m=[32m"skill-tool-git"[39m
        [33maria-valuemax[39m=[32m"4"[39m
        [33maria-valuemin[39m=[32m"1"[39m
        [33maria-valuenow[39m=[32m"1"[39m
        [33maria-valuetext[39m=[32m"Beginner level (25%)"[39m
        [33mclass[39m=[32m"skillMeter"[39m
        [33mrole[39m=[32m"progressbar"[39m
      [36m/>[39m

      Name "VS Code":
      [36m<div[39m
        [33maria-labelledby[39m=[32m"skill-tool-vs-code"[39m
        [33maria-valuemax[39m=[32m"4"[39m
        [33maria-valuemin[39m=[32m"1"[39m
        [33maria-valuenow[39m=[32m"2"[39m
        [33maria-valuetext[39m=[32m"Intermediate level (50%)"[39m
        [33mclass[39m=[32m"skillMeter"[39m
        [33mrole[39m=[32m"progressbar"[39m
      [36m/>[39m

      Name "Chrome DevTools":
      [36m<div[39m
        [33maria-labelledby[39m=[32m"skill-tool-chrome-devtools"[39m
        [33maria-valuemax[39m=[32m"4"[39m
        [33maria-valuemin[39m=[32m"1"[39m
        [33maria-valuenow[39m=[32m"2"[39m
        [33maria-valuetext[39m=[32m"Intermediate level (50%)"[39m
        [33mclass[39m=[32m"skillMeter"[39m
        [33mrole[39m=[32m"progressbar"[39m
      [36m/>[39m

      Name "Responsive Design":
      [36m<div[39m
        [33maria-labelledby[39m=[32m"skill-tool-responsive-design"[39m
        [33maria-valuemax[39m=[32m"4"[39m
        [33maria-valuemin[39m=[32m"1"[39m
        [33maria-valuenow[39m=[32m"2"[39m
        [33maria-valuetext[39m=[32m"Intermediate level (50%)"[39m
        [33mclass[39m=[32m"skillMeter"[39m
        [33mrole[39m=[32m"progressbar"[39m
      [36m/>[39m

      --------------------------------------------------

    Ignored nodes: comments, script, style
    [36m<body>[39m
      [36m<div>[39m
        [36m<div[39m
          [33mclass[39m=[32m"bg-white"[39m
        [36m>[39m
          [36m<nav[39m
            [33mclass[39m=[32m"navbar-container fixed top-0 w-full z-50 transition-all duration-300 bg-gradient-to-b from-gray-900/90 to-transparent "[39m
          [36m>[39m
            [36m<div[39m
              [33mclass[39m=[32m"max-w-7xl mx-auto px-4 sm:px-6 lg:px-8"[39m
            [36m>[39m
              [36m<div[39m
                [33mclass[39m=[32m"flex justify-between items-center h-16"[39m
              [36m>[39m
                [36m<div[39m
                  [33mclass[39m=[32m"flex-shrink-0"[39m
                [36m>[39m
                  [36m<button[39m
                    [33mclass[39m=[32m"text-2xl font-bold bg-gradient-to-r from-blue-400 via-blue-500 to-blue-600 bg-clip-text text-transparent hover:opacity-80 transition-opacity"[39m
                  [36m>[39m
                    [0mNetsanet[0m
                  [36m</button>[39m
                [36m</div>[39m
                [36m<div[39m
                  [33mclass[39m=[32m"hidden md:flex items-center gap-8"[39m
                [36m>[39m
                  [36m<button[39m
                    [33mclass[39m=[32m"px-6 py-2 rounded-md text-sm font-medium transition-all duration-200 mx-2 text-white hover:text-blue-300 hover:bg-white/10"[39m
                  [36m>[39m
                    [0mHome[0m
                  [36m</button>[39m
                  [36m<button[39m
                    [33mclass[39m=[32m"px-6 py-2 rounded-md text-sm font-medium transition-all duration-200 mx-2 text-white hover:text-blue-300 hover:bg-white/10"[39m
                  [36m>[39m
                    [0mAbout[0m
                  [36m</button>[39m
                  [36m<button[39m
                    [33mclass[39m=[32m"px-6 py-2 rounded-md text-sm font-medium transition-all duration-200 mx-2 text-white hover:text-blue-300 hover:bg-white/10"[39m
                  [36m>[39m
                    [0mProjects[0m
                  [36m</button>[39m
                  [36m<button[39m
                    [33mclass[39m=[32m"px-6 py-2 rounded-md text-sm font-medium transition-all duration-200 mx-2 text-white hover:text-blue-300 hover:bg-white/10"[39m
                  [36m>[39m
                    [0mGallery[0m
                  [36m</button>[39m
                  [36m<button[39m
                    [33mclass[39m=[32m"px-6 py-2 rounded-md text-sm font-medium transition-all duration-200 mx-2 text-white hover:text-blue-300 hover:bg-white/10"[39m
                  [36m>[39m
                    [0mContact[0m
                  [36m</button>[39m
                [36m</div>[39m
                [36m<div[39m
                  [33mclass[39m=[32m"hidden md:flex items-center space-x-4"[39m
                [36m>[39m
                  [36m<form[39m
                    [33mclass[39m=[32m"flex items-center"[39m
                  [36m>[39m
                    [36m<input[39m
                      [33mclass[39m=[32m"px-4 py-2 rounded-lg text-sm transition-all bg-white/10 text-white placeholder-white/50 focus:outline-none focus:ring-2 focus:ring-blue-500"[39m
                      [33mplaceholder[39m=[32m"Search..."[39m
                      [33mtype[39m=[32m"text"[39m
                      [33mvalue[39m=[32m""[39m
                    [36m/>[39m
                    [36m<button[39m
                      [33mclass[39m=[32m"ml-2 px-4 py-2 rounded-lg font-medium transition-all bg-blue-500 text-white hover:bg-blue-600"[39m
                      [33mtype[39m=[32m"submit"[39m
                    [36m>[39m
                      [0mSearch[0m
                    [36m</button>[39m
                  [36m</form>[39m
                [36m</div>[39m
                [36m<div[39m
                  [33mclass[39m=[32m"md:hidden flex items-center space-x-2"[39m
                [36m>[39m
                  [36m<button[39m
                    [33mclass[39m=[32m"p-2 rounded-md transition-colors text-white hover:bg-white/10"[39m
                  [36m>[39m
                    [0m🔍[0m
                  [36m</button>[39m
                  [36m<button[39m
                    [33mclass[39m=[32m"p-2 rounded-md transition-colors text-white hover:bg-white/10"[39m
                  [36m>[39m
                    [36m<svg[39m
                      [33mclass[39m=[32m"h-6 w-6"[39m
                      [33mfill[39m=[32m"none"[39m
                      [33mstroke[39m=[32m"currentColor"[39m
                      [33mviewBox[39m=[32m"0 0 24 24"[39m
                    [36m>[39m
                      [36m<path[39m
                        [33md[39m=[32m"M4 6h16M4 12h16M4 18h16"[39m
                        [33mstroke-linecap[39m=[32m"round"[39m
                        [33mstroke-linejoin[39m=[32m"round"[39m
                        [33mstroke-width[39m=[32m"2"[39m
                      [36m/>[39m
                    [36m</svg>[39m
                  [36m</button>[39m
                [36m</div>[39m
              [36m</div>[39m
            [36m</div>[39m
          [36m</nav>[39m
          [36m<section[39m
            [33maria-labelledby[39m=[32m"hero-title"[39m
            [33mclass[39m=[32m"pt-32 pb-20 px-4 md:px-8 bg-gradient-to-b from-gray-900 via-gray-800 to-gray-900 min-h-screen flex items-center opacity-0 "[39m
            [33mid[39m=[32m"hero"[39m
            [33mrole[39m=[32m"main"[39m
          [36m>[39m
            [36m<div[39m
              [33mclass[39m=[32m"max-w-6xl mx-auto w-full"[39m
            [36m>[39m
              [36m<div[39m
                [33mclass[39m=[32m"grid grid-cols-1 md:grid-cols-2 gap-12 items-center"[39m
              [36m>[39m
                [36m<div[39m
                  [33mclass[39m=[32m"flex justify-center "[39m
                [36m>[39m
                  [36m<div[39m
                    [33mclass[39m=[32m"relative w-64 h-64 md:w-80 md:h-80"[39m
                  [36m>[39m
                    [36m<div[39m
                      [33mclass[39m=[32m"absolute inset-0 bg-gradient-to-r from-blue-400 to-blue-600 rounded-full blur-3xl opacity-40"[39m
                    [36m/>[39m
                    [36m<img[39m
                      [33malt[39m=[32m"Professional headshot of Netsanet, a full-stack developer"[39m
                      [33mclass[39m=[32m"relative w-full h-full object-cover rounded-full shadow-2xl border-4 border-blue-500/30 hover:border-blue-500/60 transition-all duration-300 animate-float"[39m
                      [33mloading[39m=[32m"eager"[39m
                      [33msrc[39m=[32m"./images/netsa.jpg"[39m
                    [36m/>[39m
                  [36m</div>[39m
                [36m</div>[39m
                [36m<div[39m
                  [33mclass[39m=[32m"text-center md:text-left "[39m
                [36m>[39m
                  [36m<div[39m
                    [33mclass[39m=[32m"mb-6"[39m
                  [36m>[39m
                    [36m<h2[39m
                      [33mclass[39m=[32m"text-lg md:text-xl font-semibold text-blue-400 mb-2 animate-wave"[39m
                    [36m>[39m
                      [0mHello, I'm[0m
                    [36m</h2>[39m
                    [36m<h1[39m
         ...

      195 |     
      196 |     // Navigate to experience section
    > 197 |     const experienceLinks = screen.getAllByRole('button', { name: /navigate to experience section/i })
          |                                    ^
      198 |     fireEvent.click(experienceLinks[0])
      199 |     
      200 |     // Check if experience section is present

      at Object.getElementError (node_modules/@testing-library/react/node_modules/@testing-library/dom/dist/config.js:37:19)
      at node_modules/@testing-library/react/node_modules/@testing-library/dom/dist/query-helpers.js:76:38
      at node_modules/@testing-library/react/node_modules/@testing-library/dom/dist/query-helpers.js:109:15
      at Object.<anonymous> (src/App.test.tsx:197:36)

  ● Portfolio Integration Tests › responsive layout adapts correctly

    TestingLibraryElementError: Unable to find an accessible element with the role "navigation" and name `/main navigation/i`

    Here are the accessible roles:

      navigation:

      Name "":
      [36m<nav[39m
        [33mclass[39m=[32m"navbar-container fixed top-0 w-full z-50 transition-all duration-300 bg-gradient-to-b from-gray-900/90 to-transparent "[39m
      [36m/>[39m

      --------------------------------------------------
      button:

      Name "Netsanet":
      [36m<button[39m
        [33mclass[39m=[32m"text-2xl font-bold bg-gradient-to-r from-blue-400 via-blue-500 to-blue-600 bg-clip-text text-transparent hover:opacity-80 transition-opacity"[39m
      [36m/>[39m

      Name "Home":
      [36m<button[39m
        [33mclass[39m=[32m"px-6 py-2 rounded-md text-sm font-medium transition-all duration-200 mx-2 text-white hover:text-blue-300 hover:bg-white/10"[39m
      [36m/>[39m

      Name "About":
      [36m<button[39m
        [33mclass[39m=[32m"px-6 py-2 rounded-md text-sm font-medium transition-all duration-200 mx-2 text-white hover:text-blue-300 hover:bg-white/10"[39m
      [36m/>[39m

      Name "Projects":
      [36m<button[39m
        [33mclass[39m=[32m"px-6 py-2 rounded-md text-sm font-medium transition-all duration-200 mx-2 text-white hover:text-blue-300 hover:bg-white/10"[39m
      [36m/>[39m

      Name "Gallery":
      [36m<button[39m
        [33mclass[39m=[32m"px-6 py-2 rounded-md text-sm font-medium transition-all duration-200 mx-2 text-white hover:text-blue-300 hover:bg-white/10"[39m
      [36m/>[39m

      Name "Contact":
      [36m<button[39m
        [33mclass[39m=[32m"px-6 py-2 rounded-md text-sm font-medium transition-all duration-200 mx-2 text-white hover:text-blue-300 hover:bg-white/10"[39m
      [36m/>[39m

      Name "Search":
      [36m<button[39m
        [33mclass[39m=[32m"ml-2 px-4 py-2 rounded-lg font-medium transition-all bg-blue-500 text-white hover:bg-blue-600"[39m
        [33mtype[39m=[32m"submit"[39m
      [36m/>[39m

      Name "🔍":
      [36m<button[39m
        [33mclass[39m=[32m"p-2 rounded-md transition-colors text-white hover:bg-white/10"[39m
      [36m/>[39m

      Name "":
      [36m<button[39m
        [33mclass[39m=[32m"p-2 rounded-md transition-colors text-white hover:bg-white/10"[39m
      [36m/>[39m

      Name "View My Work":
      [36m<button[39m
        [33mclass[39m=[32m"px-8 py-3 bg-gradient-to-r from-blue-500 to-blue-600 text-white font-semibold rounded-lg hover:from-blue-600 hover:to-blue-700 transition-all transform hover:scale-105 hover:shadow-lg"[39m
      [36m/>[39m

      Name "Get In Touch":
      [36m<button[39m
        [33mclass[39m=[32m"px-8 py-3 border-2 border-blue-400 text-blue-400 font-semibold rounded-lg hover:bg-blue-400/10 transition-all transform hover:scale-105"[39m
      [36m/>[39m

      Name "All":
      [36m<button[39m
        [33maria-pressed[39m=[32m"true"[39m
        [33mclass[39m=[32m"filterButton active"[39m
        [33mtype[39m=[32m"button"[39m
      [36m/>[39m

      Name "Full Stack":
      [36m<button[39m
        [33maria-pressed[39m=[32m"false"[39m
        [33mclass[39m=[32m"filterButton "[39m
        [33mtype[39m=[32m"button"[39m
      [36m/>[39m

      Name "View details for High School Management System project":
      [36m<article[39m
        [33maria-label[39m=[32m"View details for High School Management System project"[39m
        [33mclass[39m=[32m"projectCard"[39m
        [33mrole[39m=[32m"button"[39m
        [33mtabindex[39m=[32m"0"[39m
      [36m/>[39m

      Name "▶ View Certifications (8)":
      [36m<button[39m
        [33maria-controls[39m=[32m"certifications-content"[39m
        [33maria-expanded[39m=[32m"false"[39m
        [33mclass[39m=[32m"toggleButton"[39m
      [36m/>[39m

      Name "View Professional portrait in gray hoodie in full size":
      [36m<div[39m
        [33maria-label[39m=[32m"View Professional portrait in gray hoodie in full size"[39m
        [33mclass[39m=[32m"imageCard "[39m
        [33mrole[39m=[32m"button"[39m
        [33mtabindex[39m=[32m"0"[39m
      [36m/>[39m

      Name "View Professional portrait in yellow shirt in full size":
      [36m<div[39m
        [33maria-label[39m=[32m"View Professional portrait in yellow shirt in full size"[39m
        [33mclass[39m=[32m"imageCard "[39m
        [33mrole[39m=[32m"button"[39m
        [33mtabindex[39m=[32m"0"[39m
      [36m/>[39m

      Name "View Professional portrait with thoughtful pose in full size":
      [36m<div[39m
        [33maria-label[39m=[32m"View Professional portrait with thoughtful pose in full size"[39m
        [33mclass[39m=[32m"imageCard "[39m
        [33mrole[39m=[32m"button"[39m
        [33mtabindex[39m=[32m"0"[39m
      [36m/>[39m

      Name "View Professional portrait in yellow striped shirt in full size":
      [36m<div[39m
        [33maria-label[39m=[32m"View Professional portrait in yellow striped shirt in full size"[39m
        [33mclass[39m=[32m"imageCard "[39m
        [33mrole[39m=[32m"button"[39m
        [33mtabindex[39m=[32m"0"[39m
      [36m/>[39m

      Name "View Professional portrait on phone call in full size":
      [36m<div[39m
        [33maria-label[39m=[32m"View Professional portrait on phone call in full size"[39m
        [33mclass[39m=[32m"imageCard "[39m
        [33mrole[39m=[32m"button"[39m
        [33mtabindex[39m=[32m"0"[39m
      [36m/>[39m

      Name "View Developer portrait with creative background in full size":
      [36m<div[39m
        [33maria-label[39m=[32m"View Developer portrait with creative background in full size"[39m
        [33mclass[39m=[32m"imageCard "[39m
        [33mrole[39m=[32m"button"[39m
        [33mtabindex[39m=[32m"0"[39m
      [36m/>[39m

      Name "Send Message":
      [36m<button[39m
        [33mclass[39m=[32m"submitButton "[39m
        [33mtype[39m=[32m"submit"[39m
      [36m/>[39m

      --------------------------------------------------
      textbox:

      Name "":
      [36m<input[39m
        [33mclass[39m=[32m"px-4 py-2 rounded-lg text-sm transition-all bg-white/10 text-white placeholder-white/50 focus:outline-none focus:ring-2 focus:ring-blue-500"[39m
        [33mplaceholder[39m=[32m"Search..."[39m
        [33mtype[39m=[32m"text"[39m
        [33mvalue[39m=[32m""[39m
      [36m/>[39m

      Name "Name *":
      [36m<input[39m
        [33mclass[39m=[32m"input "[39m
        [33mid[39m=[32m"name"[39m
        [33mplaceholder[39m=[32m"Your full name"[39m
        [33mrequired[39m=[32m""[39m
        [33mtype[39m=[32m"text"[39m
        [33mvalue[39m=[32m""[39m
      [36m/>[39m

      Name "Email *":
      [36m<input[39m
        [33mclass[39m=[32m"input "[39m
        [33mid[39m=[32m"email"[39m
        [33mplaceholder[39m=[32m"your.email@example.com"[39m
        [33mrequired[39m=[32m""[39m
        [33mtype[39m=[32m"email"[39m
        [33mvalue[39m=[32m""[39m
      [36m/>[39m

      Name "Subject *":
      [36m<input[39m
        [33mclass[39m=[32m"input "[39m
        [33mid[39m=[32m"subject"[39m
        [33mplaceholder[39m=[32m"What's this about?"[39m
        [33mrequired[39m=[32m""[39m
        [33mtype[39m=[32m"text"[39m
        [33mvalue[39m=[32m""[39m
      [36m/>[39m

      Name "Message *":
      [36m<textarea[39m
        [33mclass[39m=[32m"textarea "[39m
        [33mid[39m=[32m"message"[39m
        [33mplaceholder[39m=[32m"Tell me about your project or opportunity..."[39m
        [33mrequired[39m=[32m""[39m
        [33mrows[39m=[32m"6"[39m
      [36m/>[39m

      --------------------------------------------------
      main:

      Name "Netsanet Worku":
      [36m<section[39m
        [33maria-labelledby[39m=[32m"hero-title"[39m
        [33mclass[39m=[32m"pt-32 pb-20 px-4 md:px-8 bg-gradient-to-b from-gray-900 via-gray-800 to-gray-900 min-h-screen flex items-center opacity-0 "[39m
        [33mid[39m=[32m"hero"[39m
        [33mrole[39m=[32m"main"[39m
      [36m/>[39m

      --------------------------------------------------
      img:

      Name "Professional headshot of Netsanet, a full-stack developer":
      [36m<img[39m
        [33malt[39m=[32m"Professional headshot of Netsanet, a full-stack developer"[39m
        [33mclass[39m=[32m"relative w-full h-full object-cover rounded-full shadow-2xl border-4 border-blue-500/30 hover:border-blue-500/60 transition-all duration-300 animate-float"[39m
        [33mloading[39m=[32m"eager"[39m
        [33msrc[39m=[32m"./images/netsa.jpg"[39m
      [36m/>[39m

      Name "Screenshot of High School Management System project showing the main interface":
      [36m<img[39m
        [33malt[39m=[32m"Screenshot of High School Management System project showing the main interface"[39m
        [33mclass[39m=[32m"thumbnail"[39m
        [33mloading[39m=[32m"lazy"[39m
        [33msrc[39m=[32m"./images/developer-photo.jpg"[39m
      [36m/>[39m

      Name "Professional portrait in gray hoodie":
      [36m<img[39m
        [33malt[39m=[32m"Professional portrait in gray hoodie"[39m
        [33mclass[39m=[32m"image"[39m
        [33mloading[39m=[32m"lazy"[39m
        [33msrc[39m=[32m"./images/photo_2026-01-13_17-27-43.jpg"[39m
      [36m/>[39m

      Name "Professional portrait in yellow shirt":
      [36m<img[39m
        [33malt[39m=[32m"Professional portrait in yellow shirt"[39m
        [33mclass[39m=[32m"image"[39m
        [33mloading[39m=[32m"lazy"[39m
        [33msrc[39m=[32m"./images/netsa.jpg"[39m
      [36m/>[39m

      Name "Professional portrait with thoughtful pose":
      [36m<img[39m
        [33malt[39m=[32m"Professional portrait with thoughtful pose"[39m
        [33mclass[39m=[32m"image"[39m
        [33mloading[39m=[32m"lazy"[39m
        [33msrc[39m=[32m"./images/profile-1.jpg"[39m
      [36m/>[39m

      Name "Professional portrait in yellow striped shirt":
      [36m<img[39m
        [33malt[39m=[32m"Professional portrait in yellow striped shirt"[39m
        [33mclass[39m=[32m"image"[39m
        [33mloading[39m=[32m"lazy"[39m
        [33msrc[39m=[32m"./images/profile-2.jpg"[39m
      [36m/>[39m

      Name "Professional portrait on phone call":
      [36m<img[39m
        [33malt[39m=[32m"Professional portrait on phone call"[39m
        [33mclass[39m=[32m"image"[39m
        [33mloading[39m=[32m"lazy"[39m
        [33msrc[39m=[32m"./images/profile-3.jpg"[39m
      [36m/>[39m

      Name "Developer portrait with creative background":
      [36m<img[39m
        [33malt[39m=[32m"Developer portrait with creative background"[39m
        [33mclass[39m=[32m"image"[39m
        [33mloading[39m=[32m"lazy"[39m
        [33msrc[39m=[32m"./images/developer-photo.jpg"[39m
      [36m/>[39m

      --------------------------------------------------
      heading:

      Name "Hello, I'm":
      [36m<h2[39m
        [33mclass[39m=[32m"text-lg md:text-xl font-semibold text-blue-400 mb-2 animate-wave"[39m
      [36m/>[39m

      Name "Netsanet Worku":
      [36m<h1[39m
        [33mclass[39m=[32m"text-4xl md:text-6xl font-bold mb-4 animated-name glow"[39m
        [33mid[39m=[32m"hero-title"[39m
      [36m/>[39m

      Name "Computer Science Student & Web Developer":
      [36m<h2[39m
        [33mclass[39m=[32m"text-xl md:text-2xl font-semibold text-gray-300 mb-6"[39m
      [36m/>[39m

      Name "About Me":
      [36m<h2[39m
        [33mclass[39m=[32m"text-4xl font-bold text-center mb-8 animated-name glow"[39m
      [36m/>[39m

      Name "Featured Projects":
      [36m<h2[39m
        [33mclass[39m=[32m"title"[39m
        [33mid[39m=[32m"projects-title"[39m
      [36m/>[39m

      Name "Project Filters":
      [36m<h3[39m
        [33mclass[39m=[32m"sr-only"[39m
        [33mid[39m=[32m"filter-controls-label"[39m
      [36m/>[39m

      Name "High School Management System":
      [36m<h3[39m
        [33mclass[39m=[32m"title"[39m
      [36m/>[39m

      Name "Skills & Technologies":
      [36m<h2[39m
        [33mclass[39m=[32m"title"[39m
        [33mid[39m=[32m"skills-title"[39m
      [36m/>[39m

      Name "Programming Languages":
      [36m<h3[39m
        [33mclass[39m=[32m"categoryTitle"[39m
      [36m/>[39m

      Name "Frameworks & Libraries":
      [36m<h3[39m
        [33mclass[39m=[32m"categoryTitle"[39m
      [36m/>[39m

      Name "Tools & Technologies":
      [36m<h3[39m
        [33mclass[39m=[32m"categoryTitle"[39m
      [36m/>[39m

      Name "Experience & Education":
      [36m<h2[39m
        [33mclass[39m=[32m"title"[39m
        [33mid[39m=[32m"experience-title"[39m
      [36m/>[39m

      Name "Work Experience":
      [36m<h3[39m
        [33mclass[39m=[32m"sectionTitle"[39m
        [33mid[39m=[32m"work-experience-title"[39m
      [36m/>[39m

      Name "Web Development Student":
      [36m<h4[39m
        [33mclass[39m=[32m"position"[39m
      [36m/>[39m

      Name "Self-Learning & Personal Projects":
      [36m<h5[39m
        [33mclass[39m=[32m"company"[39m
      [36m/>[39m

      Name "Education":
      [36m<h3[39m
        [33mclass[39m=[32m"sectionTitle"[39m
        [33mid[39m=[32m"education-title"[39m
      [36m/>[39m

      Name "Bachelor of Science in Computer Science":
      [36m<h4[39m
        [33mclass[39m=[32m"degree"[39m
      [36m/>[39m

      Name "Madda Walabu University":
      [36m<h5[39m
        [33mclass[39m=[32m"institution"[39m
      [36m/>[39m

      Name "High School Diploma":
      [36m<h4[39m
        [33mclass[39m=[32m"degree"[39m
      [36m/>[39m

      Name "Asela Oda High School":
      [36m<h5[39m
        [33mclass[39m=[32m"institution"[39m
      [36m/>[39m

      Name "Elementary Education":
      [36m<h4[39m
        [33mclass[39m=[32m"degree"[39m
      [36m/>[39m

      Name "Tereta Elementary School":
      [36m<h5[39m
        [33mclass[39m=[32m"institution"[39m
      [36m/>[39m

      Name "Web Development":
      [36m<h4[39m
        [33mclass[39m=[32m"degree"[39m
      [36m/>[39m

      Name "Self-Taught Web Developer":
      [36m<h5[39m
        [33mclass[39m=[32m"institution"[39m
      [36m/>[39m

      Name "Certifications":
      [36m<h3[39m
        [33mclass[39m=[32m"sectionTitle"[39m
        [33mid[39m=[32m"certifications-title"[39m
      [36m/>[39m

      Name "Photo Gallery":
      [36m<h2[39m
        [33mclass[39m=[32m"title"[39m
      [36m/>[39m

      Name "Contact":
      [36m<h2 />[39m

      Name "Get In Touch":
      [36m<h3 />[39m

      --------------------------------------------------
      link:

      Name "📱":
      [36m<a[39m
        [33mclass[39m=[32m"w-10 h-10 flex items-center justify-center rounded-full bg-gray-700 hover:bg-blue-500 transition-all transform hover:scale-110"[39m
        [33mhref[39m=[32m"https://tiktok.com/@netsanet.worku"[39m
        [33mrel[39m=[32m"noopener noreferrer"[39m
        [33mtarget[39m=[32m"_blank"[39m
        [33mtitle[39m=[32m"TikTok"[39m
      [36m/>[39m

      Name "✈️":
      [36m<a[39m
        [33mclass[39m=[32m"w-10 h-10 flex items-center justify-center rounded-full bg-gray-700 hover:bg-blue-500 transition-all transform hover:scale-110"[39m
        [33mhref[39m=[32m"https://t.me/Abi_yam21"[39m
        [33mrel[39m=[32m"noopener noreferrer"[39m
        [33mtarget[39m=[32m"_blank"[39m
        [33mtitle[39m=[32m"Telegram"[39m
      [36m/>[39m

      Name "💻":
      [36m<a[39m
        [33mclass[39m=[32m"w-10 h-10 flex items-center justify-center rounded-full bg-gray-700 hover:bg-blue-500 transition-all transform hover:scale-110"[39m
        [33mhref[39m=[32m"https://github.com/NetsanetWorku"[39m
        [33mrel[39m=[32m"noopener noreferrer"[39m
        [33mtarget[39m=[32m"_blank"[39m
        [33mtitle[39m=[32m"GitHub"[39m
      [36m/>[39m

      Name "workunetsanet143@gmail.com":
      [36m<a[39m
        [33mclass[39m=[32m"contactLink"[39m
        [33mhref[39m=[32m"mailto:workunetsanet143@gmail.com"[39m
      [36m/>[39m

      Name "+251 936 116 761":
      [36m<a[39m
        [33mclass[39m=[32m"contactLink"[39m
        [33mhref[39m=[32m"tel:+251936116761"[39m
      [36m/>[39m

      Name "TikTok Profile":
      [36m<a[39m
        [33maria-label[39m=[32m"TikTok Profile"[39m
        [33mclass[39m=[32m"socialLink"[39m
        [33mhref[39m=[32m"https://tiktok.com/@netsanet.worku"[39m
        [33mrel[39m=[32m"noopener noreferrer"[39m
        [33mtarget[39m=[32m"_blank"[39m
      [36m/>[39m

      Name "YouTube Channel":
      [36m<a[39m
        [33maria-label[39m=[32m"YouTube Channel"[39m
        [33mclass[39m=[32m"socialLink"[39m
        [33mhref[39m=[32m"https://youtube.com/@Netsalove"[39m
        [33mrel[39m=[32m"noopener noreferrer"[39m
        [33mtarget[39m=[32m"_blank"[39m
      [36m/>[39m

      Name "Telegram Profile":
      [36m<a[39m
        [33maria-label[39m=[32m"Telegram Profile"[39m
        [33mclass[39m=[32m"socialLink"[39m
        [33mhref[39m=[32m"https://t.me/Abi_yam21"[39m
        [33mrel[39m=[32m"noopener noreferrer"[39m
        [33mtarget[39m=[32m"_blank"[39m
      [36m/>[39m

      Name "GitHub Profile":
      [36m<a[39m
        [33maria-label[39m=[32m"GitHub Profile"[39m
        [33mclass[39m=[32m"socialLink"[39m
        [33mhref[39m=[32m"https://github.com/netsanet"[39m
        [33mrel[39m=[32m"noopener noreferrer"[39m
        [33mtarget[39m=[32m"_blank"[39m
      [36m/>[39m

      Name "LinkedIn Profile":
      [36m<a[39m
        [33maria-label[39m=[32m"LinkedIn Profile"[39m
        [33mclass[39m=[32m"socialLink"[39m
        [33mhref[39m=[32m"https://linkedin.com/in/netsanet"[39m
        [33mrel[39m=[32m"noopener noreferrer"[39m
        [33mtarget[39m=[32m"_blank"[39m
      [36m/>[39m

      --------------------------------------------------
      region:

      Name "Featured Projects":
      [36m<section[39m
        [33maria-labelledby[39m=[32m"projects-title"[39m
        [33mclass[39m=[32m"projects"[39m
        [33mid[39m=[32m"projects"[39m
      [36m/>[39m

      Name "Skills & Technologies":
      [36m<section[39m
        [33maria-labelledby[39m=[32m"skills-title"[39m
        [33mclass[39m=[32m"skills"[39m
        [33mid[39m=[32m"skills"[39m
      [36m/>[39m

      Name "Skills organized by category":
      [36m<div[39m
        [33maria-label[39m=[32m"Skills organized by category"[39m
        [33mclass[39m=[32m"skillsGrid"[39m
        [33mrole[39m=[32m"region"[39m
      [36m/>[39m

      Name "Experience & Education":
      [36m<section[39m
        [33maria-labelledby[39m=[32m"experience-title"[39m
        [33mclass[39m=[32m"experience"[39m
        [33mid[39m=[32m"experience"[39m
      [36m/>[39m

      Name "Work Experience":
      [36m<section[39m
        [33maria-labelledby[39m=[32m"work-experience-title"[39m
        [33mclass[39m=[32m"section"[39m
      [36m/>[39m

      Name "Education":
      [36m<section[39m
        [33maria-labelledby[39m=[32m"education-title"[39m
        [33mclass[39m=[32m"section"[39m
      [36m/>[39m

      Name "Certifications":
      [36m<section[39m
        [33maria-labelledby[39m=[32m"certifications-title"[39m
        [33mclass[39m=[32m"section"[39m
      [36m/>[39m

      --------------------------------------------------
      banner:

      Name "":
      [36m<header />[39m

      Name "":
      [36m<header />[39m

      Name "":
      [36m<header />[39m

      Name "":
      [36m<header />[39m

      Name "":
      [36m<header />[39m

      Name "":
      [36m<header />[39m

      Name "":
      [36m<header />[39m

      Name "":
      [36m<header />[39m

      Name "":
      [36m<header[39m
        [33mclass[39m=[32m"itemHeader"[39m
      [36m/>[39m

      Name "":
      [36m<header />[39m

      Name "":
      [36m<header[39m
        [33mclass[39m=[32m"itemHeader"[39m
      [36m/>[39m

      Name "":
      [36m<header[39m
        [33mclass[39m=[32m"itemHeader"[39m
      [36m/>[39m

      Name "":
      [36m<header[39m
        [33mclass[39m=[32m"itemHeader"[39m
      [36m/>[39m

      Name "":
      [36m<header[39m
        [33mclass[39m=[32m"itemHeader"[39m
      [36m/>[39m

      Name "":
      [36m<header />[39m

      --------------------------------------------------
      group:

      Name "Project Filters":
      [36m<div[39m
        [33maria-labelledby[39m=[32m"filter-controls-label"[39m
        [33mclass[39m=[32m"filterControls"[39m
        [33mrole[39m=[32m"group"[39m
      [36m/>[39m

      Name "Filter projects by category":
      [36m<div[39m
        [33maria-label[39m=[32m"Filter projects by category"[39m
        [33mclass[39m=[32m"filterButtons"[39m
        [33mid[39m=[32m"filter-buttons"[39m
        [33mrole[39m=[32m"group"[39m
      [36m/>[39m

      --------------------------------------------------
      tablist:

      Name "Filter type selection":
      [36m<div[39m
        [33maria-label[39m=[32m"Filter type selection"[39m
        [33mclass[39m=[32m"filterTypeToggle"[39m
        [33mrole[39m=[32m"tablist"[39m
      [36m/>[39m

      --------------------------------------------------
      tab:

      Name "By Category":
      [36m<button[39m
        [33maria-controls[39m=[32m"filter-buttons"[39m
        [33maria-selected[39m=[32m"true"[39m
        [33mclass[39m=[32m"toggleButton active"[39m
        [33mrole[39m=[32m"tab"[39m
        [33mtype[39m=[32m"button"[39m
      [36m/>[39m

      Name "By Technology":
      [36m<button[39m
        [33maria-controls[39m=[32m"filter-buttons"[39m
        [33maria-selected[39m=[32m"false"[39m
        [33mclass[39m=[32m"toggleButton "[39m
        [33mrole[39m=[32m"tab"[39m
        [33mtype[39m=[32m"button"[39m
      [36m/>[39m

      --------------------------------------------------
      grid:

      Name "Projects showcase":
      [36m<div[39m
        [33maria-atomic[39m=[32m"false"[39m
        [33maria-label[39m=[32m"Projects showcase"[39m
        [33maria-live[39m=[32m"polite"[39m
        [33mclass[39m=[32m"projectsGrid"[39m
        [33mrole[39m=[32m"grid"[39m
      [36m/>[39m

      --------------------------------------------------
      gridcell:

      Name "Screenshot of High School Management System project showing the main interface Featured project High School Management System A comprehensive web-based management system designed for high schools to streamline administrative tasks and improve com... Technologies used Project category: Full Stack":
      [36m<div[39m
        [33mrole[39m=[32m"gridcell"[39m
      [36m/>[39m

      --------------------------------------------------
      list:

      Name "Technologies used":
      [36m<div[39m
        [33maria-label[39m=[32m"Technologies used"[39m
        [33mclass[39m=[32m"technologies"[39m
        [33mrole[39m=[32m"list"[39m
      [36m/>[39m

      Name "":
      [36m<div[39m
        [33mclass[39m=[32m"skillsList"[39m
        [33mrole[39m=[32m"list"[39m
      [36m/>[39m

      Name "":
      [36m<div[39m
        [33mclass[39m=[32m"skillsList"[39m
        [33mrole[39m=[32m"list"[39m
      [36m/>[39m

      Name "":
      [36m<div[39m
        [33mclass[39m=[32m"skillsList"[39m
        [33mrole[39m=[32m"list"[39m
      [36m/>[39m

      Name "Work experience timeline":
      [36m<div[39m
        [33maria-label[39m=[32m"Work experience timeline"[39m
        [33mclass[39m=[32m"timeline"[39m
        [33mrole[39m=[32m"list"[39m
      [36m/>[39m

      Name "Technologies used":
      [36m<div[39m
        [33maria-label[39m=[32m"Technologies used"[39m
        [33mclass[39m=[32m"technologies"[39m
        [33mrole[39m=[32m"list"[39m
      [36m/>[39m

      Name "Education timeline":
      [36m<div[39m
        [33maria-label[39m=[32m"Education timeline"[39m
        [33mclass[39m=[32m"timeline"[39m
        [33mrole[39m=[32m"list"[39m
      [36m/>[39m

      --------------------------------------------------
      listitem:

      Name "":
      [36m<span[39m
        [33mclass[39m=[32m"techTag"[39m
        [33mrole[39m=[32m"listitem"[39m
      [36m/>[39m

      Name "":
      [36m<span[39m
        [33mclass[39m=[32m"techTag"[39m
        [33mrole[39m=[32m"listitem"[39m
      [36m/>[39m

      Name "":
      [36m<span[39m
        [33mclass[39m=[32m"techTag"[39m
        [33mrole[39m=[32m"listitem"[39m
      [36m/>[39m

      Name "":
      [36m<span[39m
        [33mclass[39m=[32m"techTag"[39m
        [33mrole[39m=[32m"listitem"[39m
      [36m/>[39m

      Name "":
      [36m<div[39m
        [33mclass[39m=[32m"skillItem"[39m
        [33mrole[39m=[32m"listitem"[39m
      [36m/>[39m

      Name "":
      [36m<div[39m
        [33mclass[39m=[32m"skillItem"[39m
        [33mrole[39m=[32m"listitem"[39m
      [36m/>[39m

      Name "":
      [36m<div[39m
        [33mclass[39m=[32m"skillItem"[39m
        [33mrole[39m=[32m"listitem"[39m
      [36m/>[39m

      Name "":
      [36m<div[39m
        [33mclass[39m=[32m"skillItem"[39m
        [33mrole[39m=[32m"listitem"[39m
      [36m/>[39m

      Name "":
      [36m<div[39m
        [33mclass[39m=[32m"skillItem"[39m
        [33mrole[39m=[32m"listitem"[39m
      [36m/>[39m

      Name "":
      [36m<div[39m
        [33mclass[39m=[32m"skillItem"[39m
        [33mrole[39m=[32m"listitem"[39m
      [36m/>[39m

      Name "":
      [36m<div[39m
        [33mclass[39m=[32m"skillItem"[39m
        [33mrole[39m=[32m"listitem"[39m
      [36m/>[39m

      Name "":
      [36m<div[39m
        [33mclass[39m=[32m"skillItem"[39m
        [33mrole[39m=[32m"listitem"[39m
      [36m/>[39m

      Name "":
      [36m<div[39m
        [33mclass[39m=[32m"skillItem"[39m
        [33mrole[39m=[32m"listitem"[39m
      [36m/>[39m

      Name "":
      [36m<div[39m
        [33mclass[39m=[32m"skillItem"[39m
        [33mrole[39m=[32m"listitem"[39m
      [36m/>[39m

      Name "":
      [36m<div[39m
        [33mclass[39m=[32m"skillItem"[39m
        [33mrole[39m=[32m"listitem"[39m
      [36m/>[39m

      Name "":
      [36m<div[39m
        [33mclass[39m=[32m"skillItem"[39m
        [33mrole[39m=[32m"listitem"[39m
      [36m/>[39m

      Name "":
      [36m<article[39m
        [33mclass[39m=[32m"timelineItem"[39m
        [33mrole[39m=[32m"listitem"[39m
      [36m/>[39m

      Name "":
      [36m<span[39m
        [33mclass[39m=[32m"techTag"[39m
        [33mrole[39m=[32m"listitem"[39m
      [36m/>[39m

      Name "":
      [36m<span[39m
        [33mclass[39m=[32m"techTag"[39m
        [33mrole[39m=[32m"listitem"[39m
      [36m/>[39m

      Name "":
      [36m<span[39m
        [33mclass[39m=[32m"techTag"[39m
        [33mrole[39m=[32m"listitem"[39m
      [36m/>[39m

      Name "":
      [36m<span[39m
        [33mclass[39m=[32m"techTag"[39m
        [33mrole[39m=[32m"listitem"[39m
      [36m/>[39m

      Name "":
      [36m<span[39m
        [33mclass[39m=[32m"techTag"[39m
        [33mrole[39m=[32m"listitem"[39m
      [36m/>[39m

      Name "":
      [36m<span[39m
        [33mclass[39m=[32m"techTag"[39m
        [33mrole[39m=[32m"listitem"[39m
      [36m/>[39m

      Name "":
      [36m<span[39m
        [33mclass[39m=[32m"techTag"[39m
        [33mrole[39m=[32m"listitem"[39m
      [36m/>[39m

      Name "":
      [36m<article[39m
        [33mclass[39m=[32m"timelineItem"[39m
        [33mrole[39m=[32m"listitem"[39m
      [36m/>[39m

      Name "":
      [36m<article[39m
        [33mclass[39m=[32m"timelineItem"[39m
        [33mrole[39m=[32m"listitem"[39m
      [36m/>[39m

      Name "":
      [36m<article[39m
        [33mclass[39m=[32m"timelineItem"[39m
        [33mrole[39m=[32m"listitem"[39m
      [36m/>[39m

      Name "":
      [36m<article[39m
        [33mclass[39m=[32m"timelineItem"[39m
        [33mrole[39m=[32m"listitem"[39m
      [36m/>[39m

      --------------------------------------------------
      article:

      Name "":
      [36m<article[39m
        [33mclass[39m=[32m"skillCategory"[39m
      [36m/>[39m

      Name "":
      [36m<article[39m
        [33mclass[39m=[32m"skillCategory"[39m
      [36m/>[39m

      Name "":
      [36m<article[39m
        [33mclass[39m=[32m"skillCategory"[39m
      [36m/>[39m

      --------------------------------------------------
      progressbar:

      Name "HTML5":
      [36m<div[39m
        [33maria-labelledby[39m=[32m"skill-language-html5"[39m
        [33maria-valuemax[39m=[32m"4"[39m
        [33maria-valuemin[39m=[32m"1"[39m
        [33maria-valuenow[39m=[32m"2"[39m
        [33maria-valuetext[39m=[32m"Intermediate level (50%)"[39m
        [33mclass[39m=[32m"skillMeter"[39m
        [33mrole[39m=[32m"progressbar"[39m
      [36m/>[39m

      Name "CSS3":
      [36m<div[39m
        [33maria-labelledby[39m=[32m"skill-language-css3"[39m
        [33maria-valuemax[39m=[32m"4"[39m
        [33maria-valuemin[39m=[32m"1"[39m
        [33maria-valuenow[39m=[32m"2"[39m
        [33maria-valuetext[39m=[32m"Intermediate level (50%)"[39m
        [33mclass[39m=[32m"skillMeter"[39m
        [33mrole[39m=[32m"progressbar"[39m
      [36m/>[39m

      Name "JavaScript":
      [36m<div[39m
        [33maria-labelledby[39m=[32m"skill-language-javascript"[39m
        [33maria-valuemax[39m=[32m"4"[39m
        [33maria-valuemin[39m=[32m"1"[39m
        [33maria-valuenow[39m=[32m"2"[39m
        [33maria-valuetext[39m=[32m"Intermediate level (50%)"[39m
        [33mclass[39m=[32m"skillMeter"[39m
        [33mrole[39m=[32m"progressbar"[39m
      [36m/>[39m

      Name "TypeScript":
      [36m<div[39m
        [33maria-labelledby[39m=[32m"skill-language-typescript"[39m
        [33maria-valuemax[39m=[32m"4"[39m
        [33maria-valuemin[39m=[32m"1"[39m
        [33maria-valuenow[39m=[32m"1"[39m
        [33maria-valuetext[39m=[32m"Beginner level (25%)"[39m
        [33mclass[39m=[32m"skillMeter"[39m
        [33mrole[39m=[32m"progressbar"[39m
      [36m/>[39m

      Name "React":
      [36m<div[39m
        [33maria-labelledby[39m=[32m"skill-framework-react"[39m
        [33maria-valuemax[39m=[32m"4"[39m
        [33maria-valuemin[39m=[32m"1"[39m
        [33maria-valuenow[39m=[32m"1"[39m
        [33maria-valuetext[39m=[32m"Beginner level (25%)"[39m
        [33mclass[39m=[32m"skillMeter"[39m
        [33mrole[39m=[32m"progressbar"[39m
      [36m/>[39m

      Name "Node.js":
      [36m<div[39m
        [33maria-labelledby[39m=[32m"skill-framework-node.js"[39m
        [33maria-valuemax[39m=[32m"4"[39m
        [33maria-valuemin[39m=[32m"1"[39m
        [33maria-valuenow[39m=[32m"1"[39m
        [33maria-valuetext[39m=[32m"Beginner level (25%)"[39m
        [33mclass[39m=[32m"skillMeter"[39m
        [33mrole[39m=[32m"progressbar"[39m
      [36m/>[39m

      Name "Bootstrap":
      [36m<div[39m
        [33maria-labelledby[39m=[32m"skill-framework-bootstrap"[39m
        [33maria-valuemax[39m=[32m"4"[39m
        [33maria-valuemin[39m=[32m"1"[39m
        [33maria-valuenow[39m=[32m"1"[39m
        [33maria-valuetext[39m=[32m"Beginner level (25%)"[39m
        [33mclass[39m=[32m"skillMeter"[39m
        [33mrole[39m=[32m"progressbar"[39m
      [36m/>[39m

      Name "Sass/SCSS":
      [36m<div[39m
        [33maria-labelledby[39m=[32m"skill-tool-sass/scss"[39m
        [33maria-valuemax[39m=[32m"4"[39m
        [33maria-valuemin[39m=[32m"1"[39m
        [33maria-valuenow[39m=[32m"1"[39m
        [33maria-valuetext[39m=[32m"Beginner level (25%)"[39m
        [33mclass[39m=[32m"skillMeter"[39m
        [33mrole[39m=[32m"progressbar"[39m
      [36m/>[39m

      Name "Git":
      [36m<div[39m
        [33maria-labelledby[39m=[32m"skill-tool-git"[39m
        [33maria-valuemax[39m=[32m"4"[39m
        [33maria-valuemin[39m=[32m"1"[39m
        [33maria-valuenow[39m=[32m"1"[39m
        [33maria-valuetext[39m=[32m"Beginner level (25%)"[39m
        [33mclass[39m=[32m"skillMeter"[39m
        [33mrole[39m=[32m"progressbar"[39m
      [36m/>[39m

      Name "VS Code":
      [36m<div[39m
        [33maria-labelledby[39m=[32m"skill-tool-vs-code"[39m
        [33maria-valuemax[39m=[32m"4"[39m
        [33maria-valuemin[39m=[32m"1"[39m
        [33maria-valuenow[39m=[32m"2"[39m
        [33maria-valuetext[39m=[32m"Intermediate level (50%)"[39m
        [33mclass[39m=[32m"skillMeter"[39m
        [33mrole[39m=[32m"progressbar"[39m
      [36m/>[39m

      Name "Chrome DevTools":
      [36m<div[39m
        [33maria-labelledby[39m=[32m"skill-tool-chrome-devtools"[39m
        [33maria-valuemax[39m=[32m"4"[39m
        [33maria-valuemin[39m=[32m"1"[39m
        [33maria-valuenow[39m=[32m"2"[39m
        [33maria-valuetext[39m=[32m"Intermediate level (50%)"[39m
        [33mclass[39m=[32m"skillMeter"[39m
        [33mrole[39m=[32m"progressbar"[39m
      [36m/>[39m

      Name "Responsive Design":
      [36m<div[39m
        [33maria-labelledby[39m=[32m"skill-tool-responsive-design"[39m
        [33maria-valuemax[39m=[32m"4"[39m
        [33maria-valuemin[39m=[32m"1"[39m
        [33maria-valuenow[39m=[32m"2"[39m
        [33maria-valuetext[39m=[32m"Intermediate level (50%)"[39m
        [33mclass[39m=[32m"skillMeter"[39m
        [33mrole[39m=[32m"progressbar"[39m
      [36m/>[39m

      --------------------------------------------------

    Ignored nodes: comments, script, style
    [36m<body>[39m
      [36m<div>[39m
        [36m<div[39m
          [33mclass[39m=[32m"bg-white"[39m
        [36m>[39m
          [36m<nav[39m
            [33mclass[39m=[32m"navbar-container fixed top-0 w-full z-50 transition-all duration-300 bg-gradient-to-b from-gray-900/90 to-transparent "[39m
          [36m>[39m
            [36m<div[39m
              [33mclass[39m=[32m"max-w-7xl mx-auto px-4 sm:px-6 lg:px-8"[39m
            [36m>[39m
              [36m<div[39m
                [33mclass[39m=[32m"flex justify-between items-center h-16"[39m
              [36m>[39m
                [36m<div[39m
                  [33mclass[39m=[32m"flex-shrink-0"[39m
                [36m>[39m
                  [36m<button[39m
                    [33mclass[39m=[32m"text-2xl font-bold bg-gradient-to-r from-blue-400 via-blue-500 to-blue-600 bg-clip-text text-transparent hover:opacity-80 transition-opacity"[39m
                  [36m>[39m
                    [0mNetsanet[0m
                  [36m</button>[39m
                [36m</div>[39m
                [36m<div[39m
                  [33mclass[39m=[32m"hidden md:flex items-center gap-8"[39m
                [36m>[39m
                  [36m<button[39m
                    [33mclass[39m=[32m"px-6 py-2 rounded-md text-sm font-medium transition-all duration-200 mx-2 text-white hover:text-blue-300 hover:bg-white/10"[39m
                  [36m>[39m
                    [0mHome[0m
                  [36m</button>[39m
                  [36m<button[39m
                    [33mclass[39m=[32m"px-6 py-2 rounded-md text-sm font-medium transition-all duration-200 mx-2 text-white hover:text-blue-300 hover:bg-white/10"[39m
                  [36m>[39m
                    [0mAbout[0m
                  [36m</button>[39m
                  [36m<button[39m
                    [33mclass[39m=[32m"px-6 py-2 rounded-md text-sm font-medium transition-all duration-200 mx-2 text-white hover:text-blue-300 hover:bg-white/10"[39m
                  [36m>[39m
                    [0mProjects[0m
                  [36m</button>[39m
                  [36m<button[39m
                    [33mclass[39m=[32m"px-6 py-2 rounded-md text-sm font-medium transition-all duration-200 mx-2 text-white hover:text-blue-300 hover:bg-white/10"[39m
                  [36m>[39m
                    [0mGallery[0m
                  [36m</button>[39m
                  [36m<button[39m
                    [33mclass[39m=[32m"px-6 py-2 rounded-md text-sm font-medium transition-all duration-200 mx-2 text-white hover:text-blue-300 hover:bg-white/10"[39m
                  [36m>[39m
                    [0mContact[0m
                  [36m</button>[39m
                [36m</div>[39m
                [36m<div[39m
                  [33mclass[39m=[32m"hidden md:flex items-center space-x-4"[39m
                [36m>[39m
                  [36m<form[39m
                    [33mclass[39m=[32m"flex items-center"[39m
                  [36m>[39m
                    [36m<input[39m
                      [33mclass[39m=[32m"px-4 py-2 rounded-lg text-sm transition-all bg-white/10 text-white placeholder-white/50 focus:outline-none focus:ring-2 focus:ring-blue-500"[39m
                      [33mplaceholder[39m=[32m"Search..."[39m
                      [33mtype[39m=[32m"text"[39m
                      [33mvalue[39m=[32m""[39m
                    [36m/>[39m
                    [36m<button[39m
                      [33mclass[39m=[32m"ml-2 px-4 py-2 rounded-lg font-medium transition-all bg-blue-500 text-white hover:bg-blue-600"[39m
                      [33mtype[39m=[32m"submit"[39m
                    [36m>[39m
                      [0mSearch[0m
                    [36m</button>[39m
                  [36m</form>[39m
                [36m</div>[39m
                [36m<div[39m
                  [33mclass[39m=[32m"md:hidden flex items-center space-x-2"[39m
                [36m>[39m
                  [36m<button[39m
                    [33mclass[39m=[32m"p-2 rounded-md transition-colors text-white hover:bg-white/10"[39m
                  [36m>[39m
                    [0m🔍[0m
                  [36m</button>[39m
                  [36m<button[39m
                    [33mclass[39m=[32m"p-2 rounded-md transition-colors text-white hover:bg-white/10"[39m
                  [36m>[39m
                    [36m<svg[39m
                      [33mclass[39m=[32m"h-6 w-6"[39m
                      [33mfill[39m=[32m"none"[39m
                      [33mstroke[39m=[32m"currentColor"[39m
                      [33mviewBox[39m=[32m"0 0 24 24"[39m
                    [36m>[39m
                      [36m<path[39m
                        [33md[39m=[32m"M4 6h16M4 12h16M4 18h16"[39m
                        [33mstroke-linecap[39m=[32m"round"[39m
                        [33mstroke-linejoin[39m=[32m"round"[39m
                        [33mstroke-width[39m=[32m"2"[39m
                      [36m/>[39m
                    [36m</svg>[39m
                  [36m</button>[39m
                [36m</div>[39m
              [36m</div>[39m
            [36m</div>[39m
          [36m</nav>[39m
          [36m<section[39m
            [33maria-labelledby[39m=[32m"hero-title"[39m
            [33mclass[39m=[32m"pt-32 pb-20 px-4 md:px-8 bg-gradient-to-b from-gray-900 via-gray-800 to-gray-900 min-h-screen flex items-center opacity-0 "[39m
            [33mid[39m=[32m"hero"[39m
            [33mrole[39m=[32m"main"[39m
          [36m>[39m
            [36m<div[39m
              [33mclass[39m=[32m"max-w-6xl mx-auto w-full"[39m
            [36m>[39m
              [36m<div[39m
                [33mclass[39m=[32m"grid grid-cols-1 md:grid-cols-2 gap-12 items-center"[39m
              [36m>[39m
                [36m<div[39m
                  [33mclass[39m=[32m"flex justify-center "[39m
                [36m>[39m
                  [36m<div[39m
                    [33mclass[39m=[32m"relative w-64 h-64 md:w-80 md:h-80"[39m
                  [36m>[39m
                    [36m<div[39m
                      [33mclass[39m=[32m"absolute inset-0 bg-gradient-to-r from-blue-400 to-blue-600 rounded-full blur-3xl opacity-40"[39m
                    [36m/>[39m
                    [36m<img[39m
                      [33malt[39m=[32m"Professional headshot of Netsanet, a full-stack developer"[39m
                      [33mclass[39m=[32m"relative w-full h-full object-cover rounded-full shadow-2xl border-4 border-blue-500/30 hover:border-blue-500/60 transition-all duration-300 animate-float"[39m
                      [33mloading[39m=[32m"eager"[39m
                      [33msrc[39m=[32m"./images/netsa.jpg"[39m
                    [36m/>[39m
                  [36m</div>[39m
                [36m</div>[39m
                [36m<div[39m
                  [33mclass[39m=[32m"text-center md:text-left "[39m
                [36m>[39m
                  [36m<div[39m
                    [33mclass[39m=[32m"mb-6"[39m
                  [36m>[39m
                    [36m<h2[39m
                      [33mclass[39m=[32m"text-lg md:text-xl font-semibold text-blue-400 mb-2 animate-wave"[39m
                    [36m>[39m
                      [0mHello, I'm[0m
                    [36m</h2>[39m
                    [36m<h1[39m
         ...

      244 |     
      245 |     // Desktop navigation should be visible
    > 246 |     const desktopNav = screen.getByRole('navigation', { name: /main navigation/i })
          |                               ^
      247 |     expect(desktopNav).toBeInTheDocument()
      248 |     
      249 |     // Mobile menu button should be present

      at Object.getElementError (node_modules/@testing-library/react/node_modules/@testing-library/dom/dist/config.js:37:19)
      at node_modules/@testing-library/react/node_modules/@testing-library/dom/dist/query-helpers.js:76:38
      at node_modules/@testing-library/react/node_modules/@testing-library/dom/dist/query-helpers.js:52:17
      at node_modules/@testing-library/react/node_modules/@testing-library/dom/dist/query-helpers.js:95:19
      at Object.<anonymous> (src/App.test.tsx:246:31)

  ● Portfolio Integration Tests › smooth scrolling navigation integration

    TestingLibraryElementError: Unable to find an accessible element with the role "button" and name `/navigate to about section/i`

    Here are the accessible roles:

      navigation:

      Name "":
      [36m<nav[39m
        [33mclass[39m=[32m"navbar-container fixed top-0 w-full z-50 transition-all duration-300 bg-gradient-to-b from-gray-900/90 to-transparent "[39m
      [36m/>[39m

      --------------------------------------------------
      button:

      Name "Netsanet":
      [36m<button[39m
        [33mclass[39m=[32m"text-2xl font-bold bg-gradient-to-r from-blue-400 via-blue-500 to-blue-600 bg-clip-text text-transparent hover:opacity-80 transition-opacity"[39m
      [36m/>[39m

      Name "Home":
      [36m<button[39m
        [33mclass[39m=[32m"px-6 py-2 rounded-md text-sm font-medium transition-all duration-200 mx-2 text-white hover:text-blue-300 hover:bg-white/10"[39m
      [36m/>[39m

      Name "About":
      [36m<button[39m
        [33mclass[39m=[32m"px-6 py-2 rounded-md text-sm font-medium transition-all duration-200 mx-2 text-white hover:text-blue-300 hover:bg-white/10"[39m
      [36m/>[39m

      Name "Projects":
      [36m<button[39m
        [33mclass[39m=[32m"px-6 py-2 rounded-md text-sm font-medium transition-all duration-200 mx-2 text-white hover:text-blue-300 hover:bg-white/10"[39m
      [36m/>[39m

      Name "Gallery":
      [36m<button[39m
        [33mclass[39m=[32m"px-6 py-2 rounded-md text-sm font-medium transition-all duration-200 mx-2 text-white hover:text-blue-300 hover:bg-white/10"[39m
      [36m/>[39m

      Name "Contact":
      [36m<button[39m
        [33mclass[39m=[32m"px-6 py-2 rounded-md text-sm font-medium transition-all duration-200 mx-2 text-white hover:text-blue-300 hover:bg-white/10"[39m
      [36m/>[39m

      Name "Search":
      [36m<button[39m
        [33mclass[39m=[32m"ml-2 px-4 py-2 rounded-lg font-medium transition-all bg-blue-500 text-white hover:bg-blue-600"[39m
        [33mtype[39m=[32m"submit"[39m
      [36m/>[39m

      Name "🔍":
      [36m<button[39m
        [33mclass[39m=[32m"p-2 rounded-md transition-colors text-white hover:bg-white/10"[39m
      [36m/>[39m

      Name "":
      [36m<button[39m
        [33mclass[39m=[32m"p-2 rounded-md transition-colors text-white hover:bg-white/10"[39m
      [36m/>[39m

      Name "View My Work":
      [36m<button[39m
        [33mclass[39m=[32m"px-8 py-3 bg-gradient-to-r from-blue-500 to-blue-600 text-white font-semibold rounded-lg hover:from-blue-600 hover:to-blue-700 transition-all transform hover:scale-105 hover:shadow-lg"[39m
      [36m/>[39m

      Name "Get In Touch":
      [36m<button[39m
        [33mclass[39m=[32m"px-8 py-3 border-2 border-blue-400 text-blue-400 font-semibold rounded-lg hover:bg-blue-400/10 transition-all transform hover:scale-105"[39m
      [36m/>[39m

      Name "All":
      [36m<button[39m
        [33maria-pressed[39m=[32m"true"[39m
        [33mclass[39m=[32m"filterButton active"[39m
        [33mtype[39m=[32m"button"[39m
      [36m/>[39m

      Name "Full Stack":
      [36m<button[39m
        [33maria-pressed[39m=[32m"false"[39m
        [33mclass[39m=[32m"filterButton "[39m
        [33mtype[39m=[32m"button"[39m
      [36m/>[39m

      Name "View details for High School Management System project":
      [36m<article[39m
        [33maria-label[39m=[32m"View details for High School Management System project"[39m
        [33mclass[39m=[32m"projectCard"[39m
        [33mrole[39m=[32m"button"[39m
        [33mtabindex[39m=[32m"0"[39m
      [36m/>[39m

      Name "▶ View Certifications (8)":
      [36m<button[39m
        [33maria-controls[39m=[32m"certifications-content"[39m
        [33maria-expanded[39m=[32m"false"[39m
        [33mclass[39m=[32m"toggleButton"[39m
      [36m/>[39m

      Name "View Professional portrait in gray hoodie in full size":
      [36m<div[39m
        [33maria-label[39m=[32m"View Professional portrait in gray hoodie in full size"[39m
        [33mclass[39m=[32m"imageCard "[39m
        [33mrole[39m=[32m"button"[39m
        [33mtabindex[39m=[32m"0"[39m
      [36m/>[39m

      Name "View Professional portrait in yellow shirt in full size":
      [36m<div[39m
        [33maria-label[39m=[32m"View Professional portrait in yellow shirt in full size"[39m
        [33mclass[39m=[32m"imageCard "[39m
        [33mrole[39m=[32m"button"[39m
        [33mtabindex[39m=[32m"0"[39m
      [36m/>[39m

      Name "View Professional portrait with thoughtful pose in full size":
      [36m<div[39m
        [33maria-label[39m=[32m"View Professional portrait with thoughtful pose in full size"[39m
        [33mclass[39m=[32m"imageCard "[39m
        [33mrole[39m=[32m"button"[39m
        [33mtabindex[39m=[32m"0"[39m
      [36m/>[39m

      Name "View Professional portrait in yellow striped shirt in full size":
      [36m<div[39m
        [33maria-label[39m=[32m"View Professional portrait in yellow striped shirt in full size"[39m
        [33mclass[39m=[32m"imageCard "[39m
        [33mrole[39m=[32m"button"[39m
        [33mtabindex[39m=[32m"0"[39m
      [36m/>[39m

      Name "View Professional portrait on phone call in full size":
      [36m<div[39m
        [33maria-label[39m=[32m"View Professional portrait on phone call in full size"[39m
        [33mclass[39m=[32m"imageCard "[39m
        [33mrole[39m=[32m"button"[39m
        [33mtabindex[39m=[32m"0"[39m
      [36m/>[39m

      Name "View Developer portrait with creative background in full size":
      [36m<div[39m
        [33maria-label[39m=[32m"View Developer portrait with creative background in full size"[39m
        [33mclass[39m=[32m"imageCard "[39m
        [33mrole[39m=[32m"button"[39m
        [33mtabindex[39m=[32m"0"[39m
      [36m/>[39m

      Name "Send Message":
      [36m<button[39m
        [33mclass[39m=[32m"submitButton "[39m
        [33mtype[39m=[32m"submit"[39m
      [36m/>[39m

      --------------------------------------------------
      textbox:

      Name "":
      [36m<input[39m
        [33mclass[39m=[32m"px-4 py-2 rounded-lg text-sm transition-all bg-white/10 text-white placeholder-white/50 focus:outline-none focus:ring-2 focus:ring-blue-500"[39m
        [33mplaceholder[39m=[32m"Search..."[39m
        [33mtype[39m=[32m"text"[39m
        [33mvalue[39m=[32m""[39m
      [36m/>[39m

      Name "Name *":
      [36m<input[39m
        [33mclass[39m=[32m"input "[39m
        [33mid[39m=[32m"name"[39m
        [33mplaceholder[39m=[32m"Your full name"[39m
        [33mrequired[39m=[32m""[39m
        [33mtype[39m=[32m"text"[39m
        [33mvalue[39m=[32m""[39m
      [36m/>[39m

      Name "Email *":
      [36m<input[39m
        [33mclass[39m=[32m"input "[39m
        [33mid[39m=[32m"email"[39m
        [33mplaceholder[39m=[32m"your.email@example.com"[39m
        [33mrequired[39m=[32m""[39m
        [33mtype[39m=[32m"email"[39m
        [33mvalue[39m=[32m""[39m
      [36m/>[39m

      Name "Subject *":
      [36m<input[39m
        [33mclass[39m=[32m"input "[39m
        [33mid[39m=[32m"subject"[39m
        [33mplaceholder[39m=[32m"What's this about?"[39m
        [33mrequired[39m=[32m""[39m
        [33mtype[39m=[32m"text"[39m
        [33mvalue[39m=[32m""[39m
      [36m/>[39m

      Name "Message *":
      [36m<textarea[39m
        [33mclass[39m=[32m"textarea "[39m
        [33mid[39m=[32m"message"[39m
        [33mplaceholder[39m=[32m"Tell me about your project or opportunity..."[39m
        [33mrequired[39m=[32m""[39m
        [33mrows[39m=[32m"6"[39m
      [36m/>[39m

      --------------------------------------------------
      main:

      Name "Netsanet Worku":
      [36m<section[39m
        [33maria-labelledby[39m=[32m"hero-title"[39m
        [33mclass[39m=[32m"pt-32 pb-20 px-4 md:px-8 bg-gradient-to-b from-gray-900 via-gray-800 to-gray-900 min-h-screen flex items-center opacity-0 "[39m
        [33mid[39m=[32m"hero"[39m
        [33mrole[39m=[32m"main"[39m
      [36m/>[39m

      --------------------------------------------------
      img:

      Name "Professional headshot of Netsanet, a full-stack developer":
      [36m<img[39m
        [33malt[39m=[32m"Professional headshot of Netsanet, a full-stack developer"[39m
        [33mclass[39m=[32m"relative w-full h-full object-cover rounded-full shadow-2xl border-4 border-blue-500/30 hover:border-blue-500/60 transition-all duration-300 animate-float"[39m
        [33mloading[39m=[32m"eager"[39m
        [33msrc[39m=[32m"./images/netsa.jpg"[39m
      [36m/>[39m

      Name "Screenshot of High School Management System project showing the main interface":
      [36m<img[39m
        [33malt[39m=[32m"Screenshot of High School Management System project showing the main interface"[39m
        [33mclass[39m=[32m"thumbnail"[39m
        [33mloading[39m=[32m"lazy"[39m
        [33msrc[39m=[32m"./images/developer-photo.jpg"[39m
      [36m/>[39m

      Name "Professional portrait in gray hoodie":
      [36m<img[39m
        [33malt[39m=[32m"Professional portrait in gray hoodie"[39m
        [33mclass[39m=[32m"image"[39m
        [33mloading[39m=[32m"lazy"[39m
        [33msrc[39m=[32m"./images/photo_2026-01-13_17-27-43.jpg"[39m
      [36m/>[39m

      Name "Professional portrait in yellow shirt":
      [36m<img[39m
        [33malt[39m=[32m"Professional portrait in yellow shirt"[39m
        [33mclass[39m=[32m"image"[39m
        [33mloading[39m=[32m"lazy"[39m
        [33msrc[39m=[32m"./images/netsa.jpg"[39m
      [36m/>[39m

      Name "Professional portrait with thoughtful pose":
      [36m<img[39m
        [33malt[39m=[32m"Professional portrait with thoughtful pose"[39m
        [33mclass[39m=[32m"image"[39m
        [33mloading[39m=[32m"lazy"[39m
        [33msrc[39m=[32m"./images/profile-1.jpg"[39m
      [36m/>[39m

      Name "Professional portrait in yellow striped shirt":
      [36m<img[39m
        [33malt[39m=[32m"Professional portrait in yellow striped shirt"[39m
        [33mclass[39m=[32m"image"[39m
        [33mloading[39m=[32m"lazy"[39m
        [33msrc[39m=[32m"./images/profile-2.jpg"[39m
      [36m/>[39m

      Name "Professional portrait on phone call":
      [36m<img[39m
        [33malt[39m=[32m"Professional portrait on phone call"[39m
        [33mclass[39m=[32m"image"[39m
        [33mloading[39m=[32m"lazy"[39m
        [33msrc[39m=[32m"./images/profile-3.jpg"[39m
      [36m/>[39m

      Name "Developer portrait with creative background":
      [36m<img[39m
        [33malt[39m=[32m"Developer portrait with creative background"[39m
        [33mclass[39m=[32m"image"[39m
        [33mloading[39m=[32m"lazy"[39m
        [33msrc[39m=[32m"./images/developer-photo.jpg"[39m
      [36m/>[39m

      --------------------------------------------------
      heading:

      Name "Hello, I'm":
      [36m<h2[39m
        [33mclass[39m=[32m"text-lg md:text-xl font-semibold text-blue-400 mb-2 animate-wave"[39m
      [36m/>[39m

      Name "Netsanet Worku":
      [36m<h1[39m
        [33mclass[39m=[32m"text-4xl md:text-6xl font-bold mb-4 animated-name glow"[39m
        [33mid[39m=[32m"hero-title"[39m
      [36m/>[39m

      Name "Computer Science Student & Web Developer":
      [36m<h2[39m
        [33mclass[39m=[32m"text-xl md:text-2xl font-semibold text-gray-300 mb-6"[39m
      [36m/>[39m

      Name "About Me":
      [36m<h2[39m
        [33mclass[39m=[32m"text-4xl font-bold text-center mb-8 animated-name glow"[39m
      [36m/>[39m

      Name "Featured Projects":
      [36m<h2[39m
        [33mclass[39m=[32m"title"[39m
        [33mid[39m=[32m"projects-title"[39m
      [36m/>[39m

      Name "Project Filters":
      [36m<h3[39m
        [33mclass[39m=[32m"sr-only"[39m
        [33mid[39m=[32m"filter-controls-label"[39m
      [36m/>[39m

      Name "High School Management System":
      [36m<h3[39m
        [33mclass[39m=[32m"title"[39m
      [36m/>[39m

      Name "Skills & Technologies":
      [36m<h2[39m
        [33mclass[39m=[32m"title"[39m
        [33mid[39m=[32m"skills-title"[39m
      [36m/>[39m

      Name "Programming Languages":
      [36m<h3[39m
        [33mclass[39m=[32m"categoryTitle"[39m
      [36m/>[39m

      Name "Frameworks & Libraries":
      [36m<h3[39m
        [33mclass[39m=[32m"categoryTitle"[39m
      [36m/>[39m

      Name "Tools & Technologies":
      [36m<h3[39m
        [33mclass[39m=[32m"categoryTitle"[39m
      [36m/>[39m

      Name "Experience & Education":
      [36m<h2[39m
        [33mclass[39m=[32m"title"[39m
        [33mid[39m=[32m"experience-title"[39m
      [36m/>[39m

      Name "Work Experience":
      [36m<h3[39m
        [33mclass[39m=[32m"sectionTitle"[39m
        [33mid[39m=[32m"work-experience-title"[39m
      [36m/>[39m

      Name "Web Development Student":
      [36m<h4[39m
        [33mclass[39m=[32m"position"[39m
      [36m/>[39m

      Name "Self-Learning & Personal Projects":
      [36m<h5[39m
        [33mclass[39m=[32m"company"[39m
      [36m/>[39m

      Name "Education":
      [36m<h3[39m
        [33mclass[39m=[32m"sectionTitle"[39m
        [33mid[39m=[32m"education-title"[39m
      [36m/>[39m

      Name "Bachelor of Science in Computer Science":
      [36m<h4[39m
        [33mclass[39m=[32m"degree"[39m
      [36m/>[39m

      Name "Madda Walabu University":
      [36m<h5[39m
        [33mclass[39m=[32m"institution"[39m
      [36m/>[39m

      Name "High School Diploma":
      [36m<h4[39m
        [33mclass[39m=[32m"degree"[39m
      [36m/>[39m

      Name "Asela Oda High School":
      [36m<h5[39m
        [33mclass[39m=[32m"institution"[39m
      [36m/>[39m

      Name "Elementary Education":
      [36m<h4[39m
        [33mclass[39m=[32m"degree"[39m
      [36m/>[39m

      Name "Tereta Elementary School":
      [36m<h5[39m
        [33mclass[39m=[32m"institution"[39m
      [36m/>[39m

      Name "Web Development":
      [36m<h4[39m
        [33mclass[39m=[32m"degree"[39m
      [36m/>[39m

      Name "Self-Taught Web Developer":
      [36m<h5[39m
        [33mclass[39m=[32m"institution"[39m
      [36m/>[39m

      Name "Certifications":
      [36m<h3[39m
        [33mclass[39m=[32m"sectionTitle"[39m
        [33mid[39m=[32m"certifications-title"[39m
      [36m/>[39m

      Name "Photo Gallery":
      [36m<h2[39m
        [33mclass[39m=[32m"title"[39m
      [36m/>[39m

      Name "Contact":
      [36m<h2 />[39m

      Name "Get In Touch":
      [36m<h3 />[39m

      --------------------------------------------------
      link:

      Name "📱":
      [36m<a[39m
        [33mclass[39m=[32m"w-10 h-10 flex items-center justify-center rounded-full bg-gray-700 hover:bg-blue-500 transition-all transform hover:scale-110"[39m
        [33mhref[39m=[32m"https://tiktok.com/@netsanet.worku"[39m
        [33mrel[39m=[32m"noopener noreferrer"[39m
        [33mtarget[39m=[32m"_blank"[39m
        [33mtitle[39m=[32m"TikTok"[39m
      [36m/>[39m

      Name "✈️":
      [36m<a[39m
        [33mclass[39m=[32m"w-10 h-10 flex items-center justify-center rounded-full bg-gray-700 hover:bg-blue-500 transition-all transform hover:scale-110"[39m
        [33mhref[39m=[32m"https://t.me/Abi_yam21"[39m
        [33mrel[39m=[32m"noopener noreferrer"[39m
        [33mtarget[39m=[32m"_blank"[39m
        [33mtitle[39m=[32m"Telegram"[39m
      [36m/>[39m

      Name "💻":
      [36m<a[39m
        [33mclass[39m=[32m"w-10 h-10 flex items-center justify-center rounded-full bg-gray-700 hover:bg-blue-500 transition-all transform hover:scale-110"[39m
        [33mhref[39m=[32m"https://github.com/NetsanetWorku"[39m
        [33mrel[39m=[32m"noopener noreferrer"[39m
        [33mtarget[39m=[32m"_blank"[39m
        [33mtitle[39m=[32m"GitHub"[39m
      [36m/>[39m

      Name "workunetsanet143@gmail.com":
      [36m<a[39m
        [33mclass[39m=[32m"contactLink"[39m
        [33mhref[39m=[32m"mailto:workunetsanet143@gmail.com"[39m
      [36m/>[39m

      Name "+251 936 116 761":
      [36m<a[39m
        [33mclass[39m=[32m"contactLink"[39m
        [33mhref[39m=[32m"tel:+251936116761"[39m
      [36m/>[39m

      Name "TikTok Profile":
      [36m<a[39m
        [33maria-label[39m=[32m"TikTok Profile"[39m
        [33mclass[39m=[32m"socialLink"[39m
        [33mhref[39m=[32m"https://tiktok.com/@netsanet.worku"[39m
        [33mrel[39m=[32m"noopener noreferrer"[39m
        [33mtarget[39m=[32m"_blank"[39m
      [36m/>[39m

      Name "YouTube Channel":
      [36m<a[39m
        [33maria-label[39m=[32m"YouTube Channel"[39m
        [33mclass[39m=[32m"socialLink"[39m
        [33mhref[39m=[32m"https://youtube.com/@Netsalove"[39m
        [33mrel[39m=[32m"noopener noreferrer"[39m
        [33mtarget[39m=[32m"_blank"[39m
      [36m/>[39m

      Name "Telegram Profile":
      [36m<a[39m
        [33maria-label[39m=[32m"Telegram Profile"[39m
        [33mclass[39m=[32m"socialLink"[39m
        [33mhref[39m=[32m"https://t.me/Abi_yam21"[39m
        [33mrel[39m=[32m"noopener noreferrer"[39m
        [33mtarget[39m=[32m"_blank"[39m
      [36m/>[39m

      Name "GitHub Profile":
      [36m<a[39m
        [33maria-label[39m=[32m"GitHub Profile"[39m
        [33mclass[39m=[32m"socialLink"[39m
        [33mhref[39m=[32m"https://github.com/netsanet"[39m
        [33mrel[39m=[32m"noopener noreferrer"[39m
        [33mtarget[39m=[32m"_blank"[39m
      [36m/>[39m

      Name "LinkedIn Profile":
      [36m<a[39m
        [33maria-label[39m=[32m"LinkedIn Profile"[39m
        [33mclass[39m=[32m"socialLink"[39m
        [33mhref[39m=[32m"https://linkedin.com/in/netsanet"[39m
        [33mrel[39m=[32m"noopener noreferrer"[39m
        [33mtarget[39m=[32m"_blank"[39m
      [36m/>[39m

      --------------------------------------------------
      region:

      Name "Featured Projects":
      [36m<section[39m
        [33maria-labelledby[39m=[32m"projects-title"[39m
        [33mclass[39m=[32m"projects"[39m
        [33mid[39m=[32m"projects"[39m
      [36m/>[39m

      Name "Skills & Technologies":
      [36m<section[39m
        [33maria-labelledby[39m=[32m"skills-title"[39m
        [33mclass[39m=[32m"skills"[39m
        [33mid[39m=[32m"skills"[39m
      [36m/>[39m

      Name "Skills organized by category":
      [36m<div[39m
        [33maria-label[39m=[32m"Skills organized by category"[39m
        [33mclass[39m=[32m"skillsGrid"[39m
        [33mrole[39m=[32m"region"[39m
      [36m/>[39m

      Name "Experience & Education":
      [36m<section[39m
        [33maria-labelledby[39m=[32m"experience-title"[39m
        [33mclass[39m=[32m"experience"[39m
        [33mid[39m=[32m"experience"[39m
      [36m/>[39m

      Name "Work Experience":
      [36m<section[39m
        [33maria-labelledby[39m=[32m"work-experience-title"[39m
        [33mclass[39m=[32m"section"[39m
      [36m/>[39m

      Name "Education":
      [36m<section[39m
        [33maria-labelledby[39m=[32m"education-title"[39m
        [33mclass[39m=[32m"section"[39m
      [36m/>[39m

      Name "Certifications":
      [36m<section[39m
        [33maria-labelledby[39m=[32m"certifications-title"[39m
        [33mclass[39m=[32m"section"[39m
      [36m/>[39m

      --------------------------------------------------
      banner:

      Name "":
      [36m<header />[39m

      Name "":
      [36m<header />[39m

      Name "":
      [36m<header />[39m

      Name "":
      [36m<header />[39m

      Name "":
      [36m<header />[39m

      Name "":
      [36m<header />[39m

      Name "":
      [36m<header />[39m

      Name "":
      [36m<header />[39m

      Name "":
      [36m<header[39m
        [33mclass[39m=[32m"itemHeader"[39m
      [36m/>[39m

      Name "":
      [36m<header />[39m

      Name "":
      [36m<header[39m
        [33mclass[39m=[32m"itemHeader"[39m
      [36m/>[39m

      Name "":
      [36m<header[39m
        [33mclass[39m=[32m"itemHeader"[39m
      [36m/>[39m

      Name "":
      [36m<header[39m
        [33mclass[39m=[32m"itemHeader"[39m
      [36m/>[39m

      Name "":
      [36m<header[39m
        [33mclass[39m=[32m"itemHeader"[39m
      [36m/>[39m

      Name "":
      [36m<header />[39m

      --------------------------------------------------
      group:

      Name "Project Filters":
      [36m<div[39m
        [33maria-labelledby[39m=[32m"filter-controls-label"[39m
        [33mclass[39m=[32m"filterControls"[39m
        [33mrole[39m=[32m"group"[39m
      [36m/>[39m

      Name "Filter projects by category":
      [36m<div[39m
        [33maria-label[39m=[32m"Filter projects by category"[39m
        [33mclass[39m=[32m"filterButtons"[39m
        [33mid[39m=[32m"filter-buttons"[39m
        [33mrole[39m=[32m"group"[39m
      [36m/>[39m

      --------------------------------------------------
      tablist:

      Name "Filter type selection":
      [36m<div[39m
        [33maria-label[39m=[32m"Filter type selection"[39m
        [33mclass[39m=[32m"filterTypeToggle"[39m
        [33mrole[39m=[32m"tablist"[39m
      [36m/>[39m

      --------------------------------------------------
      tab:

      Name "By Category":
      [36m<button[39m
        [33maria-controls[39m=[32m"filter-buttons"[39m
        [33maria-selected[39m=[32m"true"[39m
        [33mclass[39m=[32m"toggleButton active"[39m
        [33mrole[39m=[32m"tab"[39m
        [33mtype[39m=[32m"button"[39m
      [36m/>[39m

      Name "By Technology":
      [36m<button[39m
        [33maria-controls[39m=[32m"filter-buttons"[39m
        [33maria-selected[39m=[32m"false"[39m
        [33mclass[39m=[32m"toggleButton "[39m
        [33mrole[39m=[32m"tab"[39m
        [33mtype[39m=[32m"button"[39m
      [36m/>[39m

      --------------------------------------------------
      grid:

      Name "Projects showcase":
      [36m<div[39m
        [33maria-atomic[39m=[32m"false"[39m
        [33maria-label[39m=[32m"Projects showcase"[39m
        [33maria-live[39m=[32m"polite"[39m
        [33mclass[39m=[32m"projectsGrid"[39m
        [33mrole[39m=[32m"grid"[39m
      [36m/>[39m

      --------------------------------------------------
      gridcell:

      Name "Screenshot of High School Management System project showing the main interface Featured project High School Management System A comprehensive web-based management system designed for high schools to streamline administrative tasks and improve com... Technologies used Project category: Full Stack":
      [36m<div[39m
        [33mrole[39m=[32m"gridcell"[39m
      [36m/>[39m

      --------------------------------------------------
      list:

      Name "Technologies used":
      [36m<div[39m
        [33maria-label[39m=[32m"Technologies used"[39m
        [33mclass[39m=[32m"technologies"[39m
        [33mrole[39m=[32m"list"[39m
      [36m/>[39m

      Name "":
      [36m<div[39m
        [33mclass[39m=[32m"skillsList"[39m
        [33mrole[39m=[32m"list"[39m
      [36m/>[39m

      Name "":
      [36m<div[39m
        [33mclass[39m=[32m"skillsList"[39m
        [33mrole[39m=[32m"list"[39m
      [36m/>[39m

      Name "":
      [36m<div[39m
        [33mclass[39m=[32m"skillsList"[39m
        [33mrole[39m=[32m"list"[39m
      [36m/>[39m

      Name "Work experience timeline":
      [36m<div[39m
        [33maria-label[39m=[32m"Work experience timeline"[39m
        [33mclass[39m=[32m"timeline"[39m
        [33mrole[39m=[32m"list"[39m
      [36m/>[39m

      Name "Technologies used":
      [36m<div[39m
        [33maria-label[39m=[32m"Technologies used"[39m
        [33mclass[39m=[32m"technologies"[39m
        [33mrole[39m=[32m"list"[39m
      [36m/>[39m

      Name "Education timeline":
      [36m<div[39m
        [33maria-label[39m=[32m"Education timeline"[39m
        [33mclass[39m=[32m"timeline"[39m
        [33mrole[39m=[32m"list"[39m
      [36m/>[39m

      --------------------------------------------------
      listitem:

      Name "":
      [36m<span[39m
        [33mclass[39m=[32m"techTag"[39m
        [33mrole[39m=[32m"listitem"[39m
      [36m/>[39m

      Name "":
      [36m<span[39m
        [33mclass[39m=[32m"techTag"[39m
        [33mrole[39m=[32m"listitem"[39m
      [36m/>[39m

      Name "":
      [36m<span[39m
        [33mclass[39m=[32m"techTag"[39m
        [33mrole[39m=[32m"listitem"[39m
      [36m/>[39m

      Name "":
      [36m<span[39m
        [33mclass[39m=[32m"techTag"[39m
        [33mrole[39m=[32m"listitem"[39m
      [36m/>[39m

      Name "":
      [36m<div[39m
        [33mclass[39m=[32m"skillItem"[39m
        [33mrole[39m=[32m"listitem"[39m
      [36m/>[39m

      Name "":
      [36m<div[39m
        [33mclass[39m=[32m"skillItem"[39m
        [33mrole[39m=[32m"listitem"[39m
      [36m/>[39m

      Name "":
      [36m<div[39m
        [33mclass[39m=[32m"skillItem"[39m
        [33mrole[39m=[32m"listitem"[39m
      [36m/>[39m

      Name "":
      [36m<div[39m
        [33mclass[39m=[32m"skillItem"[39m
        [33mrole[39m=[32m"listitem"[39m
      [36m/>[39m

      Name "":
      [36m<div[39m
        [33mclass[39m=[32m"skillItem"[39m
        [33mrole[39m=[32m"listitem"[39m
      [36m/>[39m

      Name "":
      [36m<div[39m
        [33mclass[39m=[32m"skillItem"[39m
        [33mrole[39m=[32m"listitem"[39m
      [36m/>[39m

      Name "":
      [36m<div[39m
        [33mclass[39m=[32m"skillItem"[39m
        [33mrole[39m=[32m"listitem"[39m
      [36m/>[39m

      Name "":
      [36m<div[39m
        [33mclass[39m=[32m"skillItem"[39m
        [33mrole[39m=[32m"listitem"[39m
      [36m/>[39m

      Name "":
      [36m<div[39m
        [33mclass[39m=[32m"skillItem"[39m
        [33mrole[39m=[32m"listitem"[39m
      [36m/>[39m

      Name "":
      [36m<div[39m
        [33mclass[39m=[32m"skillItem"[39m
        [33mrole[39m=[32m"listitem"[39m
      [36m/>[39m

      Name "":
      [36m<div[39m
        [33mclass[39m=[32m"skillItem"[39m
        [33mrole[39m=[32m"listitem"[39m
      [36m/>[39m

      Name "":
      [36m<div[39m
        [33mclass[39m=[32m"skillItem"[39m
        [33mrole[39m=[32m"listitem"[39m
      [36m/>[39m

      Name "":
      [36m<article[39m
        [33mclass[39m=[32m"timelineItem"[39m
        [33mrole[39m=[32m"listitem"[39m
      [36m/>[39m

      Name "":
      [36m<span[39m
        [33mclass[39m=[32m"techTag"[39m
        [33mrole[39m=[32m"listitem"[39m
      [36m/>[39m

      Name "":
      [36m<span[39m
        [33mclass[39m=[32m"techTag"[39m
        [33mrole[39m=[32m"listitem"[39m
      [36m/>[39m

      Name "":
      [36m<span[39m
        [33mclass[39m=[32m"techTag"[39m
        [33mrole[39m=[32m"listitem"[39m
      [36m/>[39m

      Name "":
      [36m<span[39m
        [33mclass[39m=[32m"techTag"[39m
        [33mrole[39m=[32m"listitem"[39m
      [36m/>[39m

      Name "":
      [36m<span[39m
        [33mclass[39m=[32m"techTag"[39m
        [33mrole[39m=[32m"listitem"[39m
      [36m/>[39m

      Name "":
      [36m<span[39m
        [33mclass[39m=[32m"techTag"[39m
        [33mrole[39m=[32m"listitem"[39m
      [36m/>[39m

      Name "":
      [36m<span[39m
        [33mclass[39m=[32m"techTag"[39m
        [33mrole[39m=[32m"listitem"[39m
      [36m/>[39m

      Name "":
      [36m<article[39m
        [33mclass[39m=[32m"timelineItem"[39m
        [33mrole[39m=[32m"listitem"[39m
      [36m/>[39m

      Name "":
      [36m<article[39m
        [33mclass[39m=[32m"timelineItem"[39m
        [33mrole[39m=[32m"listitem"[39m
      [36m/>[39m

      Name "":
      [36m<article[39m
        [33mclass[39m=[32m"timelineItem"[39m
        [33mrole[39m=[32m"listitem"[39m
      [36m/>[39m

      Name "":
      [36m<article[39m
        [33mclass[39m=[32m"timelineItem"[39m
        [33mrole[39m=[32m"listitem"[39m
      [36m/>[39m

      --------------------------------------------------
      article:

      Name "":
      [36m<article[39m
        [33mclass[39m=[32m"skillCategory"[39m
      [36m/>[39m

      Name "":
      [36m<article[39m
        [33mclass[39m=[32m"skillCategory"[39m
      [36m/>[39m

      Name "":
      [36m<article[39m
        [33mclass[39m=[32m"skillCategory"[39m
      [36m/>[39m

      --------------------------------------------------
      progressbar:

      Name "HTML5":
      [36m<div[39m
        [33maria-labelledby[39m=[32m"skill-language-html5"[39m
        [33maria-valuemax[39m=[32m"4"[39m
        [33maria-valuemin[39m=[32m"1"[39m
        [33maria-valuenow[39m=[32m"2"[39m
        [33maria-valuetext[39m=[32m"Intermediate level (50%)"[39m
        [33mclass[39m=[32m"skillMeter"[39m
        [33mrole[39m=[32m"progressbar"[39m
      [36m/>[39m

      Name "CSS3":
      [36m<div[39m
        [33maria-labelledby[39m=[32m"skill-language-css3"[39m
        [33maria-valuemax[39m=[32m"4"[39m
        [33maria-valuemin[39m=[32m"1"[39m
        [33maria-valuenow[39m=[32m"2"[39m
        [33maria-valuetext[39m=[32m"Intermediate level (50%)"[39m
        [33mclass[39m=[32m"skillMeter"[39m
        [33mrole[39m=[32m"progressbar"[39m
      [36m/>[39m

      Name "JavaScript":
      [36m<div[39m
        [33maria-labelledby[39m=[32m"skill-language-javascript"[39m
        [33maria-valuemax[39m=[32m"4"[39m
        [33maria-valuemin[39m=[32m"1"[39m
        [33maria-valuenow[39m=[32m"2"[39m
        [33maria-valuetext[39m=[32m"Intermediate level (50%)"[39m
        [33mclass[39m=[32m"skillMeter"[39m
        [33mrole[39m=[32m"progressbar"[39m
      [36m/>[39m

      Name "TypeScript":
      [36m<div[39m
        [33maria-labelledby[39m=[32m"skill-language-typescript"[39m
        [33maria-valuemax[39m=[32m"4"[39m
        [33maria-valuemin[39m=[32m"1"[39m
        [33maria-valuenow[39m=[32m"1"[39m
        [33maria-valuetext[39m=[32m"Beginner level (25%)"[39m
        [33mclass[39m=[32m"skillMeter"[39m
        [33mrole[39m=[32m"progressbar"[39m
      [36m/>[39m

      Name "React":
      [36m<div[39m
        [33maria-labelledby[39m=[32m"skill-framework-react"[39m
        [33maria-valuemax[39m=[32m"4"[39m
        [33maria-valuemin[39m=[32m"1"[39m
        [33maria-valuenow[39m=[32m"1"[39m
        [33maria-valuetext[39m=[32m"Beginner level (25%)"[39m
        [33mclass[39m=[32m"skillMeter"[39m
        [33mrole[39m=[32m"progressbar"[39m
      [36m/>[39m

      Name "Node.js":
      [36m<div[39m
        [33maria-labelledby[39m=[32m"skill-framework-node.js"[39m
        [33maria-valuemax[39m=[32m"4"[39m
        [33maria-valuemin[39m=[32m"1"[39m
        [33maria-valuenow[39m=[32m"1"[39m
        [33maria-valuetext[39m=[32m"Beginner level (25%)"[39m
        [33mclass[39m=[32m"skillMeter"[39m
        [33mrole[39m=[32m"progressbar"[39m
      [36m/>[39m

      Name "Bootstrap":
      [36m<div[39m
        [33maria-labelledby[39m=[32m"skill-framework-bootstrap"[39m
        [33maria-valuemax[39m=[32m"4"[39m
        [33maria-valuemin[39m=[32m"1"[39m
        [33maria-valuenow[39m=[32m"1"[39m
        [33maria-valuetext[39m=[32m"Beginner level (25%)"[39m
        [33mclass[39m=[32m"skillMeter"[39m
        [33mrole[39m=[32m"progressbar"[39m
      [36m/>[39m

      Name "Sass/SCSS":
      [36m<div[39m
        [33maria-labelledby[39m=[32m"skill-tool-sass/scss"[39m
        [33maria-valuemax[39m=[32m"4"[39m
        [33maria-valuemin[39m=[32m"1"[39m
        [33maria-valuenow[39m=[32m"1"[39m
        [33maria-valuetext[39m=[32m"Beginner level (25%)"[39m
        [33mclass[39m=[32m"skillMeter"[39m
        [33mrole[39m=[32m"progressbar"[39m
      [36m/>[39m

      Name "Git":
      [36m<div[39m
        [33maria-labelledby[39m=[32m"skill-tool-git"[39m
        [33maria-valuemax[39m=[32m"4"[39m
        [33maria-valuemin[39m=[32m"1"[39m
        [33maria-valuenow[39m=[32m"1"[39m
        [33maria-valuetext[39m=[32m"Beginner level (25%)"[39m
        [33mclass[39m=[32m"skillMeter"[39m
        [33mrole[39m=[32m"progressbar"[39m
      [36m/>[39m

      Name "VS Code":
      [36m<div[39m
        [33maria-labelledby[39m=[32m"skill-tool-vs-code"[39m
        [33maria-valuemax[39m=[32m"4"[39m
        [33maria-valuemin[39m=[32m"1"[39m
        [33maria-valuenow[39m=[32m"2"[39m
        [33maria-valuetext[39m=[32m"Intermediate level (50%)"[39m
        [33mclass[39m=[32m"skillMeter"[39m
        [33mrole[39m=[32m"progressbar"[39m
      [36m/>[39m

      Name "Chrome DevTools":
      [36m<div[39m
        [33maria-labelledby[39m=[32m"skill-tool-chrome-devtools"[39m
        [33maria-valuemax[39m=[32m"4"[39m
        [33maria-valuemin[39m=[32m"1"[39m
        [33maria-valuenow[39m=[32m"2"[39m
        [33maria-valuetext[39m=[32m"Intermediate level (50%)"[39m
        [33mclass[39m=[32m"skillMeter"[39m
        [33mrole[39m=[32m"progressbar"[39m
      [36m/>[39m

      Name "Responsive Design":
      [36m<div[39m
        [33maria-labelledby[39m=[32m"skill-tool-responsive-design"[39m
        [33maria-valuemax[39m=[32m"4"[39m
        [33maria-valuemin[39m=[32m"1"[39m
        [33maria-valuenow[39m=[32m"2"[39m
        [33maria-valuetext[39m=[32m"Intermediate level (50%)"[39m
        [33mclass[39m=[32m"skillMeter"[39m
        [33mrole[39m=[32m"progressbar"[39m
      [36m/>[39m

      --------------------------------------------------

    Ignored nodes: comments, script, style
    [36m<body>[39m
      [36m<div>[39m
        [36m<div[39m
          [33mclass[39m=[32m"bg-white"[39m
        [36m>[39m
          [36m<nav[39m
            [33mclass[39m=[32m"navbar-container fixed top-0 w-full z-50 transition-all duration-300 bg-gradient-to-b from-gray-900/90 to-transparent "[39m
          [36m>[39m
            [36m<div[39m
              [33mclass[39m=[32m"max-w-7xl mx-auto px-4 sm:px-6 lg:px-8"[39m
            [36m>[39m
              [36m<div[39m
                [33mclass[39m=[32m"flex justify-between items-center h-16"[39m
              [36m>[39m
                [36m<div[39m
                  [33mclass[39m=[32m"flex-shrink-0"[39m
                [36m>[39m
                  [36m<button[39m
                    [33mclass[39m=[32m"text-2xl font-bold bg-gradient-to-r from-blue-400 via-blue-500 to-blue-600 bg-clip-text text-transparent hover:opacity-80 transition-opacity"[39m
                  [36m>[39m
                    [0mNetsanet[0m
                  [36m</button>[39m
                [36m</div>[39m
                [36m<div[39m
                  [33mclass[39m=[32m"hidden md:flex items-center gap-8"[39m
                [36m>[39m
                  [36m<button[39m
                    [33mclass[39m=[32m"px-6 py-2 rounded-md text-sm font-medium transition-all duration-200 mx-2 text-white hover:text-blue-300 hover:bg-white/10"[39m
                  [36m>[39m
                    [0mHome[0m
                  [36m</button>[39m
                  [36m<button[39m
                    [33mclass[39m=[32m"px-6 py-2 rounded-md text-sm font-medium transition-all duration-200 mx-2 text-white hover:text-blue-300 hover:bg-white/10"[39m
                  [36m>[39m
                    [0mAbout[0m
                  [36m</button>[39m
                  [36m<button[39m
                    [33mclass[39m=[32m"px-6 py-2 rounded-md text-sm font-medium transition-all duration-200 mx-2 text-white hover:text-blue-300 hover:bg-white/10"[39m
                  [36m>[39m
                    [0mProjects[0m
                  [36m</button>[39m
                  [36m<button[39m
                    [33mclass[39m=[32m"px-6 py-2 rounded-md text-sm font-medium transition-all duration-200 mx-2 text-white hover:text-blue-300 hover:bg-white/10"[39m
                  [36m>[39m
                    [0mGallery[0m
                  [36m</button>[39m
                  [36m<button[39m
                    [33mclass[39m=[32m"px-6 py-2 rounded-md text-sm font-medium transition-all duration-200 mx-2 text-white hover:text-blue-300 hover:bg-white/10"[39m
                  [36m>[39m
                    [0mContact[0m
                  [36m</button>[39m
                [36m</div>[39m
                [36m<div[39m
                  [33mclass[39m=[32m"hidden md:flex items-center space-x-4"[39m
                [36m>[39m
                  [36m<form[39m
                    [33mclass[39m=[32m"flex items-center"[39m
                  [36m>[39m
                    [36m<input[39m
                      [33mclass[39m=[32m"px-4 py-2 rounded-lg text-sm transition-all bg-white/10 text-white placeholder-white/50 focus:outline-none focus:ring-2 focus:ring-blue-500"[39m
                      [33mplaceholder[39m=[32m"Search..."[39m
                      [33mtype[39m=[32m"text"[39m
                      [33mvalue[39m=[32m""[39m
                    [36m/>[39m
                    [36m<button[39m
                      [33mclass[39m=[32m"ml-2 px-4 py-2 rounded-lg font-medium transition-all bg-blue-500 text-white hover:bg-blue-600"[39m
                      [33mtype[39m=[32m"submit"[39m
                    [36m>[39m
                      [0mSearch[0m
                    [36m</button>[39m
                  [36m</form>[39m
                [36m</div>[39m
                [36m<div[39m
                  [33mclass[39m=[32m"md:hidden flex items-center space-x-2"[39m
                [36m>[39m
                  [36m<button[39m
                    [33mclass[39m=[32m"p-2 rounded-md transition-colors text-white hover:bg-white/10"[39m
                  [36m>[39m
                    [0m🔍[0m
                  [36m</button>[39m
                  [36m<button[39m
                    [33mclass[39m=[32m"p-2 rounded-md transition-colors text-white hover:bg-white/10"[39m
                  [36m>[39m
                    [36m<svg[39m
                      [33mclass[39m=[32m"h-6 w-6"[39m
                      [33mfill[39m=[32m"none"[39m
                      [33mstroke[39m=[32m"currentColor"[39m
                      [33mviewBox[39m=[32m"0 0 24 24"[39m
                    [36m>[39m
                      [36m<path[39m
                        [33md[39m=[32m"M4 6h16M4 12h16M4 18h16"[39m
                        [33mstroke-linecap[39m=[32m"round"[39m
                        [33mstroke-linejoin[39m=[32m"round"[39m
                        [33mstroke-width[39m=[32m"2"[39m
                      [36m/>[39m
                    [36m</svg>[39m
                  [36m</button>[39m
                [36m</div>[39m
              [36m</div>[39m
            [36m</div>[39m
          [36m</nav>[39m
          [36m<section[39m
            [33maria-labelledby[39m=[32m"hero-title"[39m
            [33mclass[39m=[32m"pt-32 pb-20 px-4 md:px-8 bg-gradient-to-b from-gray-900 via-gray-800 to-gray-900 min-h-screen flex items-center opacity-0 "[39m
            [33mid[39m=[32m"hero"[39m
            [33mrole[39m=[32m"main"[39m
          [36m>[39m
            [36m<div[39m
              [33mclass[39m=[32m"max-w-6xl mx-auto w-full"[39m
            [36m>[39m
              [36m<div[39m
                [33mclass[39m=[32m"grid grid-cols-1 md:grid-cols-2 gap-12 items-center"[39m
              [36m>[39m
                [36m<div[39m
                  [33mclass[39m=[32m"flex justify-center "[39m
                [36m>[39m
                  [36m<div[39m
                    [33mclass[39m=[32m"relative w-64 h-64 md:w-80 md:h-80"[39m
                  [36m>[39m
                    [36m<div[39m
                      [33mclass[39m=[32m"absolute inset-0 bg-gradient-to-r from-blue-400 to-blue-600 rounded-full blur-3xl opacity-40"[39m
                    [36m/>[39m
                    [36m<img[39m
                      [33malt[39m=[32m"Professional headshot of Netsanet, a full-stack developer"[39m
                      [33mclass[39m=[32m"relative w-full h-full object-cover rounded-full shadow-2xl border-4 border-blue-500/30 hover:border-blue-500/60 transition-all duration-300 animate-float"[39m
                      [33mloading[39m=[32m"eager"[39m
                      [33msrc[39m=[32m"./images/netsa.jpg"[39m
                    [36m/>[39m
                  [36m</div>[39m
                [36m</div>[39m
                [36m<div[39m
                  [33mclass[39m=[32m"text-center md:text-left "[39m
                [36m>[39m
                  [36m<div[39m
                    [33mclass[39m=[32m"mb-6"[39m
                  [36m>[39m
                    [36m<h2[39m
                      [33mclass[39m=[32m"text-lg md:text-xl font-semibold text-blue-400 mb-2 animate-wave"[39m
                    [36m>[39m
                      [0mHello, I'm[0m
                    [36m</h2>[39m
                    [36m<h1[39m
         ...

      256 |     
      257 |     // Test that clicking navigation calls scrollIntoView with correct parameters
    > 258 |     const aboutLinks = screen.getAllByRole('button', { name: /navigate to about section/i })
          |                               ^
      259 |     fireEvent.click(aboutLinks[0])
      260 |     
      261 |     expect(mockScrollIntoView).toHaveBeenCalledWith({

      at Object.getElementError (node_modules/@testing-library/react/node_modules/@testing-library/dom/dist/config.js:37:19)
      at node_modules/@testing-library/react/node_modules/@testing-library/dom/dist/query-helpers.js:76:38
      at node_modules/@testing-library/react/node_modules/@testing-library/dom/dist/query-helpers.js:109:15
      at Object.<anonymous> (src/App.test.tsx:258:31)

FAIL src/components/Contact/Contact.test.tsx (9.91 s)
  ● Console

    console.error
      Warning: An update to Contact inside a test was not wrapped in act(...).
      
      When testing, code that causes React state updates should be wrapped into act(...):
      
      act(() => {
        /* fire events that update state */
      });
      /* assert on the output */
      
      This ensures that you're testing the behavior the user would see in the browser. Learn more at https://reactjs.org/link/wrap-tests-with-act
          at Contact (/workspaces/netsanet-portfolio/src/components/Contact/Contact.tsx:17:44)

      30 |
      31 |   const handleInputChange = (field: keyof ContactFormData, value: string) => {
    > 32 |     setFormState(prev => ({
         |     ^
      33 |       ...prev,
      34 |       data: {
      35 |         ...prev.data,

      at printWarning (node_modules/react-dom/cjs/react-dom.development.js:86:30)
      at error (node_modules/react-dom/cjs/react-dom.development.js:60:7)
      at warnIfUpdatesNotWrappedWithActDEV (node_modules/react-dom/cjs/react-dom.development.js:27628:9)
      at scheduleUpdateOnFiber (node_modules/react-dom/cjs/react-dom.development.js:25547:5)
      at dispatchSetState (node_modules/react-dom/cjs/react-dom.development.js:16708:7)
      at handleInputChange (src/components/Contact/Contact.tsx:32:5)
      at onChange (src/components/Contact/Contact.tsx:236:34)
      at HTMLUnknownElement.callCallback (node_modules/react-dom/cjs/react-dom.development.js:4164:14)
      at HTMLUnknownElement.callTheUserObjectsOperation (node_modules/jsdom/lib/jsdom/living/generated/EventListener.js:26:30)
      at innerInvokeEventListeners (node_modules/jsdom/lib/jsdom/living/events/EventTarget-impl.js:350:25)
      at invokeEventListeners (node_modules/jsdom/lib/jsdom/living/events/EventTarget-impl.js:286:3)
      at HTMLUnknownElementImpl._dispatch (node_modules/jsdom/lib/jsdom/living/events/EventTarget-impl.js:233:9)
      at HTMLUnknownElementImpl.dispatchEvent (node_modules/jsdom/lib/jsdom/living/events/EventTarget-impl.js:104:17)
      at HTMLUnknownElement.dispatchEvent (node_modules/jsdom/lib/jsdom/living/generated/EventTarget.js:241:34)
      at Object.invokeGuardedCallbackDev (node_modules/react-dom/cjs/react-dom.development.js:4213:16)
      at invokeGuardedCallback (node_modules/react-dom/cjs/react-dom.development.js:4277:31)
      at invokeGuardedCallbackAndCatchFirstError (node_modules/react-dom/cjs/react-dom.development.js:4291:25)
      at executeDispatch (node_modules/react-dom/cjs/react-dom.development.js:9041:3)
      at processDispatchQueueItemsInOrder (node_modules/react-dom/cjs/react-dom.development.js:9073:7)
      at processDispatchQueue (node_modules/react-dom/cjs/react-dom.development.js:9086:5)
      at dispatchEventsForPlugins (node_modules/react-dom/cjs/react-dom.development.js:9097:3)
      at node_modules/react-dom/cjs/react-dom.development.js:9288:12
      at batchedUpdates$1 (node_modules/react-dom/cjs/react-dom.development.js:26179:12)
      at batchedUpdates (node_modules/react-dom/cjs/react-dom.development.js:3991:12)
      at dispatchEventForPluginEventSystem (node_modules/react-dom/cjs/react-dom.development.js:9287:3)
      at dispatchEventWithEnableCapturePhaseSelectiveHydrationWithoutDiscreteEventReplay (node_modules/react-dom/cjs/react-dom.development.js:6465:5)
      at dispatchEvent (node_modules/react-dom/cjs/react-dom.development.js:6457:5)
      at dispatchDiscreteEvent (node_modules/react-dom/cjs/react-dom.development.js:6430:5)
      at HTMLDivElement.callTheUserObjectsOperation (node_modules/jsdom/lib/jsdom/living/generated/EventListener.js:26:30)
      at innerInvokeEventListeners (node_modules/jsdom/lib/jsdom/living/events/EventTarget-impl.js:350:25)
      at invokeEventListeners (node_modules/jsdom/lib/jsdom/living/events/EventTarget-impl.js:286:3)
      at HTMLInputElementImpl._dispatch (node_modules/jsdom/lib/jsdom/living/events/EventTarget-impl.js:233:9)
      at HTMLInputElementImpl.dispatchEvent (node_modules/jsdom/lib/jsdom/living/events/EventTarget-impl.js:104:17)
      at HTMLInputElement.dispatchEvent (node_modules/jsdom/lib/jsdom/living/generated/EventTarget.js:241:34)
      at node_modules/@testing-library/user-event/dist/cjs/event/dispatchEvent.js:45:43
      at Object.eventWrapper (node_modules/@testing-library/dom/dist/config.js:25:23)
      at Object.wrapEvent (node_modules/@testing-library/user-event/dist/cjs/event/wrapEvent.js:6:28)
      at Object.dispatchEvent (node_modules/@testing-library/user-event/dist/cjs/event/dispatchEvent.js:45:22)
      at Object.dispatchUIEvent (node_modules/@testing-library/user-event/dist/cjs/event/dispatchEvent.js:22:26)
      at commitInput (node_modules/@testing-library/user-event/dist/cjs/event/input.js:145:14)
      at editInputElement (node_modules/@testing-library/user-event/dist/cjs/event/input.js:115:9)
      at Object.input (node_modules/@testing-library/user-event/dist/cjs/event/input.js:37:9)
      at node_modules/@testing-library/user-event/dist/cjs/event/behavior/keypress.js:31:26
      at Object.dispatchEvent (node_modules/@testing-library/user-event/dist/cjs/event/dispatchEvent.js:41:13)
      at Object.dispatchUIEvent (node_modules/@testing-library/user-event/dist/cjs/event/dispatchEvent.js:22:26)
      at KeyboardHost.keydown (node_modules/@testing-library/user-event/dist/cjs/system/keyboard.js:76:22)
      at keyboardAction (node_modules/@testing-library/user-event/dist/cjs/keyboard/index.js:22:35)
      at Object.keyboard (node_modules/@testing-library/user-event/dist/cjs/keyboard/index.js:11:15)
      at Object.type (node_modules/@testing-library/user-event/dist/cjs/utility/type.js:17:5)
      at src/components/Contact/Contact.test.tsx:63:15
      at AsyncProperty.run (node_modules/fast-check/lib/check/property/AsyncProperty.generic.js:49:28)
      at asyncRunIt (node_modules/fast-check/lib/check/runner/Runner.js:37:21)
      at Object.<anonymous> (src/components/Contact/Contact.test.tsx:39:5)

    console.error
      Warning: An update to Contact inside a test was not wrapped in act(...).
      
      When testing, code that causes React state updates should be wrapped into act(...):
      
      act(() => {
        /* fire events that update state */
      });
      /* assert on the output */
      
      This ensures that you're testing the behavior the user would see in the browser. Learn more at https://reactjs.org/link/wrap-tests-with-act
          at Contact (/workspaces/netsanet-portfolio/src/components/Contact/Contact.tsx:17:44)

      30 |
      31 |   const handleInputChange = (field: keyof ContactFormData, value: string) => {
    > 32 |     setFormState(prev => ({
         |     ^
      33 |       ...prev,
      34 |       data: {
      35 |         ...prev.data,

      at printWarning (node_modules/react-dom/cjs/react-dom.development.js:86:30)
      at error (node_modules/react-dom/cjs/react-dom.development.js:60:7)
      at warnIfUpdatesNotWrappedWithActDEV (node_modules/react-dom/cjs/react-dom.development.js:27628:9)
      at scheduleUpdateOnFiber (node_modules/react-dom/cjs/react-dom.development.js:25547:5)
      at dispatchSetState (node_modules/react-dom/cjs/react-dom.development.js:16708:7)
      at handleInputChange (src/components/Contact/Contact.tsx:32:5)
      at onChange (src/components/Contact/Contact.tsx:236:34)
      at HTMLUnknownElement.callCallback (node_modules/react-dom/cjs/react-dom.development.js:4164:14)
      at HTMLUnknownElement.callTheUserObjectsOperation (node_modules/jsdom/lib/jsdom/living/generated/EventListener.js:26:30)
      at innerInvokeEventListeners (node_modules/jsdom/lib/jsdom/living/events/EventTarget-impl.js:350:25)
      at invokeEventListeners (node_modules/jsdom/lib/jsdom/living/events/EventTarget-impl.js:286:3)
      at HTMLUnknownElementImpl._dispatch (node_modules/jsdom/lib/jsdom/living/events/EventTarget-impl.js:233:9)
      at HTMLUnknownElementImpl.dispatchEvent (node_modules/jsdom/lib/jsdom/living/events/EventTarget-impl.js:104:17)
      at HTMLUnknownElement.dispatchEvent (node_modules/jsdom/lib/jsdom/living/generated/EventTarget.js:241:34)
      at Object.invokeGuardedCallbackDev (node_modules/react-dom/cjs/react-dom.development.js:4213:16)
      at invokeGuardedCallback (node_modules/react-dom/cjs/react-dom.development.js:4277:31)
      at invokeGuardedCallbackAndCatchFirstError (node_modules/react-dom/cjs/react-dom.development.js:4291:25)
      at executeDispatch (node_modules/react-dom/cjs/react-dom.development.js:9041:3)
      at processDispatchQueueItemsInOrder (node_modules/react-dom/cjs/react-dom.development.js:9073:7)
      at processDispatchQueue (node_modules/react-dom/cjs/react-dom.development.js:9086:5)
      at dispatchEventsForPlugins (node_modules/react-dom/cjs/react-dom.development.js:9097:3)
      at node_modules/react-dom/cjs/react-dom.development.js:9288:12
      at batchedUpdates$1 (node_modules/react-dom/cjs/react-dom.development.js:26179:12)
      at batchedUpdates (node_modules/react-dom/cjs/react-dom.development.js:3991:12)
      at dispatchEventForPluginEventSystem (node_modules/react-dom/cjs/react-dom.development.js:9287:3)
      at dispatchEventWithEnableCapturePhaseSelectiveHydrationWithoutDiscreteEventReplay (node_modules/react-dom/cjs/react-dom.development.js:6465:5)
      at dispatchEvent (node_modules/react-dom/cjs/react-dom.development.js:6457:5)
      at dispatchDiscreteEvent (node_modules/react-dom/cjs/react-dom.development.js:6430:5)
      at HTMLDivElement.callTheUserObjectsOperation (node_modules/jsdom/lib/jsdom/living/generated/EventListener.js:26:30)
      at innerInvokeEventListeners (node_modules/jsdom/lib/jsdom/living/events/EventTarget-impl.js:350:25)
      at invokeEventListeners (node_modules/jsdom/lib/jsdom/living/events/EventTarget-impl.js:286:3)
      at HTMLInputElementImpl._dispatch (node_modules/jsdom/lib/jsdom/living/events/EventTarget-impl.js:233:9)
      at HTMLInputElementImpl.dispatchEvent (node_modules/jsdom/lib/jsdom/living/events/EventTarget-impl.js:104:17)
      at HTMLInputElement.dispatchEvent (node_modules/jsdom/lib/jsdom/living/generated/EventTarget.js:241:34)
      at node_modules/@testing-library/user-event/dist/cjs/event/dispatchEvent.js:45:43
      at Object.eventWrapper (node_modules/@testing-library/dom/dist/config.js:25:23)
      at Object.wrapEvent (node_modules/@testing-library/user-event/dist/cjs/event/wrapEvent.js:6:28)
      at Object.dispatchEvent (node_modules/@testing-library/user-event/dist/cjs/event/dispatchEvent.js:45:22)
      at Object.dispatchUIEvent (node_modules/@testing-library/user-event/dist/cjs/event/dispatchEvent.js:22:26)
      at commitInput (node_modules/@testing-library/user-event/dist/cjs/event/input.js:145:14)
      at editInputElement (node_modules/@testing-library/user-event/dist/cjs/event/input.js:115:9)
      at Object.input (node_modules/@testing-library/user-event/dist/cjs/event/input.js:37:9)
      at node_modules/@testing-library/user-event/dist/cjs/event/behavior/keypress.js:31:26
      at Object.dispatchEvent (node_modules/@testing-library/user-event/dist/cjs/event/dispatchEvent.js:41:13)
      at Object.dispatchUIEvent (node_modules/@testing-library/user-event/dist/cjs/event/dispatchEvent.js:22:26)
      at KeyboardHost.keydown (node_modules/@testing-library/user-event/dist/cjs/system/keyboard.js:76:22)
      at keyboardAction (node_modules/@testing-library/user-event/dist/cjs/keyboard/index.js:22:35)
      at Object.keyboard (node_modules/@testing-library/user-event/dist/cjs/keyboard/index.js:11:15)
      at Object.type (node_modules/@testing-library/user-event/dist/cjs/utility/type.js:17:5)
      at src/components/Contact/Contact.test.tsx:63:15
      at AsyncProperty.run (node_modules/fast-check/lib/check/property/AsyncProperty.generic.js:49:28)
      at asyncRunIt (node_modules/fast-check/lib/check/runner/Runner.js:37:21)
      at Object.<anonymous> (src/components/Contact/Contact.test.tsx:39:5)

    console.error
      Warning: An update to Contact inside a test was not wrapped in act(...).
      
      When testing, code that causes React state updates should be wrapped into act(...):
      
      act(() => {
        /* fire events that update state */
      });
      /* assert on the output */
      
      This ensures that you're testing the behavior the user would see in the browser. Learn more at https://reactjs.org/link/wrap-tests-with-act
          at Contact (/workspaces/netsanet-portfolio/src/components/Contact/Contact.tsx:17:44)

      30 |
      31 |   const handleInputChange = (field: keyof ContactFormData, value: string) => {
    > 32 |     setFormState(prev => ({
         |     ^
      33 |       ...prev,
      34 |       data: {
      35 |         ...prev.data,

      at printWarning (node_modules/react-dom/cjs/react-dom.development.js:86:30)
      at error (node_modules/react-dom/cjs/react-dom.development.js:60:7)
      at warnIfUpdatesNotWrappedWithActDEV (node_modules/react-dom/cjs/react-dom.development.js:27628:9)
      at scheduleUpdateOnFiber (node_modules/react-dom/cjs/react-dom.development.js:25547:5)
      at dispatchSetState (node_modules/react-dom/cjs/react-dom.development.js:16708:7)
      at handleInputChange (src/components/Contact/Contact.tsx:32:5)
      at onChange (src/components/Contact/Contact.tsx:236:34)
      at HTMLUnknownElement.callCallback (node_modules/react-dom/cjs/react-dom.development.js:4164:14)
      at HTMLUnknownElement.callTheUserObjectsOperation (node_modules/jsdom/lib/jsdom/living/generated/EventListener.js:26:30)
      at innerInvokeEventListeners (node_modules/jsdom/lib/jsdom/living/events/EventTarget-impl.js:350:25)
      at invokeEventListeners (node_modules/jsdom/lib/jsdom/living/events/EventTarget-impl.js:286:3)
      at HTMLUnknownElementImpl._dispatch (node_modules/jsdom/lib/jsdom/living/events/EventTarget-impl.js:233:9)
      at HTMLUnknownElementImpl.dispatchEvent (node_modules/jsdom/lib/jsdom/living/events/EventTarget-impl.js:104:17)
      at HTMLUnknownElement.dispatchEvent (node_modules/jsdom/lib/jsdom/living/generated/EventTarget.js:241:34)
      at Object.invokeGuardedCallbackDev (node_modules/react-dom/cjs/react-dom.development.js:4213:16)
      at invokeGuardedCallback (node_modules/react-dom/cjs/react-dom.development.js:4277:31)
      at invokeGuardedCallbackAndCatchFirstError (node_modules/react-dom/cjs/react-dom.development.js:4291:25)
      at executeDispatch (node_modules/react-dom/cjs/react-dom.development.js:9041:3)
      at processDispatchQueueItemsInOrder (node_modules/react-dom/cjs/react-dom.development.js:9073:7)
      at processDispatchQueue (node_modules/react-dom/cjs/react-dom.development.js:9086:5)
      at dispatchEventsForPlugins (node_modules/react-dom/cjs/react-dom.development.js:9097:3)
      at node_modules/react-dom/cjs/react-dom.development.js:9288:12
      at batchedUpdates$1 (node_modules/react-dom/cjs/react-dom.development.js:26179:12)
      at batchedUpdates (node_modules/react-dom/cjs/react-dom.development.js:3991:12)
      at dispatchEventForPluginEventSystem (node_modules/react-dom/cjs/react-dom.development.js:9287:3)
      at dispatchEventWithEnableCapturePhaseSelectiveHydrationWithoutDiscreteEventReplay (node_modules/react-dom/cjs/react-dom.development.js:6465:5)
      at dispatchEvent (node_modules/react-dom/cjs/react-dom.development.js:6457:5)
      at dispatchDiscreteEvent (node_modules/react-dom/cjs/react-dom.development.js:6430:5)
      at HTMLDivElement.callTheUserObjectsOperation (node_modules/jsdom/lib/jsdom/living/generated/EventListener.js:26:30)
      at innerInvokeEventListeners (node_modules/jsdom/lib/jsdom/living/events/EventTarget-impl.js:350:25)
      at invokeEventListeners (node_modules/jsdom/lib/jsdom/living/events/EventTarget-impl.js:286:3)
      at HTMLInputElementImpl._dispatch (node_modules/jsdom/lib/jsdom/living/events/EventTarget-impl.js:233:9)
      at HTMLInputElementImpl.dispatchEvent (node_modules/jsdom/lib/jsdom/living/events/EventTarget-impl.js:104:17)
      at HTMLInputElement.dispatchEvent (node_modules/jsdom/lib/jsdom/living/generated/EventTarget.js:241:34)
      at node_modules/@testing-library/user-event/dist/cjs/event/dispatchEvent.js:45:43
      at Object.eventWrapper (node_modules/@testing-library/dom/dist/config.js:25:23)
      at Object.wrapEvent (node_modules/@testing-library/user-event/dist/cjs/event/wrapEvent.js:6:28)
      at Object.dispatchEvent (node_modules/@testing-library/user-event/dist/cjs/event/dispatchEvent.js:45:22)
      at Object.dispatchUIEvent (node_modules/@testing-library/user-event/dist/cjs/event/dispatchEvent.js:22:26)
      at commitInput (node_modules/@testing-library/user-event/dist/cjs/event/input.js:145:14)
      at editInputElement (node_modules/@testing-library/user-event/dist/cjs/event/input.js:115:9)
      at Object.input (node_modules/@testing-library/user-event/dist/cjs/event/input.js:37:9)
      at node_modules/@testing-library/user-event/dist/cjs/event/behavior/keypress.js:31:26
      at Object.dispatchEvent (node_modules/@testing-library/user-event/dist/cjs/event/dispatchEvent.js:41:13)
      at Object.dispatchUIEvent (node_modules/@testing-library/user-event/dist/cjs/event/dispatchEvent.js:22:26)
      at KeyboardHost.keydown (node_modules/@testing-library/user-event/dist/cjs/system/keyboard.js:76:22)
      at keyboardAction (node_modules/@testing-library/user-event/dist/cjs/keyboard/index.js:22:35)
      at Object.keyboard (node_modules/@testing-library/user-event/dist/cjs/keyboard/index.js:11:15)
      at Object.type (node_modules/@testing-library/user-event/dist/cjs/utility/type.js:17:5)
      at src/components/Contact/Contact.test.tsx:63:15
      at AsyncProperty.run (node_modules/fast-check/lib/check/property/AsyncProperty.generic.js:49:28)
      at asyncRunIt (node_modules/fast-check/lib/check/runner/Runner.js:37:21)
      at Object.<anonymous> (src/components/Contact/Contact.test.tsx:39:5)

    console.error
      Warning: An update to Contact inside a test was not wrapped in act(...).
      
      When testing, code that causes React state updates should be wrapped into act(...):
      
      act(() => {
        /* fire events that update state */
      });
      /* assert on the output */
      
      This ensures that you're testing the behavior the user would see in the browser. Learn more at https://reactjs.org/link/wrap-tests-with-act
          at Contact (/workspaces/netsanet-portfolio/src/components/Contact/Contact.tsx:17:44)

      30 |
      31 |   const handleInputChange = (field: keyof ContactFormData, value: string) => {
    > 32 |     setFormState(prev => ({
         |     ^
      33 |       ...prev,
      34 |       data: {
      35 |         ...prev.data,

      at printWarning (node_modules/react-dom/cjs/react-dom.development.js:86:30)
      at error (node_modules/react-dom/cjs/react-dom.development.js:60:7)
      at warnIfUpdatesNotWrappedWithActDEV (node_modules/react-dom/cjs/react-dom.development.js:27628:9)
      at scheduleUpdateOnFiber (node_modules/react-dom/cjs/react-dom.development.js:25547:5)
      at dispatchSetState (node_modules/react-dom/cjs/react-dom.development.js:16708:7)
      at handleInputChange (src/components/Contact/Contact.tsx:32:5)
      at onChange (src/components/Contact/Contact.tsx:236:34)
      at HTMLUnknownElement.callCallback (node_modules/react-dom/cjs/react-dom.development.js:4164:14)
      at HTMLUnknownElement.callTheUserObjectsOperation (node_modules/jsdom/lib/jsdom/living/generated/EventListener.js:26:30)
      at innerInvokeEventListeners (node_modules/jsdom/lib/jsdom/living/events/EventTarget-impl.js:350:25)
      at invokeEventListeners (node_modules/jsdom/lib/jsdom/living/events/EventTarget-impl.js:286:3)
      at HTMLUnknownElementImpl._dispatch (node_modules/jsdom/lib/jsdom/living/events/EventTarget-impl.js:233:9)
      at HTMLUnknownElementImpl.dispatchEvent (node_modules/jsdom/lib/jsdom/living/events/EventTarget-impl.js:104:17)
      at HTMLUnknownElement.dispatchEvent (node_modules/jsdom/lib/jsdom/living/generated/EventTarget.js:241:34)
      at Object.invokeGuardedCallbackDev (node_modules/react-dom/cjs/react-dom.development.js:4213:16)
      at invokeGuardedCallback (node_modules/react-dom/cjs/react-dom.development.js:4277:31)
      at invokeGuardedCallbackAndCatchFirstError (node_modules/react-dom/cjs/react-dom.development.js:4291:25)
      at executeDispatch (node_modules/react-dom/cjs/react-dom.development.js:9041:3)
      at processDispatchQueueItemsInOrder (node_modules/react-dom/cjs/react-dom.development.js:9073:7)
      at processDispatchQueue (node_modules/react-dom/cjs/react-dom.development.js:9086:5)
      at dispatchEventsForPlugins (node_modules/react-dom/cjs/react-dom.development.js:9097:3)
      at node_modules/react-dom/cjs/react-dom.development.js:9288:12
      at batchedUpdates$1 (node_modules/react-dom/cjs/react-dom.development.js:26179:12)
      at batchedUpdates (node_modules/react-dom/cjs/react-dom.development.js:3991:12)
      at dispatchEventForPluginEventSystem (node_modules/react-dom/cjs/react-dom.development.js:9287:3)
      at dispatchEventWithEnableCapturePhaseSelectiveHydrationWithoutDiscreteEventReplay (node_modules/react-dom/cjs/react-dom.development.js:6465:5)
      at dispatchEvent (node_modules/react-dom/cjs/react-dom.development.js:6457:5)
      at dispatchDiscreteEvent (node_modules/react-dom/cjs/react-dom.development.js:6430:5)
      at HTMLDivElement.callTheUserObjectsOperation (node_modules/jsdom/lib/jsdom/living/generated/EventListener.js:26:30)
      at innerInvokeEventListeners (node_modules/jsdom/lib/jsdom/living/events/EventTarget-impl.js:350:25)
      at invokeEventListeners (node_modules/jsdom/lib/jsdom/living/events/EventTarget-impl.js:286:3)
      at HTMLInputElementImpl._dispatch (node_modules/jsdom/lib/jsdom/living/events/EventTarget-impl.js:233:9)
      at HTMLInputElementImpl.dispatchEvent (node_modules/jsdom/lib/jsdom/living/events/EventTarget-impl.js:104:17)
      at HTMLInputElement.dispatchEvent (node_modules/jsdom/lib/jsdom/living/generated/EventTarget.js:241:34)
      at node_modules/@testing-library/user-event/dist/cjs/event/dispatchEvent.js:45:43
      at Object.eventWrapper (node_modules/@testing-library/dom/dist/config.js:25:23)
      at Object.wrapEvent (node_modules/@testing-library/user-event/dist/cjs/event/wrapEvent.js:6:28)
      at Object.dispatchEvent (node_modules/@testing-library/user-event/dist/cjs/event/dispatchEvent.js:45:22)
      at Object.dispatchUIEvent (node_modules/@testing-library/user-event/dist/cjs/event/dispatchEvent.js:22:26)
      at commitInput (node_modules/@testing-library/user-event/dist/cjs/event/input.js:145:14)
      at editInputElement (node_modules/@testing-library/user-event/dist/cjs/event/input.js:115:9)
      at Object.input (node_modules/@testing-library/user-event/dist/cjs/event/input.js:37:9)
      at node_modules/@testing-library/user-event/dist/cjs/event/behavior/keypress.js:31:26
      at Object.dispatchEvent (node_modules/@testing-library/user-event/dist/cjs/event/dispatchEvent.js:41:13)
      at Object.dispatchUIEvent (node_modules/@testing-library/user-event/dist/cjs/event/dispatchEvent.js:22:26)
      at KeyboardHost.keydown (node_modules/@testing-library/user-event/dist/cjs/system/keyboard.js:76:22)
      at keyboardAction (node_modules/@testing-library/user-event/dist/cjs/keyboard/index.js:22:35)
      at Object.keyboard (node_modules/@testing-library/user-event/dist/cjs/keyboard/index.js:11:15)
      at Object.type (node_modules/@testing-library/user-event/dist/cjs/utility/type.js:17:5)
      at src/components/Contact/Contact.test.tsx:63:15
      at AsyncProperty.run (node_modules/fast-check/lib/check/property/AsyncProperty.generic.js:49:28)
      at asyncRunIt (node_modules/fast-check/lib/check/runner/Runner.js:37:21)
      at Object.<anonymous> (src/components/Contact/Contact.test.tsx:39:5)

    console.error
      Warning: An update to Contact inside a test was not wrapped in act(...).
      
      When testing, code that causes React state updates should be wrapped into act(...):
      
      act(() => {
        /* fire events that update state */
      });
      /* assert on the output */
      
      This ensures that you're testing the behavior the user would see in the browser. Learn more at https://reactjs.org/link/wrap-tests-with-act
          at Contact (/workspaces/netsanet-portfolio/src/components/Contact/Contact.tsx:17:44)

      30 |
      31 |   const handleInputChange = (field: keyof ContactFormData, value: string) => {
    > 32 |     setFormState(prev => ({
         |     ^
      33 |       ...prev,
      34 |       data: {
      35 |         ...prev.data,

      at printWarning (node_modules/react-dom/cjs/react-dom.development.js:86:30)
      at error (node_modules/react-dom/cjs/react-dom.development.js:60:7)
      at warnIfUpdatesNotWrappedWithActDEV (node_modules/react-dom/cjs/react-dom.development.js:27628:9)
      at scheduleUpdateOnFiber (node_modules/react-dom/cjs/react-dom.development.js:25547:5)
      at dispatchSetState (node_modules/react-dom/cjs/react-dom.development.js:16708:7)
      at handleInputChange (src/components/Contact/Contact.tsx:32:5)
      at onChange (src/components/Contact/Contact.tsx:236:34)
      at HTMLUnknownElement.callCallback (node_modules/react-dom/cjs/react-dom.development.js:4164:14)
      at HTMLUnknownElement.callTheUserObjectsOperation (node_modules/jsdom/lib/jsdom/living/generated/EventListener.js:26:30)
      at innerInvokeEventListeners (node_modules/jsdom/lib/jsdom/living/events/EventTarget-impl.js:350:25)
      at invokeEventListeners (node_modules/jsdom/lib/jsdom/living/events/EventTarget-impl.js:286:3)
      at HTMLUnknownElementImpl._dispatch (node_modules/jsdom/lib/jsdom/living/events/EventTarget-impl.js:233:9)
      at HTMLUnknownElementImpl.dispatchEvent (node_modules/jsdom/lib/jsdom/living/events/EventTarget-impl.js:104:17)
      at HTMLUnknownElement.dispatchEvent (node_modules/jsdom/lib/jsdom/living/generated/EventTarget.js:241:34)
      at Object.invokeGuardedCallbackDev (node_modules/react-dom/cjs/react-dom.development.js:4213:16)
      at invokeGuardedCallback (node_modules/react-dom/cjs/react-dom.development.js:4277:31)
      at invokeGuardedCallbackAndCatchFirstError (node_modules/react-dom/cjs/react-dom.development.js:4291:25)
      at executeDispatch (node_modules/react-dom/cjs/react-dom.development.js:9041:3)
      at processDispatchQueueItemsInOrder (node_modules/react-dom/cjs/react-dom.development.js:9073:7)
      at processDispatchQueue (node_modules/react-dom/cjs/react-dom.development.js:9086:5)
      at dispatchEventsForPlugins (node_modules/react-dom/cjs/react-dom.development.js:9097:3)
      at node_modules/react-dom/cjs/react-dom.development.js:9288:12
      at batchedUpdates$1 (node_modules/react-dom/cjs/react-dom.development.js:26179:12)
      at batchedUpdates (node_modules/react-dom/cjs/react-dom.development.js:3991:12)
      at dispatchEventForPluginEventSystem (node_modules/react-dom/cjs/react-dom.development.js:9287:3)
      at dispatchEventWithEnableCapturePhaseSelectiveHydrationWithoutDiscreteEventReplay (node_modules/react-dom/cjs/react-dom.development.js:6465:5)
      at dispatchEvent (node_modules/react-dom/cjs/react-dom.development.js:6457:5)
      at dispatchDiscreteEvent (node_modules/react-dom/cjs/react-dom.development.js:6430:5)
      at HTMLDivElement.callTheUserObjectsOperation (node_modules/jsdom/lib/jsdom/living/generated/EventListener.js:26:30)
      at innerInvokeEventListeners (node_modules/jsdom/lib/jsdom/living/events/EventTarget-impl.js:350:25)
      at invokeEventListeners (node_modules/jsdom/lib/jsdom/living/events/EventTarget-impl.js:286:3)
      at HTMLInputElementImpl._dispatch (node_modules/jsdom/lib/jsdom/living/events/EventTarget-impl.js:233:9)
      at HTMLInputElementImpl.dispatchEvent (node_modules/jsdom/lib/jsdom/living/events/EventTarget-impl.js:104:17)
      at HTMLInputElement.dispatchEvent (node_modules/jsdom/lib/jsdom/living/generated/EventTarget.js:241:34)
      at node_modules/@testing-library/user-event/dist/cjs/event/dispatchEvent.js:45:43
      at Object.eventWrapper (node_modules/@testing-library/dom/dist/config.js:25:23)
      at Object.wrapEvent (node_modules/@testing-library/user-event/dist/cjs/event/wrapEvent.js:6:28)
      at Object.dispatchEvent (node_modules/@testing-library/user-event/dist/cjs/event/dispatchEvent.js:45:22)
      at Object.dispatchUIEvent (node_modules/@testing-library/user-event/dist/cjs/event/dispatchEvent.js:22:26)
      at commitInput (node_modules/@testing-library/user-event/dist/cjs/event/input.js:145:14)
      at editInputElement (node_modules/@testing-library/user-event/dist/cjs/event/input.js:115:9)
      at Object.input (node_modules/@testing-library/user-event/dist/cjs/event/input.js:37:9)
      at node_modules/@testing-library/user-event/dist/cjs/event/behavior/keypress.js:31:26
      at Object.dispatchEvent (node_modules/@testing-library/user-event/dist/cjs/event/dispatchEvent.js:41:13)
      at Object.dispatchUIEvent (node_modules/@testing-library/user-event/dist/cjs/event/dispatchEvent.js:22:26)
      at KeyboardHost.keydown (node_modules/@testing-library/user-event/dist/cjs/system/keyboard.js:76:22)
      at keyboardAction (node_modules/@testing-library/user-event/dist/cjs/keyboard/index.js:22:35)
      at Object.keyboard (node_modules/@testing-library/user-event/dist/cjs/keyboard/index.js:11:15)
      at Object.type (node_modules/@testing-library/user-event/dist/cjs/utility/type.js:17:5)
      at src/components/Contact/Contact.test.tsx:63:15
      at AsyncProperty.run (node_modules/fast-check/lib/check/property/AsyncProperty.generic.js:49:28)
      at asyncRunIt (node_modules/fast-check/lib/check/runner/Runner.js:37:21)
      at Object.<anonymous> (src/components/Contact/Contact.test.tsx:39:5)

    console.error
      Warning: An update to Contact inside a test was not wrapped in act(...).
      
      When testing, code that causes React state updates should be wrapped into act(...):
      
      act(() => {
        /* fire events that update state */
      });
      /* assert on the output */
      
      This ensures that you're testing the behavior the user would see in the browser. Learn more at https://reactjs.org/link/wrap-tests-with-act
          at Contact (/workspaces/netsanet-portfolio/src/components/Contact/Contact.tsx:17:44)

      30 |
      31 |   const handleInputChange = (field: keyof ContactFormData, value: string) => {
    > 32 |     setFormState(prev => ({
         |     ^
      33 |       ...prev,
      34 |       data: {
      35 |         ...prev.data,

      at printWarning (node_modules/react-dom/cjs/react-dom.development.js:86:30)
      at error (node_modules/react-dom/cjs/react-dom.development.js:60:7)
      at warnIfUpdatesNotWrappedWithActDEV (node_modules/react-dom/cjs/react-dom.development.js:27628:9)
      at scheduleUpdateOnFiber (node_modules/react-dom/cjs/react-dom.development.js:25547:5)
      at dispatchSetState (node_modules/react-dom/cjs/react-dom.development.js:16708:7)
      at handleInputChange (src/components/Contact/Contact.tsx:32:5)
      at onChange (src/components/Contact/Contact.tsx:236:34)
      at HTMLUnknownElement.callCallback (node_modules/react-dom/cjs/react-dom.development.js:4164:14)
      at HTMLUnknownElement.callTheUserObjectsOperation (node_modules/jsdom/lib/jsdom/living/generated/EventListener.js:26:30)
      at innerInvokeEventListeners (node_modules/jsdom/lib/jsdom/living/events/EventTarget-impl.js:350:25)
      at invokeEventListeners (node_modules/jsdom/lib/jsdom/living/events/EventTarget-impl.js:286:3)
      at HTMLUnknownElementImpl._dispatch (node_modules/jsdom/lib/jsdom/living/events/EventTarget-impl.js:233:9)
      at HTMLUnknownElementImpl.dispatchEvent (node_modules/jsdom/lib/jsdom/living/events/EventTarget-impl.js:104:17)
      at HTMLUnknownElement.dispatchEvent (node_modules/jsdom/lib/jsdom/living/generated/EventTarget.js:241:34)
      at Object.invokeGuardedCallbackDev (node_modules/react-dom/cjs/react-dom.development.js:4213:16)
      at invokeGuardedCallback (node_modules/react-dom/cjs/react-dom.development.js:4277:31)
      at invokeGuardedCallbackAndCatchFirstError (node_modules/react-dom/cjs/react-dom.development.js:4291:25)
      at executeDispatch (node_modules/react-dom/cjs/react-dom.development.js:9041:3)
      at processDispatchQueueItemsInOrder (node_modules/react-dom/cjs/react-dom.development.js:9073:7)
      at processDispatchQueue (node_modules/react-dom/cjs/react-dom.development.js:9086:5)
      at dispatchEventsForPlugins (node_modules/react-dom/cjs/react-dom.development.js:9097:3)
      at node_modules/react-dom/cjs/react-dom.development.js:9288:12
      at batchedUpdates$1 (node_modules/react-dom/cjs/react-dom.development.js:26179:12)
      at batchedUpdates (node_modules/react-dom/cjs/react-dom.development.js:3991:12)
      at dispatchEventForPluginEventSystem (node_modules/react-dom/cjs/react-dom.development.js:9287:3)
      at dispatchEventWithEnableCapturePhaseSelectiveHydrationWithoutDiscreteEventReplay (node_modules/react-dom/cjs/react-dom.development.js:6465:5)
      at dispatchEvent (node_modules/react-dom/cjs/react-dom.development.js:6457:5)
      at dispatchDiscreteEvent (node_modules/react-dom/cjs/react-dom.development.js:6430:5)
      at HTMLDivElement.callTheUserObjectsOperation (node_modules/jsdom/lib/jsdom/living/generated/EventListener.js:26:30)
      at innerInvokeEventListeners (node_modules/jsdom/lib/jsdom/living/events/EventTarget-impl.js:350:25)
      at invokeEventListeners (node_modules/jsdom/lib/jsdom/living/events/EventTarget-impl.js:286:3)
      at HTMLInputElementImpl._dispatch (node_modules/jsdom/lib/jsdom/living/events/EventTarget-impl.js:233:9)
      at HTMLInputElementImpl.dispatchEvent (node_modules/jsdom/lib/jsdom/living/events/EventTarget-impl.js:104:17)
      at HTMLInputElement.dispatchEvent (node_modules/jsdom/lib/jsdom/living/generated/EventTarget.js:241:34)
      at node_modules/@testing-library/user-event/dist/cjs/event/dispatchEvent.js:45:43
      at Object.eventWrapper (node_modules/@testing-library/dom/dist/config.js:25:23)
      at Object.wrapEvent (node_modules/@testing-library/user-event/dist/cjs/event/wrapEvent.js:6:28)
      at Object.dispatchEvent (node_modules/@testing-library/user-event/dist/cjs/event/dispatchEvent.js:45:22)
      at Object.dispatchUIEvent (node_modules/@testing-library/user-event/dist/cjs/event/dispatchEvent.js:22:26)
      at commitInput (node_modules/@testing-library/user-event/dist/cjs/event/input.js:145:14)
      at editInputElement (node_modules/@testing-library/user-event/dist/cjs/event/input.js:115:9)
      at Object.input (node_modules/@testing-library/user-event/dist/cjs/event/input.js:37:9)
      at node_modules/@testing-library/user-event/dist/cjs/event/behavior/keypress.js:31:26
      at Object.dispatchEvent (node_modules/@testing-library/user-event/dist/cjs/event/dispatchEvent.js:41:13)
      at Object.dispatchUIEvent (node_modules/@testing-library/user-event/dist/cjs/event/dispatchEvent.js:22:26)
      at KeyboardHost.keydown (node_modules/@testing-library/user-event/dist/cjs/system/keyboard.js:76:22)
      at keyboardAction (node_modules/@testing-library/user-event/dist/cjs/keyboard/index.js:22:35)
      at Object.keyboard (node_modules/@testing-library/user-event/dist/cjs/keyboard/index.js:11:15)
      at Object.type (node_modules/@testing-library/user-event/dist/cjs/utility/type.js:17:5)
      at src/components/Contact/Contact.test.tsx:63:15
      at AsyncProperty.run (node_modules/fast-check/lib/check/property/AsyncProperty.generic.js:49:28)
      at asyncRunIt (node_modules/fast-check/lib/check/runner/Runner.js:37:21)
      at Object.<anonymous> (src/components/Contact/Contact.test.tsx:39:5)

    console.error
      Warning: An update to Contact inside a test was not wrapped in act(...).
      
      When testing, code that causes React state updates should be wrapped into act(...):
      
      act(() => {
        /* fire events that update state */
      });
      /* assert on the output */
      
      This ensures that you're testing the behavior the user would see in the browser. Learn more at https://reactjs.org/link/wrap-tests-with-act
          at Contact (/workspaces/netsanet-portfolio/src/components/Contact/Contact.tsx:17:44)

      30 |
      31 |   const handleInputChange = (field: keyof ContactFormData, value: string) => {
    > 32 |     setFormState(prev => ({
         |     ^
      33 |       ...prev,
      34 |       data: {
      35 |         ...prev.data,

      at printWarning (node_modules/react-dom/cjs/react-dom.development.js:86:30)
      at error (node_modules/react-dom/cjs/react-dom.development.js:60:7)
      at warnIfUpdatesNotWrappedWithActDEV (node_modules/react-dom/cjs/react-dom.development.js:27628:9)
      at scheduleUpdateOnFiber (node_modules/react-dom/cjs/react-dom.development.js:25547:5)
      at dispatchSetState (node_modules/react-dom/cjs/react-dom.development.js:16708:7)
      at handleInputChange (src/components/Contact/Contact.tsx:32:5)
      at onChange (src/components/Contact/Contact.tsx:236:34)
      at HTMLUnknownElement.callCallback (node_modules/react-dom/cjs/react-dom.development.js:4164:14)
      at HTMLUnknownElement.callTheUserObjectsOperation (node_modules/jsdom/lib/jsdom/living/generated/EventListener.js:26:30)
      at innerInvokeEventListeners (node_modules/jsdom/lib/jsdom/living/events/EventTarget-impl.js:350:25)
      at invokeEventListeners (node_modules/jsdom/lib/jsdom/living/events/EventTarget-impl.js:286:3)
      at HTMLUnknownElementImpl._dispatch (node_modules/jsdom/lib/jsdom/living/events/EventTarget-impl.js:233:9)
      at HTMLUnknownElementImpl.dispatchEvent (node_modules/jsdom/lib/jsdom/living/events/EventTarget-impl.js:104:17)
      at HTMLUnknownElement.dispatchEvent (node_modules/jsdom/lib/jsdom/living/generated/EventTarget.js:241:34)
      at Object.invokeGuardedCallbackDev (node_modules/react-dom/cjs/react-dom.development.js:4213:16)
      at invokeGuardedCallback (node_modules/react-dom/cjs/react-dom.development.js:4277:31)
      at invokeGuardedCallbackAndCatchFirstError (node_modules/react-dom/cjs/react-dom.development.js:4291:25)
      at executeDispatch (node_modules/react-dom/cjs/react-dom.development.js:9041:3)
      at processDispatchQueueItemsInOrder (node_modules/react-dom/cjs/react-dom.development.js:9073:7)
      at processDispatchQueue (node_modules/react-dom/cjs/react-dom.development.js:9086:5)
      at dispatchEventsForPlugins (node_modules/react-dom/cjs/react-dom.development.js:9097:3)
      at node_modules/react-dom/cjs/react-dom.development.js:9288:12
      at batchedUpdates$1 (node_modules/react-dom/cjs/react-dom.development.js:26179:12)
      at batchedUpdates (node_modules/react-dom/cjs/react-dom.development.js:3991:12)
      at dispatchEventForPluginEventSystem (node_modules/react-dom/cjs/react-dom.development.js:9287:3)
      at dispatchEventWithEnableCapturePhaseSelectiveHydrationWithoutDiscreteEventReplay (node_modules/react-dom/cjs/react-dom.development.js:6465:5)
      at dispatchEvent (node_modules/react-dom/cjs/react-dom.development.js:6457:5)
      at dispatchDiscreteEvent (node_modules/react-dom/cjs/react-dom.development.js:6430:5)
      at HTMLDivElement.callTheUserObjectsOperation (node_modules/jsdom/lib/jsdom/living/generated/EventListener.js:26:30)
      at innerInvokeEventListeners (node_modules/jsdom/lib/jsdom/living/events/EventTarget-impl.js:350:25)
      at invokeEventListeners (node_modules/jsdom/lib/jsdom/living/events/EventTarget-impl.js:286:3)
      at HTMLInputElementImpl._dispatch (node_modules/jsdom/lib/jsdom/living/events/EventTarget-impl.js:233:9)
      at HTMLInputElementImpl.dispatchEvent (node_modules/jsdom/lib/jsdom/living/events/EventTarget-impl.js:104:17)
      at HTMLInputElement.dispatchEvent (node_modules/jsdom/lib/jsdom/living/generated/EventTarget.js:241:34)
      at node_modules/@testing-library/user-event/dist/cjs/event/dispatchEvent.js:45:43
      at Object.eventWrapper (node_modules/@testing-library/dom/dist/config.js:25:23)
      at Object.wrapEvent (node_modules/@testing-library/user-event/dist/cjs/event/wrapEvent.js:6:28)
      at Object.dispatchEvent (node_modules/@testing-library/user-event/dist/cjs/event/dispatchEvent.js:45:22)
      at Object.dispatchUIEvent (node_modules/@testing-library/user-event/dist/cjs/event/dispatchEvent.js:22:26)
      at commitInput (node_modules/@testing-library/user-event/dist/cjs/event/input.js:145:14)
      at editInputElement (node_modules/@testing-library/user-event/dist/cjs/event/input.js:115:9)
      at Object.input (node_modules/@testing-library/user-event/dist/cjs/event/input.js:37:9)
      at node_modules/@testing-library/user-event/dist/cjs/event/behavior/keypress.js:31:26
      at Object.dispatchEvent (node_modules/@testing-library/user-event/dist/cjs/event/dispatchEvent.js:41:13)
      at Object.dispatchUIEvent (node_modules/@testing-library/user-event/dist/cjs/event/dispatchEvent.js:22:26)
      at KeyboardHost.keydown (node_modules/@testing-library/user-event/dist/cjs/system/keyboard.js:76:22)
      at keyboardAction (node_modules/@testing-library/user-event/dist/cjs/keyboard/index.js:22:35)
      at Object.keyboard (node_modules/@testing-library/user-event/dist/cjs/keyboard/index.js:11:15)
      at Object.type (node_modules/@testing-library/user-event/dist/cjs/utility/type.js:17:5)
      at src/components/Contact/Contact.test.tsx:63:15
      at AsyncProperty.run (node_modules/fast-check/lib/check/property/AsyncProperty.generic.js:49:28)
      at asyncRunIt (node_modules/fast-check/lib/check/runner/Runner.js:37:21)
      at Object.<anonymous> (src/components/Contact/Contact.test.tsx:39:5)

    console.error
      Warning: An update to Contact inside a test was not wrapped in act(...).
      
      When testing, code that causes React state updates should be wrapped into act(...):
      
      act(() => {
        /* fire events that update state */
      });
      /* assert on the output */
      
      This ensures that you're testing the behavior the user would see in the browser. Learn more at https://reactjs.org/link/wrap-tests-with-act
          at Contact (/workspaces/netsanet-portfolio/src/components/Contact/Contact.tsx:17:44)

      30 |
      31 |   const handleInputChange = (field: keyof ContactFormData, value: string) => {
    > 32 |     setFormState(prev => ({
         |     ^
      33 |       ...prev,
      34 |       data: {
      35 |         ...prev.data,

      at printWarning (node_modules/react-dom/cjs/react-dom.development.js:86:30)
      at error (node_modules/react-dom/cjs/react-dom.development.js:60:7)
      at warnIfUpdatesNotWrappedWithActDEV (node_modules/react-dom/cjs/react-dom.development.js:27628:9)
      at scheduleUpdateOnFiber (node_modules/react-dom/cjs/react-dom.development.js:25547:5)
      at dispatchSetState (node_modules/react-dom/cjs/react-dom.development.js:16708:7)
      at handleInputChange (src/components/Contact/Contact.tsx:32:5)
      at onChange (src/components/Contact/Contact.tsx:236:34)
      at HTMLUnknownElement.callCallback (node_modules/react-dom/cjs/react-dom.development.js:4164:14)
      at HTMLUnknownElement.callTheUserObjectsOperation (node_modules/jsdom/lib/jsdom/living/generated/EventListener.js:26:30)
      at innerInvokeEventListeners (node_modules/jsdom/lib/jsdom/living/events/EventTarget-impl.js:350:25)
      at invokeEventListeners (node_modules/jsdom/lib/jsdom/living/events/EventTarget-impl.js:286:3)
      at HTMLUnknownElementImpl._dispatch (node_modules/jsdom/lib/jsdom/living/events/EventTarget-impl.js:233:9)
      at HTMLUnknownElementImpl.dispatchEvent (node_modules/jsdom/lib/jsdom/living/events/EventTarget-impl.js:104:17)
      at HTMLUnknownElement.dispatchEvent (node_modules/jsdom/lib/jsdom/living/generated/EventTarget.js:241:34)
      at Object.invokeGuardedCallbackDev (node_modules/react-dom/cjs/react-dom.development.js:4213:16)
      at invokeGuardedCallback (node_modules/react-dom/cjs/react-dom.development.js:4277:31)
      at invokeGuardedCallbackAndCatchFirstError (node_modules/react-dom/cjs/react-dom.development.js:4291:25)
      at executeDispatch (node_modules/react-dom/cjs/react-dom.development.js:9041:3)
      at processDispatchQueueItemsInOrder (node_modules/react-dom/cjs/react-dom.development.js:9073:7)
      at processDispatchQueue (node_modules/react-dom/cjs/react-dom.development.js:9086:5)
      at dispatchEventsForPlugins (node_modules/react-dom/cjs/react-dom.development.js:9097:3)
      at node_modules/react-dom/cjs/react-dom.development.js:9288:12
      at batchedUpdates$1 (node_modules/react-dom/cjs/react-dom.development.js:26179:12)
      at batchedUpdates (node_modules/react-dom/cjs/react-dom.development.js:3991:12)
      at dispatchEventForPluginEventSystem (node_modules/react-dom/cjs/react-dom.development.js:9287:3)
      at dispatchEventWithEnableCapturePhaseSelectiveHydrationWithoutDiscreteEventReplay (node_modules/react-dom/cjs/react-dom.development.js:6465:5)
      at dispatchEvent (node_modules/react-dom/cjs/react-dom.development.js:6457:5)
      at dispatchDiscreteEvent (node_modules/react-dom/cjs/react-dom.development.js:6430:5)
      at HTMLDivElement.callTheUserObjectsOperation (node_modules/jsdom/lib/jsdom/living/generated/EventListener.js:26:30)
      at innerInvokeEventListeners (node_modules/jsdom/lib/jsdom/living/events/EventTarget-impl.js:350:25)
      at invokeEventListeners (node_modules/jsdom/lib/jsdom/living/events/EventTarget-impl.js:286:3)
      at HTMLInputElementImpl._dispatch (node_modules/jsdom/lib/jsdom/living/events/EventTarget-impl.js:233:9)
      at HTMLInputElementImpl.dispatchEvent (node_modules/jsdom/lib/jsdom/living/events/EventTarget-impl.js:104:17)
      at HTMLInputElement.dispatchEvent (node_modules/jsdom/lib/jsdom/living/generated/EventTarget.js:241:34)
      at node_modules/@testing-library/user-event/dist/cjs/event/dispatchEvent.js:45:43
      at Object.eventWrapper (node_modules/@testing-library/dom/dist/config.js:25:23)
      at Object.wrapEvent (node_modules/@testing-library/user-event/dist/cjs/event/wrapEvent.js:6:28)
      at Object.dispatchEvent (node_modules/@testing-library/user-event/dist/cjs/event/dispatchEvent.js:45:22)
      at Object.dispatchUIEvent (node_modules/@testing-library/user-event/dist/cjs/event/dispatchEvent.js:22:26)
      at commitInput (node_modules/@testing-library/user-event/dist/cjs/event/input.js:145:14)
      at editInputElement (node_modules/@testing-library/user-event/dist/cjs/event/input.js:115:9)
      at Object.input (node_modules/@testing-library/user-event/dist/cjs/event/input.js:37:9)
      at node_modules/@testing-library/user-event/dist/cjs/event/behavior/keypress.js:31:26
      at Object.dispatchEvent (node_modules/@testing-library/user-event/dist/cjs/event/dispatchEvent.js:41:13)
      at Object.dispatchUIEvent (node_modules/@testing-library/user-event/dist/cjs/event/dispatchEvent.js:22:26)
      at KeyboardHost.keydown (node_modules/@testing-library/user-event/dist/cjs/system/keyboard.js:76:22)
      at keyboardAction (node_modules/@testing-library/user-event/dist/cjs/keyboard/index.js:22:35)
      at Object.keyboard (node_modules/@testing-library/user-event/dist/cjs/keyboard/index.js:11:15)
      at Object.type (node_modules/@testing-library/user-event/dist/cjs/utility/type.js:17:5)
      at src/components/Contact/Contact.test.tsx:63:15
      at AsyncProperty.run (node_modules/fast-check/lib/check/property/AsyncProperty.generic.js:49:28)
      at asyncRunIt (node_modules/fast-check/lib/check/runner/Runner.js:37:21)
      at Object.<anonymous> (src/components/Contact/Contact.test.tsx:39:5)

    console.error
      Warning: An update to Contact inside a test was not wrapped in act(...).
      
      When testing, code that causes React state updates should be wrapped into act(...):
      
      act(() => {
        /* fire events that update state */
      });
      /* assert on the output */
      
      This ensures that you're testing the behavior the user would see in the browser. Learn more at https://reactjs.org/link/wrap-tests-with-act
          at Contact (/workspaces/netsanet-portfolio/src/components/Contact/Contact.tsx:17:44)

      30 |
      31 |   const handleInputChange = (field: keyof ContactFormData, value: string) => {
    > 32 |     setFormState(prev => ({
         |     ^
      33 |       ...prev,
      34 |       data: {
      35 |         ...prev.data,

      at printWarning (node_modules/react-dom/cjs/react-dom.development.js:86:30)
      at error (node_modules/react-dom/cjs/react-dom.development.js:60:7)
      at warnIfUpdatesNotWrappedWithActDEV (node_modules/react-dom/cjs/react-dom.development.js:27628:9)
      at scheduleUpdateOnFiber (node_modules/react-dom/cjs/react-dom.development.js:25547:5)
      at dispatchSetState (node_modules/react-dom/cjs/react-dom.development.js:16708:7)
      at handleInputChange (src/components/Contact/Contact.tsx:32:5)
      at onChange (src/components/Contact/Contact.tsx:258:34)
      at HTMLUnknownElement.callCallback (node_modules/react-dom/cjs/react-dom.development.js:4164:14)
      at HTMLUnknownElement.callTheUserObjectsOperation (node_modules/jsdom/lib/jsdom/living/generated/EventListener.js:26:30)
      at innerInvokeEventListeners (node_modules/jsdom/lib/jsdom/living/events/EventTarget-impl.js:350:25)
      at invokeEventListeners (node_modules/jsdom/lib/jsdom/living/events/EventTarget-impl.js:286:3)
      at HTMLUnknownElementImpl._dispatch (node_modules/jsdom/lib/jsdom/living/events/EventTarget-impl.js:233:9)
      at HTMLUnknownElementImpl.dispatchEvent (node_modules/jsdom/lib/jsdom/living/events/EventTarget-impl.js:104:17)
      at HTMLUnknownElement.dispatchEvent (node_modules/jsdom/lib/jsdom/living/generated/EventTarget.js:241:34)
      at Object.invokeGuardedCallbackDev (node_modules/react-dom/cjs/react-dom.development.js:4213:16)
      at invokeGuardedCallback (node_modules/react-dom/cjs/react-dom.development.js:4277:31)
      at invokeGuardedCallbackAndCatchFirstError (node_modules/react-dom/cjs/react-dom.development.js:4291:25)
      at executeDispatch (node_modules/react-dom/cjs/react-dom.development.js:9041:3)
      at processDispatchQueueItemsInOrder (node_modules/react-dom/cjs/react-dom.development.js:9073:7)
      at processDispatchQueue (node_modules/react-dom/cjs/react-dom.development.js:9086:5)
      at dispatchEventsForPlugins (node_modules/react-dom/cjs/react-dom.development.js:9097:3)
      at node_modules/react-dom/cjs/react-dom.development.js:9288:12
      at batchedUpdates$1 (node_modules/react-dom/cjs/react-dom.development.js:26179:12)
      at batchedUpdates (node_modules/react-dom/cjs/react-dom.development.js:3991:12)
      at dispatchEventForPluginEventSystem (node_modules/react-dom/cjs/react-dom.development.js:9287:3)
      at dispatchEventWithEnableCapturePhaseSelectiveHydrationWithoutDiscreteEventReplay (node_modules/react-dom/cjs/react-dom.development.js:6465:5)
      at dispatchEvent (node_modules/react-dom/cjs/react-dom.development.js:6457:5)
      at dispatchDiscreteEvent (node_modules/react-dom/cjs/react-dom.development.js:6430:5)
      at HTMLDivElement.callTheUserObjectsOperation (node_modules/jsdom/lib/jsdom/living/generated/EventListener.js:26:30)
      at innerInvokeEventListeners (node_modules/jsdom/lib/jsdom/living/events/EventTarget-impl.js:350:25)
      at invokeEventListeners (node_modules/jsdom/lib/jsdom/living/events/EventTarget-impl.js:286:3)
      at HTMLInputElementImpl._dispatch (node_modules/jsdom/lib/jsdom/living/events/EventTarget-impl.js:233:9)
      at HTMLInputElementImpl.dispatchEvent (node_modules/jsdom/lib/jsdom/living/events/EventTarget-impl.js:104:17)
      at HTMLInputElement.dispatchEvent (node_modules/jsdom/lib/jsdom/living/generated/EventTarget.js:241:34)
      at node_modules/@testing-library/user-event/dist/cjs/event/dispatchEvent.js:45:43
      at Object.eventWrapper (node_modules/@testing-library/dom/dist/config.js:25:23)
      at Object.wrapEvent (node_modules/@testing-library/user-event/dist/cjs/event/wrapEvent.js:6:28)
      at Object.dispatchEvent (node_modules/@testing-library/user-event/dist/cjs/event/dispatchEvent.js:45:22)
      at Object.dispatchUIEvent (node_modules/@testing-library/user-event/dist/cjs/event/dispatchEvent.js:22:26)
      at commitInput (node_modules/@testing-library/user-event/dist/cjs/event/input.js:145:14)
      at editInputElement (node_modules/@testing-library/user-event/dist/cjs/event/input.js:115:9)
      at Object.input (node_modules/@testing-library/user-event/dist/cjs/event/input.js:37:9)
      at node_modules/@testing-library/user-event/dist/cjs/event/behavior/keypress.js:31:26
      at Object.dispatchEvent (node_modules/@testing-library/user-event/dist/cjs/event/dispatchEvent.js:41:13)
      at Object.dispatchUIEvent (node_modules/@testing-library/user-event/dist/cjs/event/dispatchEvent.js:22:26)
      at KeyboardHost.keydown (node_modules/@testing-library/user-event/dist/cjs/system/keyboard.js:76:22)
      at keyboardAction (node_modules/@testing-library/user-event/dist/cjs/keyboard/index.js:22:35)
      at Object.keyboard (node_modules/@testing-library/user-event/dist/cjs/keyboard/index.js:11:15)
      at Object.type (node_modules/@testing-library/user-event/dist/cjs/utility/type.js:17:5)
      at src/components/Contact/Contact.test.tsx:68:15
      at AsyncProperty.run (node_modules/fast-check/lib/check/property/AsyncProperty.generic.js:49:28)
      at asyncRunIt (node_modules/fast-check/lib/check/runner/Runner.js:37:21)
      at Object.<anonymous> (src/components/Contact/Contact.test.tsx:39:5)

    console.error
      Warning: An update to Contact inside a test was not wrapped in act(...).
      
      When testing, code that causes React state updates should be wrapped into act(...):
      
      act(() => {
        /* fire events that update state */
      });
      /* assert on the output */
      
      This ensures that you're testing the behavior the user would see in the browser. Learn more at https://reactjs.org/link/wrap-tests-with-act
          at Contact (/workspaces/netsanet-portfolio/src/components/Contact/Contact.tsx:17:44)

      30 |
      31 |   const handleInputChange = (field: keyof ContactFormData, value: string) => {
    > 32 |     setFormState(prev => ({
         |     ^
      33 |       ...prev,
      34 |       data: {
      35 |         ...prev.data,

      at printWarning (node_modules/react-dom/cjs/react-dom.development.js:86:30)
      at error (node_modules/react-dom/cjs/react-dom.development.js:60:7)
      at warnIfUpdatesNotWrappedWithActDEV (node_modules/react-dom/cjs/react-dom.development.js:27628:9)
      at scheduleUpdateOnFiber (node_modules/react-dom/cjs/react-dom.development.js:25547:5)
      at dispatchSetState (node_modules/react-dom/cjs/react-dom.development.js:16708:7)
      at handleInputChange (src/components/Contact/Contact.tsx:32:5)
      at onChange (src/components/Contact/Contact.tsx:280:34)
      at HTMLUnknownElement.callCallback (node_modules/react-dom/cjs/react-dom.development.js:4164:14)
      at HTMLUnknownElement.callTheUserObjectsOperation (node_modules/jsdom/lib/jsdom/living/generated/EventListener.js:26:30)
      at innerInvokeEventListeners (node_modules/jsdom/lib/jsdom/living/events/EventTarget-impl.js:350:25)
      at invokeEventListeners (node_modules/jsdom/lib/jsdom/living/events/EventTarget-impl.js:286:3)
      at HTMLUnknownElementImpl._dispatch (node_modules/jsdom/lib/jsdom/living/events/EventTarget-impl.js:233:9)
      at HTMLUnknownElementImpl.dispatchEvent (node_modules/jsdom/lib/jsdom/living/events/EventTarget-impl.js:104:17)
      at HTMLUnknownElement.dispatchEvent (node_modules/jsdom/lib/jsdom/living/generated/EventTarget.js:241:34)
      at Object.invokeGuardedCallbackDev (node_modules/react-dom/cjs/react-dom.development.js:4213:16)
      at invokeGuardedCallback (node_modules/react-dom/cjs/react-dom.development.js:4277:31)
      at invokeGuardedCallbackAndCatchFirstError (node_modules/react-dom/cjs/react-dom.development.js:4291:25)
      at executeDispatch (node_modules/react-dom/cjs/react-dom.development.js:9041:3)
      at processDispatchQueueItemsInOrder (node_modules/react-dom/cjs/react-dom.development.js:9073:7)
      at processDispatchQueue (node_modules/react-dom/cjs/react-dom.development.js:9086:5)
      at dispatchEventsForPlugins (node_modules/react-dom/cjs/react-dom.development.js:9097:3)
      at node_modules/react-dom/cjs/react-dom.development.js:9288:12
      at batchedUpdates$1 (node_modules/react-dom/cjs/react-dom.development.js:26179:12)
      at batchedUpdates (node_modules/react-dom/cjs/react-dom.development.js:3991:12)
      at dispatchEventForPluginEventSystem (node_modules/react-dom/cjs/react-dom.development.js:9287:3)
      at dispatchEventWithEnableCapturePhaseSelectiveHydrationWithoutDiscreteEventReplay (node_modules/react-dom/cjs/react-dom.development.js:6465:5)
      at dispatchEvent (node_modules/react-dom/cjs/react-dom.development.js:6457:5)
      at dispatchDiscreteEvent (node_modules/react-dom/cjs/react-dom.development.js:6430:5)
      at HTMLDivElement.callTheUserObjectsOperation (node_modules/jsdom/lib/jsdom/living/generated/EventListener.js:26:30)
      at innerInvokeEventListeners (node_modules/jsdom/lib/jsdom/living/events/EventTarget-impl.js:350:25)
      at invokeEventListeners (node_modules/jsdom/lib/jsdom/living/events/EventTarget-impl.js:286:3)
      at HTMLInputElementImpl._dispatch (node_modules/jsdom/lib/jsdom/living/events/EventTarget-impl.js:233:9)
      at HTMLInputElementImpl.dispatchEvent (node_modules/jsdom/lib/jsdom/living/events/EventTarget-impl.js:104:17)
      at HTMLInputElement.dispatchEvent (node_modules/jsdom/lib/jsdom/living/generated/EventTarget.js:241:34)
      at node_modules/@testing-library/user-event/dist/cjs/event/dispatchEvent.js:45:43
      at Object.eventWrapper (node_modules/@testing-library/dom/dist/config.js:25:23)
      at Object.wrapEvent (node_modules/@testing-library/user-event/dist/cjs/event/wrapEvent.js:6:28)
      at Object.dispatchEvent (node_modules/@testing-library/user-event/dist/cjs/event/dispatchEvent.js:45:22)
      at Object.dispatchUIEvent (node_modules/@testing-library/user-event/dist/cjs/event/dispatchEvent.js:22:26)
      at commitInput (node_modules/@testing-library/user-event/dist/cjs/event/input.js:145:14)
      at editInputElement (node_modules/@testing-library/user-event/dist/cjs/event/input.js:115:9)
      at Object.input (node_modules/@testing-library/user-event/dist/cjs/event/input.js:37:9)
      at node_modules/@testing-library/user-event/dist/cjs/event/behavior/keypress.js:31:26
      at Object.dispatchEvent (node_modules/@testing-library/user-event/dist/cjs/event/dispatchEvent.js:41:13)
      at Object.dispatchUIEvent (node_modules/@testing-library/user-event/dist/cjs/event/dispatchEvent.js:22:26)
      at KeyboardHost.keydown (node_modules/@testing-library/user-event/dist/cjs/system/keyboard.js:76:22)
      at keyboardAction (node_modules/@testing-library/user-event/dist/cjs/keyboard/index.js:22:35)
      at Object.keyboard (node_modules/@testing-library/user-event/dist/cjs/keyboard/index.js:11:15)
      at Object.type (node_modules/@testing-library/user-event/dist/cjs/utility/type.js:17:5)
      at src/components/Contact/Contact.test.tsx:73:15
      at AsyncProperty.run (node_modules/fast-check/lib/check/property/AsyncProperty.generic.js:49:28)
      at asyncRunIt (node_modules/fast-check/lib/check/runner/Runner.js:37:21)
      at Object.<anonymous> (src/components/Contact/Contact.test.tsx:39:5)

    console.error
      Warning: An update to Contact inside a test was not wrapped in act(...).
      
      When testing, code that causes React state updates should be wrapped into act(...):
      
      act(() => {
        /* fire events that update state */
      });
      /* assert on the output */
      
      This ensures that you're testing the behavior the user would see in the browser. Learn more at https://reactjs.org/link/wrap-tests-with-act
          at Contact (/workspaces/netsanet-portfolio/src/components/Contact/Contact.tsx:17:44)

      30 |
      31 |   const handleInputChange = (field: keyof ContactFormData, value: string) => {
    > 32 |     setFormState(prev => ({
         |     ^
      33 |       ...prev,
      34 |       data: {
      35 |         ...prev.data,

      at printWarning (node_modules/react-dom/cjs/react-dom.development.js:86:30)
      at error (node_modules/react-dom/cjs/react-dom.development.js:60:7)
      at warnIfUpdatesNotWrappedWithActDEV (node_modules/react-dom/cjs/react-dom.development.js:27628:9)
      at scheduleUpdateOnFiber (node_modules/react-dom/cjs/react-dom.development.js:25547:5)
      at dispatchSetState (node_modules/react-dom/cjs/react-dom.development.js:16708:7)
      at handleInputChange (src/components/Contact/Contact.tsx:32:5)
      at onChange (src/components/Contact/Contact.tsx:280:34)
      at HTMLUnknownElement.callCallback (node_modules/react-dom/cjs/react-dom.development.js:4164:14)
      at HTMLUnknownElement.callTheUserObjectsOperation (node_modules/jsdom/lib/jsdom/living/generated/EventListener.js:26:30)
      at innerInvokeEventListeners (node_modules/jsdom/lib/jsdom/living/events/EventTarget-impl.js:350:25)
      at invokeEventListeners (node_modules/jsdom/lib/jsdom/living/events/EventTarget-impl.js:286:3)
      at HTMLUnknownElementImpl._dispatch (node_modules/jsdom/lib/jsdom/living/events/EventTarget-impl.js:233:9)
      at HTMLUnknownElementImpl.dispatchEvent (node_modules/jsdom/lib/jsdom/living/events/EventTarget-impl.js:104:17)
      at HTMLUnknownElement.dispatchEvent (node_modules/jsdom/lib/jsdom/living/generated/EventTarget.js:241:34)
      at Object.invokeGuardedCallbackDev (node_modules/react-dom/cjs/react-dom.development.js:4213:16)
      at invokeGuardedCallback (node_modules/react-dom/cjs/react-dom.development.js:4277:31)
      at invokeGuardedCallbackAndCatchFirstError (node_modules/react-dom/cjs/react-dom.development.js:4291:25)
      at executeDispatch (node_modules/react-dom/cjs/react-dom.development.js:9041:3)
      at processDispatchQueueItemsInOrder (node_modules/react-dom/cjs/react-dom.development.js:9073:7)
      at processDispatchQueue (node_modules/react-dom/cjs/react-dom.development.js:9086:5)
      at dispatchEventsForPlugins (node_modules/react-dom/cjs/react-dom.development.js:9097:3)
      at node_modules/react-dom/cjs/react-dom.development.js:9288:12
      at batchedUpdates$1 (node_modules/react-dom/cjs/react-dom.development.js:26179:12)
      at batchedUpdates (node_modules/react-dom/cjs/react-dom.development.js:3991:12)
      at dispatchEventForPluginEventSystem (node_modules/react-dom/cjs/react-dom.development.js:9287:3)
      at dispatchEventWithEnableCapturePhaseSelectiveHydrationWithoutDiscreteEventReplay (node_modules/react-dom/cjs/react-dom.development.js:6465:5)
      at dispatchEvent (node_modules/react-dom/cjs/react-dom.development.js:6457:5)
      at dispatchDiscreteEvent (node_modules/react-dom/cjs/react-dom.development.js:6430:5)
      at HTMLDivElement.callTheUserObjectsOperation (node_modules/jsdom/lib/jsdom/living/generated/EventListener.js:26:30)
      at innerInvokeEventListeners (node_modules/jsdom/lib/jsdom/living/events/EventTarget-impl.js:350:25)
      at invokeEventListeners (node_modules/jsdom/lib/jsdom/living/events/EventTarget-impl.js:286:3)
      at HTMLInputElementImpl._dispatch (node_modules/jsdom/lib/jsdom/living/events/EventTarget-impl.js:233:9)
      at HTMLInputElementImpl.dispatchEvent (node_modules/jsdom/lib/jsdom/living/events/EventTarget-impl.js:104:17)
      at HTMLInputElement.dispatchEvent (node_modules/jsdom/lib/jsdom/living/generated/EventTarget.js:241:34)
      at node_modules/@testing-library/user-event/dist/cjs/event/dispatchEvent.js:45:43
      at Object.eventWrapper (node_modules/@testing-library/dom/dist/config.js:25:23)
      at Object.wrapEvent (node_modules/@testing-library/user-event/dist/cjs/event/wrapEvent.js:6:28)
      at Object.dispatchEvent (node_modules/@testing-library/user-event/dist/cjs/event/dispatchEvent.js:45:22)
      at Object.dispatchUIEvent (node_modules/@testing-library/user-event/dist/cjs/event/dispatchEvent.js:22:26)
      at commitInput (node_modules/@testing-library/user-event/dist/cjs/event/input.js:145:14)
      at editInputElement (node_modules/@testing-library/user-event/dist/cjs/event/input.js:115:9)
      at Object.input (node_modules/@testing-library/user-event/dist/cjs/event/input.js:37:9)
      at node_modules/@testing-library/user-event/dist/cjs/event/behavior/keypress.js:31:26
      at Object.dispatchEvent (node_modules/@testing-library/user-event/dist/cjs/event/dispatchEvent.js:41:13)
      at Object.dispatchUIEvent (node_modules/@testing-library/user-event/dist/cjs/event/dispatchEvent.js:22:26)
      at KeyboardHost.keydown (node_modules/@testing-library/user-event/dist/cjs/system/keyboard.js:76:22)
      at keyboardAction (node_modules/@testing-library/user-event/dist/cjs/keyboard/index.js:22:35)
      at Object.keyboard (node_modules/@testing-library/user-event/dist/cjs/keyboard/index.js:11:15)
      at Object.type (node_modules/@testing-library/user-event/dist/cjs/utility/type.js:17:5)
      at src/components/Contact/Contact.test.tsx:73:15
      at AsyncProperty.run (node_modules/fast-check/lib/check/property/AsyncProperty.generic.js:49:28)
      at asyncRunIt (node_modules/fast-check/lib/check/runner/Runner.js:37:21)
      at Object.<anonymous> (src/components/Contact/Contact.test.tsx:39:5)

    console.error
      Warning: An update to Contact inside a test was not wrapped in act(...).
      
      When testing, code that causes React state updates should be wrapped into act(...):
      
      act(() => {
        /* fire events that update state */
      });
      /* assert on the output */
      
      This ensures that you're testing the behavior the user would see in the browser. Learn more at https://reactjs.org/link/wrap-tests-with-act
          at Contact (/workspaces/netsanet-portfolio/src/components/Contact/Contact.tsx:17:44)

      30 |
      31 |   const handleInputChange = (field: keyof ContactFormData, value: string) => {
    > 32 |     setFormState(prev => ({
         |     ^
      33 |       ...prev,
      34 |       data: {
      35 |         ...prev.data,

      at printWarning (node_modules/react-dom/cjs/react-dom.development.js:86:30)
      at error (node_modules/react-dom/cjs/react-dom.development.js:60:7)
      at warnIfUpdatesNotWrappedWithActDEV (node_modules/react-dom/cjs/react-dom.development.js:27628:9)
      at scheduleUpdateOnFiber (node_modules/react-dom/cjs/react-dom.development.js:25547:5)
      at dispatchSetState (node_modules/react-dom/cjs/react-dom.development.js:16708:7)
      at handleInputChange (src/components/Contact/Contact.tsx:32:5)
      at onChange (src/components/Contact/Contact.tsx:280:34)
      at HTMLUnknownElement.callCallback (node_modules/react-dom/cjs/react-dom.development.js:4164:14)
      at HTMLUnknownElement.callTheUserObjectsOperation (node_modules/jsdom/lib/jsdom/living/generated/EventListener.js:26:30)
      at innerInvokeEventListeners (node_modules/jsdom/lib/jsdom/living/events/EventTarget-impl.js:350:25)
      at invokeEventListeners (node_modules/jsdom/lib/jsdom/living/events/EventTarget-impl.js:286:3)
      at HTMLUnknownElementImpl._dispatch (node_modules/jsdom/lib/jsdom/living/events/EventTarget-impl.js:233:9)
      at HTMLUnknownElementImpl.dispatchEvent (node_modules/jsdom/lib/jsdom/living/events/EventTarget-impl.js:104:17)
      at HTMLUnknownElement.dispatchEvent (node_modules/jsdom/lib/jsdom/living/generated/EventTarget.js:241:34)
      at Object.invokeGuardedCallbackDev (node_modules/react-dom/cjs/react-dom.development.js:4213:16)
      at invokeGuardedCallback (node_modules/react-dom/cjs/react-dom.development.js:4277:31)
      at invokeGuardedCallbackAndCatchFirstError (node_modules/react-dom/cjs/react-dom.development.js:4291:25)
      at executeDispatch (node_modules/react-dom/cjs/react-dom.development.js:9041:3)
      at processDispatchQueueItemsInOrder (node_modules/react-dom/cjs/react-dom.development.js:9073:7)
      at processDispatchQueue (node_modules/react-dom/cjs/react-dom.development.js:9086:5)
      at dispatchEventsForPlugins (node_modules/react-dom/cjs/react-dom.development.js:9097:3)
      at node_modules/react-dom/cjs/react-dom.development.js:9288:12
      at batchedUpdates$1 (node_modules/react-dom/cjs/react-dom.development.js:26179:12)
      at batchedUpdates (node_modules/react-dom/cjs/react-dom.development.js:3991:12)
      at dispatchEventForPluginEventSystem (node_modules/react-dom/cjs/react-dom.development.js:9287:3)
      at dispatchEventWithEnableCapturePhaseSelectiveHydrationWithoutDiscreteEventReplay (node_modules/react-dom/cjs/react-dom.development.js:6465:5)
      at dispatchEvent (node_modules/react-dom/cjs/react-dom.development.js:6457:5)
      at dispatchDiscreteEvent (node_modules/react-dom/cjs/react-dom.development.js:6430:5)
      at HTMLDivElement.callTheUserObjectsOperation (node_modules/jsdom/lib/jsdom/living/generated/EventListener.js:26:30)
      at innerInvokeEventListeners (node_modules/jsdom/lib/jsdom/living/events/EventTarget-impl.js:350:25)
      at invokeEventListeners (node_modules/jsdom/lib/jsdom/living/events/EventTarget-impl.js:286:3)
      at HTMLInputElementImpl._dispatch (node_modules/jsdom/lib/jsdom/living/events/EventTarget-impl.js:233:9)
      at HTMLInputElementImpl.dispatchEvent (node_modules/jsdom/lib/jsdom/living/events/EventTarget-impl.js:104:17)
      at HTMLInputElement.dispatchEvent (node_modules/jsdom/lib/jsdom/living/generated/EventTarget.js:241:34)
      at node_modules/@testing-library/user-event/dist/cjs/event/dispatchEvent.js:45:43
      at Object.eventWrapper (node_modules/@testing-library/dom/dist/config.js:25:23)
      at Object.wrapEvent (node_modules/@testing-library/user-event/dist/cjs/event/wrapEvent.js:6:28)
      at Object.dispatchEvent (node_modules/@testing-library/user-event/dist/cjs/event/dispatchEvent.js:45:22)
      at Object.dispatchUIEvent (node_modules/@testing-library/user-event/dist/cjs/event/dispatchEvent.js:22:26)
      at commitInput (node_modules/@testing-library/user-event/dist/cjs/event/input.js:145:14)
      at editInputElement (node_modules/@testing-library/user-event/dist/cjs/event/input.js:115:9)
      at Object.input (node_modules/@testing-library/user-event/dist/cjs/event/input.js:37:9)
      at node_modules/@testing-library/user-event/dist/cjs/event/behavior/keypress.js:31:26
      at Object.dispatchEvent (node_modules/@testing-library/user-event/dist/cjs/event/dispatchEvent.js:41:13)
      at Object.dispatchUIEvent (node_modules/@testing-library/user-event/dist/cjs/event/dispatchEvent.js:22:26)
      at KeyboardHost.keydown (node_modules/@testing-library/user-event/dist/cjs/system/keyboard.js:76:22)
      at keyboardAction (node_modules/@testing-library/user-event/dist/cjs/keyboard/index.js:22:35)
      at Object.keyboard (node_modules/@testing-library/user-event/dist/cjs/keyboard/index.js:11:15)
      at Object.type (node_modules/@testing-library/user-event/dist/cjs/utility/type.js:17:5)
      at src/components/Contact/Contact.test.tsx:73:15
      at AsyncProperty.run (node_modules/fast-check/lib/check/property/AsyncProperty.generic.js:49:28)
      at asyncRunIt (node_modules/fast-check/lib/check/runner/Runner.js:37:21)
      at Object.<anonymous> (src/components/Contact/Contact.test.tsx:39:5)

    console.error
      Warning: An update to Contact inside a test was not wrapped in act(...).
      
      When testing, code that causes React state updates should be wrapped into act(...):
      
      act(() => {
        /* fire events that update state */
      });
      /* assert on the output */
      
      This ensures that you're testing the behavior the user would see in the browser. Learn more at https://reactjs.org/link/wrap-tests-with-act
          at Contact (/workspaces/netsanet-portfolio/src/components/Contact/Contact.tsx:17:44)

      30 |
      31 |   const handleInputChange = (field: keyof ContactFormData, value: string) => {
    > 32 |     setFormState(prev => ({
         |     ^
      33 |       ...prev,
      34 |       data: {
      35 |         ...prev.data,

      at printWarning (node_modules/react-dom/cjs/react-dom.development.js:86:30)
      at error (node_modules/react-dom/cjs/react-dom.development.js:60:7)
      at warnIfUpdatesNotWrappedWithActDEV (node_modules/react-dom/cjs/react-dom.development.js:27628:9)
      at scheduleUpdateOnFiber (node_modules/react-dom/cjs/react-dom.development.js:25547:5)
      at dispatchSetState (node_modules/react-dom/cjs/react-dom.development.js:16708:7)
      at handleInputChange (src/components/Contact/Contact.tsx:32:5)
      at onChange (src/components/Contact/Contact.tsx:280:34)
      at HTMLUnknownElement.callCallback (node_modules/react-dom/cjs/react-dom.development.js:4164:14)
      at HTMLUnknownElement.callTheUserObjectsOperation (node_modules/jsdom/lib/jsdom/living/generated/EventListener.js:26:30)
      at innerInvokeEventListeners (node_modules/jsdom/lib/jsdom/living/events/EventTarget-impl.js:350:25)
      at invokeEventListeners (node_modules/jsdom/lib/jsdom/living/events/EventTarget-impl.js:286:3)
      at HTMLUnknownElementImpl._dispatch (node_modules/jsdom/lib/jsdom/living/events/EventTarget-impl.js:233:9)
      at HTMLUnknownElementImpl.dispatchEvent (node_modules/jsdom/lib/jsdom/living/events/EventTarget-impl.js:104:17)
      at HTMLUnknownElement.dispatchEvent (node_modules/jsdom/lib/jsdom/living/generated/EventTarget.js:241:34)
      at Object.invokeGuardedCallbackDev (node_modules/react-dom/cjs/react-dom.development.js:4213:16)
      at invokeGuardedCallback (node_modules/react-dom/cjs/react-dom.development.js:4277:31)
      at invokeGuardedCallbackAndCatchFirstError (node_modules/react-dom/cjs/react-dom.development.js:4291:25)
      at executeDispatch (node_modules/react-dom/cjs/react-dom.development.js:9041:3)
      at processDispatchQueueItemsInOrder (node_modules/react-dom/cjs/react-dom.development.js:9073:7)
      at processDispatchQueue (node_modules/react-dom/cjs/react-dom.development.js:9086:5)
      at dispatchEventsForPlugins (node_modules/react-dom/cjs/react-dom.development.js:9097:3)
      at node_modules/react-dom/cjs/react-dom.development.js:9288:12
      at batchedUpdates$1 (node_modules/react-dom/cjs/react-dom.development.js:26179:12)
      at batchedUpdates (node_modules/react-dom/cjs/react-dom.development.js:3991:12)
      at dispatchEventForPluginEventSystem (node_modules/react-dom/cjs/react-dom.development.js:9287:3)
      at dispatchEventWithEnableCapturePhaseSelectiveHydrationWithoutDiscreteEventReplay (node_modules/react-dom/cjs/react-dom.development.js:6465:5)
      at dispatchEvent (node_modules/react-dom/cjs/react-dom.development.js:6457:5)
      at dispatchDiscreteEvent (node_modules/react-dom/cjs/react-dom.development.js:6430:5)
      at HTMLDivElement.callTheUserObjectsOperation (node_modules/jsdom/lib/jsdom/living/generated/EventListener.js:26:30)
      at innerInvokeEventListeners (node_modules/jsdom/lib/jsdom/living/events/EventTarget-impl.js:350:25)
      at invokeEventListeners (node_modules/jsdom/lib/jsdom/living/events/EventTarget-impl.js:286:3)
      at HTMLInputElementImpl._dispatch (node_modules/jsdom/lib/jsdom/living/events/EventTarget-impl.js:233:9)
      at HTMLInputElementImpl.dispatchEvent (node_modules/jsdom/lib/jsdom/living/events/EventTarget-impl.js:104:17)
      at HTMLInputElement.dispatchEvent (node_modules/jsdom/lib/jsdom/living/generated/EventTarget.js:241:34)
      at node_modules/@testing-library/user-event/dist/cjs/event/dispatchEvent.js:45:43
      at Object.eventWrapper (node_modules/@testing-library/dom/dist/config.js:25:23)
      at Object.wrapEvent (node_modules/@testing-library/user-event/dist/cjs/event/wrapEvent.js:6:28)
      at Object.dispatchEvent (node_modules/@testing-library/user-event/dist/cjs/event/dispatchEvent.js:45:22)
      at Object.dispatchUIEvent (node_modules/@testing-library/user-event/dist/cjs/event/dispatchEvent.js:22:26)
      at commitInput (node_modules/@testing-library/user-event/dist/cjs/event/input.js:145:14)
      at editInputElement (node_modules/@testing-library/user-event/dist/cjs/event/input.js:115:9)
      at Object.input (node_modules/@testing-library/user-event/dist/cjs/event/input.js:37:9)
      at node_modules/@testing-library/user-event/dist/cjs/event/behavior/keypress.js:31:26
      at Object.dispatchEvent (node_modules/@testing-library/user-event/dist/cjs/event/dispatchEvent.js:41:13)
      at Object.dispatchUIEvent (node_modules/@testing-library/user-event/dist/cjs/event/dispatchEvent.js:22:26)
      at KeyboardHost.keydown (node_modules/@testing-library/user-event/dist/cjs/system/keyboard.js:76:22)
      at keyboardAction (node_modules/@testing-library/user-event/dist/cjs/keyboard/index.js:22:35)
      at Object.keyboard (node_modules/@testing-library/user-event/dist/cjs/keyboard/index.js:11:15)
      at Object.type (node_modules/@testing-library/user-event/dist/cjs/utility/type.js:17:5)
      at src/components/Contact/Contact.test.tsx:73:15
      at AsyncProperty.run (node_modules/fast-check/lib/check/property/AsyncProperty.generic.js:49:28)
      at asyncRunIt (node_modules/fast-check/lib/check/runner/Runner.js:37:21)
      at Object.<anonymous> (src/components/Contact/Contact.test.tsx:39:5)

    console.error
      Warning: An update to Contact inside a test was not wrapped in act(...).
      
      When testing, code that causes React state updates should be wrapped into act(...):
      
      act(() => {
        /* fire events that update state */
      });
      /* assert on the output */
      
      This ensures that you're testing the behavior the user would see in the browser. Learn more at https://reactjs.org/link/wrap-tests-with-act
          at Contact (/workspaces/netsanet-portfolio/src/components/Contact/Contact.tsx:17:44)

      30 |
      31 |   const handleInputChange = (field: keyof ContactFormData, value: string) => {
    > 32 |     setFormState(prev => ({
         |     ^
      33 |       ...prev,
      34 |       data: {
      35 |         ...prev.data,

      at printWarning (node_modules/react-dom/cjs/react-dom.development.js:86:30)
      at error (node_modules/react-dom/cjs/react-dom.development.js:60:7)
      at warnIfUpdatesNotWrappedWithActDEV (node_modules/react-dom/cjs/react-dom.development.js:27628:9)
      at scheduleUpdateOnFiber (node_modules/react-dom/cjs/react-dom.development.js:25547:5)
      at dispatchSetState (node_modules/react-dom/cjs/react-dom.development.js:16708:7)
      at handleInputChange (src/components/Contact/Contact.tsx:32:5)
      at onChange (src/components/Contact/Contact.tsx:301:34)
      at HTMLUnknownElement.callCallback (node_modules/react-dom/cjs/react-dom.development.js:4164:14)
      at HTMLUnknownElement.callTheUserObjectsOperation (node_modules/jsdom/lib/jsdom/living/generated/EventListener.js:26:30)
      at innerInvokeEventListeners (node_modules/jsdom/lib/jsdom/living/events/EventTarget-impl.js:350:25)
      at invokeEventListeners (node_modules/jsdom/lib/jsdom/living/events/EventTarget-impl.js:286:3)
      at HTMLUnknownElementImpl._dispatch (node_modules/jsdom/lib/jsdom/living/events/EventTarget-impl.js:233:9)
      at HTMLUnknownElementImpl.dispatchEvent (node_modules/jsdom/lib/jsdom/living/events/EventTarget-impl.js:104:17)
      at HTMLUnknownElement.dispatchEvent (node_modules/jsdom/lib/jsdom/living/generated/EventTarget.js:241:34)
      at Object.invokeGuardedCallbackDev (node_modules/react-dom/cjs/react-dom.development.js:4213:16)
      at invokeGuardedCallback (node_modules/react-dom/cjs/react-dom.development.js:4277:31)
      at invokeGuardedCallbackAndCatchFirstError (node_modules/react-dom/cjs/react-dom.development.js:4291:25)
      at executeDispatch (node_modules/react-dom/cjs/react-dom.development.js:9041:3)
      at processDispatchQueueItemsInOrder (node_modules/react-dom/cjs/react-dom.development.js:9073:7)
      at processDispatchQueue (node_modules/react-dom/cjs/react-dom.development.js:9086:5)
      at dispatchEventsForPlugins (node_modules/react-dom/cjs/react-dom.development.js:9097:3)
      at node_modules/react-dom/cjs/react-dom.development.js:9288:12
      at batchedUpdates$1 (node_modules/react-dom/cjs/react-dom.development.js:26179:12)
      at batchedUpdates (node_modules/react-dom/cjs/react-dom.development.js:3991:12)
      at dispatchEventForPluginEventSystem (node_modules/react-dom/cjs/react-dom.development.js:9287:3)
      at dispatchEventWithEnableCapturePhaseSelectiveHydrationWithoutDiscreteEventReplay (node_modules/react-dom/cjs/react-dom.development.js:6465:5)
      at dispatchEvent (node_modules/react-dom/cjs/react-dom.development.js:6457:5)
      at dispatchDiscreteEvent (node_modules/react-dom/cjs/react-dom.development.js:6430:5)
      at HTMLDivElement.callTheUserObjectsOperation (node_modules/jsdom/lib/jsdom/living/generated/EventListener.js:26:30)
      at innerInvokeEventListeners (node_modules/jsdom/lib/jsdom/living/events/EventTarget-impl.js:350:25)
      at invokeEventListeners (node_modules/jsdom/lib/jsdom/living/events/EventTarget-impl.js:286:3)
      at HTMLTextAreaElementImpl._dispatch (node_modules/jsdom/lib/jsdom/living/events/EventTarget-impl.js:233:9)
      at HTMLTextAreaElementImpl.dispatchEvent (node_modules/jsdom/lib/jsdom/living/events/EventTarget-impl.js:104:17)
      at HTMLTextAreaElement.dispatchEvent (node_modules/jsdom/lib/jsdom/living/generated/EventTarget.js:241:34)
      at node_modules/@testing-library/user-event/dist/cjs/event/dispatchEvent.js:45:43
      at Object.eventWrapper (node_modules/@testing-library/dom/dist/config.js:25:23)
      at Object.wrapEvent (node_modules/@testing-library/user-event/dist/cjs/event/wrapEvent.js:6:28)
      at Object.dispatchEvent (node_modules/@testing-library/user-event/dist/cjs/event/dispatchEvent.js:45:22)
      at Object.dispatchUIEvent (node_modules/@testing-library/user-event/dist/cjs/event/dispatchEvent.js:22:26)
      at commitInput (node_modules/@testing-library/user-event/dist/cjs/event/input.js:145:14)
      at editInputElement (node_modules/@testing-library/user-event/dist/cjs/event/input.js:115:9)
      at Object.input (node_modules/@testing-library/user-event/dist/cjs/event/input.js:37:9)
      at node_modules/@testing-library/user-event/dist/cjs/event/behavior/keypress.js:31:26
      at Object.dispatchEvent (node_modules/@testing-library/user-event/dist/cjs/event/dispatchEvent.js:41:13)
      at Object.dispatchUIEvent (node_modules/@testing-library/user-event/dist/cjs/event/dispatchEvent.js:22:26)
      at KeyboardHost.keydown (node_modules/@testing-library/user-event/dist/cjs/system/keyboard.js:76:22)
      at keyboardAction (node_modules/@testing-library/user-event/dist/cjs/keyboard/index.js:22:35)
      at Object.keyboard (node_modules/@testing-library/user-event/dist/cjs/keyboard/index.js:11:15)
      at Object.type (node_modules/@testing-library/user-event/dist/cjs/utility/type.js:17:5)
      at src/components/Contact/Contact.test.tsx:78:15
      at AsyncProperty.run (node_modules/fast-check/lib/check/property/AsyncProperty.generic.js:49:28)
      at asyncRunIt (node_modules/fast-check/lib/check/runner/Runner.js:37:21)
      at Object.<anonymous> (src/components/Contact/Contact.test.tsx:39:5)

    console.error
      Warning: An update to Contact inside a test was not wrapped in act(...).
      
      When testing, code that causes React state updates should be wrapped into act(...):
      
      act(() => {
        /* fire events that update state */
      });
      /* assert on the output */
      
      This ensures that you're testing the behavior the user would see in the browser. Learn more at https://reactjs.org/link/wrap-tests-with-act
          at Contact (/workspaces/netsanet-portfolio/src/components/Contact/Contact.tsx:17:44)

      30 |
      31 |   const handleInputChange = (field: keyof ContactFormData, value: string) => {
    > 32 |     setFormState(prev => ({
         |     ^
      33 |       ...prev,
      34 |       data: {
      35 |         ...prev.data,

      at printWarning (node_modules/react-dom/cjs/react-dom.development.js:86:30)
      at error (node_modules/react-dom/cjs/react-dom.development.js:60:7)
      at warnIfUpdatesNotWrappedWithActDEV (node_modules/react-dom/cjs/react-dom.development.js:27628:9)
      at scheduleUpdateOnFiber (node_modules/react-dom/cjs/react-dom.development.js:25547:5)
      at dispatchSetState (node_modules/react-dom/cjs/react-dom.development.js:16708:7)
      at handleInputChange (src/components/Contact/Contact.tsx:32:5)
      at onChange (src/components/Contact/Contact.tsx:301:34)
      at HTMLUnknownElement.callCallback (node_modules/react-dom/cjs/react-dom.development.js:4164:14)
      at HTMLUnknownElement.callTheUserObjectsOperation (node_modules/jsdom/lib/jsdom/living/generated/EventListener.js:26:30)
      at innerInvokeEventListeners (node_modules/jsdom/lib/jsdom/living/events/EventTarget-impl.js:350:25)
      at invokeEventListeners (node_modules/jsdom/lib/jsdom/living/events/EventTarget-impl.js:286:3)
      at HTMLUnknownElementImpl._dispatch (node_modules/jsdom/lib/jsdom/living/events/EventTarget-impl.js:233:9)
      at HTMLUnknownElementImpl.dispatchEvent (node_modules/jsdom/lib/jsdom/living/events/EventTarget-impl.js:104:17)
      at HTMLUnknownElement.dispatchEvent (node_modules/jsdom/lib/jsdom/living/generated/EventTarget.js:241:34)
      at Object.invokeGuardedCallbackDev (node_modules/react-dom/cjs/react-dom.development.js:4213:16)
      at invokeGuardedCallback (node_modules/react-dom/cjs/react-dom.development.js:4277:31)
      at invokeGuardedCallbackAndCatchFirstError (node_modules/react-dom/cjs/react-dom.development.js:4291:25)
      at executeDispatch (node_modules/react-dom/cjs/react-dom.development.js:9041:3)
      at processDispatchQueueItemsInOrder (node_modules/react-dom/cjs/react-dom.development.js:9073:7)
      at processDispatchQueue (node_modules/react-dom/cjs/react-dom.development.js:9086:5)
      at dispatchEventsForPlugins (node_modules/react-dom/cjs/react-dom.development.js:9097:3)
      at node_modules/react-dom/cjs/react-dom.development.js:9288:12
      at batchedUpdates$1 (node_modules/react-dom/cjs/react-dom.development.js:26179:12)
      at batchedUpdates (node_modules/react-dom/cjs/react-dom.development.js:3991:12)
      at dispatchEventForPluginEventSystem (node_modules/react-dom/cjs/react-dom.development.js:9287:3)
      at dispatchEventWithEnableCapturePhaseSelectiveHydrationWithoutDiscreteEventReplay (node_modules/react-dom/cjs/react-dom.development.js:6465:5)
      at dispatchEvent (node_modules/react-dom/cjs/react-dom.development.js:6457:5)
      at dispatchDiscreteEvent (node_modules/react-dom/cjs/react-dom.development.js:6430:5)
      at HTMLDivElement.callTheUserObjectsOperation (node_modules/jsdom/lib/jsdom/living/generated/EventListener.js:26:30)
      at innerInvokeEventListeners (node_modules/jsdom/lib/jsdom/living/events/EventTarget-impl.js:350:25)
      at invokeEventListeners (node_modules/jsdom/lib/jsdom/living/events/EventTarget-impl.js:286:3)
      at HTMLTextAreaElementImpl._dispatch (node_modules/jsdom/lib/jsdom/living/events/EventTarget-impl.js:233:9)
      at HTMLTextAreaElementImpl.dispatchEvent (node_modules/jsdom/lib/jsdom/living/events/EventTarget-impl.js:104:17)
      at HTMLTextAreaElement.dispatchEvent (node_modules/jsdom/lib/jsdom/living/generated/EventTarget.js:241:34)
      at node_modules/@testing-library/user-event/dist/cjs/event/dispatchEvent.js:45:43
      at Object.eventWrapper (node_modules/@testing-library/dom/dist/config.js:25:23)
      at Object.wrapEvent (node_modules/@testing-library/user-event/dist/cjs/event/wrapEvent.js:6:28)
      at Object.dispatchEvent (node_modules/@testing-library/user-event/dist/cjs/event/dispatchEvent.js:45:22)
      at Object.dispatchUIEvent (node_modules/@testing-library/user-event/dist/cjs/event/dispatchEvent.js:22:26)
      at commitInput (node_modules/@testing-library/user-event/dist/cjs/event/input.js:145:14)
      at editInputElement (node_modules/@testing-library/user-event/dist/cjs/event/input.js:115:9)
      at Object.input (node_modules/@testing-library/user-event/dist/cjs/event/input.js:37:9)
      at node_modules/@testing-library/user-event/dist/cjs/event/behavior/keypress.js:31:26
      at Object.dispatchEvent (node_modules/@testing-library/user-event/dist/cjs/event/dispatchEvent.js:41:13)
      at Object.dispatchUIEvent (node_modules/@testing-library/user-event/dist/cjs/event/dispatchEvent.js:22:26)
      at KeyboardHost.keydown (node_modules/@testing-library/user-event/dist/cjs/system/keyboard.js:76:22)
      at keyboardAction (node_modules/@testing-library/user-event/dist/cjs/keyboard/index.js:22:35)
      at Object.keyboard (node_modules/@testing-library/user-event/dist/cjs/keyboard/index.js:11:15)
      at Object.type (node_modules/@testing-library/user-event/dist/cjs/utility/type.js:17:5)
      at src/components/Contact/Contact.test.tsx:78:15
      at AsyncProperty.run (node_modules/fast-check/lib/check/property/AsyncProperty.generic.js:49:28)
      at asyncRunIt (node_modules/fast-check/lib/check/runner/Runner.js:37:21)
      at Object.<anonymous> (src/components/Contact/Contact.test.tsx:39:5)

    console.error
      Warning: An update to Contact inside a test was not wrapped in act(...).
      
      When testing, code that causes React state updates should be wrapped into act(...):
      
      act(() => {
        /* fire events that update state */
      });
      /* assert on the output */
      
      This ensures that you're testing the behavior the user would see in the browser. Learn more at https://reactjs.org/link/wrap-tests-with-act
          at Contact (/workspaces/netsanet-portfolio/src/components/Contact/Contact.tsx:17:44)

      30 |
      31 |   const handleInputChange = (field: keyof ContactFormData, value: string) => {
    > 32 |     setFormState(prev => ({
         |     ^
      33 |       ...prev,
      34 |       data: {
      35 |         ...prev.data,

      at printWarning (node_modules/react-dom/cjs/react-dom.development.js:86:30)
      at error (node_modules/react-dom/cjs/react-dom.development.js:60:7)
      at warnIfUpdatesNotWrappedWithActDEV (node_modules/react-dom/cjs/react-dom.development.js:27628:9)
      at scheduleUpdateOnFiber (node_modules/react-dom/cjs/react-dom.development.js:25547:5)
      at dispatchSetState (node_modules/react-dom/cjs/react-dom.development.js:16708:7)
      at handleInputChange (src/components/Contact/Contact.tsx:32:5)
      at onChange (src/components/Contact/Contact.tsx:301:34)
      at HTMLUnknownElement.callCallback (node_modules/react-dom/cjs/react-dom.development.js:4164:14)
      at HTMLUnknownElement.callTheUserObjectsOperation (node_modules/jsdom/lib/jsdom/living/generated/EventListener.js:26:30)
      at innerInvokeEventListeners (node_modules/jsdom/lib/jsdom/living/events/EventTarget-impl.js:350:25)
      at invokeEventListeners (node_modules/jsdom/lib/jsdom/living/events/EventTarget-impl.js:286:3)
      at HTMLUnknownElementImpl._dispatch (node_modules/jsdom/lib/jsdom/living/events/EventTarget-impl.js:233:9)
      at HTMLUnknownElementImpl.dispatchEvent (node_modules/jsdom/lib/jsdom/living/events/EventTarget-impl.js:104:17)
      at HTMLUnknownElement.dispatchEvent (node_modules/jsdom/lib/jsdom/living/generated/EventTarget.js:241:34)
      at Object.invokeGuardedCallbackDev (node_modules/react-dom/cjs/react-dom.development.js:4213:16)
      at invokeGuardedCallback (node_modules/react-dom/cjs/react-dom.development.js:4277:31)
      at invokeGuardedCallbackAndCatchFirstError (node_modules/react-dom/cjs/react-dom.development.js:4291:25)
      at executeDispatch (node_modules/react-dom/cjs/react-dom.development.js:9041:3)
      at processDispatchQueueItemsInOrder (node_modules/react-dom/cjs/react-dom.development.js:9073:7)
      at processDispatchQueue (node_modules/react-dom/cjs/react-dom.development.js:9086:5)
      at dispatchEventsForPlugins (node_modules/react-dom/cjs/react-dom.development.js:9097:3)
      at node_modules/react-dom/cjs/react-dom.development.js:9288:12
      at batchedUpdates$1 (node_modules/react-dom/cjs/react-dom.development.js:26179:12)
      at batchedUpdates (node_modules/react-dom/cjs/react-dom.development.js:3991:12)
      at dispatchEventForPluginEventSystem (node_modules/react-dom/cjs/react-dom.development.js:9287:3)
      at dispatchEventWithEnableCapturePhaseSelectiveHydrationWithoutDiscreteEventReplay (node_modules/react-dom/cjs/react-dom.development.js:6465:5)
      at dispatchEvent (node_modules/react-dom/cjs/react-dom.development.js:6457:5)
      at dispatchDiscreteEvent (node_modules/react-dom/cjs/react-dom.development.js:6430:5)
      at HTMLDivElement.callTheUserObjectsOperation (node_modules/jsdom/lib/jsdom/living/generated/EventListener.js:26:30)
      at innerInvokeEventListeners (node_modules/jsdom/lib/jsdom/living/events/EventTarget-impl.js:350:25)
      at invokeEventListeners (node_modules/jsdom/lib/jsdom/living/events/EventTarget-impl.js:286:3)
      at HTMLTextAreaElementImpl._dispatch (node_modules/jsdom/lib/jsdom/living/events/EventTarget-impl.js:233:9)
      at HTMLTextAreaElementImpl.dispatchEvent (node_modules/jsdom/lib/jsdom/living/events/EventTarget-impl.js:104:17)
      at HTMLTextAreaElement.dispatchEvent (node_modules/jsdom/lib/jsdom/living/generated/EventTarget.js:241:34)
      at node_modules/@testing-library/user-event/dist/cjs/event/dispatchEvent.js:45:43
      at Object.eventWrapper (node_modules/@testing-library/dom/dist/config.js:25:23)
      at Object.wrapEvent (node_modules/@testing-library/user-event/dist/cjs/event/wrapEvent.js:6:28)
      at Object.dispatchEvent (node_modules/@testing-library/user-event/dist/cjs/event/dispatchEvent.js:45:22)
      at Object.dispatchUIEvent (node_modules/@testing-library/user-event/dist/cjs/event/dispatchEvent.js:22:26)
      at commitInput (node_modules/@testing-library/user-event/dist/cjs/event/input.js:145:14)
      at editInputElement (node_modules/@testing-library/user-event/dist/cjs/event/input.js:115:9)
      at Object.input (node_modules/@testing-library/user-event/dist/cjs/event/input.js:37:9)
      at node_modules/@testing-library/user-event/dist/cjs/event/behavior/keypress.js:31:26
      at Object.dispatchEvent (node_modules/@testing-library/user-event/dist/cjs/event/dispatchEvent.js:41:13)
      at Object.dispatchUIEvent (node_modules/@testing-library/user-event/dist/cjs/event/dispatchEvent.js:22:26)
      at KeyboardHost.keydown (node_modules/@testing-library/user-event/dist/cjs/system/keyboard.js:76:22)
      at keyboardAction (node_modules/@testing-library/user-event/dist/cjs/keyboard/index.js:22:35)
      at Object.keyboard (node_modules/@testing-library/user-event/dist/cjs/keyboard/index.js:11:15)
      at Object.type (node_modules/@testing-library/user-event/dist/cjs/utility/type.js:17:5)
      at src/components/Contact/Contact.test.tsx:78:15
      at AsyncProperty.run (node_modules/fast-check/lib/check/property/AsyncProperty.generic.js:49:28)
      at asyncRunIt (node_modules/fast-check/lib/check/runner/Runner.js:37:21)
      at Object.<anonymous> (src/components/Contact/Contact.test.tsx:39:5)

    console.error
      Warning: An update to Contact inside a test was not wrapped in act(...).
      
      When testing, code that causes React state updates should be wrapped into act(...):
      
      act(() => {
        /* fire events that update state */
      });
      /* assert on the output */
      
      This ensures that you're testing the behavior the user would see in the browser. Learn more at https://reactjs.org/link/wrap-tests-with-act
          at Contact (/workspaces/netsanet-portfolio/src/components/Contact/Contact.tsx:17:44)

      30 |
      31 |   const handleInputChange = (field: keyof ContactFormData, value: string) => {
    > 32 |     setFormState(prev => ({
         |     ^
      33 |       ...prev,
      34 |       data: {
      35 |         ...prev.data,

      at printWarning (node_modules/react-dom/cjs/react-dom.development.js:86:30)
      at error (node_modules/react-dom/cjs/react-dom.development.js:60:7)
      at warnIfUpdatesNotWrappedWithActDEV (node_modules/react-dom/cjs/react-dom.development.js:27628:9)
      at scheduleUpdateOnFiber (node_modules/react-dom/cjs/react-dom.development.js:25547:5)
      at dispatchSetState (node_modules/react-dom/cjs/react-dom.development.js:16708:7)
      at handleInputChange (src/components/Contact/Contact.tsx:32:5)
      at onChange (src/components/Contact/Contact.tsx:301:34)
      at HTMLUnknownElement.callCallback (node_modules/react-dom/cjs/react-dom.development.js:4164:14)
      at HTMLUnknownElement.callTheUserObjectsOperation (node_modules/jsdom/lib/jsdom/living/generated/EventListener.js:26:30)
      at innerInvokeEventListeners (node_modules/jsdom/lib/jsdom/living/events/EventTarget-impl.js:350:25)
      at invokeEventListeners (node_modules/jsdom/lib/jsdom/living/events/EventTarget-impl.js:286:3)
      at HTMLUnknownElementImpl._dispatch (node_modules/jsdom/lib/jsdom/living/events/EventTarget-impl.js:233:9)
      at HTMLUnknownElementImpl.dispatchEvent (node_modules/jsdom/lib/jsdom/living/events/EventTarget-impl.js:104:17)
      at HTMLUnknownElement.dispatchEvent (node_modules/jsdom/lib/jsdom/living/generated/EventTarget.js:241:34)
      at Object.invokeGuardedCallbackDev (node_modules/react-dom/cjs/react-dom.development.js:4213:16)
      at invokeGuardedCallback (node_modules/react-dom/cjs/react-dom.development.js:4277:31)
      at invokeGuardedCallbackAndCatchFirstError (node_modules/react-dom/cjs/react-dom.development.js:4291:25)
      at executeDispatch (node_modules/react-dom/cjs/react-dom.development.js:9041:3)
      at processDispatchQueueItemsInOrder (node_modules/react-dom/cjs/react-dom.development.js:9073:7)
      at processDispatchQueue (node_modules/react-dom/cjs/react-dom.development.js:9086:5)
      at dispatchEventsForPlugins (node_modules/react-dom/cjs/react-dom.development.js:9097:3)
      at node_modules/react-dom/cjs/react-dom.development.js:9288:12
      at batchedUpdates$1 (node_modules/react-dom/cjs/react-dom.development.js:26179:12)
      at batchedUpdates (node_modules/react-dom/cjs/react-dom.development.js:3991:12)
      at dispatchEventForPluginEventSystem (node_modules/react-dom/cjs/react-dom.development.js:9287:3)
      at dispatchEventWithEnableCapturePhaseSelectiveHydrationWithoutDiscreteEventReplay (node_modules/react-dom/cjs/react-dom.development.js:6465:5)
      at dispatchEvent (node_modules/react-dom/cjs/react-dom.development.js:6457:5)
      at dispatchDiscreteEvent (node_modules/react-dom/cjs/react-dom.development.js:6430:5)
      at HTMLDivElement.callTheUserObjectsOperation (node_modules/jsdom/lib/jsdom/living/generated/EventListener.js:26:30)
      at innerInvokeEventListeners (node_modules/jsdom/lib/jsdom/living/events/EventTarget-impl.js:350:25)
      at invokeEventListeners (node_modules/jsdom/lib/jsdom/living/events/EventTarget-impl.js:286:3)
      at HTMLTextAreaElementImpl._dispatch (node_modules/jsdom/lib/jsdom/living/events/EventTarget-impl.js:233:9)
      at HTMLTextAreaElementImpl.dispatchEvent (node_modules/jsdom/lib/jsdom/living/events/EventTarget-impl.js:104:17)
      at HTMLTextAreaElement.dispatchEvent (node_modules/jsdom/lib/jsdom/living/generated/EventTarget.js:241:34)
      at node_modules/@testing-library/user-event/dist/cjs/event/dispatchEvent.js:45:43
      at Object.eventWrapper (node_modules/@testing-library/dom/dist/config.js:25:23)
      at Object.wrapEvent (node_modules/@testing-library/user-event/dist/cjs/event/wrapEvent.js:6:28)
      at Object.dispatchEvent (node_modules/@testing-library/user-event/dist/cjs/event/dispatchEvent.js:45:22)
      at Object.dispatchUIEvent (node_modules/@testing-library/user-event/dist/cjs/event/dispatchEvent.js:22:26)
      at commitInput (node_modules/@testing-library/user-event/dist/cjs/event/input.js:145:14)
      at editInputElement (node_modules/@testing-library/user-event/dist/cjs/event/input.js:115:9)
      at Object.input (node_modules/@testing-library/user-event/dist/cjs/event/input.js:37:9)
      at node_modules/@testing-library/user-event/dist/cjs/event/behavior/keypress.js:31:26
      at Object.dispatchEvent (node_modules/@testing-library/user-event/dist/cjs/event/dispatchEvent.js:41:13)
      at Object.dispatchUIEvent (node_modules/@testing-library/user-event/dist/cjs/event/dispatchEvent.js:22:26)
      at KeyboardHost.keydown (node_modules/@testing-library/user-event/dist/cjs/system/keyboard.js:76:22)
      at keyboardAction (node_modules/@testing-library/user-event/dist/cjs/keyboard/index.js:22:35)
      at Object.keyboard (node_modules/@testing-library/user-event/dist/cjs/keyboard/index.js:11:15)
      at Object.type (node_modules/@testing-library/user-event/dist/cjs/utility/type.js:17:5)
      at src/components/Contact/Contact.test.tsx:78:15
      at AsyncProperty.run (node_modules/fast-check/lib/check/property/AsyncProperty.generic.js:49:28)
      at asyncRunIt (node_modules/fast-check/lib/check/runner/Runner.js:37:21)
      at Object.<anonymous> (src/components/Contact/Contact.test.tsx:39:5)

    console.error
      Warning: An update to Contact inside a test was not wrapped in act(...).
      
      When testing, code that causes React state updates should be wrapped into act(...):
      
      act(() => {
        /* fire events that update state */
      });
      /* assert on the output */
      
      This ensures that you're testing the behavior the user would see in the browser. Learn more at https://reactjs.org/link/wrap-tests-with-act
          at Contact (/workspaces/netsanet-portfolio/src/components/Contact/Contact.tsx:17:44)

      30 |
      31 |   const handleInputChange = (field: keyof ContactFormData, value: string) => {
    > 32 |     setFormState(prev => ({
         |     ^
      33 |       ...prev,
      34 |       data: {
      35 |         ...prev.data,

      at printWarning (node_modules/react-dom/cjs/react-dom.development.js:86:30)
      at error (node_modules/react-dom/cjs/react-dom.development.js:60:7)
      at warnIfUpdatesNotWrappedWithActDEV (node_modules/react-dom/cjs/react-dom.development.js:27628:9)
      at scheduleUpdateOnFiber (node_modules/react-dom/cjs/react-dom.development.js:25547:5)
      at dispatchSetState (node_modules/react-dom/cjs/react-dom.development.js:16708:7)
      at handleInputChange (src/components/Contact/Contact.tsx:32:5)
      at onChange (src/components/Contact/Contact.tsx:301:34)
      at HTMLUnknownElement.callCallback (node_modules/react-dom/cjs/react-dom.development.js:4164:14)
      at HTMLUnknownElement.callTheUserObjectsOperation (node_modules/jsdom/lib/jsdom/living/generated/EventListener.js:26:30)
      at innerInvokeEventListeners (node_modules/jsdom/lib/jsdom/living/events/EventTarget-impl.js:350:25)
      at invokeEventListeners (node_modules/jsdom/lib/jsdom/living/events/EventTarget-impl.js:286:3)
      at HTMLUnknownElementImpl._dispatch (node_modules/jsdom/lib/jsdom/living/events/EventTarget-impl.js:233:9)
      at HTMLUnknownElementImpl.dispatchEvent (node_modules/jsdom/lib/jsdom/living/events/EventTarget-impl.js:104:17)
      at HTMLUnknownElement.dispatchEvent (node_modules/jsdom/lib/jsdom/living/generated/EventTarget.js:241:34)
      at Object.invokeGuardedCallbackDev (node_modules/react-dom/cjs/react-dom.development.js:4213:16)
      at invokeGuardedCallback (node_modules/react-dom/cjs/react-dom.development.js:4277:31)
      at invokeGuardedCallbackAndCatchFirstError (node_modules/react-dom/cjs/react-dom.development.js:4291:25)
      at executeDispatch (node_modules/react-dom/cjs/react-dom.development.js:9041:3)
      at processDispatchQueueItemsInOrder (node_modules/react-dom/cjs/react-dom.development.js:9073:7)
      at processDispatchQueue (node_modules/react-dom/cjs/react-dom.development.js:9086:5)
      at dispatchEventsForPlugins (node_modules/react-dom/cjs/react-dom.development.js:9097:3)
      at node_modules/react-dom/cjs/react-dom.development.js:9288:12
      at batchedUpdates$1 (node_modules/react-dom/cjs/react-dom.development.js:26179:12)
      at batchedUpdates (node_modules/react-dom/cjs/react-dom.development.js:3991:12)
      at dispatchEventForPluginEventSystem (node_modules/react-dom/cjs/react-dom.development.js:9287:3)
      at dispatchEventWithEnableCapturePhaseSelectiveHydrationWithoutDiscreteEventReplay (node_modules/react-dom/cjs/react-dom.development.js:6465:5)
      at dispatchEvent (node_modules/react-dom/cjs/react-dom.development.js:6457:5)
      at dispatchDiscreteEvent (node_modules/react-dom/cjs/react-dom.development.js:6430:5)
      at HTMLDivElement.callTheUserObjectsOperation (node_modules/jsdom/lib/jsdom/living/generated/EventListener.js:26:30)
      at innerInvokeEventListeners (node_modules/jsdom/lib/jsdom/living/events/EventTarget-impl.js:350:25)
      at invokeEventListeners (node_modules/jsdom/lib/jsdom/living/events/EventTarget-impl.js:286:3)
      at HTMLTextAreaElementImpl._dispatch (node_modules/jsdom/lib/jsdom/living/events/EventTarget-impl.js:233:9)
      at HTMLTextAreaElementImpl.dispatchEvent (node_modules/jsdom/lib/jsdom/living/events/EventTarget-impl.js:104:17)
      at HTMLTextAreaElement.dispatchEvent (node_modules/jsdom/lib/jsdom/living/generated/EventTarget.js:241:34)
      at node_modules/@testing-library/user-event/dist/cjs/event/dispatchEvent.js:45:43
      at Object.eventWrapper (node_modules/@testing-library/dom/dist/config.js:25:23)
      at Object.wrapEvent (node_modules/@testing-library/user-event/dist/cjs/event/wrapEvent.js:6:28)
      at Object.dispatchEvent (node_modules/@testing-library/user-event/dist/cjs/event/dispatchEvent.js:45:22)
      at Object.dispatchUIEvent (node_modules/@testing-library/user-event/dist/cjs/event/dispatchEvent.js:22:26)
      at commitInput (node_modules/@testing-library/user-event/dist/cjs/event/input.js:145:14)
      at editInputElement (node_modules/@testing-library/user-event/dist/cjs/event/input.js:115:9)
      at Object.input (node_modules/@testing-library/user-event/dist/cjs/event/input.js:37:9)
      at node_modules/@testing-library/user-event/dist/cjs/event/behavior/keypress.js:31:26
      at Object.dispatchEvent (node_modules/@testing-library/user-event/dist/cjs/event/dispatchEvent.js:41:13)
      at Object.dispatchUIEvent (node_modules/@testing-library/user-event/dist/cjs/event/dispatchEvent.js:22:26)
      at KeyboardHost.keydown (node_modules/@testing-library/user-event/dist/cjs/system/keyboard.js:76:22)
      at keyboardAction (node_modules/@testing-library/user-event/dist/cjs/keyboard/index.js:22:35)
      at Object.keyboard (node_modules/@testing-library/user-event/dist/cjs/keyboard/index.js:11:15)
      at Object.type (node_modules/@testing-library/user-event/dist/cjs/utility/type.js:17:5)
      at src/components/Contact/Contact.test.tsx:78:15
      at AsyncProperty.run (node_modules/fast-check/lib/check/property/AsyncProperty.generic.js:49:28)
      at asyncRunIt (node_modules/fast-check/lib/check/runner/Runner.js:37:21)
      at Object.<anonymous> (src/components/Contact/Contact.test.tsx:39:5)

    console.error
      Warning: An update to Contact inside a test was not wrapped in act(...).
      
      When testing, code that causes React state updates should be wrapped into act(...):
      
      act(() => {
        /* fire events that update state */
      });
      /* assert on the output */
      
      This ensures that you're testing the behavior the user would see in the browser. Learn more at https://reactjs.org/link/wrap-tests-with-act
          at Contact (/workspaces/netsanet-portfolio/src/components/Contact/Contact.tsx:17:44)

      30 |
      31 |   const handleInputChange = (field: keyof ContactFormData, value: string) => {
    > 32 |     setFormState(prev => ({
         |     ^
      33 |       ...prev,
      34 |       data: {
      35 |         ...prev.data,

      at printWarning (node_modules/react-dom/cjs/react-dom.development.js:86:30)
      at error (node_modules/react-dom/cjs/react-dom.development.js:60:7)
      at warnIfUpdatesNotWrappedWithActDEV (node_modules/react-dom/cjs/react-dom.development.js:27628:9)
      at scheduleUpdateOnFiber (node_modules/react-dom/cjs/react-dom.development.js:25547:5)
      at dispatchSetState (node_modules/react-dom/cjs/react-dom.development.js:16708:7)
      at handleInputChange (src/components/Contact/Contact.tsx:32:5)
      at onChange (src/components/Contact/Contact.tsx:301:34)
      at HTMLUnknownElement.callCallback (node_modules/react-dom/cjs/react-dom.development.js:4164:14)
      at HTMLUnknownElement.callTheUserObjectsOperation (node_modules/jsdom/lib/jsdom/living/generated/EventListener.js:26:30)
      at innerInvokeEventListeners (node_modules/jsdom/lib/jsdom/living/events/EventTarget-impl.js:350:25)
      at invokeEventListeners (node_modules/jsdom/lib/jsdom/living/events/EventTarget-impl.js:286:3)
      at HTMLUnknownElementImpl._dispatch (node_modules/jsdom/lib/jsdom/living/events/EventTarget-impl.js:233:9)
      at HTMLUnknownElementImpl.dispatchEvent (node_modules/jsdom/lib/jsdom/living/events/EventTarget-impl.js:104:17)
      at HTMLUnknownElement.dispatchEvent (node_modules/jsdom/lib/jsdom/living/generated/EventTarget.js:241:34)
      at Object.invokeGuardedCallbackDev (node_modules/react-dom/cjs/react-dom.development.js:4213:16)
      at invokeGuardedCallback (node_modules/react-dom/cjs/react-dom.development.js:4277:31)
      at invokeGuardedCallbackAndCatchFirstError (node_modules/react-dom/cjs/react-dom.development.js:4291:25)
      at executeDispatch (node_modules/react-dom/cjs/react-dom.development.js:9041:3)
      at processDispatchQueueItemsInOrder (node_modules/react-dom/cjs/react-dom.development.js:9073:7)
      at processDispatchQueue (node_modules/react-dom/cjs/react-dom.development.js:9086:5)
      at dispatchEventsForPlugins (node_modules/react-dom/cjs/react-dom.development.js:9097:3)
      at node_modules/react-dom/cjs/react-dom.development.js:9288:12
      at batchedUpdates$1 (node_modules/react-dom/cjs/react-dom.development.js:26179:12)
      at batchedUpdates (node_modules/react-dom/cjs/react-dom.development.js:3991:12)
      at dispatchEventForPluginEventSystem (node_modules/react-dom/cjs/react-dom.development.js:9287:3)
      at dispatchEventWithEnableCapturePhaseSelectiveHydrationWithoutDiscreteEventReplay (node_modules/react-dom/cjs/react-dom.development.js:6465:5)
      at dispatchEvent (node_modules/react-dom/cjs/react-dom.development.js:6457:5)
      at dispatchDiscreteEvent (node_modules/react-dom/cjs/react-dom.development.js:6430:5)
      at HTMLDivElement.callTheUserObjectsOperation (node_modules/jsdom/lib/jsdom/living/generated/EventListener.js:26:30)
      at innerInvokeEventListeners (node_modules/jsdom/lib/jsdom/living/events/EventTarget-impl.js:350:25)
      at invokeEventListeners (node_modules/jsdom/lib/jsdom/living/events/EventTarget-impl.js:286:3)
      at HTMLTextAreaElementImpl._dispatch (node_modules/jsdom/lib/jsdom/living/events/EventTarget-impl.js:233:9)
      at HTMLTextAreaElementImpl.dispatchEvent (node_modules/jsdom/lib/jsdom/living/events/EventTarget-impl.js:104:17)
      at HTMLTextAreaElement.dispatchEvent (node_modules/jsdom/lib/jsdom/living/generated/EventTarget.js:241:34)
      at node_modules/@testing-library/user-event/dist/cjs/event/dispatchEvent.js:45:43
      at Object.eventWrapper (node_modules/@testing-library/dom/dist/config.js:25:23)
      at Object.wrapEvent (node_modules/@testing-library/user-event/dist/cjs/event/wrapEvent.js:6:28)
      at Object.dispatchEvent (node_modules/@testing-library/user-event/dist/cjs/event/dispatchEvent.js:45:22)
      at Object.dispatchUIEvent (node_modules/@testing-library/user-event/dist/cjs/event/dispatchEvent.js:22:26)
      at commitInput (node_modules/@testing-library/user-event/dist/cjs/event/input.js:145:14)
      at editInputElement (node_modules/@testing-library/user-event/dist/cjs/event/input.js:115:9)
      at Object.input (node_modules/@testing-library/user-event/dist/cjs/event/input.js:37:9)
      at node_modules/@testing-library/user-event/dist/cjs/event/behavior/keypress.js:31:26
      at Object.dispatchEvent (node_modules/@testing-library/user-event/dist/cjs/event/dispatchEvent.js:41:13)
      at Object.dispatchUIEvent (node_modules/@testing-library/user-event/dist/cjs/event/dispatchEvent.js:22:26)
      at KeyboardHost.keydown (node_modules/@testing-library/user-event/dist/cjs/system/keyboard.js:76:22)
      at keyboardAction (node_modules/@testing-library/user-event/dist/cjs/keyboard/index.js:22:35)
      at Object.keyboard (node_modules/@testing-library/user-event/dist/cjs/keyboard/index.js:11:15)
      at Object.type (node_modules/@testing-library/user-event/dist/cjs/utility/type.js:17:5)
      at src/components/Contact/Contact.test.tsx:78:15
      at AsyncProperty.run (node_modules/fast-check/lib/check/property/AsyncProperty.generic.js:49:28)
      at asyncRunIt (node_modules/fast-check/lib/check/runner/Runner.js:37:21)
      at Object.<anonymous> (src/components/Contact/Contact.test.tsx:39:5)

    console.error
      Warning: An update to Contact inside a test was not wrapped in act(...).
      
      When testing, code that causes React state updates should be wrapped into act(...):
      
      act(() => {
        /* fire events that update state */
      });
      /* assert on the output */
      
      This ensures that you're testing the behavior the user would see in the browser. Learn more at https://reactjs.org/link/wrap-tests-with-act
          at Contact (/workspaces/netsanet-portfolio/src/components/Contact/Contact.tsx:17:44)

      30 |
      31 |   const handleInputChange = (field: keyof ContactFormData, value: string) => {
    > 32 |     setFormState(prev => ({
         |     ^
      33 |       ...prev,
      34 |       data: {
      35 |         ...prev.data,

      at printWarning (node_modules/react-dom/cjs/react-dom.development.js:86:30)
      at error (node_modules/react-dom/cjs/react-dom.development.js:60:7)
      at warnIfUpdatesNotWrappedWithActDEV (node_modules/react-dom/cjs/react-dom.development.js:27628:9)
      at scheduleUpdateOnFiber (node_modules/react-dom/cjs/react-dom.development.js:25547:5)
      at dispatchSetState (node_modules/react-dom/cjs/react-dom.development.js:16708:7)
      at handleInputChange (src/components/Contact/Contact.tsx:32:5)
      at onChange (src/components/Contact/Contact.tsx:301:34)
      at HTMLUnknownElement.callCallback (node_modules/react-dom/cjs/react-dom.development.js:4164:14)
      at HTMLUnknownElement.callTheUserObjectsOperation (node_modules/jsdom/lib/jsdom/living/generated/EventListener.js:26:30)
      at innerInvokeEventListeners (node_modules/jsdom/lib/jsdom/living/events/EventTarget-impl.js:350:25)
      at invokeEventListeners (node_modules/jsdom/lib/jsdom/living/events/EventTarget-impl.js:286:3)
      at HTMLUnknownElementImpl._dispatch (node_modules/jsdom/lib/jsdom/living/events/EventTarget-impl.js:233:9)
      at HTMLUnknownElementImpl.dispatchEvent (node_modules/jsdom/lib/jsdom/living/events/EventTarget-impl.js:104:17)
      at HTMLUnknownElement.dispatchEvent (node_modules/jsdom/lib/jsdom/living/generated/EventTarget.js:241:34)
      at Object.invokeGuardedCallbackDev (node_modules/react-dom/cjs/react-dom.development.js:4213:16)
      at invokeGuardedCallback (node_modules/react-dom/cjs/react-dom.development.js:4277:31)
      at invokeGuardedCallbackAndCatchFirstError (node_modules/react-dom/cjs/react-dom.development.js:4291:25)
      at executeDispatch (node_modules/react-dom/cjs/react-dom.development.js:9041:3)
      at processDispatchQueueItemsInOrder (node_modules/react-dom/cjs/react-dom.development.js:9073:7)
      at processDispatchQueue (node_modules/react-dom/cjs/react-dom.development.js:9086:5)
      at dispatchEventsForPlugins (node_modules/react-dom/cjs/react-dom.development.js:9097:3)
      at node_modules/react-dom/cjs/react-dom.development.js:9288:12
      at batchedUpdates$1 (node_modules/react-dom/cjs/react-dom.development.js:26179:12)
      at batchedUpdates (node_modules/react-dom/cjs/react-dom.development.js:3991:12)
      at dispatchEventForPluginEventSystem (node_modules/react-dom/cjs/react-dom.development.js:9287:3)
      at dispatchEventWithEnableCapturePhaseSelectiveHydrationWithoutDiscreteEventReplay (node_modules/react-dom/cjs/react-dom.development.js:6465:5)
      at dispatchEvent (node_modules/react-dom/cjs/react-dom.development.js:6457:5)
      at dispatchDiscreteEvent (node_modules/react-dom/cjs/react-dom.development.js:6430:5)
      at HTMLDivElement.callTheUserObjectsOperation (node_modules/jsdom/lib/jsdom/living/generated/EventListener.js:26:30)
      at innerInvokeEventListeners (node_modules/jsdom/lib/jsdom/living/events/EventTarget-impl.js:350:25)
      at invokeEventListeners (node_modules/jsdom/lib/jsdom/living/events/EventTarget-impl.js:286:3)
      at HTMLTextAreaElementImpl._dispatch (node_modules/jsdom/lib/jsdom/living/events/EventTarget-impl.js:233:9)
      at HTMLTextAreaElementImpl.dispatchEvent (node_modules/jsdom/lib/jsdom/living/events/EventTarget-impl.js:104:17)
      at HTMLTextAreaElement.dispatchEvent (node_modules/jsdom/lib/jsdom/living/generated/EventTarget.js:241:34)
      at node_modules/@testing-library/user-event/dist/cjs/event/dispatchEvent.js:45:43
      at Object.eventWrapper (node_modules/@testing-library/dom/dist/config.js:25:23)
      at Object.wrapEvent (node_modules/@testing-library/user-event/dist/cjs/event/wrapEvent.js:6:28)
      at Object.dispatchEvent (node_modules/@testing-library/user-event/dist/cjs/event/dispatchEvent.js:45:22)
      at Object.dispatchUIEvent (node_modules/@testing-library/user-event/dist/cjs/event/dispatchEvent.js:22:26)
      at commitInput (node_modules/@testing-library/user-event/dist/cjs/event/input.js:145:14)
      at editInputElement (node_modules/@testing-library/user-event/dist/cjs/event/input.js:115:9)
      at Object.input (node_modules/@testing-library/user-event/dist/cjs/event/input.js:37:9)
      at node_modules/@testing-library/user-event/dist/cjs/event/behavior/keypress.js:31:26
      at Object.dispatchEvent (node_modules/@testing-library/user-event/dist/cjs/event/dispatchEvent.js:41:13)
      at Object.dispatchUIEvent (node_modules/@testing-library/user-event/dist/cjs/event/dispatchEvent.js:22:26)
      at KeyboardHost.keydown (node_modules/@testing-library/user-event/dist/cjs/system/keyboard.js:76:22)
      at keyboardAction (node_modules/@testing-library/user-event/dist/cjs/keyboard/index.js:22:35)
      at Object.keyboard (node_modules/@testing-library/user-event/dist/cjs/keyboard/index.js:11:15)
      at Object.type (node_modules/@testing-library/user-event/dist/cjs/utility/type.js:17:5)
      at src/components/Contact/Contact.test.tsx:78:15
      at AsyncProperty.run (node_modules/fast-check/lib/check/property/AsyncProperty.generic.js:49:28)
      at asyncRunIt (node_modules/fast-check/lib/check/runner/Runner.js:37:21)
      at Object.<anonymous> (src/components/Contact/Contact.test.tsx:39:5)

    console.error
      Warning: An update to Contact inside a test was not wrapped in act(...).
      
      When testing, code that causes React state updates should be wrapped into act(...):
      
      act(() => {
        /* fire events that update state */
      });
      /* assert on the output */
      
      This ensures that you're testing the behavior the user would see in the browser. Learn more at https://reactjs.org/link/wrap-tests-with-act
          at Contact (/workspaces/netsanet-portfolio/src/components/Contact/Contact.tsx:17:44)

      30 |
      31 |   const handleInputChange = (field: keyof ContactFormData, value: string) => {
    > 32 |     setFormState(prev => ({
         |     ^
      33 |       ...prev,
      34 |       data: {
      35 |         ...prev.data,

      at printWarning (node_modules/react-dom/cjs/react-dom.development.js:86:30)
      at error (node_modules/react-dom/cjs/react-dom.development.js:60:7)
      at warnIfUpdatesNotWrappedWithActDEV (node_modules/react-dom/cjs/react-dom.development.js:27628:9)
      at scheduleUpdateOnFiber (node_modules/react-dom/cjs/react-dom.development.js:25547:5)
      at dispatchSetState (node_modules/react-dom/cjs/react-dom.development.js:16708:7)
      at handleInputChange (src/components/Contact/Contact.tsx:32:5)
      at onChange (src/components/Contact/Contact.tsx:301:34)
      at HTMLUnknownElement.callCallback (node_modules/react-dom/cjs/react-dom.development.js:4164:14)
      at HTMLUnknownElement.callTheUserObjectsOperation (node_modules/jsdom/lib/jsdom/living/generated/EventListener.js:26:30)
      at innerInvokeEventListeners (node_modules/jsdom/lib/jsdom/living/events/EventTarget-impl.js:350:25)
      at invokeEventListeners (node_modules/jsdom/lib/jsdom/living/events/EventTarget-impl.js:286:3)
      at HTMLUnknownElementImpl._dispatch (node_modules/jsdom/lib/jsdom/living/events/EventTarget-impl.js:233:9)
      at HTMLUnknownElementImpl.dispatchEvent (node_modules/jsdom/lib/jsdom/living/events/EventTarget-impl.js:104:17)
      at HTMLUnknownElement.dispatchEvent (node_modules/jsdom/lib/jsdom/living/generated/EventTarget.js:241:34)
      at Object.invokeGuardedCallbackDev (node_modules/react-dom/cjs/react-dom.development.js:4213:16)
      at invokeGuardedCallback (node_modules/react-dom/cjs/react-dom.development.js:4277:31)
      at invokeGuardedCallbackAndCatchFirstError (node_modules/react-dom/cjs/react-dom.development.js:4291:25)
      at executeDispatch (node_modules/react-dom/cjs/react-dom.development.js:9041:3)
      at processDispatchQueueItemsInOrder (node_modules/react-dom/cjs/react-dom.development.js:9073:7)
      at processDispatchQueue (node_modules/react-dom/cjs/react-dom.development.js:9086:5)
      at dispatchEventsForPlugins (node_modules/react-dom/cjs/react-dom.development.js:9097:3)
      at node_modules/react-dom/cjs/react-dom.development.js:9288:12
      at batchedUpdates$1 (node_modules/react-dom/cjs/react-dom.development.js:26179:12)
      at batchedUpdates (node_modules/react-dom/cjs/react-dom.development.js:3991:12)
      at dispatchEventForPluginEventSystem (node_modules/react-dom/cjs/react-dom.development.js:9287:3)
      at dispatchEventWithEnableCapturePhaseSelectiveHydrationWithoutDiscreteEventReplay (node_modules/react-dom/cjs/react-dom.development.js:6465:5)
      at dispatchEvent (node_modules/react-dom/cjs/react-dom.development.js:6457:5)
      at dispatchDiscreteEvent (node_modules/react-dom/cjs/react-dom.development.js:6430:5)
      at HTMLDivElement.callTheUserObjectsOperation (node_modules/jsdom/lib/jsdom/living/generated/EventListener.js:26:30)
      at innerInvokeEventListeners (node_modules/jsdom/lib/jsdom/living/events/EventTarget-impl.js:350:25)
      at invokeEventListeners (node_modules/jsdom/lib/jsdom/living/events/EventTarget-impl.js:286:3)
      at HTMLTextAreaElementImpl._dispatch (node_modules/jsdom/lib/jsdom/living/events/EventTarget-impl.js:233:9)
      at HTMLTextAreaElementImpl.dispatchEvent (node_modules/jsdom/lib/jsdom/living/events/EventTarget-impl.js:104:17)
      at HTMLTextAreaElement.dispatchEvent (node_modules/jsdom/lib/jsdom/living/generated/EventTarget.js:241:34)
      at node_modules/@testing-library/user-event/dist/cjs/event/dispatchEvent.js:45:43
      at Object.eventWrapper (node_modules/@testing-library/dom/dist/config.js:25:23)
      at Object.wrapEvent (node_modules/@testing-library/user-event/dist/cjs/event/wrapEvent.js:6:28)
      at Object.dispatchEvent (node_modules/@testing-library/user-event/dist/cjs/event/dispatchEvent.js:45:22)
      at Object.dispatchUIEvent (node_modules/@testing-library/user-event/dist/cjs/event/dispatchEvent.js:22:26)
      at commitInput (node_modules/@testing-library/user-event/dist/cjs/event/input.js:145:14)
      at editInputElement (node_modules/@testing-library/user-event/dist/cjs/event/input.js:115:9)
      at Object.input (node_modules/@testing-library/user-event/dist/cjs/event/input.js:37:9)
      at node_modules/@testing-library/user-event/dist/cjs/event/behavior/keypress.js:31:26
      at Object.dispatchEvent (node_modules/@testing-library/user-event/dist/cjs/event/dispatchEvent.js:41:13)
      at Object.dispatchUIEvent (node_modules/@testing-library/user-event/dist/cjs/event/dispatchEvent.js:22:26)
      at KeyboardHost.keydown (node_modules/@testing-library/user-event/dist/cjs/system/keyboard.js:76:22)
      at keyboardAction (node_modules/@testing-library/user-event/dist/cjs/keyboard/index.js:22:35)
      at Object.keyboard (node_modules/@testing-library/user-event/dist/cjs/keyboard/index.js:11:15)
      at Object.type (node_modules/@testing-library/user-event/dist/cjs/utility/type.js:17:5)
      at src/components/Contact/Contact.test.tsx:78:15
      at AsyncProperty.run (node_modules/fast-check/lib/check/property/AsyncProperty.generic.js:49:28)
      at asyncRunIt (node_modules/fast-check/lib/check/runner/Runner.js:37:21)
      at Object.<anonymous> (src/components/Contact/Contact.test.tsx:39:5)

    console.error
      Warning: An update to Contact inside a test was not wrapped in act(...).
      
      When testing, code that causes React state updates should be wrapped into act(...):
      
      act(() => {
        /* fire events that update state */
      });
      /* assert on the output */
      
      This ensures that you're testing the behavior the user would see in the browser. Learn more at https://reactjs.org/link/wrap-tests-with-act
          at Contact (/workspaces/netsanet-portfolio/src/components/Contact/Contact.tsx:17:44)

      51 |     
      52 |     if (!validation.isValid) {
    > 53 |       setFormState(prev => ({
         |       ^
      54 |         ...prev,
      55 |         errors: validation.fieldErrors
      56 |       }));

      at printWarning (node_modules/react-dom/cjs/react-dom.development.js:86:30)
      at error (node_modules/react-dom/cjs/react-dom.development.js:60:7)
      at warnIfUpdatesNotWrappedWithActDEV (node_modules/react-dom/cjs/react-dom.development.js:27628:9)
      at scheduleUpdateOnFiber (node_modules/react-dom/cjs/react-dom.development.js:25547:5)
      at dispatchSetState (node_modules/react-dom/cjs/react-dom.development.js:16708:7)
      at handleSubmit (src/components/Contact/Contact.tsx:53:7)
      at HTMLUnknownElement.callCallback (node_modules/react-dom/cjs/react-dom.development.js:4164:14)
      at HTMLUnknownElement.callTheUserObjectsOperation (node_modules/jsdom/lib/jsdom/living/generated/EventListener.js:26:30)
      at innerInvokeEventListeners (node_modules/jsdom/lib/jsdom/living/events/EventTarget-impl.js:350:25)
      at invokeEventListeners (node_modules/jsdom/lib/jsdom/living/events/EventTarget-impl.js:286:3)
      at HTMLUnknownElementImpl._dispatch (node_modules/jsdom/lib/jsdom/living/events/EventTarget-impl.js:233:9)
      at HTMLUnknownElementImpl.dispatchEvent (node_modules/jsdom/lib/jsdom/living/events/EventTarget-impl.js:104:17)
      at HTMLUnknownElement.dispatchEvent (node_modules/jsdom/lib/jsdom/living/generated/EventTarget.js:241:34)
      at Object.invokeGuardedCallbackDev (node_modules/react-dom/cjs/react-dom.development.js:4213:16)
      at invokeGuardedCallback (node_modules/react-dom/cjs/react-dom.development.js:4277:31)
      at invokeGuardedCallbackAndCatchFirstError (node_modules/react-dom/cjs/react-dom.development.js:4291:25)
      at executeDispatch (node_modules/react-dom/cjs/react-dom.development.js:9041:3)
      at processDispatchQueueItemsInOrder (node_modules/react-dom/cjs/react-dom.development.js:9073:7)
      at processDispatchQueue (node_modules/react-dom/cjs/react-dom.development.js:9086:5)
      at dispatchEventsForPlugins (node_modules/react-dom/cjs/react-dom.development.js:9097:3)
      at node_modules/react-dom/cjs/react-dom.development.js:9288:12
      at batchedUpdates$1 (node_modules/react-dom/cjs/react-dom.development.js:26179:12)
      at batchedUpdates (node_modules/react-dom/cjs/react-dom.development.js:3991:12)
      at dispatchEventForPluginEventSystem (node_modules/react-dom/cjs/react-dom.development.js:9287:3)
      at dispatchEventWithEnableCapturePhaseSelectiveHydrationWithoutDiscreteEventReplay (node_modules/react-dom/cjs/react-dom.development.js:6465:5)
      at dispatchEvent (node_modules/react-dom/cjs/react-dom.development.js:6457:5)
      at dispatchDiscreteEvent (node_modules/react-dom/cjs/react-dom.development.js:6430:5)
      at HTMLDivElement.callTheUserObjectsOperation (node_modules/jsdom/lib/jsdom/living/generated/EventListener.js:26:30)
      at innerInvokeEventListeners (node_modules/jsdom/lib/jsdom/living/events/EventTarget-impl.js:350:25)
      at invokeEventListeners (node_modules/jsdom/lib/jsdom/living/events/EventTarget-impl.js:286:3)
      at HTMLFormElementImpl._dispatch (node_modules/jsdom/lib/jsdom/living/events/EventTarget-impl.js:233:9)
      at fireAnEvent (node_modules/jsdom/lib/jsdom/living/helpers/events.js:18:36)
      at HTMLFormElementImpl.requestSubmit (node_modules/jsdom/lib/jsdom/living/nodes/HTMLFormElement-impl.js:109:10)
      at HTMLFormElementImpl._doRequestSubmit (node_modules/jsdom/lib/jsdom/living/nodes/HTMLFormElement-impl.js:79:10)
      at HTMLButtonElementImpl._activationBehavior (node_modules/jsdom/lib/jsdom/living/nodes/HTMLButtonElement-impl.js:23:14)
      at HTMLButtonElementImpl._dispatch (node_modules/jsdom/lib/jsdom/living/events/EventTarget-impl.js:252:26)
      at HTMLButtonElementImpl.dispatchEvent (node_modules/jsdom/lib/jsdom/living/events/EventTarget-impl.js:104:17)
      at HTMLButtonElement.dispatchEvent (node_modules/jsdom/lib/jsdom/living/generated/EventTarget.js:241:34)
      at node_modules/@testing-library/user-event/dist/cjs/event/dispatchEvent.js:45:43
      at Object.eventWrapper (node_modules/@testing-library/dom/dist/config.js:25:23)
      at Object.wrapEvent (node_modules/@testing-library/user-event/dist/cjs/event/wrapEvent.js:6:28)
      at Object.dispatchEvent (node_modules/@testing-library/user-event/dist/cjs/event/dispatchEvent.js:45:22)
      at Object.dispatchUIEvent (node_modules/@testing-library/user-event/dist/cjs/event/dispatchEvent.js:22:26)
      at Mouse.up (node_modules/@testing-library/user-event/dist/cjs/system/pointer/mouse.js:100:30)
      at PointerHost.release (node_modules/@testing-library/user-event/dist/cjs/system/pointer/index.js:87:24)
      at pointerAction (node_modules/@testing-library/user-event/dist/cjs/pointer/index.js:54:47)
      at Object.pointer (node_modules/@testing-library/user-event/dist/cjs/pointer/index.js:27:9)
      at src/components/Contact/Contact.test.tsx:82:13
      at AsyncProperty.run (node_modules/fast-check/lib/check/property/AsyncProperty.generic.js:49:28)
      at asyncRunIt (node_modules/fast-check/lib/check/runner/Runner.js:37:21)
      at Object.<anonymous> (src/components/Contact/Contact.test.tsx:39:5)

    console.error
      Warning: An update to Contact inside a test was not wrapped in act(...).
      
      When testing, code that causes React state updates should be wrapped into act(...):
      
      act(() => {
        /* fire events that update state */
      });
      /* assert on the output */
      
      This ensures that you're testing the behavior the user would see in the browser. Learn more at https://reactjs.org/link/wrap-tests-with-act
          at Contact (/workspaces/netsanet-portfolio/src/components/Contact/Contact.tsx:17:44)

      30 |
      31 |   const handleInputChange = (field: keyof ContactFormData, value: string) => {
    > 32 |     setFormState(prev => ({
         |     ^
      33 |       ...prev,
      34 |       data: {
      35 |         ...prev.data,

      at printWarning (node_modules/react-dom/cjs/react-dom.development.js:86:30)
      at error (node_modules/react-dom/cjs/react-dom.development.js:60:7)
      at warnIfUpdatesNotWrappedWithActDEV (node_modules/react-dom/cjs/react-dom.development.js:27628:9)
      at scheduleUpdateOnFiber (node_modules/react-dom/cjs/react-dom.development.js:25547:5)
      at dispatchSetState (node_modules/react-dom/cjs/react-dom.development.js:16708:7)
      at handleInputChange (src/components/Contact/Contact.tsx:32:5)
      at onChange (src/components/Contact/Contact.tsx:236:34)
      at HTMLUnknownElement.callCallback (node_modules/react-dom/cjs/react-dom.development.js:4164:14)
      at HTMLUnknownElement.callTheUserObjectsOperation (node_modules/jsdom/lib/jsdom/living/generated/EventListener.js:26:30)
      at innerInvokeEventListeners (node_modules/jsdom/lib/jsdom/living/events/EventTarget-impl.js:350:25)
      at invokeEventListeners (node_modules/jsdom/lib/jsdom/living/events/EventTarget-impl.js:286:3)
      at HTMLUnknownElementImpl._dispatch (node_modules/jsdom/lib/jsdom/living/events/EventTarget-impl.js:233:9)
      at HTMLUnknownElementImpl.dispatchEvent (node_modules/jsdom/lib/jsdom/living/events/EventTarget-impl.js:104:17)
      at HTMLUnknownElement.dispatchEvent (node_modules/jsdom/lib/jsdom/living/generated/EventTarget.js:241:34)
      at Object.invokeGuardedCallbackDev (node_modules/react-dom/cjs/react-dom.development.js:4213:16)
      at invokeGuardedCallback (node_modules/react-dom/cjs/react-dom.development.js:4277:31)
      at invokeGuardedCallbackAndCatchFirstError (node_modules/react-dom/cjs/react-dom.development.js:4291:25)
      at executeDispatch (node_modules/react-dom/cjs/react-dom.development.js:9041:3)
      at processDispatchQueueItemsInOrder (node_modules/react-dom/cjs/react-dom.development.js:9073:7)
      at processDispatchQueue (node_modules/react-dom/cjs/react-dom.development.js:9086:5)
      at dispatchEventsForPlugins (node_modules/react-dom/cjs/react-dom.development.js:9097:3)
      at node_modules/react-dom/cjs/react-dom.development.js:9288:12
      at batchedUpdates$1 (node_modules/react-dom/cjs/react-dom.development.js:26179:12)
      at batchedUpdates (node_modules/react-dom/cjs/react-dom.development.js:3991:12)
      at dispatchEventForPluginEventSystem (node_modules/react-dom/cjs/react-dom.development.js:9287:3)
      at dispatchEventWithEnableCapturePhaseSelectiveHydrationWithoutDiscreteEventReplay (node_modules/react-dom/cjs/react-dom.development.js:6465:5)
      at dispatchEvent (node_modules/react-dom/cjs/react-dom.development.js:6457:5)
      at dispatchDiscreteEvent (node_modules/react-dom/cjs/react-dom.development.js:6430:5)
      at HTMLDivElement.callTheUserObjectsOperation (node_modules/jsdom/lib/jsdom/living/generated/EventListener.js:26:30)
      at innerInvokeEventListeners (node_modules/jsdom/lib/jsdom/living/events/EventTarget-impl.js:350:25)
      at invokeEventListeners (node_modules/jsdom/lib/jsdom/living/events/EventTarget-impl.js:286:3)
      at HTMLInputElementImpl._dispatch (node_modules/jsdom/lib/jsdom/living/events/EventTarget-impl.js:233:9)
      at HTMLInputElementImpl.dispatchEvent (node_modules/jsdom/lib/jsdom/living/events/EventTarget-impl.js:104:17)
      at HTMLInputElement.dispatchEvent (node_modules/jsdom/lib/jsdom/living/generated/EventTarget.js:241:34)
      at node_modules/@testing-library/user-event/dist/cjs/event/dispatchEvent.js:45:43
      at Object.eventWrapper (node_modules/@testing-library/dom/dist/config.js:25:23)
      at Object.wrapEvent (node_modules/@testing-library/user-event/dist/cjs/event/wrapEvent.js:6:28)
      at Object.dispatchEvent (node_modules/@testing-library/user-event/dist/cjs/event/dispatchEvent.js:45:22)
      at Object.dispatchUIEvent (node_modules/@testing-library/user-event/dist/cjs/event/dispatchEvent.js:22:26)
      at commitInput (node_modules/@testing-library/user-event/dist/cjs/event/input.js:145:14)
      at editInputElement (node_modules/@testing-library/user-event/dist/cjs/event/input.js:115:9)
      at Object.input (node_modules/@testing-library/user-event/dist/cjs/event/input.js:37:9)
      at node_modules/@testing-library/user-event/dist/cjs/event/behavior/keypress.js:31:26
      at Object.dispatchEvent (node_modules/@testing-library/user-event/dist/cjs/event/dispatchEvent.js:41:13)
      at Object.dispatchUIEvent (node_modules/@testing-library/user-event/dist/cjs/event/dispatchEvent.js:22:26)
      at KeyboardHost.keydown (node_modules/@testing-library/user-event/dist/cjs/system/keyboard.js:76:22)
      at keyboardAction (node_modules/@testing-library/user-event/dist/cjs/keyboard/index.js:22:35)
      at Object.keyboard (node_modules/@testing-library/user-event/dist/cjs/keyboard/index.js:11:15)
      at Object.type (node_modules/@testing-library/user-event/dist/cjs/utility/type.js:17:5)
      at src/components/Contact/Contact.test.tsx:63:15
      at AsyncProperty.run (node_modules/fast-check/lib/check/property/AsyncProperty.generic.js:49:28)
      at asyncRunIt (node_modules/fast-check/lib/check/runner/Runner.js:37:21)
      at Object.<anonymous> (src/components/Contact/Contact.test.tsx:39:5)

    console.error
      Warning: An update to Contact inside a test was not wrapped in act(...).
      
      When testing, code that causes React state updates should be wrapped into act(...):
      
      act(() => {
        /* fire events that update state */
      });
      /* assert on the output */
      
      This ensures that you're testing the behavior the user would see in the browser. Learn more at https://reactjs.org/link/wrap-tests-with-act
          at Contact (/workspaces/netsanet-portfolio/src/components/Contact/Contact.tsx:17:44)

      30 |
      31 |   const handleInputChange = (field: keyof ContactFormData, value: string) => {
    > 32 |     setFormState(prev => ({
         |     ^
      33 |       ...prev,
      34 |       data: {
      35 |         ...prev.data,

      at printWarning (node_modules/react-dom/cjs/react-dom.development.js:86:30)
      at error (node_modules/react-dom/cjs/react-dom.development.js:60:7)
      at warnIfUpdatesNotWrappedWithActDEV (node_modules/react-dom/cjs/react-dom.development.js:27628:9)
      at scheduleUpdateOnFiber (node_modules/react-dom/cjs/react-dom.development.js:25547:5)
      at dispatchSetState (node_modules/react-dom/cjs/react-dom.development.js:16708:7)
      at handleInputChange (src/components/Contact/Contact.tsx:32:5)
      at onChange (src/components/Contact/Contact.tsx:236:34)
      at HTMLUnknownElement.callCallback (node_modules/react-dom/cjs/react-dom.development.js:4164:14)
      at HTMLUnknownElement.callTheUserObjectsOperation (node_modules/jsdom/lib/jsdom/living/generated/EventListener.js:26:30)
      at innerInvokeEventListeners (node_modules/jsdom/lib/jsdom/living/events/EventTarget-impl.js:350:25)
      at invokeEventListeners (node_modules/jsdom/lib/jsdom/living/events/EventTarget-impl.js:286:3)
      at HTMLUnknownElementImpl._dispatch (node_modules/jsdom/lib/jsdom/living/events/EventTarget-impl.js:233:9)
      at HTMLUnknownElementImpl.dispatchEvent (node_modules/jsdom/lib/jsdom/living/events/EventTarget-impl.js:104:17)
      at HTMLUnknownElement.dispatchEvent (node_modules/jsdom/lib/jsdom/living/generated/EventTarget.js:241:34)
      at Object.invokeGuardedCallbackDev (node_modules/react-dom/cjs/react-dom.development.js:4213:16)
      at invokeGuardedCallback (node_modules/react-dom/cjs/react-dom.development.js:4277:31)
      at invokeGuardedCallbackAndCatchFirstError (node_modules/react-dom/cjs/react-dom.development.js:4291:25)
      at executeDispatch (node_modules/react-dom/cjs/react-dom.development.js:9041:3)
      at processDispatchQueueItemsInOrder (node_modules/react-dom/cjs/react-dom.development.js:9073:7)
      at processDispatchQueue (node_modules/react-dom/cjs/react-dom.development.js:9086:5)
      at dispatchEventsForPlugins (node_modules/react-dom/cjs/react-dom.development.js:9097:3)
      at node_modules/react-dom/cjs/react-dom.development.js:9288:12
      at batchedUpdates$1 (node_modules/react-dom/cjs/react-dom.development.js:26179:12)
      at batchedUpdates (node_modules/react-dom/cjs/react-dom.development.js:3991:12)
      at dispatchEventForPluginEventSystem (node_modules/react-dom/cjs/react-dom.development.js:9287:3)
      at dispatchEventWithEnableCapturePhaseSelectiveHydrationWithoutDiscreteEventReplay (node_modules/react-dom/cjs/react-dom.development.js:6465:5)
      at dispatchEvent (node_modules/react-dom/cjs/react-dom.development.js:6457:5)
      at dispatchDiscreteEvent (node_modules/react-dom/cjs/react-dom.development.js:6430:5)
      at HTMLDivElement.callTheUserObjectsOperation (node_modules/jsdom/lib/jsdom/living/generated/EventListener.js:26:30)
      at innerInvokeEventListeners (node_modules/jsdom/lib/jsdom/living/events/EventTarget-impl.js:350:25)
      at invokeEventListeners (node_modules/jsdom/lib/jsdom/living/events/EventTarget-impl.js:286:3)
      at HTMLInputElementImpl._dispatch (node_modules/jsdom/lib/jsdom/living/events/EventTarget-impl.js:233:9)
      at HTMLInputElementImpl.dispatchEvent (node_modules/jsdom/lib/jsdom/living/events/EventTarget-impl.js:104:17)
      at HTMLInputElement.dispatchEvent (node_modules/jsdom/lib/jsdom/living/generated/EventTarget.js:241:34)
      at node_modules/@testing-library/user-event/dist/cjs/event/dispatchEvent.js:45:43
      at Object.eventWrapper (node_modules/@testing-library/dom/dist/config.js:25:23)
      at Object.wrapEvent (node_modules/@testing-library/user-event/dist/cjs/event/wrapEvent.js:6:28)
      at Object.dispatchEvent (node_modules/@testing-library/user-event/dist/cjs/event/dispatchEvent.js:45:22)
      at Object.dispatchUIEvent (node_modules/@testing-library/user-event/dist/cjs/event/dispatchEvent.js:22:26)
      at commitInput (node_modules/@testing-library/user-event/dist/cjs/event/input.js:145:14)
      at editInputElement (node_modules/@testing-library/user-event/dist/cjs/event/input.js:115:9)
      at Object.input (node_modules/@testing-library/user-event/dist/cjs/event/input.js:37:9)
      at node_modules/@testing-library/user-event/dist/cjs/event/behavior/keypress.js:31:26
      at Object.dispatchEvent (node_modules/@testing-library/user-event/dist/cjs/event/dispatchEvent.js:41:13)
      at Object.dispatchUIEvent (node_modules/@testing-library/user-event/dist/cjs/event/dispatchEvent.js:22:26)
      at KeyboardHost.keydown (node_modules/@testing-library/user-event/dist/cjs/system/keyboard.js:76:22)
      at keyboardAction (node_modules/@testing-library/user-event/dist/cjs/keyboard/index.js:22:35)
      at Object.keyboard (node_modules/@testing-library/user-event/dist/cjs/keyboard/index.js:11:15)
      at Object.type (node_modules/@testing-library/user-event/dist/cjs/utility/type.js:17:5)
      at src/components/Contact/Contact.test.tsx:63:15
      at AsyncProperty.run (node_modules/fast-check/lib/check/property/AsyncProperty.generic.js:49:28)
      at asyncRunIt (node_modules/fast-check/lib/check/runner/Runner.js:37:21)
      at Object.<anonymous> (src/components/Contact/Contact.test.tsx:39:5)

    console.error
      Warning: An update to Contact inside a test was not wrapped in act(...).
      
      When testing, code that causes React state updates should be wrapped into act(...):
      
      act(() => {
        /* fire events that update state */
      });
      /* assert on the output */
      
      This ensures that you're testing the behavior the user would see in the browser. Learn more at https://reactjs.org/link/wrap-tests-with-act
          at Contact (/workspaces/netsanet-portfolio/src/components/Contact/Contact.tsx:17:44)

      30 |
      31 |   const handleInputChange = (field: keyof ContactFormData, value: string) => {
    > 32 |     setFormState(prev => ({
         |     ^
      33 |       ...prev,
      34 |       data: {
      35 |         ...prev.data,

      at printWarning (node_modules/react-dom/cjs/react-dom.development.js:86:30)
      at error (node_modules/react-dom/cjs/react-dom.development.js:60:7)
      at warnIfUpdatesNotWrappedWithActDEV (node_modules/react-dom/cjs/react-dom.development.js:27628:9)
      at scheduleUpdateOnFiber (node_modules/react-dom/cjs/react-dom.development.js:25547:5)
      at dispatchSetState (node_modules/react-dom/cjs/react-dom.development.js:16708:7)
      at handleInputChange (src/components/Contact/Contact.tsx:32:5)
      at onChange (src/components/Contact/Contact.tsx:236:34)
      at HTMLUnknownElement.callCallback (node_modules/react-dom/cjs/react-dom.development.js:4164:14)
      at HTMLUnknownElement.callTheUserObjectsOperation (node_modules/jsdom/lib/jsdom/living/generated/EventListener.js:26:30)
      at innerInvokeEventListeners (node_modules/jsdom/lib/jsdom/living/events/EventTarget-impl.js:350:25)
      at invokeEventListeners (node_modules/jsdom/lib/jsdom/living/events/EventTarget-impl.js:286:3)
      at HTMLUnknownElementImpl._dispatch (node_modules/jsdom/lib/jsdom/living/events/EventTarget-impl.js:233:9)
      at HTMLUnknownElementImpl.dispatchEvent (node_modules/jsdom/lib/jsdom/living/events/EventTarget-impl.js:104:17)
      at HTMLUnknownElement.dispatchEvent (node_modules/jsdom/lib/jsdom/living/generated/EventTarget.js:241:34)
      at Object.invokeGuardedCallbackDev (node_modules/react-dom/cjs/react-dom.development.js:4213:16)
      at invokeGuardedCallback (node_modules/react-dom/cjs/react-dom.development.js:4277:31)
      at invokeGuardedCallbackAndCatchFirstError (node_modules/react-dom/cjs/react-dom.development.js:4291:25)
      at executeDispatch (node_modules/react-dom/cjs/react-dom.development.js:9041:3)
      at processDispatchQueueItemsInOrder (node_modules/react-dom/cjs/react-dom.development.js:9073:7)
      at processDispatchQueue (node_modules/react-dom/cjs/react-dom.development.js:9086:5)
      at dispatchEventsForPlugins (node_modules/react-dom/cjs/react-dom.development.js:9097:3)
      at node_modules/react-dom/cjs/react-dom.development.js:9288:12
      at batchedUpdates$1 (node_modules/react-dom/cjs/react-dom.development.js:26179:12)
      at batchedUpdates (node_modules/react-dom/cjs/react-dom.development.js:3991:12)
      at dispatchEventForPluginEventSystem (node_modules/react-dom/cjs/react-dom.development.js:9287:3)
      at dispatchEventWithEnableCapturePhaseSelectiveHydrationWithoutDiscreteEventReplay (node_modules/react-dom/cjs/react-dom.development.js:6465:5)
      at dispatchEvent (node_modules/react-dom/cjs/react-dom.development.js:6457:5)
      at dispatchDiscreteEvent (node_modules/react-dom/cjs/react-dom.development.js:6430:5)
      at HTMLDivElement.callTheUserObjectsOperation (node_modules/jsdom/lib/jsdom/living/generated/EventListener.js:26:30)
      at innerInvokeEventListeners (node_modules/jsdom/lib/jsdom/living/events/EventTarget-impl.js:350:25)
      at invokeEventListeners (node_modules/jsdom/lib/jsdom/living/events/EventTarget-impl.js:286:3)
      at HTMLInputElementImpl._dispatch (node_modules/jsdom/lib/jsdom/living/events/EventTarget-impl.js:233:9)
      at HTMLInputElementImpl.dispatchEvent (node_modules/jsdom/lib/jsdom/living/events/EventTarget-impl.js:104:17)
      at HTMLInputElement.dispatchEvent (node_modules/jsdom/lib/jsdom/living/generated/EventTarget.js:241:34)
      at node_modules/@testing-library/user-event/dist/cjs/event/dispatchEvent.js:45:43
      at Object.eventWrapper (node_modules/@testing-library/dom/dist/config.js:25:23)
      at Object.wrapEvent (node_modules/@testing-library/user-event/dist/cjs/event/wrapEvent.js:6:28)
      at Object.dispatchEvent (node_modules/@testing-library/user-event/dist/cjs/event/dispatchEvent.js:45:22)
      at Object.dispatchUIEvent (node_modules/@testing-library/user-event/dist/cjs/event/dispatchEvent.js:22:26)
      at commitInput (node_modules/@testing-library/user-event/dist/cjs/event/input.js:145:14)
      at editInputElement (node_modules/@testing-library/user-event/dist/cjs/event/input.js:115:9)
      at Object.input (node_modules/@testing-library/user-event/dist/cjs/event/input.js:37:9)
      at node_modules/@testing-library/user-event/dist/cjs/event/behavior/keypress.js:31:26
      at Object.dispatchEvent (node_modules/@testing-library/user-event/dist/cjs/event/dispatchEvent.js:41:13)
      at Object.dispatchUIEvent (node_modules/@testing-library/user-event/dist/cjs/event/dispatchEvent.js:22:26)
      at KeyboardHost.keydown (node_modules/@testing-library/user-event/dist/cjs/system/keyboard.js:76:22)
      at keyboardAction (node_modules/@testing-library/user-event/dist/cjs/keyboard/index.js:22:35)
      at Object.keyboard (node_modules/@testing-library/user-event/dist/cjs/keyboard/index.js:11:15)
      at Object.type (node_modules/@testing-library/user-event/dist/cjs/utility/type.js:17:5)
      at src/components/Contact/Contact.test.tsx:63:15
      at AsyncProperty.run (node_modules/fast-check/lib/check/property/AsyncProperty.generic.js:49:28)
      at asyncRunIt (node_modules/fast-check/lib/check/runner/Runner.js:37:21)
      at Object.<anonymous> (src/components/Contact/Contact.test.tsx:39:5)

    console.error
      Warning: An update to Contact inside a test was not wrapped in act(...).
      
      When testing, code that causes React state updates should be wrapped into act(...):
      
      act(() => {
        /* fire events that update state */
      });
      /* assert on the output */
      
      This ensures that you're testing the behavior the user would see in the browser. Learn more at https://reactjs.org/link/wrap-tests-with-act
          at Contact (/workspaces/netsanet-portfolio/src/components/Contact/Contact.tsx:17:44)

      30 |
      31 |   const handleInputChange = (field: keyof ContactFormData, value: string) => {
    > 32 |     setFormState(prev => ({
         |     ^
      33 |       ...prev,
      34 |       data: {
      35 |         ...prev.data,

      at printWarning (node_modules/react-dom/cjs/react-dom.development.js:86:30)
      at error (node_modules/react-dom/cjs/react-dom.development.js:60:7)
      at warnIfUpdatesNotWrappedWithActDEV (node_modules/react-dom/cjs/react-dom.development.js:27628:9)
      at scheduleUpdateOnFiber (node_modules/react-dom/cjs/react-dom.development.js:25547:5)
      at dispatchSetState (node_modules/react-dom/cjs/react-dom.development.js:16708:7)
      at handleInputChange (src/components/Contact/Contact.tsx:32:5)
      at onChange (src/components/Contact/Contact.tsx:258:34)
      at HTMLUnknownElement.callCallback (node_modules/react-dom/cjs/react-dom.development.js:4164:14)
      at HTMLUnknownElement.callTheUserObjectsOperation (node_modules/jsdom/lib/jsdom/living/generated/EventListener.js:26:30)
      at innerInvokeEventListeners (node_modules/jsdom/lib/jsdom/living/events/EventTarget-impl.js:350:25)
      at invokeEventListeners (node_modules/jsdom/lib/jsdom/living/events/EventTarget-impl.js:286:3)
      at HTMLUnknownElementImpl._dispatch (node_modules/jsdom/lib/jsdom/living/events/EventTarget-impl.js:233:9)
      at HTMLUnknownElementImpl.dispatchEvent (node_modules/jsdom/lib/jsdom/living/events/EventTarget-impl.js:104:17)
      at HTMLUnknownElement.dispatchEvent (node_modules/jsdom/lib/jsdom/living/generated/EventTarget.js:241:34)
      at Object.invokeGuardedCallbackDev (node_modules/react-dom/cjs/react-dom.development.js:4213:16)
      at invokeGuardedCallback (node_modules/react-dom/cjs/react-dom.development.js:4277:31)
      at invokeGuardedCallbackAndCatchFirstError (node_modules/react-dom/cjs/react-dom.development.js:4291:25)
      at executeDispatch (node_modules/react-dom/cjs/react-dom.development.js:9041:3)
      at processDispatchQueueItemsInOrder (node_modules/react-dom/cjs/react-dom.development.js:9073:7)
      at processDispatchQueue (node_modules/react-dom/cjs/react-dom.development.js:9086:5)
      at dispatchEventsForPlugins (node_modules/react-dom/cjs/react-dom.development.js:9097:3)
      at node_modules/react-dom/cjs/react-dom.development.js:9288:12
      at batchedUpdates$1 (node_modules/react-dom/cjs/react-dom.development.js:26179:12)
      at batchedUpdates (node_modules/react-dom/cjs/react-dom.development.js:3991:12)
      at dispatchEventForPluginEventSystem (node_modules/react-dom/cjs/react-dom.development.js:9287:3)
      at dispatchEventWithEnableCapturePhaseSelectiveHydrationWithoutDiscreteEventReplay (node_modules/react-dom/cjs/react-dom.development.js:6465:5)
      at dispatchEvent (node_modules/react-dom/cjs/react-dom.development.js:6457:5)
      at dispatchDiscreteEvent (node_modules/react-dom/cjs/react-dom.development.js:6430:5)
      at HTMLDivElement.callTheUserObjectsOperation (node_modules/jsdom/lib/jsdom/living/generated/EventListener.js:26:30)
      at innerInvokeEventListeners (node_modules/jsdom/lib/jsdom/living/events/EventTarget-impl.js:350:25)
      at invokeEventListeners (node_modules/jsdom/lib/jsdom/living/events/EventTarget-impl.js:286:3)
      at HTMLInputElementImpl._dispatch (node_modules/jsdom/lib/jsdom/living/events/EventTarget-impl.js:233:9)
      at HTMLInputElementImpl.dispatchEvent (node_modules/jsdom/lib/jsdom/living/events/EventTarget-impl.js:104:17)
      at HTMLInputElement.dispatchEvent (node_modules/jsdom/lib/jsdom/living/generated/EventTarget.js:241:34)
      at node_modules/@testing-library/user-event/dist/cjs/event/dispatchEvent.js:45:43
      at Object.eventWrapper (node_modules/@testing-library/dom/dist/config.js:25:23)
      at Object.wrapEvent (node_modules/@testing-library/user-event/dist/cjs/event/wrapEvent.js:6:28)
      at Object.dispatchEvent (node_modules/@testing-library/user-event/dist/cjs/event/dispatchEvent.js:45:22)
      at Object.dispatchUIEvent (node_modules/@testing-library/user-event/dist/cjs/event/dispatchEvent.js:22:26)
      at commitInput (node_modules/@testing-library/user-event/dist/cjs/event/input.js:145:14)
      at editInputElement (node_modules/@testing-library/user-event/dist/cjs/event/input.js:115:9)
      at Object.input (node_modules/@testing-library/user-event/dist/cjs/event/input.js:37:9)
      at node_modules/@testing-library/user-event/dist/cjs/event/behavior/keypress.js:31:26
      at Object.dispatchEvent (node_modules/@testing-library/user-event/dist/cjs/event/dispatchEvent.js:41:13)
      at Object.dispatchUIEvent (node_modules/@testing-library/user-event/dist/cjs/event/dispatchEvent.js:22:26)
      at KeyboardHost.keydown (node_modules/@testing-library/user-event/dist/cjs/system/keyboard.js:76:22)
      at keyboardAction (node_modules/@testing-library/user-event/dist/cjs/keyboard/index.js:22:35)
      at Object.keyboard (node_modules/@testing-library/user-event/dist/cjs/keyboard/index.js:11:15)
      at Object.type (node_modules/@testing-library/user-event/dist/cjs/utility/type.js:17:5)
      at src/components/Contact/Contact.test.tsx:68:15
      at AsyncProperty.run (node_modules/fast-check/lib/check/property/AsyncProperty.generic.js:49:28)
      at asyncRunIt (node_modules/fast-check/lib/check/runner/Runner.js:37:21)
      at Object.<anonymous> (src/components/Contact/Contact.test.tsx:39:5)

    console.error
      Warning: An update to Contact inside a test was not wrapped in act(...).
      
      When testing, code that causes React state updates should be wrapped into act(...):
      
      act(() => {
        /* fire events that update state */
      });
      /* assert on the output */
      
      This ensures that you're testing the behavior the user would see in the browser. Learn more at https://reactjs.org/link/wrap-tests-with-act
          at Contact (/workspaces/netsanet-portfolio/src/components/Contact/Contact.tsx:17:44)

      30 |
      31 |   const handleInputChange = (field: keyof ContactFormData, value: string) => {
    > 32 |     setFormState(prev => ({
         |     ^
      33 |       ...prev,
      34 |       data: {
      35 |         ...prev.data,

      at printWarning (node_modules/react-dom/cjs/react-dom.development.js:86:30)
      at error (node_modules/react-dom/cjs/react-dom.development.js:60:7)
      at warnIfUpdatesNotWrappedWithActDEV (node_modules/react-dom/cjs/react-dom.development.js:27628:9)
      at scheduleUpdateOnFiber (node_modules/react-dom/cjs/react-dom.development.js:25547:5)
      at dispatchSetState (node_modules/react-dom/cjs/react-dom.development.js:16708:7)
      at handleInputChange (src/components/Contact/Contact.tsx:32:5)
      at onChange (src/components/Contact/Contact.tsx:258:34)
      at HTMLUnknownElement.callCallback (node_modules/react-dom/cjs/react-dom.development.js:4164:14)
      at HTMLUnknownElement.callTheUserObjectsOperation (node_modules/jsdom/lib/jsdom/living/generated/EventListener.js:26:30)
      at innerInvokeEventListeners (node_modules/jsdom/lib/jsdom/living/events/EventTarget-impl.js:350:25)
      at invokeEventListeners (node_modules/jsdom/lib/jsdom/living/events/EventTarget-impl.js:286:3)
      at HTMLUnknownElementImpl._dispatch (node_modules/jsdom/lib/jsdom/living/events/EventTarget-impl.js:233:9)
      at HTMLUnknownElementImpl.dispatchEvent (node_modules/jsdom/lib/jsdom/living/events/EventTarget-impl.js:104:17)
      at HTMLUnknownElement.dispatchEvent (node_modules/jsdom/lib/jsdom/living/generated/EventTarget.js:241:34)
      at Object.invokeGuardedCallbackDev (node_modules/react-dom/cjs/react-dom.development.js:4213:16)
      at invokeGuardedCallback (node_modules/react-dom/cjs/react-dom.development.js:4277:31)
      at invokeGuardedCallbackAndCatchFirstError (node_modules/react-dom/cjs/react-dom.development.js:4291:25)
      at executeDispatch (node_modules/react-dom/cjs/react-dom.development.js:9041:3)
      at processDispatchQueueItemsInOrder (node_modules/react-dom/cjs/react-dom.development.js:9073:7)
      at processDispatchQueue (node_modules/react-dom/cjs/react-dom.development.js:9086:5)
      at dispatchEventsForPlugins (node_modules/react-dom/cjs/react-dom.development.js:9097:3)
      at node_modules/react-dom/cjs/react-dom.development.js:9288:12
      at batchedUpdates$1 (node_modules/react-dom/cjs/react-dom.development.js:26179:12)
      at batchedUpdates (node_modules/react-dom/cjs/react-dom.development.js:3991:12)
      at dispatchEventForPluginEventSystem (node_modules/react-dom/cjs/react-dom.development.js:9287:3)
      at dispatchEventWithEnableCapturePhaseSelectiveHydrationWithoutDiscreteEventReplay (node_modules/react-dom/cjs/react-dom.development.js:6465:5)
      at dispatchEvent (node_modules/react-dom/cjs/react-dom.development.js:6457:5)
      at dispatchDiscreteEvent (node_modules/react-dom/cjs/react-dom.development.js:6430:5)
      at HTMLDivElement.callTheUserObjectsOperation (node_modules/jsdom/lib/jsdom/living/generated/EventListener.js:26:30)
      at innerInvokeEventListeners (node_modules/jsdom/lib/jsdom/living/events/EventTarget-impl.js:350:25)
      at invokeEventListeners (node_modules/jsdom/lib/jsdom/living/events/EventTarget-impl.js:286:3)
      at HTMLInputElementImpl._dispatch (node_modules/jsdom/lib/jsdom/living/events/EventTarget-impl.js:233:9)
      at HTMLInputElementImpl.dispatchEvent (node_modules/jsdom/lib/jsdom/living/events/EventTarget-impl.js:104:17)
      at HTMLInputElement.dispatchEvent (node_modules/jsdom/lib/jsdom/living/generated/EventTarget.js:241:34)
      at node_modules/@testing-library/user-event/dist/cjs/event/dispatchEvent.js:45:43
      at Object.eventWrapper (node_modules/@testing-library/dom/dist/config.js:25:23)
      at Object.wrapEvent (node_modules/@testing-library/user-event/dist/cjs/event/wrapEvent.js:6:28)
      at Object.dispatchEvent (node_modules/@testing-library/user-event/dist/cjs/event/dispatchEvent.js:45:22)
      at Object.dispatchUIEvent (node_modules/@testing-library/user-event/dist/cjs/event/dispatchEvent.js:22:26)
      at commitInput (node_modules/@testing-library/user-event/dist/cjs/event/input.js:145:14)
      at editInputElement (node_modules/@testing-library/user-event/dist/cjs/event/input.js:115:9)
      at Object.input (node_modules/@testing-library/user-event/dist/cjs/event/input.js:37:9)
      at node_modules/@testing-library/user-event/dist/cjs/event/behavior/keypress.js:31:26
      at Object.dispatchEvent (node_modules/@testing-library/user-event/dist/cjs/event/dispatchEvent.js:41:13)
      at Object.dispatchUIEvent (node_modules/@testing-library/user-event/dist/cjs/event/dispatchEvent.js:22:26)
      at KeyboardHost.keydown (node_modules/@testing-library/user-event/dist/cjs/system/keyboard.js:76:22)
      at keyboardAction (node_modules/@testing-library/user-event/dist/cjs/keyboard/index.js:22:35)
      at Object.keyboard (node_modules/@testing-library/user-event/dist/cjs/keyboard/index.js:11:15)
      at Object.type (node_modules/@testing-library/user-event/dist/cjs/utility/type.js:17:5)
      at src/components/Contact/Contact.test.tsx:68:15
      at AsyncProperty.run (node_modules/fast-check/lib/check/property/AsyncProperty.generic.js:49:28)
      at asyncRunIt (node_modules/fast-check/lib/check/runner/Runner.js:37:21)
      at Object.<anonymous> (src/components/Contact/Contact.test.tsx:39:5)

    console.error
      Warning: An update to Contact inside a test was not wrapped in act(...).
      
      When testing, code that causes React state updates should be wrapped into act(...):
      
      act(() => {
        /* fire events that update state */
      });
      /* assert on the output */
      
      This ensures that you're testing the behavior the user would see in the browser. Learn more at https://reactjs.org/link/wrap-tests-with-act
          at Contact (/workspaces/netsanet-portfolio/src/components/Contact/Contact.tsx:17:44)

      30 |
      31 |   const handleInputChange = (field: keyof ContactFormData, value: string) => {
    > 32 |     setFormState(prev => ({
         |     ^
      33 |       ...prev,
      34 |       data: {
      35 |         ...prev.data,

      at printWarning (node_modules/react-dom/cjs/react-dom.development.js:86:30)
      at error (node_modules/react-dom/cjs/react-dom.development.js:60:7)
      at warnIfUpdatesNotWrappedWithActDEV (node_modules/react-dom/cjs/react-dom.development.js:27628:9)
      at scheduleUpdateOnFiber (node_modules/react-dom/cjs/react-dom.development.js:25547:5)
      at dispatchSetState (node_modules/react-dom/cjs/react-dom.development.js:16708:7)
      at handleInputChange (src/components/Contact/Contact.tsx:32:5)
      at onChange (src/components/Contact/Contact.tsx:280:34)
      at HTMLUnknownElement.callCallback (node_modules/react-dom/cjs/react-dom.development.js:4164:14)
      at HTMLUnknownElement.callTheUserObjectsOperation (node_modules/jsdom/lib/jsdom/living/generated/EventListener.js:26:30)
      at innerInvokeEventListeners (node_modules/jsdom/lib/jsdom/living/events/EventTarget-impl.js:350:25)
      at invokeEventListeners (node_modules/jsdom/lib/jsdom/living/events/EventTarget-impl.js:286:3)
      at HTMLUnknownElementImpl._dispatch (node_modules/jsdom/lib/jsdom/living/events/EventTarget-impl.js:233:9)
      at HTMLUnknownElementImpl.dispatchEvent (node_modules/jsdom/lib/jsdom/living/events/EventTarget-impl.js:104:17)
      at HTMLUnknownElement.dispatchEvent (node_modules/jsdom/lib/jsdom/living/generated/EventTarget.js:241:34)
      at Object.invokeGuardedCallbackDev (node_modules/react-dom/cjs/react-dom.development.js:4213:16)
      at invokeGuardedCallback (node_modules/react-dom/cjs/react-dom.development.js:4277:31)
      at invokeGuardedCallbackAndCatchFirstError (node_modules/react-dom/cjs/react-dom.development.js:4291:25)
      at executeDispatch (node_modules/react-dom/cjs/react-dom.development.js:9041:3)
      at processDispatchQueueItemsInOrder (node_modules/react-dom/cjs/react-dom.development.js:9073:7)
      at processDispatchQueue (node_modules/react-dom/cjs/react-dom.development.js:9086:5)
      at dispatchEventsForPlugins (node_modules/react-dom/cjs/react-dom.development.js:9097:3)
      at node_modules/react-dom/cjs/react-dom.development.js:9288:12
      at batchedUpdates$1 (node_modules/react-dom/cjs/react-dom.development.js:26179:12)
      at batchedUpdates (node_modules/react-dom/cjs/react-dom.development.js:3991:12)
      at dispatchEventForPluginEventSystem (node_modules/react-dom/cjs/react-dom.development.js:9287:3)
      at dispatchEventWithEnableCapturePhaseSelectiveHydrationWithoutDiscreteEventReplay (node_modules/react-dom/cjs/react-dom.development.js:6465:5)
      at dispatchEvent (node_modules/react-dom/cjs/react-dom.development.js:6457:5)
      at dispatchDiscreteEvent (node_modules/react-dom/cjs/react-dom.development.js:6430:5)
      at HTMLDivElement.callTheUserObjectsOperation (node_modules/jsdom/lib/jsdom/living/generated/EventListener.js:26:30)
      at innerInvokeEventListeners (node_modules/jsdom/lib/jsdom/living/events/EventTarget-impl.js:350:25)
      at invokeEventListeners (node_modules/jsdom/lib/jsdom/living/events/EventTarget-impl.js:286:3)
      at HTMLInputElementImpl._dispatch (node_modules/jsdom/lib/jsdom/living/events/EventTarget-impl.js:233:9)
      at HTMLInputElementImpl.dispatchEvent (node_modules/jsdom/lib/jsdom/living/events/EventTarget-impl.js:104:17)
      at HTMLInputElement.dispatchEvent (node_modules/jsdom/lib/jsdom/living/generated/EventTarget.js:241:34)
      at node_modules/@testing-library/user-event/dist/cjs/event/dispatchEvent.js:45:43
      at Object.eventWrapper (node_modules/@testing-library/dom/dist/config.js:25:23)
      at Object.wrapEvent (node_modules/@testing-library/user-event/dist/cjs/event/wrapEvent.js:6:28)
      at Object.dispatchEvent (node_modules/@testing-library/user-event/dist/cjs/event/dispatchEvent.js:45:22)
      at Object.dispatchUIEvent (node_modules/@testing-library/user-event/dist/cjs/event/dispatchEvent.js:22:26)
      at commitInput (node_modules/@testing-library/user-event/dist/cjs/event/input.js:145:14)
      at editInputElement (node_modules/@testing-library/user-event/dist/cjs/event/input.js:115:9)
      at Object.input (node_modules/@testing-library/user-event/dist/cjs/event/input.js:37:9)
      at node_modules/@testing-library/user-event/dist/cjs/event/behavior/keypress.js:31:26
      at Object.dispatchEvent (node_modules/@testing-library/user-event/dist/cjs/event/dispatchEvent.js:41:13)
      at Object.dispatchUIEvent (node_modules/@testing-library/user-event/dist/cjs/event/dispatchEvent.js:22:26)
      at KeyboardHost.keydown (node_modules/@testing-library/user-event/dist/cjs/system/keyboard.js:76:22)
      at keyboardAction (node_modules/@testing-library/user-event/dist/cjs/keyboard/index.js:22:35)
      at Object.keyboard (node_modules/@testing-library/user-event/dist/cjs/keyboard/index.js:11:15)
      at Object.type (node_modules/@testing-library/user-event/dist/cjs/utility/type.js:17:5)
      at src/components/Contact/Contact.test.tsx:73:15
      at AsyncProperty.run (node_modules/fast-check/lib/check/property/AsyncProperty.generic.js:49:28)
      at asyncRunIt (node_modules/fast-check/lib/check/runner/Runner.js:37:21)
      at Object.<anonymous> (src/components/Contact/Contact.test.tsx:39:5)

    console.error
      Warning: An update to Contact inside a test was not wrapped in act(...).
      
      When testing, code that causes React state updates should be wrapped into act(...):
      
      act(() => {
        /* fire events that update state */
      });
      /* assert on the output */
      
      This ensures that you're testing the behavior the user would see in the browser. Learn more at https://reactjs.org/link/wrap-tests-with-act
          at Contact (/workspaces/netsanet-portfolio/src/components/Contact/Contact.tsx:17:44)

      30 |
      31 |   const handleInputChange = (field: keyof ContactFormData, value: string) => {
    > 32 |     setFormState(prev => ({
         |     ^
      33 |       ...prev,
      34 |       data: {
      35 |         ...prev.data,

      at printWarning (node_modules/react-dom/cjs/react-dom.development.js:86:30)
      at error (node_modules/react-dom/cjs/react-dom.development.js:60:7)
      at warnIfUpdatesNotWrappedWithActDEV (node_modules/react-dom/cjs/react-dom.development.js:27628:9)
      at scheduleUpdateOnFiber (node_modules/react-dom/cjs/react-dom.development.js:25547:5)
      at dispatchSetState (node_modules/react-dom/cjs/react-dom.development.js:16708:7)
      at handleInputChange (src/components/Contact/Contact.tsx:32:5)
      at onChange (src/components/Contact/Contact.tsx:280:34)
      at HTMLUnknownElement.callCallback (node_modules/react-dom/cjs/react-dom.development.js:4164:14)
      at HTMLUnknownElement.callTheUserObjectsOperation (node_modules/jsdom/lib/jsdom/living/generated/EventListener.js:26:30)
      at innerInvokeEventListeners (node_modules/jsdom/lib/jsdom/living/events/EventTarget-impl.js:350:25)
      at invokeEventListeners (node_modules/jsdom/lib/jsdom/living/events/EventTarget-impl.js:286:3)
      at HTMLUnknownElementImpl._dispatch (node_modules/jsdom/lib/jsdom/living/events/EventTarget-impl.js:233:9)
      at HTMLUnknownElementImpl.dispatchEvent (node_modules/jsdom/lib/jsdom/living/events/EventTarget-impl.js:104:17)
      at HTMLUnknownElement.dispatchEvent (node_modules/jsdom/lib/jsdom/living/generated/EventTarget.js:241:34)
      at Object.invokeGuardedCallbackDev (node_modules/react-dom/cjs/react-dom.development.js:4213:16)
      at invokeGuardedCallback (node_modules/react-dom/cjs/react-dom.development.js:4277:31)
      at invokeGuardedCallbackAndCatchFirstError (node_modules/react-dom/cjs/react-dom.development.js:4291:25)
      at executeDispatch (node_modules/react-dom/cjs/react-dom.development.js:9041:3)
      at processDispatchQueueItemsInOrder (node_modules/react-dom/cjs/react-dom.development.js:9073:7)
      at processDispatchQueue (node_modules/react-dom/cjs/react-dom.development.js:9086:5)
      at dispatchEventsForPlugins (node_modules/react-dom/cjs/react-dom.development.js:9097:3)
      at node_modules/react-dom/cjs/react-dom.development.js:9288:12
      at batchedUpdates$1 (node_modules/react-dom/cjs/react-dom.development.js:26179:12)
      at batchedUpdates (node_modules/react-dom/cjs/react-dom.development.js:3991:12)
      at dispatchEventForPluginEventSystem (node_modules/react-dom/cjs/react-dom.development.js:9287:3)
      at dispatchEventWithEnableCapturePhaseSelectiveHydrationWithoutDiscreteEventReplay (node_modules/react-dom/cjs/react-dom.development.js:6465:5)
      at dispatchEvent (node_modules/react-dom/cjs/react-dom.development.js:6457:5)
      at dispatchDiscreteEvent (node_modules/react-dom/cjs/react-dom.development.js:6430:5)
      at HTMLDivElement.callTheUserObjectsOperation (node_modules/jsdom/lib/jsdom/living/generated/EventListener.js:26:30)
      at innerInvokeEventListeners (node_modules/jsdom/lib/jsdom/living/events/EventTarget-impl.js:350:25)
      at invokeEventListeners (node_modules/jsdom/lib/jsdom/living/events/EventTarget-impl.js:286:3)
      at HTMLInputElementImpl._dispatch (node_modules/jsdom/lib/jsdom/living/events/EventTarget-impl.js:233:9)
      at HTMLInputElementImpl.dispatchEvent (node_modules/jsdom/lib/jsdom/living/events/EventTarget-impl.js:104:17)
      at HTMLInputElement.dispatchEvent (node_modules/jsdom/lib/jsdom/living/generated/EventTarget.js:241:34)
      at node_modules/@testing-library/user-event/dist/cjs/event/dispatchEvent.js:45:43
      at Object.eventWrapper (node_modules/@testing-library/dom/dist/config.js:25:23)
      at Object.wrapEvent (node_modules/@testing-library/user-event/dist/cjs/event/wrapEvent.js:6:28)
      at Object.dispatchEvent (node_modules/@testing-library/user-event/dist/cjs/event/dispatchEvent.js:45:22)
      at Object.dispatchUIEvent (node_modules/@testing-library/user-event/dist/cjs/event/dispatchEvent.js:22:26)
      at commitInput (node_modules/@testing-library/user-event/dist/cjs/event/input.js:145:14)
      at editInputElement (node_modules/@testing-library/user-event/dist/cjs/event/input.js:115:9)
      at Object.input (node_modules/@testing-library/user-event/dist/cjs/event/input.js:37:9)
      at node_modules/@testing-library/user-event/dist/cjs/event/behavior/keypress.js:31:26
      at Object.dispatchEvent (node_modules/@testing-library/user-event/dist/cjs/event/dispatchEvent.js:41:13)
      at Object.dispatchUIEvent (node_modules/@testing-library/user-event/dist/cjs/event/dispatchEvent.js:22:26)
      at KeyboardHost.keydown (node_modules/@testing-library/user-event/dist/cjs/system/keyboard.js:76:22)
      at keyboardAction (node_modules/@testing-library/user-event/dist/cjs/keyboard/index.js:22:35)
      at Object.keyboard (node_modules/@testing-library/user-event/dist/cjs/keyboard/index.js:11:15)
      at Object.type (node_modules/@testing-library/user-event/dist/cjs/utility/type.js:17:5)
      at src/components/Contact/Contact.test.tsx:73:15
      at AsyncProperty.run (node_modules/fast-check/lib/check/property/AsyncProperty.generic.js:49:28)
      at asyncRunIt (node_modules/fast-check/lib/check/runner/Runner.js:37:21)
      at Object.<anonymous> (src/components/Contact/Contact.test.tsx:39:5)

    console.error
      Warning: An update to Contact inside a test was not wrapped in act(...).
      
      When testing, code that causes React state updates should be wrapped into act(...):
      
      act(() => {
        /* fire events that update state */
      });
      /* assert on the output */
      
      This ensures that you're testing the behavior the user would see in the browser. Learn more at https://reactjs.org/link/wrap-tests-with-act
          at Contact (/workspaces/netsanet-portfolio/src/components/Contact/Contact.tsx:17:44)

      30 |
      31 |   const handleInputChange = (field: keyof ContactFormData, value: string) => {
    > 32 |     setFormState(prev => ({
         |     ^
      33 |       ...prev,
      34 |       data: {
      35 |         ...prev.data,

      at printWarning (node_modules/react-dom/cjs/react-dom.development.js:86:30)
      at error (node_modules/react-dom/cjs/react-dom.development.js:60:7)
      at warnIfUpdatesNotWrappedWithActDEV (node_modules/react-dom/cjs/react-dom.development.js:27628:9)
      at scheduleUpdateOnFiber (node_modules/react-dom/cjs/react-dom.development.js:25547:5)
      at dispatchSetState (node_modules/react-dom/cjs/react-dom.development.js:16708:7)
      at handleInputChange (src/components/Contact/Contact.tsx:32:5)
      at onChange (src/components/Contact/Contact.tsx:280:34)
      at HTMLUnknownElement.callCallback (node_modules/react-dom/cjs/react-dom.development.js:4164:14)
      at HTMLUnknownElement.callTheUserObjectsOperation (node_modules/jsdom/lib/jsdom/living/generated/EventListener.js:26:30)
      at innerInvokeEventListeners (node_modules/jsdom/lib/jsdom/living/events/EventTarget-impl.js:350:25)
      at invokeEventListeners (node_modules/jsdom/lib/jsdom/living/events/EventTarget-impl.js:286:3)
      at HTMLUnknownElementImpl._dispatch (node_modules/jsdom/lib/jsdom/living/events/EventTarget-impl.js:233:9)
      at HTMLUnknownElementImpl.dispatchEvent (node_modules/jsdom/lib/jsdom/living/events/EventTarget-impl.js:104:17)
      at HTMLUnknownElement.dispatchEvent (node_modules/jsdom/lib/jsdom/living/generated/EventTarget.js:241:34)
      at Object.invokeGuardedCallbackDev (node_modules/react-dom/cjs/react-dom.development.js:4213:16)
      at invokeGuardedCallback (node_modules/react-dom/cjs/react-dom.development.js:4277:31)
      at invokeGuardedCallbackAndCatchFirstError (node_modules/react-dom/cjs/react-dom.development.js:4291:25)
      at executeDispatch (node_modules/react-dom/cjs/react-dom.development.js:9041:3)
      at processDispatchQueueItemsInOrder (node_modules/react-dom/cjs/react-dom.development.js:9073:7)
      at processDispatchQueue (node_modules/react-dom/cjs/react-dom.development.js:9086:5)
      at dispatchEventsForPlugins (node_modules/react-dom/cjs/react-dom.development.js:9097:3)
      at node_modules/react-dom/cjs/react-dom.development.js:9288:12
      at batchedUpdates$1 (node_modules/react-dom/cjs/react-dom.development.js:26179:12)
      at batchedUpdates (node_modules/react-dom/cjs/react-dom.development.js:3991:12)
      at dispatchEventForPluginEventSystem (node_modules/react-dom/cjs/react-dom.development.js:9287:3)
      at dispatchEventWithEnableCapturePhaseSelectiveHydrationWithoutDiscreteEventReplay (node_modules/react-dom/cjs/react-dom.development.js:6465:5)
      at dispatchEvent (node_modules/react-dom/cjs/react-dom.development.js:6457:5)
      at dispatchDiscreteEvent (node_modules/react-dom/cjs/react-dom.development.js:6430:5)
      at HTMLDivElement.callTheUserObjectsOperation (node_modules/jsdom/lib/jsdom/living/generated/EventListener.js:26:30)
      at innerInvokeEventListeners (node_modules/jsdom/lib/jsdom/living/events/EventTarget-impl.js:350:25)
      at invokeEventListeners (node_modules/jsdom/lib/jsdom/living/events/EventTarget-impl.js:286:3)
      at HTMLInputElementImpl._dispatch (node_modules/jsdom/lib/jsdom/living/events/EventTarget-impl.js:233:9)
      at HTMLInputElementImpl.dispatchEvent (node_modules/jsdom/lib/jsdom/living/events/EventTarget-impl.js:104:17)
      at HTMLInputElement.dispatchEvent (node_modules/jsdom/lib/jsdom/living/generated/EventTarget.js:241:34)
      at node_modules/@testing-library/user-event/dist/cjs/event/dispatchEvent.js:45:43
      at Object.eventWrapper (node_modules/@testing-library/dom/dist/config.js:25:23)
      at Object.wrapEvent (node_modules/@testing-library/user-event/dist/cjs/event/wrapEvent.js:6:28)
      at Object.dispatchEvent (node_modules/@testing-library/user-event/dist/cjs/event/dispatchEvent.js:45:22)
      at Object.dispatchUIEvent (node_modules/@testing-library/user-event/dist/cjs/event/dispatchEvent.js:22:26)
      at commitInput (node_modules/@testing-library/user-event/dist/cjs/event/input.js:145:14)
      at editInputElement (node_modules/@testing-library/user-event/dist/cjs/event/input.js:115:9)
      at Object.input (node_modules/@testing-library/user-event/dist/cjs/event/input.js:37:9)
      at node_modules/@testing-library/user-event/dist/cjs/event/behavior/keypress.js:31:26
      at Object.dispatchEvent (node_modules/@testing-library/user-event/dist/cjs/event/dispatchEvent.js:41:13)
      at Object.dispatchUIEvent (node_modules/@testing-library/user-event/dist/cjs/event/dispatchEvent.js:22:26)
      at KeyboardHost.keydown (node_modules/@testing-library/user-event/dist/cjs/system/keyboard.js:76:22)
      at keyboardAction (node_modules/@testing-library/user-event/dist/cjs/keyboard/index.js:22:35)
      at Object.keyboard (node_modules/@testing-library/user-event/dist/cjs/keyboard/index.js:11:15)
      at Object.type (node_modules/@testing-library/user-event/dist/cjs/utility/type.js:17:5)
      at src/components/Contact/Contact.test.tsx:73:15
      at AsyncProperty.run (node_modules/fast-check/lib/check/property/AsyncProperty.generic.js:49:28)
      at asyncRunIt (node_modules/fast-check/lib/check/runner/Runner.js:37:21)
      at Object.<anonymous> (src/components/Contact/Contact.test.tsx:39:5)

    console.error
      Warning: An update to Contact inside a test was not wrapped in act(...).
      
      When testing, code that causes React state updates should be wrapped into act(...):
      
      act(() => {
        /* fire events that update state */
      });
      /* assert on the output */
      
      This ensures that you're testing the behavior the user would see in the browser. Learn more at https://reactjs.org/link/wrap-tests-with-act
          at Contact (/workspaces/netsanet-portfolio/src/components/Contact/Contact.tsx:17:44)

      30 |
      31 |   const handleInputChange = (field: keyof ContactFormData, value: string) => {
    > 32 |     setFormState(prev => ({
         |     ^
      33 |       ...prev,
      34 |       data: {
      35 |         ...prev.data,

      at printWarning (node_modules/react-dom/cjs/react-dom.development.js:86:30)
      at error (node_modules/react-dom/cjs/react-dom.development.js:60:7)
      at warnIfUpdatesNotWrappedWithActDEV (node_modules/react-dom/cjs/react-dom.development.js:27628:9)
      at scheduleUpdateOnFiber (node_modules/react-dom/cjs/react-dom.development.js:25547:5)
      at dispatchSetState (node_modules/react-dom/cjs/react-dom.development.js:16708:7)
      at handleInputChange (src/components/Contact/Contact.tsx:32:5)
      at onChange (src/components/Contact/Contact.tsx:280:34)
      at HTMLUnknownElement.callCallback (node_modules/react-dom/cjs/react-dom.development.js:4164:14)
      at HTMLUnknownElement.callTheUserObjectsOperation (node_modules/jsdom/lib/jsdom/living/generated/EventListener.js:26:30)
      at innerInvokeEventListeners (node_modules/jsdom/lib/jsdom/living/events/EventTarget-impl.js:350:25)
      at invokeEventListeners (node_modules/jsdom/lib/jsdom/living/events/EventTarget-impl.js:286:3)
      at HTMLUnknownElementImpl._dispatch (node_modules/jsdom/lib/jsdom/living/events/EventTarget-impl.js:233:9)
      at HTMLUnknownElementImpl.dispatchEvent (node_modules/jsdom/lib/jsdom/living/events/EventTarget-impl.js:104:17)
      at HTMLUnknownElement.dispatchEvent (node_modules/jsdom/lib/jsdom/living/generated/EventTarget.js:241:34)
      at Object.invokeGuardedCallbackDev (node_modules/react-dom/cjs/react-dom.development.js:4213:16)
      at invokeGuardedCallback (node_modules/react-dom/cjs/react-dom.development.js:4277:31)
      at invokeGuardedCallbackAndCatchFirstError (node_modules/react-dom/cjs/react-dom.development.js:4291:25)
      at executeDispatch (node_modules/react-dom/cjs/react-dom.development.js:9041:3)
      at processDispatchQueueItemsInOrder (node_modules/react-dom/cjs/react-dom.development.js:9073:7)
      at processDispatchQueue (node_modules/react-dom/cjs/react-dom.development.js:9086:5)
      at dispatchEventsForPlugins (node_modules/react-dom/cjs/react-dom.development.js:9097:3)
      at node_modules/react-dom/cjs/react-dom.development.js:9288:12
      at batchedUpdates$1 (node_modules/react-dom/cjs/react-dom.development.js:26179:12)
      at batchedUpdates (node_modules/react-dom/cjs/react-dom.development.js:3991:12)
      at dispatchEventForPluginEventSystem (node_modules/react-dom/cjs/react-dom.development.js:9287:3)
      at dispatchEventWithEnableCapturePhaseSelectiveHydrationWithoutDiscreteEventReplay (node_modules/react-dom/cjs/react-dom.development.js:6465:5)
      at dispatchEvent (node_modules/react-dom/cjs/react-dom.development.js:6457:5)
      at dispatchDiscreteEvent (node_modules/react-dom/cjs/react-dom.development.js:6430:5)
      at HTMLDivElement.callTheUserObjectsOperation (node_modules/jsdom/lib/jsdom/living/generated/EventListener.js:26:30)
      at innerInvokeEventListeners (node_modules/jsdom/lib/jsdom/living/events/EventTarget-impl.js:350:25)
      at invokeEventListeners (node_modules/jsdom/lib/jsdom/living/events/EventTarget-impl.js:286:3)
      at HTMLInputElementImpl._dispatch (node_modules/jsdom/lib/jsdom/living/events/EventTarget-impl.js:233:9)
      at HTMLInputElementImpl.dispatchEvent (node_modules/jsdom/lib/jsdom/living/events/EventTarget-impl.js:104:17)
      at HTMLInputElement.dispatchEvent (node_modules/jsdom/lib/jsdom/living/generated/EventTarget.js:241:34)
      at node_modules/@testing-library/user-event/dist/cjs/event/dispatchEvent.js:45:43
      at Object.eventWrapper (node_modules/@testing-library/dom/dist/config.js:25:23)
      at Object.wrapEvent (node_modules/@testing-library/user-event/dist/cjs/event/wrapEvent.js:6:28)
      at Object.dispatchEvent (node_modules/@testing-library/user-event/dist/cjs/event/dispatchEvent.js:45:22)
      at Object.dispatchUIEvent (node_modules/@testing-library/user-event/dist/cjs/event/dispatchEvent.js:22:26)
      at commitInput (node_modules/@testing-library/user-event/dist/cjs/event/input.js:145:14)
      at editInputElement (node_modules/@testing-library/user-event/dist/cjs/event/input.js:115:9)
      at Object.input (node_modules/@testing-library/user-event/dist/cjs/event/input.js:37:9)
      at node_modules/@testing-library/user-event/dist/cjs/event/behavior/keypress.js:31:26
      at Object.dispatchEvent (node_modules/@testing-library/user-event/dist/cjs/event/dispatchEvent.js:41:13)
      at Object.dispatchUIEvent (node_modules/@testing-library/user-event/dist/cjs/event/dispatchEvent.js:22:26)
      at KeyboardHost.keydown (node_modules/@testing-library/user-event/dist/cjs/system/keyboard.js:76:22)
      at keyboardAction (node_modules/@testing-library/user-event/dist/cjs/keyboard/index.js:22:35)
      at Object.keyboard (node_modules/@testing-library/user-event/dist/cjs/keyboard/index.js:11:15)
      at Object.type (node_modules/@testing-library/user-event/dist/cjs/utility/type.js:17:5)
      at src/components/Contact/Contact.test.tsx:73:15
      at AsyncProperty.run (node_modules/fast-check/lib/check/property/AsyncProperty.generic.js:49:28)
      at asyncRunIt (node_modules/fast-check/lib/check/runner/Runner.js:37:21)
      at Object.<anonymous> (src/components/Contact/Contact.test.tsx:39:5)

    console.error
      Warning: An update to Contact inside a test was not wrapped in act(...).
      
      When testing, code that causes React state updates should be wrapped into act(...):
      
      act(() => {
        /* fire events that update state */
      });
      /* assert on the output */
      
      This ensures that you're testing the behavior the user would see in the browser. Learn more at https://reactjs.org/link/wrap-tests-with-act
          at Contact (/workspaces/netsanet-portfolio/src/components/Contact/Contact.tsx:17:44)

      30 |
      31 |   const handleInputChange = (field: keyof ContactFormData, value: string) => {
    > 32 |     setFormState(prev => ({
         |     ^
      33 |       ...prev,
      34 |       data: {
      35 |         ...prev.data,

      at printWarning (node_modules/react-dom/cjs/react-dom.development.js:86:30)
      at error (node_modules/react-dom/cjs/react-dom.development.js:60:7)
      at warnIfUpdatesNotWrappedWithActDEV (node_modules/react-dom/cjs/react-dom.development.js:27628:9)
      at scheduleUpdateOnFiber (node_modules/react-dom/cjs/react-dom.development.js:25547:5)
      at dispatchSetState (node_modules/react-dom/cjs/react-dom.development.js:16708:7)
      at handleInputChange (src/components/Contact/Contact.tsx:32:5)
      at onChange (src/components/Contact/Contact.tsx:301:34)
      at HTMLUnknownElement.callCallback (node_modules/react-dom/cjs/react-dom.development.js:4164:14)
      at HTMLUnknownElement.callTheUserObjectsOperation (node_modules/jsdom/lib/jsdom/living/generated/EventListener.js:26:30)
      at innerInvokeEventListeners (node_modules/jsdom/lib/jsdom/living/events/EventTarget-impl.js:350:25)
      at invokeEventListeners (node_modules/jsdom/lib/jsdom/living/events/EventTarget-impl.js:286:3)
      at HTMLUnknownElementImpl._dispatch (node_modules/jsdom/lib/jsdom/living/events/EventTarget-impl.js:233:9)
      at HTMLUnknownElementImpl.dispatchEvent (node_modules/jsdom/lib/jsdom/living/events/EventTarget-impl.js:104:17)
      at HTMLUnknownElement.dispatchEvent (node_modules/jsdom/lib/jsdom/living/generated/EventTarget.js:241:34)
      at Object.invokeGuardedCallbackDev (node_modules/react-dom/cjs/react-dom.development.js:4213:16)
      at invokeGuardedCallback (node_modules/react-dom/cjs/react-dom.development.js:4277:31)
      at invokeGuardedCallbackAndCatchFirstError (node_modules/react-dom/cjs/react-dom.development.js:4291:25)
      at executeDispatch (node_modules/react-dom/cjs/react-dom.development.js:9041:3)
      at processDispatchQueueItemsInOrder (node_modules/react-dom/cjs/react-dom.development.js:9073:7)
      at processDispatchQueue (node_modules/react-dom/cjs/react-dom.development.js:9086:5)
      at dispatchEventsForPlugins (node_modules/react-dom/cjs/react-dom.development.js:9097:3)
      at node_modules/react-dom/cjs/react-dom.development.js:9288:12
      at batchedUpdates$1 (node_modules/react-dom/cjs/react-dom.development.js:26179:12)
      at batchedUpdates (node_modules/react-dom/cjs/react-dom.development.js:3991:12)
      at dispatchEventForPluginEventSystem (node_modules/react-dom/cjs/react-dom.development.js:9287:3)
      at dispatchEventWithEnableCapturePhaseSelectiveHydrationWithoutDiscreteEventReplay (node_modules/react-dom/cjs/react-dom.development.js:6465:5)
      at dispatchEvent (node_modules/react-dom/cjs/react-dom.development.js:6457:5)
      at dispatchDiscreteEvent (node_modules/react-dom/cjs/react-dom.development.js:6430:5)
      at HTMLDivElement.callTheUserObjectsOperation (node_modules/jsdom/lib/jsdom/living/generated/EventListener.js:26:30)
      at innerInvokeEventListeners (node_modules/jsdom/lib/jsdom/living/events/EventTarget-impl.js:350:25)
      at invokeEventListeners (node_modules/jsdom/lib/jsdom/living/events/EventTarget-impl.js:286:3)
      at HTMLTextAreaElementImpl._dispatch (node_modules/jsdom/lib/jsdom/living/events/EventTarget-impl.js:233:9)
      at HTMLTextAreaElementImpl.dispatchEvent (node_modules/jsdom/lib/jsdom/living/events/EventTarget-impl.js:104:17)
      at HTMLTextAreaElement.dispatchEvent (node_modules/jsdom/lib/jsdom/living/generated/EventTarget.js:241:34)
      at node_modules/@testing-library/user-event/dist/cjs/event/dispatchEvent.js:45:43
      at Object.eventWrapper (node_modules/@testing-library/dom/dist/config.js:25:23)
      at Object.wrapEvent (node_modules/@testing-library/user-event/dist/cjs/event/wrapEvent.js:6:28)
      at Object.dispatchEvent (node_modules/@testing-library/user-event/dist/cjs/event/dispatchEvent.js:45:22)
      at Object.dispatchUIEvent (node_modules/@testing-library/user-event/dist/cjs/event/dispatchEvent.js:22:26)
      at commitInput (node_modules/@testing-library/user-event/dist/cjs/event/input.js:145:14)
      at editInputElement (node_modules/@testing-library/user-event/dist/cjs/event/input.js:115:9)
      at Object.input (node_modules/@testing-library/user-event/dist/cjs/event/input.js:37:9)
      at node_modules/@testing-library/user-event/dist/cjs/event/behavior/keypress.js:31:26
      at Object.dispatchEvent (node_modules/@testing-library/user-event/dist/cjs/event/dispatchEvent.js:41:13)
      at Object.dispatchUIEvent (node_modules/@testing-library/user-event/dist/cjs/event/dispatchEvent.js:22:26)
      at KeyboardHost.keydown (node_modules/@testing-library/user-event/dist/cjs/system/keyboard.js:76:22)
      at keyboardAction (node_modules/@testing-library/user-event/dist/cjs/keyboard/index.js:22:35)
      at Object.keyboard (node_modules/@testing-library/user-event/dist/cjs/keyboard/index.js:11:15)
      at Object.type (node_modules/@testing-library/user-event/dist/cjs/utility/type.js:17:5)
      at src/components/Contact/Contact.test.tsx:78:15
      at AsyncProperty.run (node_modules/fast-check/lib/check/property/AsyncProperty.generic.js:49:28)
      at asyncRunIt (node_modules/fast-check/lib/check/runner/Runner.js:37:21)
      at Object.<anonymous> (src/components/Contact/Contact.test.tsx:39:5)

    console.error
      Warning: An update to Contact inside a test was not wrapped in act(...).
      
      When testing, code that causes React state updates should be wrapped into act(...):
      
      act(() => {
        /* fire events that update state */
      });
      /* assert on the output */
      
      This ensures that you're testing the behavior the user would see in the browser. Learn more at https://reactjs.org/link/wrap-tests-with-act
          at Contact (/workspaces/netsanet-portfolio/src/components/Contact/Contact.tsx:17:44)

      30 |
      31 |   const handleInputChange = (field: keyof ContactFormData, value: string) => {
    > 32 |     setFormState(prev => ({
         |     ^
      33 |       ...prev,
      34 |       data: {
      35 |         ...prev.data,

      at printWarning (node_modules/react-dom/cjs/react-dom.development.js:86:30)
      at error (node_modules/react-dom/cjs/react-dom.development.js:60:7)
      at warnIfUpdatesNotWrappedWithActDEV (node_modules/react-dom/cjs/react-dom.development.js:27628:9)
      at scheduleUpdateOnFiber (node_modules/react-dom/cjs/react-dom.development.js:25547:5)
      at dispatchSetState (node_modules/react-dom/cjs/react-dom.development.js:16708:7)
      at handleInputChange (src/components/Contact/Contact.tsx:32:5)
      at onChange (src/components/Contact/Contact.tsx:301:34)
      at HTMLUnknownElement.callCallback (node_modules/react-dom/cjs/react-dom.development.js:4164:14)
      at HTMLUnknownElement.callTheUserObjectsOperation (node_modules/jsdom/lib/jsdom/living/generated/EventListener.js:26:30)
      at innerInvokeEventListeners (node_modules/jsdom/lib/jsdom/living/events/EventTarget-impl.js:350:25)
      at invokeEventListeners (node_modules/jsdom/lib/jsdom/living/events/EventTarget-impl.js:286:3)
      at HTMLUnknownElementImpl._dispatch (node_modules/jsdom/lib/jsdom/living/events/EventTarget-impl.js:233:9)
      at HTMLUnknownElementImpl.dispatchEvent (node_modules/jsdom/lib/jsdom/living/events/EventTarget-impl.js:104:17)
      at HTMLUnknownElement.dispatchEvent (node_modules/jsdom/lib/jsdom/living/generated/EventTarget.js:241:34)
      at Object.invokeGuardedCallbackDev (node_modules/react-dom/cjs/react-dom.development.js:4213:16)
      at invokeGuardedCallback (node_modules/react-dom/cjs/react-dom.development.js:4277:31)
      at invokeGuardedCallbackAndCatchFirstError (node_modules/react-dom/cjs/react-dom.development.js:4291:25)
      at executeDispatch (node_modules/react-dom/cjs/react-dom.development.js:9041:3)
      at processDispatchQueueItemsInOrder (node_modules/react-dom/cjs/react-dom.development.js:9073:7)
      at processDispatchQueue (node_modules/react-dom/cjs/react-dom.development.js:9086:5)
      at dispatchEventsForPlugins (node_modules/react-dom/cjs/react-dom.development.js:9097:3)
      at node_modules/react-dom/cjs/react-dom.development.js:9288:12
      at batchedUpdates$1 (node_modules/react-dom/cjs/react-dom.development.js:26179:12)
      at batchedUpdates (node_modules/react-dom/cjs/react-dom.development.js:3991:12)
      at dispatchEventForPluginEventSystem (node_modules/react-dom/cjs/react-dom.development.js:9287:3)
      at dispatchEventWithEnableCapturePhaseSelectiveHydrationWithoutDiscreteEventReplay (node_modules/react-dom/cjs/react-dom.development.js:6465:5)
      at dispatchEvent (node_modules/react-dom/cjs/react-dom.development.js:6457:5)
      at dispatchDiscreteEvent (node_modules/react-dom/cjs/react-dom.development.js:6430:5)
      at HTMLDivElement.callTheUserObjectsOperation (node_modules/jsdom/lib/jsdom/living/generated/EventListener.js:26:30)
      at innerInvokeEventListeners (node_modules/jsdom/lib/jsdom/living/events/EventTarget-impl.js:350:25)
      at invokeEventListeners (node_modules/jsdom/lib/jsdom/living/events/EventTarget-impl.js:286:3)
      at HTMLTextAreaElementImpl._dispatch (node_modules/jsdom/lib/jsdom/living/events/EventTarget-impl.js:233:9)
      at HTMLTextAreaElementImpl.dispatchEvent (node_modules/jsdom/lib/jsdom/living/events/EventTarget-impl.js:104:17)
      at HTMLTextAreaElement.dispatchEvent (node_modules/jsdom/lib/jsdom/living/generated/EventTarget.js:241:34)
      at node_modules/@testing-library/user-event/dist/cjs/event/dispatchEvent.js:45:43
      at Object.eventWrapper (node_modules/@testing-library/dom/dist/config.js:25:23)
      at Object.wrapEvent (node_modules/@testing-library/user-event/dist/cjs/event/wrapEvent.js:6:28)
      at Object.dispatchEvent (node_modules/@testing-library/user-event/dist/cjs/event/dispatchEvent.js:45:22)
      at Object.dispatchUIEvent (node_modules/@testing-library/user-event/dist/cjs/event/dispatchEvent.js:22:26)
      at commitInput (node_modules/@testing-library/user-event/dist/cjs/event/input.js:145:14)
      at editInputElement (node_modules/@testing-library/user-event/dist/cjs/event/input.js:115:9)
      at Object.input (node_modules/@testing-library/user-event/dist/cjs/event/input.js:37:9)
      at node_modules/@testing-library/user-event/dist/cjs/event/behavior/keypress.js:31:26
      at Object.dispatchEvent (node_modules/@testing-library/user-event/dist/cjs/event/dispatchEvent.js:41:13)
      at Object.dispatchUIEvent (node_modules/@testing-library/user-event/dist/cjs/event/dispatchEvent.js:22:26)
      at KeyboardHost.keydown (node_modules/@testing-library/user-event/dist/cjs/system/keyboard.js:76:22)
      at keyboardAction (node_modules/@testing-library/user-event/dist/cjs/keyboard/index.js:22:35)
      at Object.keyboard (node_modules/@testing-library/user-event/dist/cjs/keyboard/index.js:11:15)
      at Object.type (node_modules/@testing-library/user-event/dist/cjs/utility/type.js:17:5)
      at src/components/Contact/Contact.test.tsx:78:15
      at AsyncProperty.run (node_modules/fast-check/lib/check/property/AsyncProperty.generic.js:49:28)
      at asyncRunIt (node_modules/fast-check/lib/check/runner/Runner.js:37:21)
      at Object.<anonymous> (src/components/Contact/Contact.test.tsx:39:5)

    console.error
      Warning: An update to Contact inside a test was not wrapped in act(...).
      
      When testing, code that causes React state updates should be wrapped into act(...):
      
      act(() => {
        /* fire events that update state */
      });
      /* assert on the output */
      
      This ensures that you're testing the behavior the user would see in the browser. Learn more at https://reactjs.org/link/wrap-tests-with-act
          at Contact (/workspaces/netsanet-portfolio/src/components/Contact/Contact.tsx:17:44)

      30 |
      31 |   const handleInputChange = (field: keyof ContactFormData, value: string) => {
    > 32 |     setFormState(prev => ({
         |     ^
      33 |       ...prev,
      34 |       data: {
      35 |         ...prev.data,

      at printWarning (node_modules/react-dom/cjs/react-dom.development.js:86:30)
      at error (node_modules/react-dom/cjs/react-dom.development.js:60:7)
      at warnIfUpdatesNotWrappedWithActDEV (node_modules/react-dom/cjs/react-dom.development.js:27628:9)
      at scheduleUpdateOnFiber (node_modules/react-dom/cjs/react-dom.development.js:25547:5)
      at dispatchSetState (node_modules/react-dom/cjs/react-dom.development.js:16708:7)
      at handleInputChange (src/components/Contact/Contact.tsx:32:5)
      at onChange (src/components/Contact/Contact.tsx:301:34)
      at HTMLUnknownElement.callCallback (node_modules/react-dom/cjs/react-dom.development.js:4164:14)
      at HTMLUnknownElement.callTheUserObjectsOperation (node_modules/jsdom/lib/jsdom/living/generated/EventListener.js:26:30)
      at innerInvokeEventListeners (node_modules/jsdom/lib/jsdom/living/events/EventTarget-impl.js:350:25)
      at invokeEventListeners (node_modules/jsdom/lib/jsdom/living/events/EventTarget-impl.js:286:3)
      at HTMLUnknownElementImpl._dispatch (node_modules/jsdom/lib/jsdom/living/events/EventTarget-impl.js:233:9)
      at HTMLUnknownElementImpl.dispatchEvent (node_modules/jsdom/lib/jsdom/living/events/EventTarget-impl.js:104:17)
      at HTMLUnknownElement.dispatchEvent (node_modules/jsdom/lib/jsdom/living/generated/EventTarget.js:241:34)
      at Object.invokeGuardedCallbackDev (node_modules/react-dom/cjs/react-dom.development.js:4213:16)
      at invokeGuardedCallback (node_modules/react-dom/cjs/react-dom.development.js:4277:31)
      at invokeGuardedCallbackAndCatchFirstError (node_modules/react-dom/cjs/react-dom.development.js:4291:25)
      at executeDispatch (node_modules/react-dom/cjs/react-dom.development.js:9041:3)
      at processDispatchQueueItemsInOrder (node_modules/react-dom/cjs/react-dom.development.js:9073:7)
      at processDispatchQueue (node_modules/react-dom/cjs/react-dom.development.js:9086:5)
      at dispatchEventsForPlugins (node_modules/react-dom/cjs/react-dom.development.js:9097:3)
      at node_modules/react-dom/cjs/react-dom.development.js:9288:12
      at batchedUpdates$1 (node_modules/react-dom/cjs/react-dom.development.js:26179:12)
      at batchedUpdates (node_modules/react-dom/cjs/react-dom.development.js:3991:12)
      at dispatchEventForPluginEventSystem (node_modules/react-dom/cjs/react-dom.development.js:9287:3)
      at dispatchEventWithEnableCapturePhaseSelectiveHydrationWithoutDiscreteEventReplay (node_modules/react-dom/cjs/react-dom.development.js:6465:5)
      at dispatchEvent (node_modules/react-dom/cjs/react-dom.development.js:6457:5)
      at dispatchDiscreteEvent (node_modules/react-dom/cjs/react-dom.development.js:6430:5)
      at HTMLDivElement.callTheUserObjectsOperation (node_modules/jsdom/lib/jsdom/living/generated/EventListener.js:26:30)
      at innerInvokeEventListeners (node_modules/jsdom/lib/jsdom/living/events/EventTarget-impl.js:350:25)
      at invokeEventListeners (node_modules/jsdom/lib/jsdom/living/events/EventTarget-impl.js:286:3)
      at HTMLTextAreaElementImpl._dispatch (node_modules/jsdom/lib/jsdom/living/events/EventTarget-impl.js:233:9)
      at HTMLTextAreaElementImpl.dispatchEvent (node_modules/jsdom/lib/jsdom/living/events/EventTarget-impl.js:104:17)
      at HTMLTextAreaElement.dispatchEvent (node_modules/jsdom/lib/jsdom/living/generated/EventTarget.js:241:34)
      at node_modules/@testing-library/user-event/dist/cjs/event/dispatchEvent.js:45:43
      at Object.eventWrapper (node_modules/@testing-library/dom/dist/config.js:25:23)
      at Object.wrapEvent (node_modules/@testing-library/user-event/dist/cjs/event/wrapEvent.js:6:28)
      at Object.dispatchEvent (node_modules/@testing-library/user-event/dist/cjs/event/dispatchEvent.js:45:22)
      at Object.dispatchUIEvent (node_modules/@testing-library/user-event/dist/cjs/event/dispatchEvent.js:22:26)
      at commitInput (node_modules/@testing-library/user-event/dist/cjs/event/input.js:145:14)
      at editInputElement (node_modules/@testing-library/user-event/dist/cjs/event/input.js:115:9)
      at Object.input (node_modules/@testing-library/user-event/dist/cjs/event/input.js:37:9)
      at node_modules/@testing-library/user-event/dist/cjs/event/behavior/keypress.js:31:26
      at Object.dispatchEvent (node_modules/@testing-library/user-event/dist/cjs/event/dispatchEvent.js:41:13)
      at Object.dispatchUIEvent (node_modules/@testing-library/user-event/dist/cjs/event/dispatchEvent.js:22:26)
      at KeyboardHost.keydown (node_modules/@testing-library/user-event/dist/cjs/system/keyboard.js:76:22)
      at keyboardAction (node_modules/@testing-library/user-event/dist/cjs/keyboard/index.js:22:35)
      at Object.keyboard (node_modules/@testing-library/user-event/dist/cjs/keyboard/index.js:11:15)
      at Object.type (node_modules/@testing-library/user-event/dist/cjs/utility/type.js:17:5)
      at src/components/Contact/Contact.test.tsx:78:15
      at AsyncProperty.run (node_modules/fast-check/lib/check/property/AsyncProperty.generic.js:49:28)
      at asyncRunIt (node_modules/fast-check/lib/check/runner/Runner.js:37:21)
      at Object.<anonymous> (src/components/Contact/Contact.test.tsx:39:5)

    console.error
      Warning: An update to Contact inside a test was not wrapped in act(...).
      
      When testing, code that causes React state updates should be wrapped into act(...):
      
      act(() => {
        /* fire events that update state */
      });
      /* assert on the output */
      
      This ensures that you're testing the behavior the user would see in the browser. Learn more at https://reactjs.org/link/wrap-tests-with-act
          at Contact (/workspaces/netsanet-portfolio/src/components/Contact/Contact.tsx:17:44)

      51 |     
      52 |     if (!validation.isValid) {
    > 53 |       setFormState(prev => ({
         |       ^
      54 |         ...prev,
      55 |         errors: validation.fieldErrors
      56 |       }));

      at printWarning (node_modules/react-dom/cjs/react-dom.development.js:86:30)
      at error (node_modules/react-dom/cjs/react-dom.development.js:60:7)
      at warnIfUpdatesNotWrappedWithActDEV (node_modules/react-dom/cjs/react-dom.development.js:27628:9)
      at scheduleUpdateOnFiber (node_modules/react-dom/cjs/react-dom.development.js:25547:5)
      at dispatchSetState (node_modules/react-dom/cjs/react-dom.development.js:16708:7)
      at handleSubmit (src/components/Contact/Contact.tsx:53:7)
      at HTMLUnknownElement.callCallback (node_modules/react-dom/cjs/react-dom.development.js:4164:14)
      at HTMLUnknownElement.callTheUserObjectsOperation (node_modules/jsdom/lib/jsdom/living/generated/EventListener.js:26:30)
      at innerInvokeEventListeners (node_modules/jsdom/lib/jsdom/living/events/EventTarget-impl.js:350:25)
      at invokeEventListeners (node_modules/jsdom/lib/jsdom/living/events/EventTarget-impl.js:286:3)
      at HTMLUnknownElementImpl._dispatch (node_modules/jsdom/lib/jsdom/living/events/EventTarget-impl.js:233:9)
      at HTMLUnknownElementImpl.dispatchEvent (node_modules/jsdom/lib/jsdom/living/events/EventTarget-impl.js:104:17)
      at HTMLUnknownElement.dispatchEvent (node_modules/jsdom/lib/jsdom/living/generated/EventTarget.js:241:34)
      at Object.invokeGuardedCallbackDev (node_modules/react-dom/cjs/react-dom.development.js:4213:16)
      at invokeGuardedCallback (node_modules/react-dom/cjs/react-dom.development.js:4277:31)
      at invokeGuardedCallbackAndCatchFirstError (node_modules/react-dom/cjs/react-dom.development.js:4291:25)
      at executeDispatch (node_modules/react-dom/cjs/react-dom.development.js:9041:3)
      at processDispatchQueueItemsInOrder (node_modules/react-dom/cjs/react-dom.development.js:9073:7)
      at processDispatchQueue (node_modules/react-dom/cjs/react-dom.development.js:9086:5)
      at dispatchEventsForPlugins (node_modules/react-dom/cjs/react-dom.development.js:9097:3)
      at node_modules/react-dom/cjs/react-dom.development.js:9288:12
      at batchedUpdates$1 (node_modules/react-dom/cjs/react-dom.development.js:26179:12)
      at batchedUpdates (node_modules/react-dom/cjs/react-dom.development.js:3991:12)
      at dispatchEventForPluginEventSystem (node_modules/react-dom/cjs/react-dom.development.js:9287:3)
      at dispatchEventWithEnableCapturePhaseSelectiveHydrationWithoutDiscreteEventReplay (node_modules/react-dom/cjs/react-dom.development.js:6465:5)
      at dispatchEvent (node_modules/react-dom/cjs/react-dom.development.js:6457:5)
      at dispatchDiscreteEvent (node_modules/react-dom/cjs/react-dom.development.js:6430:5)
      at HTMLDivElement.callTheUserObjectsOperation (node_modules/jsdom/lib/jsdom/living/generated/EventListener.js:26:30)
      at innerInvokeEventListeners (node_modules/jsdom/lib/jsdom/living/events/EventTarget-impl.js:350:25)
      at invokeEventListeners (node_modules/jsdom/lib/jsdom/living/events/EventTarget-impl.js:286:3)
      at HTMLFormElementImpl._dispatch (node_modules/jsdom/lib/jsdom/living/events/EventTarget-impl.js:233:9)
      at fireAnEvent (node_modules/jsdom/lib/jsdom/living/helpers/events.js:18:36)
      at HTMLFormElementImpl.requestSubmit (node_modules/jsdom/lib/jsdom/living/nodes/HTMLFormElement-impl.js:109:10)
      at HTMLFormElementImpl._doRequestSubmit (node_modules/jsdom/lib/jsdom/living/nodes/HTMLFormElement-impl.js:79:10)
      at HTMLButtonElementImpl._activationBehavior (node_modules/jsdom/lib/jsdom/living/nodes/HTMLButtonElement-impl.js:23:14)
      at HTMLButtonElementImpl._dispatch (node_modules/jsdom/lib/jsdom/living/events/EventTarget-impl.js:252:26)
      at HTMLButtonElementImpl.dispatchEvent (node_modules/jsdom/lib/jsdom/living/events/EventTarget-impl.js:104:17)
      at HTMLButtonElement.dispatchEvent (node_modules/jsdom/lib/jsdom/living/generated/EventTarget.js:241:34)
      at node_modules/@testing-library/user-event/dist/cjs/event/dispatchEvent.js:45:43
      at Object.eventWrapper (node_modules/@testing-library/dom/dist/config.js:25:23)
      at Object.wrapEvent (node_modules/@testing-library/user-event/dist/cjs/event/wrapEvent.js:6:28)
      at Object.dispatchEvent (node_modules/@testing-library/user-event/dist/cjs/event/dispatchEvent.js:45:22)
      at Object.dispatchUIEvent (node_modules/@testing-library/user-event/dist/cjs/event/dispatchEvent.js:22:26)
      at Mouse.up (node_modules/@testing-library/user-event/dist/cjs/system/pointer/mouse.js:100:30)
      at PointerHost.release (node_modules/@testing-library/user-event/dist/cjs/system/pointer/index.js:87:24)
      at pointerAction (node_modules/@testing-library/user-event/dist/cjs/pointer/index.js:54:47)
      at Object.pointer (node_modules/@testing-library/user-event/dist/cjs/pointer/index.js:27:9)
      at src/components/Contact/Contact.test.tsx:82:13
      at AsyncProperty.run (node_modules/fast-check/lib/check/property/AsyncProperty.generic.js:49:28)
      at asyncRunIt (node_modules/fast-check/lib/check/runner/Runner.js:37:21)
      at Object.<anonymous> (src/components/Contact/Contact.test.tsx:39:5)

    console.error
      Warning: An update to Contact inside a test was not wrapped in act(...).
      
      When testing, code that causes React state updates should be wrapped into act(...):
      
      act(() => {
        /* fire events that update state */
      });
      /* assert on the output */
      
      This ensures that you're testing the behavior the user would see in the browser. Learn more at https://reactjs.org/link/wrap-tests-with-act
          at Contact (/workspaces/netsanet-portfolio/src/components/Contact/Contact.tsx:17:44)

      30 |
      31 |   const handleInputChange = (field: keyof ContactFormData, value: string) => {
    > 32 |     setFormState(prev => ({
         |     ^
      33 |       ...prev,
      34 |       data: {
      35 |         ...prev.data,

      at printWarning (node_modules/react-dom/cjs/react-dom.development.js:86:30)
      at error (node_modules/react-dom/cjs/react-dom.development.js:60:7)
      at warnIfUpdatesNotWrappedWithActDEV (node_modules/react-dom/cjs/react-dom.development.js:27628:9)
      at scheduleUpdateOnFiber (node_modules/react-dom/cjs/react-dom.development.js:25547:5)
      at dispatchSetState (node_modules/react-dom/cjs/react-dom.development.js:16708:7)
      at handleInputChange (src/components/Contact/Contact.tsx:32:5)
      at onChange (src/components/Contact/Contact.tsx:236:34)
      at HTMLUnknownElement.callCallback (node_modules/react-dom/cjs/react-dom.development.js:4164:14)
      at HTMLUnknownElement.callTheUserObjectsOperation (node_modules/jsdom/lib/jsdom/living/generated/EventListener.js:26:30)
      at innerInvokeEventListeners (node_modules/jsdom/lib/jsdom/living/events/EventTarget-impl.js:350:25)
      at invokeEventListeners (node_modules/jsdom/lib/jsdom/living/events/EventTarget-impl.js:286:3)
      at HTMLUnknownElementImpl._dispatch (node_modules/jsdom/lib/jsdom/living/events/EventTarget-impl.js:233:9)
      at HTMLUnknownElementImpl.dispatchEvent (node_modules/jsdom/lib/jsdom/living/events/EventTarget-impl.js:104:17)
      at HTMLUnknownElement.dispatchEvent (node_modules/jsdom/lib/jsdom/living/generated/EventTarget.js:241:34)
      at Object.invokeGuardedCallbackDev (node_modules/react-dom/cjs/react-dom.development.js:4213:16)
      at invokeGuardedCallback (node_modules/react-dom/cjs/react-dom.development.js:4277:31)
      at invokeGuardedCallbackAndCatchFirstError (node_modules/react-dom/cjs/react-dom.development.js:4291:25)
      at executeDispatch (node_modules/react-dom/cjs/react-dom.development.js:9041:3)
      at processDispatchQueueItemsInOrder (node_modules/react-dom/cjs/react-dom.development.js:9073:7)
      at processDispatchQueue (node_modules/react-dom/cjs/react-dom.development.js:9086:5)
      at dispatchEventsForPlugins (node_modules/react-dom/cjs/react-dom.development.js:9097:3)
      at node_modules/react-dom/cjs/react-dom.development.js:9288:12
      at batchedUpdates$1 (node_modules/react-dom/cjs/react-dom.development.js:26179:12)
      at batchedUpdates (node_modules/react-dom/cjs/react-dom.development.js:3991:12)
      at dispatchEventForPluginEventSystem (node_modules/react-dom/cjs/react-dom.development.js:9287:3)
      at dispatchEventWithEnableCapturePhaseSelectiveHydrationWithoutDiscreteEventReplay (node_modules/react-dom/cjs/react-dom.development.js:6465:5)
      at dispatchEvent (node_modules/react-dom/cjs/react-dom.development.js:6457:5)
      at dispatchDiscreteEvent (node_modules/react-dom/cjs/react-dom.development.js:6430:5)
      at HTMLDivElement.callTheUserObjectsOperation (node_modules/jsdom/lib/jsdom/living/generated/EventListener.js:26:30)
      at innerInvokeEventListeners (node_modules/jsdom/lib/jsdom/living/events/EventTarget-impl.js:350:25)
      at invokeEventListeners (node_modules/jsdom/lib/jsdom/living/events/EventTarget-impl.js:286:3)
      at HTMLInputElementImpl._dispatch (node_modules/jsdom/lib/jsdom/living/events/EventTarget-impl.js:233:9)
      at HTMLInputElementImpl.dispatchEvent (node_modules/jsdom/lib/jsdom/living/events/EventTarget-impl.js:104:17)
      at HTMLInputElement.dispatchEvent (node_modules/jsdom/lib/jsdom/living/generated/EventTarget.js:241:34)
      at node_modules/@testing-library/user-event/dist/cjs/event/dispatchEvent.js:45:43
      at Object.eventWrapper (node_modules/@testing-library/dom/dist/config.js:25:23)
      at Object.wrapEvent (node_modules/@testing-library/user-event/dist/cjs/event/wrapEvent.js:6:28)
      at Object.dispatchEvent (node_modules/@testing-library/user-event/dist/cjs/event/dispatchEvent.js:45:22)
      at Object.dispatchUIEvent (node_modules/@testing-library/user-event/dist/cjs/event/dispatchEvent.js:22:26)
      at commitInput (node_modules/@testing-library/user-event/dist/cjs/event/input.js:145:14)
      at editInputElement (node_modules/@testing-library/user-event/dist/cjs/event/input.js:115:9)
      at Object.input (node_modules/@testing-library/user-event/dist/cjs/event/input.js:37:9)
      at node_modules/@testing-library/user-event/dist/cjs/event/behavior/keypress.js:31:26
      at Object.dispatchEvent (node_modules/@testing-library/user-event/dist/cjs/event/dispatchEvent.js:41:13)
      at Object.dispatchUIEvent (node_modules/@testing-library/user-event/dist/cjs/event/dispatchEvent.js:22:26)
      at KeyboardHost.keydown (node_modules/@testing-library/user-event/dist/cjs/system/keyboard.js:76:22)
      at keyboardAction (node_modules/@testing-library/user-event/dist/cjs/keyboard/index.js:22:35)
      at Object.keyboard (node_modules/@testing-library/user-event/dist/cjs/keyboard/index.js:11:15)
      at Object.type (node_modules/@testing-library/user-event/dist/cjs/utility/type.js:17:5)
      at src/components/Contact/Contact.test.tsx:63:15
      at AsyncProperty.run (node_modules/fast-check/lib/check/property/AsyncProperty.generic.js:49:28)
      at asyncRunIt (node_modules/fast-check/lib/check/runner/Runner.js:37:21)
      at Object.<anonymous> (src/components/Contact/Contact.test.tsx:39:5)

    console.error
      Warning: An update to Contact inside a test was not wrapped in act(...).
      
      When testing, code that causes React state updates should be wrapped into act(...):
      
      act(() => {
        /* fire events that update state */
      });
      /* assert on the output */
      
      This ensures that you're testing the behavior the user would see in the browser. Learn more at https://reactjs.org/link/wrap-tests-with-act
          at Contact (/workspaces/netsanet-portfolio/src/components/Contact/Contact.tsx:17:44)

      30 |
      31 |   const handleInputChange = (field: keyof ContactFormData, value: string) => {
    > 32 |     setFormState(prev => ({
         |     ^
      33 |       ...prev,
      34 |       data: {
      35 |         ...prev.data,

      at printWarning (node_modules/react-dom/cjs/react-dom.development.js:86:30)
      at error (node_modules/react-dom/cjs/react-dom.development.js:60:7)
      at warnIfUpdatesNotWrappedWithActDEV (node_modules/react-dom/cjs/react-dom.development.js:27628:9)
      at scheduleUpdateOnFiber (node_modules/react-dom/cjs/react-dom.development.js:25547:5)
      at dispatchSetState (node_modules/react-dom/cjs/react-dom.development.js:16708:7)
      at handleInputChange (src/components/Contact/Contact.tsx:32:5)
      at onChange (src/components/Contact/Contact.tsx:236:34)
      at HTMLUnknownElement.callCallback (node_modules/react-dom/cjs/react-dom.development.js:4164:14)
      at HTMLUnknownElement.callTheUserObjectsOperation (node_modules/jsdom/lib/jsdom/living/generated/EventListener.js:26:30)
      at innerInvokeEventListeners (node_modules/jsdom/lib/jsdom/living/events/EventTarget-impl.js:350:25)
      at invokeEventListeners (node_modules/jsdom/lib/jsdom/living/events/EventTarget-impl.js:286:3)
      at HTMLUnknownElementImpl._dispatch (node_modules/jsdom/lib/jsdom/living/events/EventTarget-impl.js:233:9)
      at HTMLUnknownElementImpl.dispatchEvent (node_modules/jsdom/lib/jsdom/living/events/EventTarget-impl.js:104:17)
      at HTMLUnknownElement.dispatchEvent (node_modules/jsdom/lib/jsdom/living/generated/EventTarget.js:241:34)
      at Object.invokeGuardedCallbackDev (node_modules/react-dom/cjs/react-dom.development.js:4213:16)
      at invokeGuardedCallback (node_modules/react-dom/cjs/react-dom.development.js:4277:31)
      at invokeGuardedCallbackAndCatchFirstError (node_modules/react-dom/cjs/react-dom.development.js:4291:25)
      at executeDispatch (node_modules/react-dom/cjs/react-dom.development.js:9041:3)
      at processDispatchQueueItemsInOrder (node_modules/react-dom/cjs/react-dom.development.js:9073:7)
      at processDispatchQueue (node_modules/react-dom/cjs/react-dom.development.js:9086:5)
      at dispatchEventsForPlugins (node_modules/react-dom/cjs/react-dom.development.js:9097:3)
      at node_modules/react-dom/cjs/react-dom.development.js:9288:12
      at batchedUpdates$1 (node_modules/react-dom/cjs/react-dom.development.js:26179:12)
      at batchedUpdates (node_modules/react-dom/cjs/react-dom.development.js:3991:12)
      at dispatchEventForPluginEventSystem (node_modules/react-dom/cjs/react-dom.development.js:9287:3)
      at dispatchEventWithEnableCapturePhaseSelectiveHydrationWithoutDiscreteEventReplay (node_modules/react-dom/cjs/react-dom.development.js:6465:5)
      at dispatchEvent (node_modules/react-dom/cjs/react-dom.development.js:6457:5)
      at dispatchDiscreteEvent (node_modules/react-dom/cjs/react-dom.development.js:6430:5)
      at HTMLDivElement.callTheUserObjectsOperation (node_modules/jsdom/lib/jsdom/living/generated/EventListener.js:26:30)
      at innerInvokeEventListeners (node_modules/jsdom/lib/jsdom/living/events/EventTarget-impl.js:350:25)
      at invokeEventListeners (node_modules/jsdom/lib/jsdom/living/events/EventTarget-impl.js:286:3)
      at HTMLInputElementImpl._dispatch (node_modules/jsdom/lib/jsdom/living/events/EventTarget-impl.js:233:9)
      at HTMLInputElementImpl.dispatchEvent (node_modules/jsdom/lib/jsdom/living/events/EventTarget-impl.js:104:17)
      at HTMLInputElement.dispatchEvent (node_modules/jsdom/lib/jsdom/living/generated/EventTarget.js:241:34)
      at node_modules/@testing-library/user-event/dist/cjs/event/dispatchEvent.js:45:43
      at Object.eventWrapper (node_modules/@testing-library/dom/dist/config.js:25:23)
      at Object.wrapEvent (node_modules/@testing-library/user-event/dist/cjs/event/wrapEvent.js:6:28)
      at Object.dispatchEvent (node_modules/@testing-library/user-event/dist/cjs/event/dispatchEvent.js:45:22)
      at Object.dispatchUIEvent (node_modules/@testing-library/user-event/dist/cjs/event/dispatchEvent.js:22:26)
      at commitInput (node_modules/@testing-library/user-event/dist/cjs/event/input.js:145:14)
      at editInputElement (node_modules/@testing-library/user-event/dist/cjs/event/input.js:115:9)
      at Object.input (node_modules/@testing-library/user-event/dist/cjs/event/input.js:37:9)
      at node_modules/@testing-library/user-event/dist/cjs/event/behavior/keypress.js:31:26
      at Object.dispatchEvent (node_modules/@testing-library/user-event/dist/cjs/event/dispatchEvent.js:41:13)
      at Object.dispatchUIEvent (node_modules/@testing-library/user-event/dist/cjs/event/dispatchEvent.js:22:26)
      at KeyboardHost.keydown (node_modules/@testing-library/user-event/dist/cjs/system/keyboard.js:76:22)
      at keyboardAction (node_modules/@testing-library/user-event/dist/cjs/keyboard/index.js:22:35)
      at Object.keyboard (node_modules/@testing-library/user-event/dist/cjs/keyboard/index.js:11:15)
      at Object.type (node_modules/@testing-library/user-event/dist/cjs/utility/type.js:17:5)
      at src/components/Contact/Contact.test.tsx:63:15
      at AsyncProperty.run (node_modules/fast-check/lib/check/property/AsyncProperty.generic.js:49:28)
      at asyncRunIt (node_modules/fast-check/lib/check/runner/Runner.js:37:21)
      at Object.<anonymous> (src/components/Contact/Contact.test.tsx:39:5)

    console.error
      Warning: An update to Contact inside a test was not wrapped in act(...).
      
      When testing, code that causes React state updates should be wrapped into act(...):
      
      act(() => {
        /* fire events that update state */
      });
      /* assert on the output */
      
      This ensures that you're testing the behavior the user would see in the browser. Learn more at https://reactjs.org/link/wrap-tests-with-act
          at Contact (/workspaces/netsanet-portfolio/src/components/Contact/Contact.tsx:17:44)

      30 |
      31 |   const handleInputChange = (field: keyof ContactFormData, value: string) => {
    > 32 |     setFormState(prev => ({
         |     ^
      33 |       ...prev,
      34 |       data: {
      35 |         ...prev.data,

      at printWarning (node_modules/react-dom/cjs/react-dom.development.js:86:30)
      at error (node_modules/react-dom/cjs/react-dom.development.js:60:7)
      at warnIfUpdatesNotWrappedWithActDEV (node_modules/react-dom/cjs/react-dom.development.js:27628:9)
      at scheduleUpdateOnFiber (node_modules/react-dom/cjs/react-dom.development.js:25547:5)
      at dispatchSetState (node_modules/react-dom/cjs/react-dom.development.js:16708:7)
      at handleInputChange (src/components/Contact/Contact.tsx:32:5)
      at onChange (src/components/Contact/Contact.tsx:236:34)
      at HTMLUnknownElement.callCallback (node_modules/react-dom/cjs/react-dom.development.js:4164:14)
      at HTMLUnknownElement.callTheUserObjectsOperation (node_modules/jsdom/lib/jsdom/living/generated/EventListener.js:26:30)
      at innerInvokeEventListeners (node_modules/jsdom/lib/jsdom/living/events/EventTarget-impl.js:350:25)
      at invokeEventListeners (node_modules/jsdom/lib/jsdom/living/events/EventTarget-impl.js:286:3)
      at HTMLUnknownElementImpl._dispatch (node_modules/jsdom/lib/jsdom/living/events/EventTarget-impl.js:233:9)
      at HTMLUnknownElementImpl.dispatchEvent (node_modules/jsdom/lib/jsdom/living/events/EventTarget-impl.js:104:17)
      at HTMLUnknownElement.dispatchEvent (node_modules/jsdom/lib/jsdom/living/generated/EventTarget.js:241:34)
      at Object.invokeGuardedCallbackDev (node_modules/react-dom/cjs/react-dom.development.js:4213:16)
      at invokeGuardedCallback (node_modules/react-dom/cjs/react-dom.development.js:4277:31)
      at invokeGuardedCallbackAndCatchFirstError (node_modules/react-dom/cjs/react-dom.development.js:4291:25)
      at executeDispatch (node_modules/react-dom/cjs/react-dom.development.js:9041:3)
      at processDispatchQueueItemsInOrder (node_modules/react-dom/cjs/react-dom.development.js:9073:7)
      at processDispatchQueue (node_modules/react-dom/cjs/react-dom.development.js:9086:5)
      at dispatchEventsForPlugins (node_modules/react-dom/cjs/react-dom.development.js:9097:3)
      at node_modules/react-dom/cjs/react-dom.development.js:9288:12
      at batchedUpdates$1 (node_modules/react-dom/cjs/react-dom.development.js:26179:12)
      at batchedUpdates (node_modules/react-dom/cjs/react-dom.development.js:3991:12)
      at dispatchEventForPluginEventSystem (node_modules/react-dom/cjs/react-dom.development.js:9287:3)
      at dispatchEventWithEnableCapturePhaseSelectiveHydrationWithoutDiscreteEventReplay (node_modules/react-dom/cjs/react-dom.development.js:6465:5)
      at dispatchEvent (node_modules/react-dom/cjs/react-dom.development.js:6457:5)
      at dispatchDiscreteEvent (node_modules/react-dom/cjs/react-dom.development.js:6430:5)
      at HTMLDivElement.callTheUserObjectsOperation (node_modules/jsdom/lib/jsdom/living/generated/EventListener.js:26:30)
      at innerInvokeEventListeners (node_modules/jsdom/lib/jsdom/living/events/EventTarget-impl.js:350:25)
      at invokeEventListeners (node_modules/jsdom/lib/jsdom/living/events/EventTarget-impl.js:286:3)
      at HTMLInputElementImpl._dispatch (node_modules/jsdom/lib/jsdom/living/events/EventTarget-impl.js:233:9)
      at HTMLInputElementImpl.dispatchEvent (node_modules/jsdom/lib/jsdom/living/events/EventTarget-impl.js:104:17)
      at HTMLInputElement.dispatchEvent (node_modules/jsdom/lib/jsdom/living/generated/EventTarget.js:241:34)
      at node_modules/@testing-library/user-event/dist/cjs/event/dispatchEvent.js:45:43
      at Object.eventWrapper (node_modules/@testing-library/dom/dist/config.js:25:23)
      at Object.wrapEvent (node_modules/@testing-library/user-event/dist/cjs/event/wrapEvent.js:6:28)
      at Object.dispatchEvent (node_modules/@testing-library/user-event/dist/cjs/event/dispatchEvent.js:45:22)
      at Object.dispatchUIEvent (node_modules/@testing-library/user-event/dist/cjs/event/dispatchEvent.js:22:26)
      at commitInput (node_modules/@testing-library/user-event/dist/cjs/event/input.js:145:14)
      at editInputElement (node_modules/@testing-library/user-event/dist/cjs/event/input.js:115:9)
      at Object.input (node_modules/@testing-library/user-event/dist/cjs/event/input.js:37:9)
      at node_modules/@testing-library/user-event/dist/cjs/event/behavior/keypress.js:31:26
      at Object.dispatchEvent (node_modules/@testing-library/user-event/dist/cjs/event/dispatchEvent.js:41:13)
      at Object.dispatchUIEvent (node_modules/@testing-library/user-event/dist/cjs/event/dispatchEvent.js:22:26)
      at KeyboardHost.keydown (node_modules/@testing-library/user-event/dist/cjs/system/keyboard.js:76:22)
      at keyboardAction (node_modules/@testing-library/user-event/dist/cjs/keyboard/index.js:22:35)
      at Object.keyboard (node_modules/@testing-library/user-event/dist/cjs/keyboard/index.js:11:15)
      at Object.type (node_modules/@testing-library/user-event/dist/cjs/utility/type.js:17:5)
      at src/components/Contact/Contact.test.tsx:63:15
      at AsyncProperty.run (node_modules/fast-check/lib/check/property/AsyncProperty.generic.js:49:28)
      at asyncRunIt (node_modules/fast-check/lib/check/runner/Runner.js:37:21)
      at Object.<anonymous> (src/components/Contact/Contact.test.tsx:39:5)

    console.error
      Warning: An update to Contact inside a test was not wrapped in act(...).
      
      When testing, code that causes React state updates should be wrapped into act(...):
      
      act(() => {
        /* fire events that update state */
      });
      /* assert on the output */
      
      This ensures that you're testing the behavior the user would see in the browser. Learn more at https://reactjs.org/link/wrap-tests-with-act
          at Contact (/workspaces/netsanet-portfolio/src/components/Contact/Contact.tsx:17:44)

      30 |
      31 |   const handleInputChange = (field: keyof ContactFormData, value: string) => {
    > 32 |     setFormState(prev => ({
         |     ^
      33 |       ...prev,
      34 |       data: {
      35 |         ...prev.data,

      at printWarning (node_modules/react-dom/cjs/react-dom.development.js:86:30)
      at error (node_modules/react-dom/cjs/react-dom.development.js:60:7)
      at warnIfUpdatesNotWrappedWithActDEV (node_modules/react-dom/cjs/react-dom.development.js:27628:9)
      at scheduleUpdateOnFiber (node_modules/react-dom/cjs/react-dom.development.js:25547:5)
      at dispatchSetState (node_modules/react-dom/cjs/react-dom.development.js:16708:7)
      at handleInputChange (src/components/Contact/Contact.tsx:32:5)
      at onChange (src/components/Contact/Contact.tsx:236:34)
      at HTMLUnknownElement.callCallback (node_modules/react-dom/cjs/react-dom.development.js:4164:14)
      at HTMLUnknownElement.callTheUserObjectsOperation (node_modules/jsdom/lib/jsdom/living/generated/EventListener.js:26:30)
      at innerInvokeEventListeners (node_modules/jsdom/lib/jsdom/living/events/EventTarget-impl.js:350:25)
      at invokeEventListeners (node_modules/jsdom/lib/jsdom/living/events/EventTarget-impl.js:286:3)
      at HTMLUnknownElementImpl._dispatch (node_modules/jsdom/lib/jsdom/living/events/EventTarget-impl.js:233:9)
      at HTMLUnknownElementImpl.dispatchEvent (node_modules/jsdom/lib/jsdom/living/events/EventTarget-impl.js:104:17)
      at HTMLUnknownElement.dispatchEvent (node_modules/jsdom/lib/jsdom/living/generated/EventTarget.js:241:34)
      at Object.invokeGuardedCallbackDev (node_modules/react-dom/cjs/react-dom.development.js:4213:16)
      at invokeGuardedCallback (node_modules/react-dom/cjs/react-dom.development.js:4277:31)
      at invokeGuardedCallbackAndCatchFirstError (node_modules/react-dom/cjs/react-dom.development.js:4291:25)
      at executeDispatch (node_modules/react-dom/cjs/react-dom.development.js:9041:3)
      at processDispatchQueueItemsInOrder (node_modules/react-dom/cjs/react-dom.development.js:9073:7)
      at processDispatchQueue (node_modules/react-dom/cjs/react-dom.development.js:9086:5)
      at dispatchEventsForPlugins (node_modules/react-dom/cjs/react-dom.development.js:9097:3)
      at node_modules/react-dom/cjs/react-dom.development.js:9288:12
      at batchedUpdates$1 (node_modules/react-dom/cjs/react-dom.development.js:26179:12)
      at batchedUpdates (node_modules/react-dom/cjs/react-dom.development.js:3991:12)
      at dispatchEventForPluginEventSystem (node_modules/react-dom/cjs/react-dom.development.js:9287:3)
      at dispatchEventWithEnableCapturePhaseSelectiveHydrationWithoutDiscreteEventReplay (node_modules/react-dom/cjs/react-dom.development.js:6465:5)
      at dispatchEvent (node_modules/react-dom/cjs/react-dom.development.js:6457:5)
      at dispatchDiscreteEvent (node_modules/react-dom/cjs/react-dom.development.js:6430:5)
      at HTMLDivElement.callTheUserObjectsOperation (node_modules/jsdom/lib/jsdom/living/generated/EventListener.js:26:30)
      at innerInvokeEventListeners (node_modules/jsdom/lib/jsdom/living/events/EventTarget-impl.js:350:25)
      at invokeEventListeners (node_modules/jsdom/lib/jsdom/living/events/EventTarget-impl.js:286:3)
      at HTMLInputElementImpl._dispatch (node_modules/jsdom/lib/jsdom/living/events/EventTarget-impl.js:233:9)
      at HTMLInputElementImpl.dispatchEvent (node_modules/jsdom/lib/jsdom/living/events/EventTarget-impl.js:104:17)
      at HTMLInputElement.dispatchEvent (node_modules/jsdom/lib/jsdom/living/generated/EventTarget.js:241:34)
      at node_modules/@testing-library/user-event/dist/cjs/event/dispatchEvent.js:45:43
      at Object.eventWrapper (node_modules/@testing-library/dom/dist/config.js:25:23)
      at Object.wrapEvent (node_modules/@testing-library/user-event/dist/cjs/event/wrapEvent.js:6:28)
      at Object.dispatchEvent (node_modules/@testing-library/user-event/dist/cjs/event/dispatchEvent.js:45:22)
      at Object.dispatchUIEvent (node_modules/@testing-library/user-event/dist/cjs/event/dispatchEvent.js:22:26)
      at commitInput (node_modules/@testing-library/user-event/dist/cjs/event/input.js:145:14)
      at editInputElement (node_modules/@testing-library/user-event/dist/cjs/event/input.js:115:9)
      at Object.input (node_modules/@testing-library/user-event/dist/cjs/event/input.js:37:9)
      at node_modules/@testing-library/user-event/dist/cjs/event/behavior/keypress.js:31:26
      at Object.dispatchEvent (node_modules/@testing-library/user-event/dist/cjs/event/dispatchEvent.js:41:13)
      at Object.dispatchUIEvent (node_modules/@testing-library/user-event/dist/cjs/event/dispatchEvent.js:22:26)
      at KeyboardHost.keydown (node_modules/@testing-library/user-event/dist/cjs/system/keyboard.js:76:22)
      at keyboardAction (node_modules/@testing-library/user-event/dist/cjs/keyboard/index.js:22:35)
      at Object.keyboard (node_modules/@testing-library/user-event/dist/cjs/keyboard/index.js:11:15)
      at Object.type (node_modules/@testing-library/user-event/dist/cjs/utility/type.js:17:5)
      at src/components/Contact/Contact.test.tsx:63:15
      at AsyncProperty.run (node_modules/fast-check/lib/check/property/AsyncProperty.generic.js:49:28)
      at asyncRunIt (node_modules/fast-check/lib/check/runner/Runner.js:37:21)
      at Object.<anonymous> (src/components/Contact/Contact.test.tsx:39:5)

    console.error
      Warning: An update to Contact inside a test was not wrapped in act(...).
      
      When testing, code that causes React state updates should be wrapped into act(...):
      
      act(() => {
        /* fire events that update state */
      });
      /* assert on the output */
      
      This ensures that you're testing the behavior the user would see in the browser. Learn more at https://reactjs.org/link/wrap-tests-with-act
          at Contact (/workspaces/netsanet-portfolio/src/components/Contact/Contact.tsx:17:44)

      30 |
      31 |   const handleInputChange = (field: keyof ContactFormData, value: string) => {
    > 32 |     setFormState(prev => ({
         |     ^
      33 |       ...prev,
      34 |       data: {
      35 |         ...prev.data,

      at printWarning (node_modules/react-dom/cjs/react-dom.development.js:86:30)
      at error (node_modules/react-dom/cjs/react-dom.development.js:60:7)
      at warnIfUpdatesNotWrappedWithActDEV (node_modules/react-dom/cjs/react-dom.development.js:27628:9)
      at scheduleUpdateOnFiber (node_modules/react-dom/cjs/react-dom.development.js:25547:5)
      at dispatchSetState (node_modules/react-dom/cjs/react-dom.development.js:16708:7)
      at handleInputChange (src/components/Contact/Contact.tsx:32:5)
      at onChange (src/components/Contact/Contact.tsx:258:34)
      at HTMLUnknownElement.callCallback (node_modules/react-dom/cjs/react-dom.development.js:4164:14)
      at HTMLUnknownElement.callTheUserObjectsOperation (node_modules/jsdom/lib/jsdom/living/generated/EventListener.js:26:30)
      at innerInvokeEventListeners (node_modules/jsdom/lib/jsdom/living/events/EventTarget-impl.js:350:25)
      at invokeEventListeners (node_modules/jsdom/lib/jsdom/living/events/EventTarget-impl.js:286:3)
      at HTMLUnknownElementImpl._dispatch (node_modules/jsdom/lib/jsdom/living/events/EventTarget-impl.js:233:9)
      at HTMLUnknownElementImpl.dispatchEvent (node_modules/jsdom/lib/jsdom/living/events/EventTarget-impl.js:104:17)
      at HTMLUnknownElement.dispatchEvent (node_modules/jsdom/lib/jsdom/living/generated/EventTarget.js:241:34)
      at Object.invokeGuardedCallbackDev (node_modules/react-dom/cjs/react-dom.development.js:4213:16)
      at invokeGuardedCallback (node_modules/react-dom/cjs/react-dom.development.js:4277:31)
      at invokeGuardedCallbackAndCatchFirstError (node_modules/react-dom/cjs/react-dom.development.js:4291:25)
      at executeDispatch (node_modules/react-dom/cjs/react-dom.development.js:9041:3)
      at processDispatchQueueItemsInOrder (node_modules/react-dom/cjs/react-dom.development.js:9073:7)
      at processDispatchQueue (node_modules/react-dom/cjs/react-dom.development.js:9086:5)
      at dispatchEventsForPlugins (node_modules/react-dom/cjs/react-dom.development.js:9097:3)
      at node_modules/react-dom/cjs/react-dom.development.js:9288:12
      at batchedUpdates$1 (node_modules/react-dom/cjs/react-dom.development.js:26179:12)
      at batchedUpdates (node_modules/react-dom/cjs/react-dom.development.js:3991:12)
      at dispatchEventForPluginEventSystem (node_modules/react-dom/cjs/react-dom.development.js:9287:3)
      at dispatchEventWithEnableCapturePhaseSelectiveHydrationWithoutDiscreteEventReplay (node_modules/react-dom/cjs/react-dom.development.js:6465:5)
      at dispatchEvent (node_modules/react-dom/cjs/react-dom.development.js:6457:5)
      at dispatchDiscreteEvent (node_modules/react-dom/cjs/react-dom.development.js:6430:5)
      at HTMLDivElement.callTheUserObjectsOperation (node_modules/jsdom/lib/jsdom/living/generated/EventListener.js:26:30)
      at innerInvokeEventListeners (node_modules/jsdom/lib/jsdom/living/events/EventTarget-impl.js:350:25)
      at invokeEventListeners (node_modules/jsdom/lib/jsdom/living/events/EventTarget-impl.js:286:3)
      at HTMLInputElementImpl._dispatch (node_modules/jsdom/lib/jsdom/living/events/EventTarget-impl.js:233:9)
      at HTMLInputElementImpl.dispatchEvent (node_modules/jsdom/lib/jsdom/living/events/EventTarget-impl.js:104:17)
      at HTMLInputElement.dispatchEvent (node_modules/jsdom/lib/jsdom/living/generated/EventTarget.js:241:34)
      at node_modules/@testing-library/user-event/dist/cjs/event/dispatchEvent.js:45:43
      at Object.eventWrapper (node_modules/@testing-library/dom/dist/config.js:25:23)
      at Object.wrapEvent (node_modules/@testing-library/user-event/dist/cjs/event/wrapEvent.js:6:28)
      at Object.dispatchEvent (node_modules/@testing-library/user-event/dist/cjs/event/dispatchEvent.js:45:22)
      at Object.dispatchUIEvent (node_modules/@testing-library/user-event/dist/cjs/event/dispatchEvent.js:22:26)
      at commitInput (node_modules/@testing-library/user-event/dist/cjs/event/input.js:145:14)
      at editInputElement (node_modules/@testing-library/user-event/dist/cjs/event/input.js:115:9)
      at Object.input (node_modules/@testing-library/user-event/dist/cjs/event/input.js:37:9)
      at node_modules/@testing-library/user-event/dist/cjs/event/behavior/keypress.js:31:26
      at Object.dispatchEvent (node_modules/@testing-library/user-event/dist/cjs/event/dispatchEvent.js:41:13)
      at Object.dispatchUIEvent (node_modules/@testing-library/user-event/dist/cjs/event/dispatchEvent.js:22:26)
      at KeyboardHost.keydown (node_modules/@testing-library/user-event/dist/cjs/system/keyboard.js:76:22)
      at keyboardAction (node_modules/@testing-library/user-event/dist/cjs/keyboard/index.js:22:35)
      at Object.keyboard (node_modules/@testing-library/user-event/dist/cjs/keyboard/index.js:11:15)
      at Object.type (node_modules/@testing-library/user-event/dist/cjs/utility/type.js:17:5)
      at src/components/Contact/Contact.test.tsx:68:15
      at AsyncProperty.run (node_modules/fast-check/lib/check/property/AsyncProperty.generic.js:49:28)
      at asyncRunIt (node_modules/fast-check/lib/check/runner/Runner.js:37:21)
      at Object.<anonymous> (src/components/Contact/Contact.test.tsx:39:5)

    console.error
      Warning: An update to Contact inside a test was not wrapped in act(...).
      
      When testing, code that causes React state updates should be wrapped into act(...):
      
      act(() => {
        /* fire events that update state */
      });
      /* assert on the output */
      
      This ensures that you're testing the behavior the user would see in the browser. Learn more at https://reactjs.org/link/wrap-tests-with-act
          at Contact (/workspaces/netsanet-portfolio/src/components/Contact/Contact.tsx:17:44)

      30 |
      31 |   const handleInputChange = (field: keyof ContactFormData, value: string) => {
    > 32 |     setFormState(prev => ({
         |     ^
      33 |       ...prev,
      34 |       data: {
      35 |         ...prev.data,

      at printWarning (node_modules/react-dom/cjs/react-dom.development.js:86:30)
      at error (node_modules/react-dom/cjs/react-dom.development.js:60:7)
      at warnIfUpdatesNotWrappedWithActDEV (node_modules/react-dom/cjs/react-dom.development.js:27628:9)
      at scheduleUpdateOnFiber (node_modules/react-dom/cjs/react-dom.development.js:25547:5)
      at dispatchSetState (node_modules/react-dom/cjs/react-dom.development.js:16708:7)
      at handleInputChange (src/components/Contact/Contact.tsx:32:5)
      at onChange (src/components/Contact/Contact.tsx:258:34)
      at HTMLUnknownElement.callCallback (node_modules/react-dom/cjs/react-dom.development.js:4164:14)
      at HTMLUnknownElement.callTheUserObjectsOperation (node_modules/jsdom/lib/jsdom/living/generated/EventListener.js:26:30)
      at innerInvokeEventListeners (node_modules/jsdom/lib/jsdom/living/events/EventTarget-impl.js:350:25)
      at invokeEventListeners (node_modules/jsdom/lib/jsdom/living/events/EventTarget-impl.js:286:3)
      at HTMLUnknownElementImpl._dispatch (node_modules/jsdom/lib/jsdom/living/events/EventTarget-impl.js:233:9)
      at HTMLUnknownElementImpl.dispatchEvent (node_modules/jsdom/lib/jsdom/living/events/EventTarget-impl.js:104:17)
      at HTMLUnknownElement.dispatchEvent (node_modules/jsdom/lib/jsdom/living/generated/EventTarget.js:241:34)
      at Object.invokeGuardedCallbackDev (node_modules/react-dom/cjs/react-dom.development.js:4213:16)
      at invokeGuardedCallback (node_modules/react-dom/cjs/react-dom.development.js:4277:31)
      at invokeGuardedCallbackAndCatchFirstError (node_modules/react-dom/cjs/react-dom.development.js:4291:25)
      at executeDispatch (node_modules/react-dom/cjs/react-dom.development.js:9041:3)
      at processDispatchQueueItemsInOrder (node_modules/react-dom/cjs/react-dom.development.js:9073:7)
      at processDispatchQueue (node_modules/react-dom/cjs/react-dom.development.js:9086:5)
      at dispatchEventsForPlugins (node_modules/react-dom/cjs/react-dom.development.js:9097:3)
      at node_modules/react-dom/cjs/react-dom.development.js:9288:12
      at batchedUpdates$1 (node_modules/react-dom/cjs/react-dom.development.js:26179:12)
      at batchedUpdates (node_modules/react-dom/cjs/react-dom.development.js:3991:12)
      at dispatchEventForPluginEventSystem (node_modules/react-dom/cjs/react-dom.development.js:9287:3)
      at dispatchEventWithEnableCapturePhaseSelectiveHydrationWithoutDiscreteEventReplay (node_modules/react-dom/cjs/react-dom.development.js:6465:5)
      at dispatchEvent (node_modules/react-dom/cjs/react-dom.development.js:6457:5)
      at dispatchDiscreteEvent (node_modules/react-dom/cjs/react-dom.development.js:6430:5)
      at HTMLDivElement.callTheUserObjectsOperation (node_modules/jsdom/lib/jsdom/living/generated/EventListener.js:26:30)
      at innerInvokeEventListeners (node_modules/jsdom/lib/jsdom/living/events/EventTarget-impl.js:350:25)
      at invokeEventListeners (node_modules/jsdom/lib/jsdom/living/events/EventTarget-impl.js:286:3)
      at HTMLInputElementImpl._dispatch (node_modules/jsdom/lib/jsdom/living/events/EventTarget-impl.js:233:9)
      at HTMLInputElementImpl.dispatchEvent (node_modules/jsdom/lib/jsdom/living/events/EventTarget-impl.js:104:17)
      at HTMLInputElement.dispatchEvent (node_modules/jsdom/lib/jsdom/living/generated/EventTarget.js:241:34)
      at node_modules/@testing-library/user-event/dist/cjs/event/dispatchEvent.js:45:43
      at Object.eventWrapper (node_modules/@testing-library/dom/dist/config.js:25:23)
      at Object.wrapEvent (node_modules/@testing-library/user-event/dist/cjs/event/wrapEvent.js:6:28)
      at Object.dispatchEvent (node_modules/@testing-library/user-event/dist/cjs/event/dispatchEvent.js:45:22)
      at Object.dispatchUIEvent (node_modules/@testing-library/user-event/dist/cjs/event/dispatchEvent.js:22:26)
      at commitInput (node_modules/@testing-library/user-event/dist/cjs/event/input.js:145:14)
      at editInputElement (node_modules/@testing-library/user-event/dist/cjs/event/input.js:115:9)
      at Object.input (node_modules/@testing-library/user-event/dist/cjs/event/input.js:37:9)
      at node_modules/@testing-library/user-event/dist/cjs/event/behavior/keypress.js:31:26
      at Object.dispatchEvent (node_modules/@testing-library/user-event/dist/cjs/event/dispatchEvent.js:41:13)
      at Object.dispatchUIEvent (node_modules/@testing-library/user-event/dist/cjs/event/dispatchEvent.js:22:26)
      at KeyboardHost.keydown (node_modules/@testing-library/user-event/dist/cjs/system/keyboard.js:76:22)
      at keyboardAction (node_modules/@testing-library/user-event/dist/cjs/keyboard/index.js:22:35)
      at Object.keyboard (node_modules/@testing-library/user-event/dist/cjs/keyboard/index.js:11:15)
      at Object.type (node_modules/@testing-library/user-event/dist/cjs/utility/type.js:17:5)
      at src/components/Contact/Contact.test.tsx:68:15
      at AsyncProperty.run (node_modules/fast-check/lib/check/property/AsyncProperty.generic.js:49:28)
      at asyncRunIt (node_modules/fast-check/lib/check/runner/Runner.js:37:21)
      at Object.<anonymous> (src/components/Contact/Contact.test.tsx:39:5)

    console.error
      Warning: An update to Contact inside a test was not wrapped in act(...).
      
      When testing, code that causes React state updates should be wrapped into act(...):
      
      act(() => {
        /* fire events that update state */
      });
      /* assert on the output */
      
      This ensures that you're testing the behavior the user would see in the browser. Learn more at https://reactjs.org/link/wrap-tests-with-act
          at Contact (/workspaces/netsanet-portfolio/src/components/Contact/Contact.tsx:17:44)

      30 |
      31 |   const handleInputChange = (field: keyof ContactFormData, value: string) => {
    > 32 |     setFormState(prev => ({
         |     ^
      33 |       ...prev,
      34 |       data: {
      35 |         ...prev.data,

      at printWarning (node_modules/react-dom/cjs/react-dom.development.js:86:30)
      at error (node_modules/react-dom/cjs/react-dom.development.js:60:7)
      at warnIfUpdatesNotWrappedWithActDEV (node_modules/react-dom/cjs/react-dom.development.js:27628:9)
      at scheduleUpdateOnFiber (node_modules/react-dom/cjs/react-dom.development.js:25547:5)
      at dispatchSetState (node_modules/react-dom/cjs/react-dom.development.js:16708:7)
      at handleInputChange (src/components/Contact/Contact.tsx:32:5)
      at onChange (src/components/Contact/Contact.tsx:258:34)
      at HTMLUnknownElement.callCallback (node_modules/react-dom/cjs/react-dom.development.js:4164:14)
      at HTMLUnknownElement.callTheUserObjectsOperation (node_modules/jsdom/lib/jsdom/living/generated/EventListener.js:26:30)
      at innerInvokeEventListeners (node_modules/jsdom/lib/jsdom/living/events/EventTarget-impl.js:350:25)
      at invokeEventListeners (node_modules/jsdom/lib/jsdom/living/events/EventTarget-impl.js:286:3)
      at HTMLUnknownElementImpl._dispatch (node_modules/jsdom/lib/jsdom/living/events/EventTarget-impl.js:233:9)
      at HTMLUnknownElementImpl.dispatchEvent (node_modules/jsdom/lib/jsdom/living/events/EventTarget-impl.js:104:17)
      at HTMLUnknownElement.dispatchEvent (node_modules/jsdom/lib/jsdom/living/generated/EventTarget.js:241:34)
      at Object.invokeGuardedCallbackDev (node_modules/react-dom/cjs/react-dom.development.js:4213:16)
      at invokeGuardedCallback (node_modules/react-dom/cjs/react-dom.development.js:4277:31)
      at invokeGuardedCallbackAndCatchFirstError (node_modules/react-dom/cjs/react-dom.development.js:4291:25)
      at executeDispatch (node_modules/react-dom/cjs/react-dom.development.js:9041:3)
      at processDispatchQueueItemsInOrder (node_modules/react-dom/cjs/react-dom.development.js:9073:7)
      at processDispatchQueue (node_modules/react-dom/cjs/react-dom.development.js:9086:5)
      at dispatchEventsForPlugins (node_modules/react-dom/cjs/react-dom.development.js:9097:3)
      at node_modules/react-dom/cjs/react-dom.development.js:9288:12
      at batchedUpdates$1 (node_modules/react-dom/cjs/react-dom.development.js:26179:12)
      at batchedUpdates (node_modules/react-dom/cjs/react-dom.development.js:3991:12)
      at dispatchEventForPluginEventSystem (node_modules/react-dom/cjs/react-dom.development.js:9287:3)
      at dispatchEventWithEnableCapturePhaseSelectiveHydrationWithoutDiscreteEventReplay (node_modules/react-dom/cjs/react-dom.development.js:6465:5)
      at dispatchEvent (node_modules/react-dom/cjs/react-dom.development.js:6457:5)
      at dispatchDiscreteEvent (node_modules/react-dom/cjs/react-dom.development.js:6430:5)
      at HTMLDivElement.callTheUserObjectsOperation (node_modules/jsdom/lib/jsdom/living/generated/EventListener.js:26:30)
      at innerInvokeEventListeners (node_modules/jsdom/lib/jsdom/living/events/EventTarget-impl.js:350:25)
      at invokeEventListeners (node_modules/jsdom/lib/jsdom/living/events/EventTarget-impl.js:286:3)
      at HTMLInputElementImpl._dispatch (node_modules/jsdom/lib/jsdom/living/events/EventTarget-impl.js:233:9)
      at HTMLInputElementImpl.dispatchEvent (node_modules/jsdom/lib/jsdom/living/events/EventTarget-impl.js:104:17)
      at HTMLInputElement.dispatchEvent (node_modules/jsdom/lib/jsdom/living/generated/EventTarget.js:241:34)
      at node_modules/@testing-library/user-event/dist/cjs/event/dispatchEvent.js:45:43
      at Object.eventWrapper (node_modules/@testing-library/dom/dist/config.js:25:23)
      at Object.wrapEvent (node_modules/@testing-library/user-event/dist/cjs/event/wrapEvent.js:6:28)
      at Object.dispatchEvent (node_modules/@testing-library/user-event/dist/cjs/event/dispatchEvent.js:45:22)
      at Object.dispatchUIEvent (node_modules/@testing-library/user-event/dist/cjs/event/dispatchEvent.js:22:26)
      at commitInput (node_modules/@testing-library/user-event/dist/cjs/event/input.js:145:14)
      at editInputElement (node_modules/@testing-library/user-event/dist/cjs/event/input.js:115:9)
      at Object.input (node_modules/@testing-library/user-event/dist/cjs/event/input.js:37:9)
      at node_modules/@testing-library/user-event/dist/cjs/event/behavior/keypress.js:31:26
      at Object.dispatchEvent (node_modules/@testing-library/user-event/dist/cjs/event/dispatchEvent.js:41:13)
      at Object.dispatchUIEvent (node_modules/@testing-library/user-event/dist/cjs/event/dispatchEvent.js:22:26)
      at KeyboardHost.keydown (node_modules/@testing-library/user-event/dist/cjs/system/keyboard.js:76:22)
      at keyboardAction (node_modules/@testing-library/user-event/dist/cjs/keyboard/index.js:22:35)
      at Object.keyboard (node_modules/@testing-library/user-event/dist/cjs/keyboard/index.js:11:15)
      at Object.type (node_modules/@testing-library/user-event/dist/cjs/utility/type.js:17:5)
      at src/components/Contact/Contact.test.tsx:68:15
      at AsyncProperty.run (node_modules/fast-check/lib/check/property/AsyncProperty.generic.js:49:28)
      at asyncRunIt (node_modules/fast-check/lib/check/runner/Runner.js:37:21)
      at Object.<anonymous> (src/components/Contact/Contact.test.tsx:39:5)

    console.error
      Warning: An update to Contact inside a test was not wrapped in act(...).
      
      When testing, code that causes React state updates should be wrapped into act(...):
      
      act(() => {
        /* fire events that update state */
      });
      /* assert on the output */
      
      This ensures that you're testing the behavior the user would see in the browser. Learn more at https://reactjs.org/link/wrap-tests-with-act
          at Contact (/workspaces/netsanet-portfolio/src/components/Contact/Contact.tsx:17:44)

      30 |
      31 |   const handleInputChange = (field: keyof ContactFormData, value: string) => {
    > 32 |     setFormState(prev => ({
         |     ^
      33 |       ...prev,
      34 |       data: {
      35 |         ...prev.data,

      at printWarning (node_modules/react-dom/cjs/react-dom.development.js:86:30)
      at error (node_modules/react-dom/cjs/react-dom.development.js:60:7)
      at warnIfUpdatesNotWrappedWithActDEV (node_modules/react-dom/cjs/react-dom.development.js:27628:9)
      at scheduleUpdateOnFiber (node_modules/react-dom/cjs/react-dom.development.js:25547:5)
      at dispatchSetState (node_modules/react-dom/cjs/react-dom.development.js:16708:7)
      at handleInputChange (src/components/Contact/Contact.tsx:32:5)
      at onChange (src/components/Contact/Contact.tsx:258:34)
      at HTMLUnknownElement.callCallback (node_modules/react-dom/cjs/react-dom.development.js:4164:14)
      at HTMLUnknownElement.callTheUserObjectsOperation (node_modules/jsdom/lib/jsdom/living/generated/EventListener.js:26:30)
      at innerInvokeEventListeners (node_modules/jsdom/lib/jsdom/living/events/EventTarget-impl.js:350:25)
      at invokeEventListeners (node_modules/jsdom/lib/jsdom/living/events/EventTarget-impl.js:286:3)
      at HTMLUnknownElementImpl._dispatch (node_modules/jsdom/lib/jsdom/living/events/EventTarget-impl.js:233:9)
      at HTMLUnknownElementImpl.dispatchEvent (node_modules/jsdom/lib/jsdom/living/events/EventTarget-impl.js:104:17)
      at HTMLUnknownElement.dispatchEvent (node_modules/jsdom/lib/jsdom/living/generated/EventTarget.js:241:34)
      at Object.invokeGuardedCallbackDev (node_modules/react-dom/cjs/react-dom.development.js:4213:16)
      at invokeGuardedCallback (node_modules/react-dom/cjs/react-dom.development.js:4277:31)
      at invokeGuardedCallbackAndCatchFirstError (node_modules/react-dom/cjs/react-dom.development.js:4291:25)
      at executeDispatch (node_modules/react-dom/cjs/react-dom.development.js:9041:3)
      at processDispatchQueueItemsInOrder (node_modules/react-dom/cjs/react-dom.development.js:9073:7)
      at processDispatchQueue (node_modules/react-dom/cjs/react-dom.development.js:9086:5)
      at dispatchEventsForPlugins (node_modules/react-dom/cjs/react-dom.development.js:9097:3)
      at node_modules/react-dom/cjs/react-dom.development.js:9288:12
      at batchedUpdates$1 (node_modules/react-dom/cjs/react-dom.development.js:26179:12)
      at batchedUpdates (node_modules/react-dom/cjs/react-dom.development.js:3991:12)
      at dispatchEventForPluginEventSystem (node_modules/react-dom/cjs/react-dom.development.js:9287:3)
      at dispatchEventWithEnableCapturePhaseSelectiveHydrationWithoutDiscreteEventReplay (node_modules/react-dom/cjs/react-dom.development.js:6465:5)
      at dispatchEvent (node_modules/react-dom/cjs/react-dom.development.js:6457:5)
      at dispatchDiscreteEvent (node_modules/react-dom/cjs/react-dom.development.js:6430:5)
      at HTMLDivElement.callTheUserObjectsOperation (node_modules/jsdom/lib/jsdom/living/generated/EventListener.js:26:30)
      at innerInvokeEventListeners (node_modules/jsdom/lib/jsdom/living/events/EventTarget-impl.js:350:25)
      at invokeEventListeners (node_modules/jsdom/lib/jsdom/living/events/EventTarget-impl.js:286:3)
      at HTMLInputElementImpl._dispatch (node_modules/jsdom/lib/jsdom/living/events/EventTarget-impl.js:233:9)
      at HTMLInputElementImpl.dispatchEvent (node_modules/jsdom/lib/jsdom/living/events/EventTarget-impl.js:104:17)
      at HTMLInputElement.dispatchEvent (node_modules/jsdom/lib/jsdom/living/generated/EventTarget.js:241:34)
      at node_modules/@testing-library/user-event/dist/cjs/event/dispatchEvent.js:45:43
      at Object.eventWrapper (node_modules/@testing-library/dom/dist/config.js:25:23)
      at Object.wrapEvent (node_modules/@testing-library/user-event/dist/cjs/event/wrapEvent.js:6:28)
      at Object.dispatchEvent (node_modules/@testing-library/user-event/dist/cjs/event/dispatchEvent.js:45:22)
      at Object.dispatchUIEvent (node_modules/@testing-library/user-event/dist/cjs/event/dispatchEvent.js:22:26)
      at commitInput (node_modules/@testing-library/user-event/dist/cjs/event/input.js:145:14)
      at editInputElement (node_modules/@testing-library/user-event/dist/cjs/event/input.js:115:9)
      at Object.input (node_modules/@testing-library/user-event/dist/cjs/event/input.js:37:9)
      at node_modules/@testing-library/user-event/dist/cjs/event/behavior/keypress.js:31:26
      at Object.dispatchEvent (node_modules/@testing-library/user-event/dist/cjs/event/dispatchEvent.js:41:13)
      at Object.dispatchUIEvent (node_modules/@testing-library/user-event/dist/cjs/event/dispatchEvent.js:22:26)
      at KeyboardHost.keydown (node_modules/@testing-library/user-event/dist/cjs/system/keyboard.js:76:22)
      at keyboardAction (node_modules/@testing-library/user-event/dist/cjs/keyboard/index.js:22:35)
      at Object.keyboard (node_modules/@testing-library/user-event/dist/cjs/keyboard/index.js:11:15)
      at Object.type (node_modules/@testing-library/user-event/dist/cjs/utility/type.js:17:5)
      at src/components/Contact/Contact.test.tsx:68:15
      at AsyncProperty.run (node_modules/fast-check/lib/check/property/AsyncProperty.generic.js:49:28)
      at asyncRunIt (node_modules/fast-check/lib/check/runner/Runner.js:37:21)
      at Object.<anonymous> (src/components/Contact/Contact.test.tsx:39:5)

    console.error
      Warning: An update to Contact inside a test was not wrapped in act(...).
      
      When testing, code that causes React state updates should be wrapped into act(...):
      
      act(() => {
        /* fire events that update state */
      });
      /* assert on the output */
      
      This ensures that you're testing the behavior the user would see in the browser. Learn more at https://reactjs.org/link/wrap-tests-with-act
          at Contact (/workspaces/netsanet-portfolio/src/components/Contact/Contact.tsx:17:44)

      30 |
      31 |   const handleInputChange = (field: keyof ContactFormData, value: string) => {
    > 32 |     setFormState(prev => ({
         |     ^
      33 |       ...prev,
      34 |       data: {
      35 |         ...prev.data,

      at printWarning (node_modules/react-dom/cjs/react-dom.development.js:86:30)
      at error (node_modules/react-dom/cjs/react-dom.development.js:60:7)
      at warnIfUpdatesNotWrappedWithActDEV (node_modules/react-dom/cjs/react-dom.development.js:27628:9)
      at scheduleUpdateOnFiber (node_modules/react-dom/cjs/react-dom.development.js:25547:5)
      at dispatchSetState (node_modules/react-dom/cjs/react-dom.development.js:16708:7)
      at handleInputChange (src/components/Contact/Contact.tsx:32:5)
      at onChange (src/components/Contact/Contact.tsx:258:34)
      at HTMLUnknownElement.callCallback (node_modules/react-dom/cjs/react-dom.development.js:4164:14)
      at HTMLUnknownElement.callTheUserObjectsOperation (node_modules/jsdom/lib/jsdom/living/generated/EventListener.js:26:30)
      at innerInvokeEventListeners (node_modules/jsdom/lib/jsdom/living/events/EventTarget-impl.js:350:25)
      at invokeEventListeners (node_modules/jsdom/lib/jsdom/living/events/EventTarget-impl.js:286:3)
      at HTMLUnknownElementImpl._dispatch (node_modules/jsdom/lib/jsdom/living/events/EventTarget-impl.js:233:9)
      at HTMLUnknownElementImpl.dispatchEvent (node_modules/jsdom/lib/jsdom/living/events/EventTarget-impl.js:104:17)
      at HTMLUnknownElement.dispatchEvent (node_modules/jsdom/lib/jsdom/living/generated/EventTarget.js:241:34)
      at Object.invokeGuardedCallbackDev (node_modules/react-dom/cjs/react-dom.development.js:4213:16)
      at invokeGuardedCallback (node_modules/react-dom/cjs/react-dom.development.js:4277:31)
      at invokeGuardedCallbackAndCatchFirstError (node_modules/react-dom/cjs/react-dom.development.js:4291:25)
      at executeDispatch (node_modules/react-dom/cjs/react-dom.development.js:9041:3)
      at processDispatchQueueItemsInOrder (node_modules/react-dom/cjs/react-dom.development.js:9073:7)
      at processDispatchQueue (node_modules/react-dom/cjs/react-dom.development.js:9086:5)
      at dispatchEventsForPlugins (node_modules/react-dom/cjs/react-dom.development.js:9097:3)
      at node_modules/react-dom/cjs/react-dom.development.js:9288:12
      at batchedUpdates$1 (node_modules/react-dom/cjs/react-dom.development.js:26179:12)
      at batchedUpdates (node_modules/react-dom/cjs/react-dom.development.js:3991:12)
      at dispatchEventForPluginEventSystem (node_modules/react-dom/cjs/react-dom.development.js:9287:3)
      at dispatchEventWithEnableCapturePhaseSelectiveHydrationWithoutDiscreteEventReplay (node_modules/react-dom/cjs/react-dom.development.js:6465:5)
      at dispatchEvent (node_modules/react-dom/cjs/react-dom.development.js:6457:5)
      at dispatchDiscreteEvent (node_modules/react-dom/cjs/react-dom.development.js:6430:5)
      at HTMLDivElement.callTheUserObjectsOperation (node_modules/jsdom/lib/jsdom/living/generated/EventListener.js:26:30)
      at innerInvokeEventListeners (node_modules/jsdom/lib/jsdom/living/events/EventTarget-impl.js:350:25)
      at invokeEventListeners (node_modules/jsdom/lib/jsdom/living/events/EventTarget-impl.js:286:3)
      at HTMLInputElementImpl._dispatch (node_modules/jsdom/lib/jsdom/living/events/EventTarget-impl.js:233:9)
      at HTMLInputElementImpl.dispatchEvent (node_modules/jsdom/lib/jsdom/living/events/EventTarget-impl.js:104:17)
      at HTMLInputElement.dispatchEvent (node_modules/jsdom/lib/jsdom/living/generated/EventTarget.js:241:34)
      at node_modules/@testing-library/user-event/dist/cjs/event/dispatchEvent.js:45:43
      at Object.eventWrapper (node_modules/@testing-library/dom/dist/config.js:25:23)
      at Object.wrapEvent (node_modules/@testing-library/user-event/dist/cjs/event/wrapEvent.js:6:28)
      at Object.dispatchEvent (node_modules/@testing-library/user-event/dist/cjs/event/dispatchEvent.js:45:22)
      at Object.dispatchUIEvent (node_modules/@testing-library/user-event/dist/cjs/event/dispatchEvent.js:22:26)
      at commitInput (node_modules/@testing-library/user-event/dist/cjs/event/input.js:145:14)
      at editInputElement (node_modules/@testing-library/user-event/dist/cjs/event/input.js:115:9)
      at Object.input (node_modules/@testing-library/user-event/dist/cjs/event/input.js:37:9)
      at node_modules/@testing-library/user-event/dist/cjs/event/behavior/keypress.js:31:26
      at Object.dispatchEvent (node_modules/@testing-library/user-event/dist/cjs/event/dispatchEvent.js:41:13)
      at Object.dispatchUIEvent (node_modules/@testing-library/user-event/dist/cjs/event/dispatchEvent.js:22:26)
      at KeyboardHost.keydown (node_modules/@testing-library/user-event/dist/cjs/system/keyboard.js:76:22)
      at keyboardAction (node_modules/@testing-library/user-event/dist/cjs/keyboard/index.js:22:35)
      at Object.keyboard (node_modules/@testing-library/user-event/dist/cjs/keyboard/index.js:11:15)
      at Object.type (node_modules/@testing-library/user-event/dist/cjs/utility/type.js:17:5)
      at src/components/Contact/Contact.test.tsx:68:15
      at AsyncProperty.run (node_modules/fast-check/lib/check/property/AsyncProperty.generic.js:49:28)
      at asyncRunIt (node_modules/fast-check/lib/check/runner/Runner.js:37:21)
      at Object.<anonymous> (src/components/Contact/Contact.test.tsx:39:5)

    console.error
      Warning: An update to Contact inside a test was not wrapped in act(...).
      
      When testing, code that causes React state updates should be wrapped into act(...):
      
      act(() => {
        /* fire events that update state */
      });
      /* assert on the output */
      
      This ensures that you're testing the behavior the user would see in the browser. Learn more at https://reactjs.org/link/wrap-tests-with-act
          at Contact (/workspaces/netsanet-portfolio/src/components/Contact/Contact.tsx:17:44)

      30 |
      31 |   const handleInputChange = (field: keyof ContactFormData, value: string) => {
    > 32 |     setFormState(prev => ({
         |     ^
      33 |       ...prev,
      34 |       data: {
      35 |         ...prev.data,

      at printWarning (node_modules/react-dom/cjs/react-dom.development.js:86:30)
      at error (node_modules/react-dom/cjs/react-dom.development.js:60:7)
      at warnIfUpdatesNotWrappedWithActDEV (node_modules/react-dom/cjs/react-dom.development.js:27628:9)
      at scheduleUpdateOnFiber (node_modules/react-dom/cjs/react-dom.development.js:25547:5)
      at dispatchSetState (node_modules/react-dom/cjs/react-dom.development.js:16708:7)
      at handleInputChange (src/components/Contact/Contact.tsx:32:5)
      at onChange (src/components/Contact/Contact.tsx:258:34)
      at HTMLUnknownElement.callCallback (node_modules/react-dom/cjs/react-dom.development.js:4164:14)
      at HTMLUnknownElement.callTheUserObjectsOperation (node_modules/jsdom/lib/jsdom/living/generated/EventListener.js:26:30)
      at innerInvokeEventListeners (node_modules/jsdom/lib/jsdom/living/events/EventTarget-impl.js:350:25)
      at invokeEventListeners (node_modules/jsdom/lib/jsdom/living/events/EventTarget-impl.js:286:3)
      at HTMLUnknownElementImpl._dispatch (node_modules/jsdom/lib/jsdom/living/events/EventTarget-impl.js:233:9)
      at HTMLUnknownElementImpl.dispatchEvent (node_modules/jsdom/lib/jsdom/living/events/EventTarget-impl.js:104:17)
      at HTMLUnknownElement.dispatchEvent (node_modules/jsdom/lib/jsdom/living/generated/EventTarget.js:241:34)
      at Object.invokeGuardedCallbackDev (node_modules/react-dom/cjs/react-dom.development.js:4213:16)
      at invokeGuardedCallback (node_modules/react-dom/cjs/react-dom.development.js:4277:31)
      at invokeGuardedCallbackAndCatchFirstError (node_modules/react-dom/cjs/react-dom.development.js:4291:25)
      at executeDispatch (node_modules/react-dom/cjs/react-dom.development.js:9041:3)
      at processDispatchQueueItemsInOrder (node_modules/react-dom/cjs/react-dom.development.js:9073:7)
      at processDispatchQueue (node_modules/react-dom/cjs/react-dom.development.js:9086:5)
      at dispatchEventsForPlugins (node_modules/react-dom/cjs/react-dom.development.js:9097:3)
      at node_modules/react-dom/cjs/react-dom.development.js:9288:12
      at batchedUpdates$1 (node_modules/react-dom/cjs/react-dom.development.js:26179:12)
      at batchedUpdates (node_modules/react-dom/cjs/react-dom.development.js:3991:12)
      at dispatchEventForPluginEventSystem (node_modules/react-dom/cjs/react-dom.development.js:9287:3)
      at dispatchEventWithEnableCapturePhaseSelectiveHydrationWithoutDiscreteEventReplay (node_modules/react-dom/cjs/react-dom.development.js:6465:5)
      at dispatchEvent (node_modules/react-dom/cjs/react-dom.development.js:6457:5)
      at dispatchDiscreteEvent (node_modules/react-dom/cjs/react-dom.development.js:6430:5)
      at HTMLDivElement.callTheUserObjectsOperation (node_modules/jsdom/lib/jsdom/living/generated/EventListener.js:26:30)
      at innerInvokeEventListeners (node_modules/jsdom/lib/jsdom/living/events/EventTarget-impl.js:350:25)
      at invokeEventListeners (node_modules/jsdom/lib/jsdom/living/events/EventTarget-impl.js:286:3)
      at HTMLInputElementImpl._dispatch (node_modules/jsdom/lib/jsdom/living/events/EventTarget-impl.js:233:9)
      at HTMLInputElementImpl.dispatchEvent (node_modules/jsdom/lib/jsdom/living/events/EventTarget-impl.js:104:17)
      at HTMLInputElement.dispatchEvent (node_modules/jsdom/lib/jsdom/living/generated/EventTarget.js:241:34)
      at node_modules/@testing-library/user-event/dist/cjs/event/dispatchEvent.js:45:43
      at Object.eventWrapper (node_modules/@testing-library/dom/dist/config.js:25:23)
      at Object.wrapEvent (node_modules/@testing-library/user-event/dist/cjs/event/wrapEvent.js:6:28)
      at Object.dispatchEvent (node_modules/@testing-library/user-event/dist/cjs/event/dispatchEvent.js:45:22)
      at Object.dispatchUIEvent (node_modules/@testing-library/user-event/dist/cjs/event/dispatchEvent.js:22:26)
      at commitInput (node_modules/@testing-library/user-event/dist/cjs/event/input.js:145:14)
      at editInputElement (node_modules/@testing-library/user-event/dist/cjs/event/input.js:115:9)
      at Object.input (node_modules/@testing-library/user-event/dist/cjs/event/input.js:37:9)
      at node_modules/@testing-library/user-event/dist/cjs/event/behavior/keypress.js:31:26
      at Object.dispatchEvent (node_modules/@testing-library/user-event/dist/cjs/event/dispatchEvent.js:41:13)
      at Object.dispatchUIEvent (node_modules/@testing-library/user-event/dist/cjs/event/dispatchEvent.js:22:26)
      at KeyboardHost.keydown (node_modules/@testing-library/user-event/dist/cjs/system/keyboard.js:76:22)
      at keyboardAction (node_modules/@testing-library/user-event/dist/cjs/keyboard/index.js:22:35)
      at Object.keyboard (node_modules/@testing-library/user-event/dist/cjs/keyboard/index.js:11:15)
      at Object.type (node_modules/@testing-library/user-event/dist/cjs/utility/type.js:17:5)
      at src/components/Contact/Contact.test.tsx:68:15
      at AsyncProperty.run (node_modules/fast-check/lib/check/property/AsyncProperty.generic.js:49:28)
      at asyncRunIt (node_modules/fast-check/lib/check/runner/Runner.js:37:21)
      at Object.<anonymous> (src/components/Contact/Contact.test.tsx:39:5)

    console.error
      Warning: An update to Contact inside a test was not wrapped in act(...).
      
      When testing, code that causes React state updates should be wrapped into act(...):
      
      act(() => {
        /* fire events that update state */
      });
      /* assert on the output */
      
      This ensures that you're testing the behavior the user would see in the browser. Learn more at https://reactjs.org/link/wrap-tests-with-act
          at Contact (/workspaces/netsanet-portfolio/src/components/Contact/Contact.tsx:17:44)

      30 |
      31 |   const handleInputChange = (field: keyof ContactFormData, value: string) => {
    > 32 |     setFormState(prev => ({
         |     ^
      33 |       ...prev,
      34 |       data: {
      35 |         ...prev.data,

      at printWarning (node_modules/react-dom/cjs/react-dom.development.js:86:30)
      at error (node_modules/react-dom/cjs/react-dom.development.js:60:7)
      at warnIfUpdatesNotWrappedWithActDEV (node_modules/react-dom/cjs/react-dom.development.js:27628:9)
      at scheduleUpdateOnFiber (node_modules/react-dom/cjs/react-dom.development.js:25547:5)
      at dispatchSetState (node_modules/react-dom/cjs/react-dom.development.js:16708:7)
      at handleInputChange (src/components/Contact/Contact.tsx:32:5)
      at onChange (src/components/Contact/Contact.tsx:258:34)
      at HTMLUnknownElement.callCallback (node_modules/react-dom/cjs/react-dom.development.js:4164:14)
      at HTMLUnknownElement.callTheUserObjectsOperation (node_modules/jsdom/lib/jsdom/living/generated/EventListener.js:26:30)
      at innerInvokeEventListeners (node_modules/jsdom/lib/jsdom/living/events/EventTarget-impl.js:350:25)
      at invokeEventListeners (node_modules/jsdom/lib/jsdom/living/events/EventTarget-impl.js:286:3)
      at HTMLUnknownElementImpl._dispatch (node_modules/jsdom/lib/jsdom/living/events/EventTarget-impl.js:233:9)
      at HTMLUnknownElementImpl.dispatchEvent (node_modules/jsdom/lib/jsdom/living/events/EventTarget-impl.js:104:17)
      at HTMLUnknownElement.dispatchEvent (node_modules/jsdom/lib/jsdom/living/generated/EventTarget.js:241:34)
      at Object.invokeGuardedCallbackDev (node_modules/react-dom/cjs/react-dom.development.js:4213:16)
      at invokeGuardedCallback (node_modules/react-dom/cjs/react-dom.development.js:4277:31)
      at invokeGuardedCallbackAndCatchFirstError (node_modules/react-dom/cjs/react-dom.development.js:4291:25)
      at executeDispatch (node_modules/react-dom/cjs/react-dom.development.js:9041:3)
      at processDispatchQueueItemsInOrder (node_modules/react-dom/cjs/react-dom.development.js:9073:7)
      at processDispatchQueue (node_modules/react-dom/cjs/react-dom.development.js:9086:5)
      at dispatchEventsForPlugins (node_modules/react-dom/cjs/react-dom.development.js:9097:3)
      at node_modules/react-dom/cjs/react-dom.development.js:9288:12
      at batchedUpdates$1 (node_modules/react-dom/cjs/react-dom.development.js:26179:12)
      at batchedUpdates (node_modules/react-dom/cjs/react-dom.development.js:3991:12)
      at dispatchEventForPluginEventSystem (node_modules/react-dom/cjs/react-dom.development.js:9287:3)
      at dispatchEventWithEnableCapturePhaseSelectiveHydrationWithoutDiscreteEventReplay (node_modules/react-dom/cjs/react-dom.development.js:6465:5)
      at dispatchEvent (node_modules/react-dom/cjs/react-dom.development.js:6457:5)
      at dispatchDiscreteEvent (node_modules/react-dom/cjs/react-dom.development.js:6430:5)
      at HTMLDivElement.callTheUserObjectsOperation (node_modules/jsdom/lib/jsdom/living/generated/EventListener.js:26:30)
      at innerInvokeEventListeners (node_modules/jsdom/lib/jsdom/living/events/EventTarget-impl.js:350:25)
      at invokeEventListeners (node_modules/jsdom/lib/jsdom/living/events/EventTarget-impl.js:286:3)
      at HTMLInputElementImpl._dispatch (node_modules/jsdom/lib/jsdom/living/events/EventTarget-impl.js:233:9)
      at HTMLInputElementImpl.dispatchEvent (node_modules/jsdom/lib/jsdom/living/events/EventTarget-impl.js:104:17)
      at HTMLInputElement.dispatchEvent (node_modules/jsdom/lib/jsdom/living/generated/EventTarget.js:241:34)
      at node_modules/@testing-library/user-event/dist/cjs/event/dispatchEvent.js:45:43
      at Object.eventWrapper (node_modules/@testing-library/dom/dist/config.js:25:23)
      at Object.wrapEvent (node_modules/@testing-library/user-event/dist/cjs/event/wrapEvent.js:6:28)
      at Object.dispatchEvent (node_modules/@testing-library/user-event/dist/cjs/event/dispatchEvent.js:45:22)
      at Object.dispatchUIEvent (node_modules/@testing-library/user-event/dist/cjs/event/dispatchEvent.js:22:26)
      at commitInput (node_modules/@testing-library/user-event/dist/cjs/event/input.js:145:14)
      at editInputElement (node_modules/@testing-library/user-event/dist/cjs/event/input.js:115:9)
      at Object.input (node_modules/@testing-library/user-event/dist/cjs/event/input.js:37:9)
      at node_modules/@testing-library/user-event/dist/cjs/event/behavior/keypress.js:31:26
      at Object.dispatchEvent (node_modules/@testing-library/user-event/dist/cjs/event/dispatchEvent.js:41:13)
      at Object.dispatchUIEvent (node_modules/@testing-library/user-event/dist/cjs/event/dispatchEvent.js:22:26)
      at KeyboardHost.keydown (node_modules/@testing-library/user-event/dist/cjs/system/keyboard.js:76:22)
      at keyboardAction (node_modules/@testing-library/user-event/dist/cjs/keyboard/index.js:22:35)
      at Object.keyboard (node_modules/@testing-library/user-event/dist/cjs/keyboard/index.js:11:15)
      at Object.type (node_modules/@testing-library/user-event/dist/cjs/utility/type.js:17:5)
      at src/components/Contact/Contact.test.tsx:68:15
      at AsyncProperty.run (node_modules/fast-check/lib/check/property/AsyncProperty.generic.js:49:28)
      at asyncRunIt (node_modules/fast-check/lib/check/runner/Runner.js:37:21)
      at Object.<anonymous> (src/components/Contact/Contact.test.tsx:39:5)

    console.error
      Warning: An update to Contact inside a test was not wrapped in act(...).
      
      When testing, code that causes React state updates should be wrapped into act(...):
      
      act(() => {
        /* fire events that update state */
      });
      /* assert on the output */
      
      This ensures that you're testing the behavior the user would see in the browser. Learn more at https://reactjs.org/link/wrap-tests-with-act
          at Contact (/workspaces/netsanet-portfolio/src/components/Contact/Contact.tsx:17:44)

      30 |
      31 |   const handleInputChange = (field: keyof ContactFormData, value: string) => {
    > 32 |     setFormState(prev => ({
         |     ^
      33 |       ...prev,
      34 |       data: {
      35 |         ...prev.data,

      at printWarning (node_modules/react-dom/cjs/react-dom.development.js:86:30)
      at error (node_modules/react-dom/cjs/react-dom.development.js:60:7)
      at warnIfUpdatesNotWrappedWithActDEV (node_modules/react-dom/cjs/react-dom.development.js:27628:9)
      at scheduleUpdateOnFiber (node_modules/react-dom/cjs/react-dom.development.js:25547:5)
      at dispatchSetState (node_modules/react-dom/cjs/react-dom.development.js:16708:7)
      at handleInputChange (src/components/Contact/Contact.tsx:32:5)
      at onChange (src/components/Contact/Contact.tsx:280:34)
      at HTMLUnknownElement.callCallback (node_modules/react-dom/cjs/react-dom.development.js:4164:14)
      at HTMLUnknownElement.callTheUserObjectsOperation (node_modules/jsdom/lib/jsdom/living/generated/EventListener.js:26:30)
      at innerInvokeEventListeners (node_modules/jsdom/lib/jsdom/living/events/EventTarget-impl.js:350:25)
      at invokeEventListeners (node_modules/jsdom/lib/jsdom/living/events/EventTarget-impl.js:286:3)
      at HTMLUnknownElementImpl._dispatch (node_modules/jsdom/lib/jsdom/living/events/EventTarget-impl.js:233:9)
      at HTMLUnknownElementImpl.dispatchEvent (node_modules/jsdom/lib/jsdom/living/events/EventTarget-impl.js:104:17)
      at HTMLUnknownElement.dispatchEvent (node_modules/jsdom/lib/jsdom/living/generated/EventTarget.js:241:34)
      at Object.invokeGuardedCallbackDev (node_modules/react-dom/cjs/react-dom.development.js:4213:16)
      at invokeGuardedCallback (node_modules/react-dom/cjs/react-dom.development.js:4277:31)
      at invokeGuardedCallbackAndCatchFirstError (node_modules/react-dom/cjs/react-dom.development.js:4291:25)
      at executeDispatch (node_modules/react-dom/cjs/react-dom.development.js:9041:3)
      at processDispatchQueueItemsInOrder (node_modules/react-dom/cjs/react-dom.development.js:9073:7)
      at processDispatchQueue (node_modules/react-dom/cjs/react-dom.development.js:9086:5)
      at dispatchEventsForPlugins (node_modules/react-dom/cjs/react-dom.development.js:9097:3)
      at node_modules/react-dom/cjs/react-dom.development.js:9288:12
      at batchedUpdates$1 (node_modules/react-dom/cjs/react-dom.development.js:26179:12)
      at batchedUpdates (node_modules/react-dom/cjs/react-dom.development.js:3991:12)
      at dispatchEventForPluginEventSystem (node_modules/react-dom/cjs/react-dom.development.js:9287:3)
      at dispatchEventWithEnableCapturePhaseSelectiveHydrationWithoutDiscreteEventReplay (node_modules/react-dom/cjs/react-dom.development.js:6465:5)
      at dispatchEvent (node_modules/react-dom/cjs/react-dom.development.js:6457:5)
      at dispatchDiscreteEvent (node_modules/react-dom/cjs/react-dom.development.js:6430:5)
      at HTMLDivElement.callTheUserObjectsOperation (node_modules/jsdom/lib/jsdom/living/generated/EventListener.js:26:30)
      at innerInvokeEventListeners (node_modules/jsdom/lib/jsdom/living/events/EventTarget-impl.js:350:25)
      at invokeEventListeners (node_modules/jsdom/lib/jsdom/living/events/EventTarget-impl.js:286:3)
      at HTMLInputElementImpl._dispatch (node_modules/jsdom/lib/jsdom/living/events/EventTarget-impl.js:233:9)
      at HTMLInputElementImpl.dispatchEvent (node_modules/jsdom/lib/jsdom/living/events/EventTarget-impl.js:104:17)
      at HTMLInputElement.dispatchEvent (node_modules/jsdom/lib/jsdom/living/generated/EventTarget.js:241:34)
      at node_modules/@testing-library/user-event/dist/cjs/event/dispatchEvent.js:45:43
      at Object.eventWrapper (node_modules/@testing-library/dom/dist/config.js:25:23)
      at Object.wrapEvent (node_modules/@testing-library/user-event/dist/cjs/event/wrapEvent.js:6:28)
      at Object.dispatchEvent (node_modules/@testing-library/user-event/dist/cjs/event/dispatchEvent.js:45:22)
      at Object.dispatchUIEvent (node_modules/@testing-library/user-event/dist/cjs/event/dispatchEvent.js:22:26)
      at commitInput (node_modules/@testing-library/user-event/dist/cjs/event/input.js:145:14)
      at editInputElement (node_modules/@testing-library/user-event/dist/cjs/event/input.js:115:9)
      at Object.input (node_modules/@testing-library/user-event/dist/cjs/event/input.js:37:9)
      at node_modules/@testing-library/user-event/dist/cjs/event/behavior/keypress.js:31:26
      at Object.dispatchEvent (node_modules/@testing-library/user-event/dist/cjs/event/dispatchEvent.js:41:13)
      at Object.dispatchUIEvent (node_modules/@testing-library/user-event/dist/cjs/event/dispatchEvent.js:22:26)
      at KeyboardHost.keydown (node_modules/@testing-library/user-event/dist/cjs/system/keyboard.js:76:22)
      at keyboardAction (node_modules/@testing-library/user-event/dist/cjs/keyboard/index.js:22:35)
      at Object.keyboard (node_modules/@testing-library/user-event/dist/cjs/keyboard/index.js:11:15)
      at Object.type (node_modules/@testing-library/user-event/dist/cjs/utility/type.js:17:5)
      at src/components/Contact/Contact.test.tsx:73:15
      at AsyncProperty.run (node_modules/fast-check/lib/check/property/AsyncProperty.generic.js:49:28)
      at asyncRunIt (node_modules/fast-check/lib/check/runner/Runner.js:37:21)
      at Object.<anonymous> (src/components/Contact/Contact.test.tsx:39:5)

    console.error
      Warning: An update to Contact inside a test was not wrapped in act(...).
      
      When testing, code that causes React state updates should be wrapped into act(...):
      
      act(() => {
        /* fire events that update state */
      });
      /* assert on the output */
      
      This ensures that you're testing the behavior the user would see in the browser. Learn more at https://reactjs.org/link/wrap-tests-with-act
          at Contact (/workspaces/netsanet-portfolio/src/components/Contact/Contact.tsx:17:44)

      30 |
      31 |   const handleInputChange = (field: keyof ContactFormData, value: string) => {
    > 32 |     setFormState(prev => ({
         |     ^
      33 |       ...prev,
      34 |       data: {
      35 |         ...prev.data,

      at printWarning (node_modules/react-dom/cjs/react-dom.development.js:86:30)
      at error (node_modules/react-dom/cjs/react-dom.development.js:60:7)
      at warnIfUpdatesNotWrappedWithActDEV (node_modules/react-dom/cjs/react-dom.development.js:27628:9)
      at scheduleUpdateOnFiber (node_modules/react-dom/cjs/react-dom.development.js:25547:5)
      at dispatchSetState (node_modules/react-dom/cjs/react-dom.development.js:16708:7)
      at handleInputChange (src/components/Contact/Contact.tsx:32:5)
      at onChange (src/components/Contact/Contact.tsx:280:34)
      at HTMLUnknownElement.callCallback (node_modules/react-dom/cjs/react-dom.development.js:4164:14)
      at HTMLUnknownElement.callTheUserObjectsOperation (node_modules/jsdom/lib/jsdom/living/generated/EventListener.js:26:30)
      at innerInvokeEventListeners (node_modules/jsdom/lib/jsdom/living/events/EventTarget-impl.js:350:25)
      at invokeEventListeners (node_modules/jsdom/lib/jsdom/living/events/EventTarget-impl.js:286:3)
      at HTMLUnknownElementImpl._dispatch (node_modules/jsdom/lib/jsdom/living/events/EventTarget-impl.js:233:9)
      at HTMLUnknownElementImpl.dispatchEvent (node_modules/jsdom/lib/jsdom/living/events/EventTarget-impl.js:104:17)
      at HTMLUnknownElement.dispatchEvent (node_modules/jsdom/lib/jsdom/living/generated/EventTarget.js:241:34)
      at Object.invokeGuardedCallbackDev (node_modules/react-dom/cjs/react-dom.development.js:4213:16)
      at invokeGuardedCallback (node_modules/react-dom/cjs/react-dom.development.js:4277:31)
      at invokeGuardedCallbackAndCatchFirstError (node_modules/react-dom/cjs/react-dom.development.js:4291:25)
      at executeDispatch (node_modules/react-dom/cjs/react-dom.development.js:9041:3)
      at processDispatchQueueItemsInOrder (node_modules/react-dom/cjs/react-dom.development.js:9073:7)
      at processDispatchQueue (node_modules/react-dom/cjs/react-dom.development.js:9086:5)
      at dispatchEventsForPlugins (node_modules/react-dom/cjs/react-dom.development.js:9097:3)
      at node_modules/react-dom/cjs/react-dom.development.js:9288:12
      at batchedUpdates$1 (node_modules/react-dom/cjs/react-dom.development.js:26179:12)
      at batchedUpdates (node_modules/react-dom/cjs/react-dom.development.js:3991:12)
      at dispatchEventForPluginEventSystem (node_modules/react-dom/cjs/react-dom.development.js:9287:3)
      at dispatchEventWithEnableCapturePhaseSelectiveHydrationWithoutDiscreteEventReplay (node_modules/react-dom/cjs/react-dom.development.js:6465:5)
      at dispatchEvent (node_modules/react-dom/cjs/react-dom.development.js:6457:5)
      at dispatchDiscreteEvent (node_modules/react-dom/cjs/react-dom.development.js:6430:5)
      at HTMLDivElement.callTheUserObjectsOperation (node_modules/jsdom/lib/jsdom/living/generated/EventListener.js:26:30)
      at innerInvokeEventListeners (node_modules/jsdom/lib/jsdom/living/events/EventTarget-impl.js:350:25)
      at invokeEventListeners (node_modules/jsdom/lib/jsdom/living/events/EventTarget-impl.js:286:3)
      at HTMLInputElementImpl._dispatch (node_modules/jsdom/lib/jsdom/living/events/EventTarget-impl.js:233:9)
      at HTMLInputElementImpl.dispatchEvent (node_modules/jsdom/lib/jsdom/living/events/EventTarget-impl.js:104:17)
      at HTMLInputElement.dispatchEvent (node_modules/jsdom/lib/jsdom/living/generated/EventTarget.js:241:34)
      at node_modules/@testing-library/user-event/dist/cjs/event/dispatchEvent.js:45:43
      at Object.eventWrapper (node_modules/@testing-library/dom/dist/config.js:25:23)
      at Object.wrapEvent (node_modules/@testing-library/user-event/dist/cjs/event/wrapEvent.js:6:28)
      at Object.dispatchEvent (node_modules/@testing-library/user-event/dist/cjs/event/dispatchEvent.js:45:22)
      at Object.dispatchUIEvent (node_modules/@testing-library/user-event/dist/cjs/event/dispatchEvent.js:22:26)
      at commitInput (node_modules/@testing-library/user-event/dist/cjs/event/input.js:145:14)
      at editInputElement (node_modules/@testing-library/user-event/dist/cjs/event/input.js:115:9)
      at Object.input (node_modules/@testing-library/user-event/dist/cjs/event/input.js:37:9)
      at node_modules/@testing-library/user-event/dist/cjs/event/behavior/keypress.js:31:26
      at Object.dispatchEvent (node_modules/@testing-library/user-event/dist/cjs/event/dispatchEvent.js:41:13)
      at Object.dispatchUIEvent (node_modules/@testing-library/user-event/dist/cjs/event/dispatchEvent.js:22:26)
      at KeyboardHost.keydown (node_modules/@testing-library/user-event/dist/cjs/system/keyboard.js:76:22)
      at keyboardAction (node_modules/@testing-library/user-event/dist/cjs/keyboard/index.js:22:35)
      at Object.keyboard (node_modules/@testing-library/user-event/dist/cjs/keyboard/index.js:11:15)
      at Object.type (node_modules/@testing-library/user-event/dist/cjs/utility/type.js:17:5)
      at src/components/Contact/Contact.test.tsx:73:15
      at AsyncProperty.run (node_modules/fast-check/lib/check/property/AsyncProperty.generic.js:49:28)
      at asyncRunIt (node_modules/fast-check/lib/check/runner/Runner.js:37:21)
      at Object.<anonymous> (src/components/Contact/Contact.test.tsx:39:5)

    console.error
      Warning: An update to Contact inside a test was not wrapped in act(...).
      
      When testing, code that causes React state updates should be wrapped into act(...):
      
      act(() => {
        /* fire events that update state */
      });
      /* assert on the output */
      
      This ensures that you're testing the behavior the user would see in the browser. Learn more at https://reactjs.org/link/wrap-tests-with-act
          at Contact (/workspaces/netsanet-portfolio/src/components/Contact/Contact.tsx:17:44)

      30 |
      31 |   const handleInputChange = (field: keyof ContactFormData, value: string) => {
    > 32 |     setFormState(prev => ({
         |     ^
      33 |       ...prev,
      34 |       data: {
      35 |         ...prev.data,

      at printWarning (node_modules/react-dom/cjs/react-dom.development.js:86:30)
      at error (node_modules/react-dom/cjs/react-dom.development.js:60:7)
      at warnIfUpdatesNotWrappedWithActDEV (node_modules/react-dom/cjs/react-dom.development.js:27628:9)
      at scheduleUpdateOnFiber (node_modules/react-dom/cjs/react-dom.development.js:25547:5)
      at dispatchSetState (node_modules/react-dom/cjs/react-dom.development.js:16708:7)
      at handleInputChange (src/components/Contact/Contact.tsx:32:5)
      at onChange (src/components/Contact/Contact.tsx:280:34)
      at HTMLUnknownElement.callCallback (node_modules/react-dom/cjs/react-dom.development.js:4164:14)
      at HTMLUnknownElement.callTheUserObjectsOperation (node_modules/jsdom/lib/jsdom/living/generated/EventListener.js:26:30)
      at innerInvokeEventListeners (node_modules/jsdom/lib/jsdom/living/events/EventTarget-impl.js:350:25)
      at invokeEventListeners (node_modules/jsdom/lib/jsdom/living/events/EventTarget-impl.js:286:3)
      at HTMLUnknownElementImpl._dispatch (node_modules/jsdom/lib/jsdom/living/events/EventTarget-impl.js:233:9)
      at HTMLUnknownElementImpl.dispatchEvent (node_modules/jsdom/lib/jsdom/living/events/EventTarget-impl.js:104:17)
      at HTMLUnknownElement.dispatchEvent (node_modules/jsdom/lib/jsdom/living/generated/EventTarget.js:241:34)
      at Object.invokeGuardedCallbackDev (node_modules/react-dom/cjs/react-dom.development.js:4213:16)
      at invokeGuardedCallback (node_modules/react-dom/cjs/react-dom.development.js:4277:31)
      at invokeGuardedCallbackAndCatchFirstError (node_modules/react-dom/cjs/react-dom.development.js:4291:25)
      at executeDispatch (node_modules/react-dom/cjs/react-dom.development.js:9041:3)
      at processDispatchQueueItemsInOrder (node_modules/react-dom/cjs/react-dom.development.js:9073:7)
      at processDispatchQueue (node_modules/react-dom/cjs/react-dom.development.js:9086:5)
      at dispatchEventsForPlugins (node_modules/react-dom/cjs/react-dom.development.js:9097:3)
      at node_modules/react-dom/cjs/react-dom.development.js:9288:12
      at batchedUpdates$1 (node_modules/react-dom/cjs/react-dom.development.js:26179:12)
      at batchedUpdates (node_modules/react-dom/cjs/react-dom.development.js:3991:12)
      at dispatchEventForPluginEventSystem (node_modules/react-dom/cjs/react-dom.development.js:9287:3)
      at dispatchEventWithEnableCapturePhaseSelectiveHydrationWithoutDiscreteEventReplay (node_modules/react-dom/cjs/react-dom.development.js:6465:5)
      at dispatchEvent (node_modules/react-dom/cjs/react-dom.development.js:6457:5)
      at dispatchDiscreteEvent (node_modules/react-dom/cjs/react-dom.development.js:6430:5)
      at HTMLDivElement.callTheUserObjectsOperation (node_modules/jsdom/lib/jsdom/living/generated/EventListener.js:26:30)
      at innerInvokeEventListeners (node_modules/jsdom/lib/jsdom/living/events/EventTarget-impl.js:350:25)
      at invokeEventListeners (node_modules/jsdom/lib/jsdom/living/events/EventTarget-impl.js:286:3)
      at HTMLInputElementImpl._dispatch (node_modules/jsdom/lib/jsdom/living/events/EventTarget-impl.js:233:9)
      at HTMLInputElementImpl.dispatchEvent (node_modules/jsdom/lib/jsdom/living/events/EventTarget-impl.js:104:17)
      at HTMLInputElement.dispatchEvent (node_modules/jsdom/lib/jsdom/living/generated/EventTarget.js:241:34)
      at node_modules/@testing-library/user-event/dist/cjs/event/dispatchEvent.js:45:43
      at Object.eventWrapper (node_modules/@testing-library/dom/dist/config.js:25:23)
      at Object.wrapEvent (node_modules/@testing-library/user-event/dist/cjs/event/wrapEvent.js:6:28)
      at Object.dispatchEvent (node_modules/@testing-library/user-event/dist/cjs/event/dispatchEvent.js:45:22)
      at Object.dispatchUIEvent (node_modules/@testing-library/user-event/dist/cjs/event/dispatchEvent.js:22:26)
      at commitInput (node_modules/@testing-library/user-event/dist/cjs/event/input.js:145:14)
      at editInputElement (node_modules/@testing-library/user-event/dist/cjs/event/input.js:115:9)
      at Object.input (node_modules/@testing-library/user-event/dist/cjs/event/input.js:37:9)
      at node_modules/@testing-library/user-event/dist/cjs/event/behavior/keypress.js:31:26
      at Object.dispatchEvent (node_modules/@testing-library/user-event/dist/cjs/event/dispatchEvent.js:41:13)
      at Object.dispatchUIEvent (node_modules/@testing-library/user-event/dist/cjs/event/dispatchEvent.js:22:26)
      at KeyboardHost.keydown (node_modules/@testing-library/user-event/dist/cjs/system/keyboard.js:76:22)
      at keyboardAction (node_modules/@testing-library/user-event/dist/cjs/keyboard/index.js:22:35)
      at Object.keyboard (node_modules/@testing-library/user-event/dist/cjs/keyboard/index.js:11:15)
      at Object.type (node_modules/@testing-library/user-event/dist/cjs/utility/type.js:17:5)
      at src/components/Contact/Contact.test.tsx:73:15
      at AsyncProperty.run (node_modules/fast-check/lib/check/property/AsyncProperty.generic.js:49:28)
      at asyncRunIt (node_modules/fast-check/lib/check/runner/Runner.js:37:21)
      at Object.<anonymous> (src/components/Contact/Contact.test.tsx:39:5)

    console.error
      Warning: An update to Contact inside a test was not wrapped in act(...).
      
      When testing, code that causes React state updates should be wrapped into act(...):
      
      act(() => {
        /* fire events that update state */
      });
      /* assert on the output */
      
      This ensures that you're testing the behavior the user would see in the browser. Learn more at https://reactjs.org/link/wrap-tests-with-act
          at Contact (/workspaces/netsanet-portfolio/src/components/Contact/Contact.tsx:17:44)

      30 |
      31 |   const handleInputChange = (field: keyof ContactFormData, value: string) => {
    > 32 |     setFormState(prev => ({
         |     ^
      33 |       ...prev,
      34 |       data: {
      35 |         ...prev.data,

      at printWarning (node_modules/react-dom/cjs/react-dom.development.js:86:30)
      at error (node_modules/react-dom/cjs/react-dom.development.js:60:7)
      at warnIfUpdatesNotWrappedWithActDEV (node_modules/react-dom/cjs/react-dom.development.js:27628:9)
      at scheduleUpdateOnFiber (node_modules/react-dom/cjs/react-dom.development.js:25547:5)
      at dispatchSetState (node_modules/react-dom/cjs/react-dom.development.js:16708:7)
      at handleInputChange (src/components/Contact/Contact.tsx:32:5)
      at onChange (src/components/Contact/Contact.tsx:280:34)
      at HTMLUnknownElement.callCallback (node_modules/react-dom/cjs/react-dom.development.js:4164:14)
      at HTMLUnknownElement.callTheUserObjectsOperation (node_modules/jsdom/lib/jsdom/living/generated/EventListener.js:26:30)
      at innerInvokeEventListeners (node_modules/jsdom/lib/jsdom/living/events/EventTarget-impl.js:350:25)
      at invokeEventListeners (node_modules/jsdom/lib/jsdom/living/events/EventTarget-impl.js:286:3)
      at HTMLUnknownElementImpl._dispatch (node_modules/jsdom/lib/jsdom/living/events/EventTarget-impl.js:233:9)
      at HTMLUnknownElementImpl.dispatchEvent (node_modules/jsdom/lib/jsdom/living/events/EventTarget-impl.js:104:17)
      at HTMLUnknownElement.dispatchEvent (node_modules/jsdom/lib/jsdom/living/generated/EventTarget.js:241:34)
      at Object.invokeGuardedCallbackDev (node_modules/react-dom/cjs/react-dom.development.js:4213:16)
      at invokeGuardedCallback (node_modules/react-dom/cjs/react-dom.development.js:4277:31)
      at invokeGuardedCallbackAndCatchFirstError (node_modules/react-dom/cjs/react-dom.development.js:4291:25)
      at executeDispatch (node_modules/react-dom/cjs/react-dom.development.js:9041:3)
      at processDispatchQueueItemsInOrder (node_modules/react-dom/cjs/react-dom.development.js:9073:7)
      at processDispatchQueue (node_modules/react-dom/cjs/react-dom.development.js:9086:5)
      at dispatchEventsForPlugins (node_modules/react-dom/cjs/react-dom.development.js:9097:3)
      at node_modules/react-dom/cjs/react-dom.development.js:9288:12
      at batchedUpdates$1 (node_modules/react-dom/cjs/react-dom.development.js:26179:12)
      at batchedUpdates (node_modules/react-dom/cjs/react-dom.development.js:3991:12)
      at dispatchEventForPluginEventSystem (node_modules/react-dom/cjs/react-dom.development.js:9287:3)
      at dispatchEventWithEnableCapturePhaseSelectiveHydrationWithoutDiscreteEventReplay (node_modules/react-dom/cjs/react-dom.development.js:6465:5)
      at dispatchEvent (node_modules/react-dom/cjs/react-dom.development.js:6457:5)
      at dispatchDiscreteEvent (node_modules/react-dom/cjs/react-dom.development.js:6430:5)
      at HTMLDivElement.callTheUserObjectsOperation (node_modules/jsdom/lib/jsdom/living/generated/EventListener.js:26:30)
      at innerInvokeEventListeners (node_modules/jsdom/lib/jsdom/living/events/EventTarget-impl.js:350:25)
      at invokeEventListeners (node_modules/jsdom/lib/jsdom/living/events/EventTarget-impl.js:286:3)
      at HTMLInputElementImpl._dispatch (node_modules/jsdom/lib/jsdom/living/events/EventTarget-impl.js:233:9)
      at HTMLInputElementImpl.dispatchEvent (node_modules/jsdom/lib/jsdom/living/events/EventTarget-impl.js:104:17)
      at HTMLInputElement.dispatchEvent (node_modules/jsdom/lib/jsdom/living/generated/EventTarget.js:241:34)
      at node_modules/@testing-library/user-event/dist/cjs/event/dispatchEvent.js:45:43
      at Object.eventWrapper (node_modules/@testing-library/dom/dist/config.js:25:23)
      at Object.wrapEvent (node_modules/@testing-library/user-event/dist/cjs/event/wrapEvent.js:6:28)
      at Object.dispatchEvent (node_modules/@testing-library/user-event/dist/cjs/event/dispatchEvent.js:45:22)
      at Object.dispatchUIEvent (node_modules/@testing-library/user-event/dist/cjs/event/dispatchEvent.js:22:26)
      at commitInput (node_modules/@testing-library/user-event/dist/cjs/event/input.js:145:14)
      at editInputElement (node_modules/@testing-library/user-event/dist/cjs/event/input.js:115:9)
      at Object.input (node_modules/@testing-library/user-event/dist/cjs/event/input.js:37:9)
      at node_modules/@testing-library/user-event/dist/cjs/event/behavior/keypress.js:31:26
      at Object.dispatchEvent (node_modules/@testing-library/user-event/dist/cjs/event/dispatchEvent.js:41:13)
      at Object.dispatchUIEvent (node_modules/@testing-library/user-event/dist/cjs/event/dispatchEvent.js:22:26)
      at KeyboardHost.keydown (node_modules/@testing-library/user-event/dist/cjs/system/keyboard.js:76:22)
      at keyboardAction (node_modules/@testing-library/user-event/dist/cjs/keyboard/index.js:22:35)
      at Object.keyboard (node_modules/@testing-library/user-event/dist/cjs/keyboard/index.js:11:15)
      at Object.type (node_modules/@testing-library/user-event/dist/cjs/utility/type.js:17:5)
      at src/components/Contact/Contact.test.tsx:73:15
      at AsyncProperty.run (node_modules/fast-check/lib/check/property/AsyncProperty.generic.js:49:28)
      at asyncRunIt (node_modules/fast-check/lib/check/runner/Runner.js:37:21)
      at Object.<anonymous> (src/components/Contact/Contact.test.tsx:39:5)

    console.error
      Warning: An update to Contact inside a test was not wrapped in act(...).
      
      When testing, code that causes React state updates should be wrapped into act(...):
      
      act(() => {
        /* fire events that update state */
      });
      /* assert on the output */
      
      This ensures that you're testing the behavior the user would see in the browser. Learn more at https://reactjs.org/link/wrap-tests-with-act
          at Contact (/workspaces/netsanet-portfolio/src/components/Contact/Contact.tsx:17:44)

      30 |
      31 |   const handleInputChange = (field: keyof ContactFormData, value: string) => {
    > 32 |     setFormState(prev => ({
         |     ^
      33 |       ...prev,
      34 |       data: {
      35 |         ...prev.data,

      at printWarning (node_modules/react-dom/cjs/react-dom.development.js:86:30)
      at error (node_modules/react-dom/cjs/react-dom.development.js:60:7)
      at warnIfUpdatesNotWrappedWithActDEV (node_modules/react-dom/cjs/react-dom.development.js:27628:9)
      at scheduleUpdateOnFiber (node_modules/react-dom/cjs/react-dom.development.js:25547:5)
      at dispatchSetState (node_modules/react-dom/cjs/react-dom.development.js:16708:7)
      at handleInputChange (src/components/Contact/Contact.tsx:32:5)
      at onChange (src/components/Contact/Contact.tsx:280:34)
      at HTMLUnknownElement.callCallback (node_modules/react-dom/cjs/react-dom.development.js:4164:14)
      at HTMLUnknownElement.callTheUserObjectsOperation (node_modules/jsdom/lib/jsdom/living/generated/EventListener.js:26:30)
      at innerInvokeEventListeners (node_modules/jsdom/lib/jsdom/living/events/EventTarget-impl.js:350:25)
      at invokeEventListeners (node_modules/jsdom/lib/jsdom/living/events/EventTarget-impl.js:286:3)
      at HTMLUnknownElementImpl._dispatch (node_modules/jsdom/lib/jsdom/living/events/EventTarget-impl.js:233:9)
      at HTMLUnknownElementImpl.dispatchEvent (node_modules/jsdom/lib/jsdom/living/events/EventTarget-impl.js:104:17)
      at HTMLUnknownElement.dispatchEvent (node_modules/jsdom/lib/jsdom/living/generated/EventTarget.js:241:34)
      at Object.invokeGuardedCallbackDev (node_modules/react-dom/cjs/react-dom.development.js:4213:16)
      at invokeGuardedCallback (node_modules/react-dom/cjs/react-dom.development.js:4277:31)
      at invokeGuardedCallbackAndCatchFirstError (node_modules/react-dom/cjs/react-dom.development.js:4291:25)
      at executeDispatch (node_modules/react-dom/cjs/react-dom.development.js:9041:3)
      at processDispatchQueueItemsInOrder (node_modules/react-dom/cjs/react-dom.development.js:9073:7)
      at processDispatchQueue (node_modules/react-dom/cjs/react-dom.development.js:9086:5)
      at dispatchEventsForPlugins (node_modules/react-dom/cjs/react-dom.development.js:9097:3)
      at node_modules/react-dom/cjs/react-dom.development.js:9288:12
      at batchedUpdates$1 (node_modules/react-dom/cjs/react-dom.development.js:26179:12)
      at batchedUpdates (node_modules/react-dom/cjs/react-dom.development.js:3991:12)
      at dispatchEventForPluginEventSystem (node_modules/react-dom/cjs/react-dom.development.js:9287:3)
      at dispatchEventWithEnableCapturePhaseSelectiveHydrationWithoutDiscreteEventReplay (node_modules/react-dom/cjs/react-dom.development.js:6465:5)
      at dispatchEvent (node_modules/react-dom/cjs/react-dom.development.js:6457:5)
      at dispatchDiscreteEvent (node_modules/react-dom/cjs/react-dom.development.js:6430:5)
      at HTMLDivElement.callTheUserObjectsOperation (node_modules/jsdom/lib/jsdom/living/generated/EventListener.js:26:30)
      at innerInvokeEventListeners (node_modules/jsdom/lib/jsdom/living/events/EventTarget-impl.js:350:25)
      at invokeEventListeners (node_modules/jsdom/lib/jsdom/living/events/EventTarget-impl.js:286:3)
      at HTMLInputElementImpl._dispatch (node_modules/jsdom/lib/jsdom/living/events/EventTarget-impl.js:233:9)
      at HTMLInputElementImpl.dispatchEvent (node_modules/jsdom/lib/jsdom/living/events/EventTarget-impl.js:104:17)
      at HTMLInputElement.dispatchEvent (node_modules/jsdom/lib/jsdom/living/generated/EventTarget.js:241:34)
      at node_modules/@testing-library/user-event/dist/cjs/event/dispatchEvent.js:45:43
      at Object.eventWrapper (node_modules/@testing-library/dom/dist/config.js:25:23)
      at Object.wrapEvent (node_modules/@testing-library/user-event/dist/cjs/event/wrapEvent.js:6:28)
      at Object.dispatchEvent (node_modules/@testing-library/user-event/dist/cjs/event/dispatchEvent.js:45:22)
      at Object.dispatchUIEvent (node_modules/@testing-library/user-event/dist/cjs/event/dispatchEvent.js:22:26)
      at commitInput (node_modules/@testing-library/user-event/dist/cjs/event/input.js:145:14)
      at editInputElement (node_modules/@testing-library/user-event/dist/cjs/event/input.js:115:9)
      at Object.input (node_modules/@testing-library/user-event/dist/cjs/event/input.js:37:9)
      at node_modules/@testing-library/user-event/dist/cjs/event/behavior/keypress.js:31:26
      at Object.dispatchEvent (node_modules/@testing-library/user-event/dist/cjs/event/dispatchEvent.js:41:13)
      at Object.dispatchUIEvent (node_modules/@testing-library/user-event/dist/cjs/event/dispatchEvent.js:22:26)
      at KeyboardHost.keydown (node_modules/@testing-library/user-event/dist/cjs/system/keyboard.js:76:22)
      at keyboardAction (node_modules/@testing-library/user-event/dist/cjs/keyboard/index.js:22:35)
      at Object.keyboard (node_modules/@testing-library/user-event/dist/cjs/keyboard/index.js:11:15)
      at Object.type (node_modules/@testing-library/user-event/dist/cjs/utility/type.js:17:5)
      at src/components/Contact/Contact.test.tsx:73:15
      at AsyncProperty.run (node_modules/fast-check/lib/check/property/AsyncProperty.generic.js:49:28)
      at asyncRunIt (node_modules/fast-check/lib/check/runner/Runner.js:37:21)
      at Object.<anonymous> (src/components/Contact/Contact.test.tsx:39:5)

    console.error
      Warning: An update to Contact inside a test was not wrapped in act(...).
      
      When testing, code that causes React state updates should be wrapped into act(...):
      
      act(() => {
        /* fire events that update state */
      });
      /* assert on the output */
      
      This ensures that you're testing the behavior the user would see in the browser. Learn more at https://reactjs.org/link/wrap-tests-with-act
          at Contact (/workspaces/netsanet-portfolio/src/components/Contact/Contact.tsx:17:44)

      30 |
      31 |   const handleInputChange = (field: keyof ContactFormData, value: string) => {
    > 32 |     setFormState(prev => ({
         |     ^
      33 |       ...prev,
      34 |       data: {
      35 |         ...prev.data,

      at printWarning (node_modules/react-dom/cjs/react-dom.development.js:86:30)
      at error (node_modules/react-dom/cjs/react-dom.development.js:60:7)
      at warnIfUpdatesNotWrappedWithActDEV (node_modules/react-dom/cjs/react-dom.development.js:27628:9)
      at scheduleUpdateOnFiber (node_modules/react-dom/cjs/react-dom.development.js:25547:5)
      at dispatchSetState (node_modules/react-dom/cjs/react-dom.development.js:16708:7)
      at handleInputChange (src/components/Contact/Contact.tsx:32:5)
      at onChange (src/components/Contact/Contact.tsx:280:34)
      at HTMLUnknownElement.callCallback (node_modules/react-dom/cjs/react-dom.development.js:4164:14)
      at HTMLUnknownElement.callTheUserObjectsOperation (node_modules/jsdom/lib/jsdom/living/generated/EventListener.js:26:30)
      at innerInvokeEventListeners (node_modules/jsdom/lib/jsdom/living/events/EventTarget-impl.js:350:25)
      at invokeEventListeners (node_modules/jsdom/lib/jsdom/living/events/EventTarget-impl.js:286:3)
      at HTMLUnknownElementImpl._dispatch (node_modules/jsdom/lib/jsdom/living/events/EventTarget-impl.js:233:9)
      at HTMLUnknownElementImpl.dispatchEvent (node_modules/jsdom/lib/jsdom/living/events/EventTarget-impl.js:104:17)
      at HTMLUnknownElement.dispatchEvent (node_modules/jsdom/lib/jsdom/living/generated/EventTarget.js:241:34)
      at Object.invokeGuardedCallbackDev (node_modules/react-dom/cjs/react-dom.development.js:4213:16)
      at invokeGuardedCallback (node_modules/react-dom/cjs/react-dom.development.js:4277:31)
      at invokeGuardedCallbackAndCatchFirstError (node_modules/react-dom/cjs/react-dom.development.js:4291:25)
      at executeDispatch (node_modules/react-dom/cjs/react-dom.development.js:9041:3)
      at processDispatchQueueItemsInOrder (node_modules/react-dom/cjs/react-dom.development.js:9073:7)
      at processDispatchQueue (node_modules/react-dom/cjs/react-dom.development.js:9086:5)
      at dispatchEventsForPlugins (node_modules/react-dom/cjs/react-dom.development.js:9097:3)
      at node_modules/react-dom/cjs/react-dom.development.js:9288:12
      at batchedUpdates$1 (node_modules/react-dom/cjs/react-dom.development.js:26179:12)
      at batchedUpdates (node_modules/react-dom/cjs/react-dom.development.js:3991:12)
      at dispatchEventForPluginEventSystem (node_modules/react-dom/cjs/react-dom.development.js:9287:3)
      at dispatchEventWithEnableCapturePhaseSelectiveHydrationWithoutDiscreteEventReplay (node_modules/react-dom/cjs/react-dom.development.js:6465:5)
      at dispatchEvent (node_modules/react-dom/cjs/react-dom.development.js:6457:5)
      at dispatchDiscreteEvent (node_modules/react-dom/cjs/react-dom.development.js:6430:5)
      at HTMLDivElement.callTheUserObjectsOperation (node_modules/jsdom/lib/jsdom/living/generated/EventListener.js:26:30)
      at innerInvokeEventListeners (node_modules/jsdom/lib/jsdom/living/events/EventTarget-impl.js:350:25)
      at invokeEventListeners (node_modules/jsdom/lib/jsdom/living/events/EventTarget-impl.js:286:3)
      at HTMLInputElementImpl._dispatch (node_modules/jsdom/lib/jsdom/living/events/EventTarget-impl.js:233:9)
      at HTMLInputElementImpl.dispatchEvent (node_modules/jsdom/lib/jsdom/living/events/EventTarget-impl.js:104:17)
      at HTMLInputElement.dispatchEvent (node_modules/jsdom/lib/jsdom/living/generated/EventTarget.js:241:34)
      at node_modules/@testing-library/user-event/dist/cjs/event/dispatchEvent.js:45:43
      at Object.eventWrapper (node_modules/@testing-library/dom/dist/config.js:25:23)
      at Object.wrapEvent (node_modules/@testing-library/user-event/dist/cjs/event/wrapEvent.js:6:28)
      at Object.dispatchEvent (node_modules/@testing-library/user-event/dist/cjs/event/dispatchEvent.js:45:22)
      at Object.dispatchUIEvent (node_modules/@testing-library/user-event/dist/cjs/event/dispatchEvent.js:22:26)
      at commitInput (node_modules/@testing-library/user-event/dist/cjs/event/input.js:145:14)
      at editInputElement (node_modules/@testing-library/user-event/dist/cjs/event/input.js:115:9)
      at Object.input (node_modules/@testing-library/user-event/dist/cjs/event/input.js:37:9)
      at node_modules/@testing-library/user-event/dist/cjs/event/behavior/keypress.js:31:26
      at Object.dispatchEvent (node_modules/@testing-library/user-event/dist/cjs/event/dispatchEvent.js:41:13)
      at Object.dispatchUIEvent (node_modules/@testing-library/user-event/dist/cjs/event/dispatchEvent.js:22:26)
      at KeyboardHost.keydown (node_modules/@testing-library/user-event/dist/cjs/system/keyboard.js:76:22)
      at keyboardAction (node_modules/@testing-library/user-event/dist/cjs/keyboard/index.js:22:35)
      at Object.keyboard (node_modules/@testing-library/user-event/dist/cjs/keyboard/index.js:11:15)
      at Object.type (node_modules/@testing-library/user-event/dist/cjs/utility/type.js:17:5)
      at src/components/Contact/Contact.test.tsx:73:15
      at AsyncProperty.run (node_modules/fast-check/lib/check/property/AsyncProperty.generic.js:49:28)
      at asyncRunIt (node_modules/fast-check/lib/check/runner/Runner.js:37:21)
      at Object.<anonymous> (src/components/Contact/Contact.test.tsx:39:5)

    console.error
      Warning: An update to Contact inside a test was not wrapped in act(...).
      
      When testing, code that causes React state updates should be wrapped into act(...):
      
      act(() => {
        /* fire events that update state */
      });
      /* assert on the output */
      
      This ensures that you're testing the behavior the user would see in the browser. Learn more at https://reactjs.org/link/wrap-tests-with-act
          at Contact (/workspaces/netsanet-portfolio/src/components/Contact/Contact.tsx:17:44)

      30 |
      31 |   const handleInputChange = (field: keyof ContactFormData, value: string) => {
    > 32 |     setFormState(prev => ({
         |     ^
      33 |       ...prev,
      34 |       data: {
      35 |         ...prev.data,

      at printWarning (node_modules/react-dom/cjs/react-dom.development.js:86:30)
      at error (node_modules/react-dom/cjs/react-dom.development.js:60:7)
      at warnIfUpdatesNotWrappedWithActDEV (node_modules/react-dom/cjs/react-dom.development.js:27628:9)
      at scheduleUpdateOnFiber (node_modules/react-dom/cjs/react-dom.development.js:25547:5)
      at dispatchSetState (node_modules/react-dom/cjs/react-dom.development.js:16708:7)
      at handleInputChange (src/components/Contact/Contact.tsx:32:5)
      at onChange (src/components/Contact/Contact.tsx:280:34)
      at HTMLUnknownElement.callCallback (node_modules/react-dom/cjs/react-dom.development.js:4164:14)
      at HTMLUnknownElement.callTheUserObjectsOperation (node_modules/jsdom/lib/jsdom/living/generated/EventListener.js:26:30)
      at innerInvokeEventListeners (node_modules/jsdom/lib/jsdom/living/events/EventTarget-impl.js:350:25)
      at invokeEventListeners (node_modules/jsdom/lib/jsdom/living/events/EventTarget-impl.js:286:3)
      at HTMLUnknownElementImpl._dispatch (node_modules/jsdom/lib/jsdom/living/events/EventTarget-impl.js:233:9)
      at HTMLUnknownElementImpl.dispatchEvent (node_modules/jsdom/lib/jsdom/living/events/EventTarget-impl.js:104:17)
      at HTMLUnknownElement.dispatchEvent (node_modules/jsdom/lib/jsdom/living/generated/EventTarget.js:241:34)
      at Object.invokeGuardedCallbackDev (node_modules/react-dom/cjs/react-dom.development.js:4213:16)
      at invokeGuardedCallback (node_modules/react-dom/cjs/react-dom.development.js:4277:31)
      at invokeGuardedCallbackAndCatchFirstError (node_modules/react-dom/cjs/react-dom.development.js:4291:25)
      at executeDispatch (node_modules/react-dom/cjs/react-dom.development.js:9041:3)
      at processDispatchQueueItemsInOrder (node_modules/react-dom/cjs/react-dom.development.js:9073:7)
      at processDispatchQueue (node_modules/react-dom/cjs/react-dom.development.js:9086:5)
      at dispatchEventsForPlugins (node_modules/react-dom/cjs/react-dom.development.js:9097:3)
      at node_modules/react-dom/cjs/react-dom.development.js:9288:12
      at batchedUpdates$1 (node_modules/react-dom/cjs/react-dom.development.js:26179:12)
      at batchedUpdates (node_modules/react-dom/cjs/react-dom.development.js:3991:12)
      at dispatchEventForPluginEventSystem (node_modules/react-dom/cjs/react-dom.development.js:9287:3)
      at dispatchEventWithEnableCapturePhaseSelectiveHydrationWithoutDiscreteEventReplay (node_modules/react-dom/cjs/react-dom.development.js:6465:5)
      at dispatchEvent (node_modules/react-dom/cjs/react-dom.development.js:6457:5)
      at dispatchDiscreteEvent (node_modules/react-dom/cjs/react-dom.development.js:6430:5)
      at HTMLDivElement.callTheUserObjectsOperation (node_modules/jsdom/lib/jsdom/living/generated/EventListener.js:26:30)
      at innerInvokeEventListeners (node_modules/jsdom/lib/jsdom/living/events/EventTarget-impl.js:350:25)
      at invokeEventListeners (node_modules/jsdom/lib/jsdom/living/events/EventTarget-impl.js:286:3)
      at HTMLInputElementImpl._dispatch (node_modules/jsdom/lib/jsdom/living/events/EventTarget-impl.js:233:9)
      at HTMLInputElementImpl.dispatchEvent (node_modules/jsdom/lib/jsdom/living/events/EventTarget-impl.js:104:17)
      at HTMLInputElement.dispatchEvent (node_modules/jsdom/lib/jsdom/living/generated/EventTarget.js:241:34)
      at node_modules/@testing-library/user-event/dist/cjs/event/dispatchEvent.js:45:43
      at Object.eventWrapper (node_modules/@testing-library/dom/dist/config.js:25:23)
      at Object.wrapEvent (node_modules/@testing-library/user-event/dist/cjs/event/wrapEvent.js:6:28)
      at Object.dispatchEvent (node_modules/@testing-library/user-event/dist/cjs/event/dispatchEvent.js:45:22)
      at Object.dispatchUIEvent (node_modules/@testing-library/user-event/dist/cjs/event/dispatchEvent.js:22:26)
      at commitInput (node_modules/@testing-library/user-event/dist/cjs/event/input.js:145:14)
      at editInputElement (node_modules/@testing-library/user-event/dist/cjs/event/input.js:115:9)
      at Object.input (node_modules/@testing-library/user-event/dist/cjs/event/input.js:37:9)
      at node_modules/@testing-library/user-event/dist/cjs/event/behavior/keypress.js:31:26
      at Object.dispatchEvent (node_modules/@testing-library/user-event/dist/cjs/event/dispatchEvent.js:41:13)
      at Object.dispatchUIEvent (node_modules/@testing-library/user-event/dist/cjs/event/dispatchEvent.js:22:26)
      at KeyboardHost.keydown (node_modules/@testing-library/user-event/dist/cjs/system/keyboard.js:76:22)
      at keyboardAction (node_modules/@testing-library/user-event/dist/cjs/keyboard/index.js:22:35)
      at Object.keyboard (node_modules/@testing-library/user-event/dist/cjs/keyboard/index.js:11:15)
      at Object.type (node_modules/@testing-library/user-event/dist/cjs/utility/type.js:17:5)
      at src/components/Contact/Contact.test.tsx:73:15
      at AsyncProperty.run (node_modules/fast-check/lib/check/property/AsyncProperty.generic.js:49:28)
      at asyncRunIt (node_modules/fast-check/lib/check/runner/Runner.js:37:21)
      at Object.<anonymous> (src/components/Contact/Contact.test.tsx:39:5)

    console.error
      Warning: An update to Contact inside a test was not wrapped in act(...).
      
      When testing, code that causes React state updates should be wrapped into act(...):
      
      act(() => {
        /* fire events that update state */
      });
      /* assert on the output */
      
      This ensures that you're testing the behavior the user would see in the browser. Learn more at https://reactjs.org/link/wrap-tests-with-act
          at Contact (/workspaces/netsanet-portfolio/src/components/Contact/Contact.tsx:17:44)

      30 |
      31 |   const handleInputChange = (field: keyof ContactFormData, value: string) => {
    > 32 |     setFormState(prev => ({
         |     ^
      33 |       ...prev,
      34 |       data: {
      35 |         ...prev.data,

      at printWarning (node_modules/react-dom/cjs/react-dom.development.js:86:30)
      at error (node_modules/react-dom/cjs/react-dom.development.js:60:7)
      at warnIfUpdatesNotWrappedWithActDEV (node_modules/react-dom/cjs/react-dom.development.js:27628:9)
      at scheduleUpdateOnFiber (node_modules/react-dom/cjs/react-dom.development.js:25547:5)
      at dispatchSetState (node_modules/react-dom/cjs/react-dom.development.js:16708:7)
      at handleInputChange (src/components/Contact/Contact.tsx:32:5)
      at onChange (src/components/Contact/Contact.tsx:280:34)
      at HTMLUnknownElement.callCallback (node_modules/react-dom/cjs/react-dom.development.js:4164:14)
      at HTMLUnknownElement.callTheUserObjectsOperation (node_modules/jsdom/lib/jsdom/living/generated/EventListener.js:26:30)
      at innerInvokeEventListeners (node_modules/jsdom/lib/jsdom/living/events/EventTarget-impl.js:350:25)
      at invokeEventListeners (node_modules/jsdom/lib/jsdom/living/events/EventTarget-impl.js:286:3)
      at HTMLUnknownElementImpl._dispatch (node_modules/jsdom/lib/jsdom/living/events/EventTarget-impl.js:233:9)
      at HTMLUnknownElementImpl.dispatchEvent (node_modules/jsdom/lib/jsdom/living/events/EventTarget-impl.js:104:17)
      at HTMLUnknownElement.dispatchEvent (node_modules/jsdom/lib/jsdom/living/generated/EventTarget.js:241:34)
      at Object.invokeGuardedCallbackDev (node_modules/react-dom/cjs/react-dom.development.js:4213:16)
      at invokeGuardedCallback (node_modules/react-dom/cjs/react-dom.development.js:4277:31)
      at invokeGuardedCallbackAndCatchFirstError (node_modules/react-dom/cjs/react-dom.development.js:4291:25)
      at executeDispatch (node_modules/react-dom/cjs/react-dom.development.js:9041:3)
      at processDispatchQueueItemsInOrder (node_modules/react-dom/cjs/react-dom.development.js:9073:7)
      at processDispatchQueue (node_modules/react-dom/cjs/react-dom.development.js:9086:5)
      at dispatchEventsForPlugins (node_modules/react-dom/cjs/react-dom.development.js:9097:3)
      at node_modules/react-dom/cjs/react-dom.development.js:9288:12
      at batchedUpdates$1 (node_modules/react-dom/cjs/react-dom.development.js:26179:12)
      at batchedUpdates (node_modules/react-dom/cjs/react-dom.development.js:3991:12)
      at dispatchEventForPluginEventSystem (node_modules/react-dom/cjs/react-dom.development.js:9287:3)
      at dispatchEventWithEnableCapturePhaseSelectiveHydrationWithoutDiscreteEventReplay (node_modules/react-dom/cjs/react-dom.development.js:6465:5)
      at dispatchEvent (node_modules/react-dom/cjs/react-dom.development.js:6457:5)
      at dispatchDiscreteEvent (node_modules/react-dom/cjs/react-dom.development.js:6430:5)
      at HTMLDivElement.callTheUserObjectsOperation (node_modules/jsdom/lib/jsdom/living/generated/EventListener.js:26:30)
      at innerInvokeEventListeners (node_modules/jsdom/lib/jsdom/living/events/EventTarget-impl.js:350:25)
      at invokeEventListeners (node_modules/jsdom/lib/jsdom/living/events/EventTarget-impl.js:286:3)
      at HTMLInputElementImpl._dispatch (node_modules/jsdom/lib/jsdom/living/events/EventTarget-impl.js:233:9)
      at HTMLInputElementImpl.dispatchEvent (node_modules/jsdom/lib/jsdom/living/events/EventTarget-impl.js:104:17)
      at HTMLInputElement.dispatchEvent (node_modules/jsdom/lib/jsdom/living/generated/EventTarget.js:241:34)
      at node_modules/@testing-library/user-event/dist/cjs/event/dispatchEvent.js:45:43
      at Object.eventWrapper (node_modules/@testing-library/dom/dist/config.js:25:23)
      at Object.wrapEvent (node_modules/@testing-library/user-event/dist/cjs/event/wrapEvent.js:6:28)
      at Object.dispatchEvent (node_modules/@testing-library/user-event/dist/cjs/event/dispatchEvent.js:45:22)
      at Object.dispatchUIEvent (node_modules/@testing-library/user-event/dist/cjs/event/dispatchEvent.js:22:26)
      at commitInput (node_modules/@testing-library/user-event/dist/cjs/event/input.js:145:14)
      at editInputElement (node_modules/@testing-library/user-event/dist/cjs/event/input.js:115:9)
      at Object.input (node_modules/@testing-library/user-event/dist/cjs/event/input.js:37:9)
      at node_modules/@testing-library/user-event/dist/cjs/event/behavior/keypress.js:31:26
      at Object.dispatchEvent (node_modules/@testing-library/user-event/dist/cjs/event/dispatchEvent.js:41:13)
      at Object.dispatchUIEvent (node_modules/@testing-library/user-event/dist/cjs/event/dispatchEvent.js:22:26)
      at KeyboardHost.keydown (node_modules/@testing-library/user-event/dist/cjs/system/keyboard.js:76:22)
      at keyboardAction (node_modules/@testing-library/user-event/dist/cjs/keyboard/index.js:22:35)
      at Object.keyboard (node_modules/@testing-library/user-event/dist/cjs/keyboard/index.js:11:15)
      at Object.type (node_modules/@testing-library/user-event/dist/cjs/utility/type.js:17:5)
      at src/components/Contact/Contact.test.tsx:73:15
      at AsyncProperty.run (node_modules/fast-check/lib/check/property/AsyncProperty.generic.js:49:28)
      at asyncRunIt (node_modules/fast-check/lib/check/runner/Runner.js:37:21)
      at Object.<anonymous> (src/components/Contact/Contact.test.tsx:39:5)

    console.error
      Warning: An update to Contact inside a test was not wrapped in act(...).
      
      When testing, code that causes React state updates should be wrapped into act(...):
      
      act(() => {
        /* fire events that update state */
      });
      /* assert on the output */
      
      This ensures that you're testing the behavior the user would see in the browser. Learn more at https://reactjs.org/link/wrap-tests-with-act
          at Contact (/workspaces/netsanet-portfolio/src/components/Contact/Contact.tsx:17:44)

      30 |
      31 |   const handleInputChange = (field: keyof ContactFormData, value: string) => {
    > 32 |     setFormState(prev => ({
         |     ^
      33 |       ...prev,
      34 |       data: {
      35 |         ...prev.data,

      at printWarning (node_modules/react-dom/cjs/react-dom.development.js:86:30)
      at error (node_modules/react-dom/cjs/react-dom.development.js:60:7)
      at warnIfUpdatesNotWrappedWithActDEV (node_modules/react-dom/cjs/react-dom.development.js:27628:9)
      at scheduleUpdateOnFiber (node_modules/react-dom/cjs/react-dom.development.js:25547:5)
      at dispatchSetState (node_modules/react-dom/cjs/react-dom.development.js:16708:7)
      at handleInputChange (src/components/Contact/Contact.tsx:32:5)
      at onChange (src/components/Contact/Contact.tsx:280:34)
      at HTMLUnknownElement.callCallback (node_modules/react-dom/cjs/react-dom.development.js:4164:14)
      at HTMLUnknownElement.callTheUserObjectsOperation (node_modules/jsdom/lib/jsdom/living/generated/EventListener.js:26:30)
      at innerInvokeEventListeners (node_modules/jsdom/lib/jsdom/living/events/EventTarget-impl.js:350:25)
      at invokeEventListeners (node_modules/jsdom/lib/jsdom/living/events/EventTarget-impl.js:286:3)
      at HTMLUnknownElementImpl._dispatch (node_modules/jsdom/lib/jsdom/living/events/EventTarget-impl.js:233:9)
      at HTMLUnknownElementImpl.dispatchEvent (node_modules/jsdom/lib/jsdom/living/events/EventTarget-impl.js:104:17)
      at HTMLUnknownElement.dispatchEvent (node_modules/jsdom/lib/jsdom/living/generated/EventTarget.js:241:34)
      at Object.invokeGuardedCallbackDev (node_modules/react-dom/cjs/react-dom.development.js:4213:16)
      at invokeGuardedCallback (node_modules/react-dom/cjs/react-dom.development.js:4277:31)
      at invokeGuardedCallbackAndCatchFirstError (node_modules/react-dom/cjs/react-dom.development.js:4291:25)
      at executeDispatch (node_modules/react-dom/cjs/react-dom.development.js:9041:3)
      at processDispatchQueueItemsInOrder (node_modules/react-dom/cjs/react-dom.development.js:9073:7)
      at processDispatchQueue (node_modules/react-dom/cjs/react-dom.development.js:9086:5)
      at dispatchEventsForPlugins (node_modules/react-dom/cjs/react-dom.development.js:9097:3)
      at node_modules/react-dom/cjs/react-dom.development.js:9288:12
      at batchedUpdates$1 (node_modules/react-dom/cjs/react-dom.development.js:26179:12)
      at batchedUpdates (node_modules/react-dom/cjs/react-dom.development.js:3991:12)
      at dispatchEventForPluginEventSystem (node_modules/react-dom/cjs/react-dom.development.js:9287:3)
      at dispatchEventWithEnableCapturePhaseSelectiveHydrationWithoutDiscreteEventReplay (node_modules/react-dom/cjs/react-dom.development.js:6465:5)
      at dispatchEvent (node_modules/react-dom/cjs/react-dom.development.js:6457:5)
      at dispatchDiscreteEvent (node_modules/react-dom/cjs/react-dom.development.js:6430:5)
      at HTMLDivElement.callTheUserObjectsOperation (node_modules/jsdom/lib/jsdom/living/generated/EventListener.js:26:30)
      at innerInvokeEventListeners (node_modules/jsdom/lib/jsdom/living/events/EventTarget-impl.js:350:25)
      at invokeEventListeners (node_modules/jsdom/lib/jsdom/living/events/EventTarget-impl.js:286:3)
      at HTMLInputElementImpl._dispatch (node_modules/jsdom/lib/jsdom/living/events/EventTarget-impl.js:233:9)
      at HTMLInputElementImpl.dispatchEvent (node_modules/jsdom/lib/jsdom/living/events/EventTarget-impl.js:104:17)
      at HTMLInputElement.dispatchEvent (node_modules/jsdom/lib/jsdom/living/generated/EventTarget.js:241:34)
      at node_modules/@testing-library/user-event/dist/cjs/event/dispatchEvent.js:45:43
      at Object.eventWrapper (node_modules/@testing-library/dom/dist/config.js:25:23)
      at Object.wrapEvent (node_modules/@testing-library/user-event/dist/cjs/event/wrapEvent.js:6:28)
      at Object.dispatchEvent (node_modules/@testing-library/user-event/dist/cjs/event/dispatchEvent.js:45:22)
      at Object.dispatchUIEvent (node_modules/@testing-library/user-event/dist/cjs/event/dispatchEvent.js:22:26)
      at commitInput (node_modules/@testing-library/user-event/dist/cjs/event/input.js:145:14)
      at editInputElement (node_modules/@testing-library/user-event/dist/cjs/event/input.js:115:9)
      at Object.input (node_modules/@testing-library/user-event/dist/cjs/event/input.js:37:9)
      at node_modules/@testing-library/user-event/dist/cjs/event/behavior/keypress.js:31:26
      at Object.dispatchEvent (node_modules/@testing-library/user-event/dist/cjs/event/dispatchEvent.js:41:13)
      at Object.dispatchUIEvent (node_modules/@testing-library/user-event/dist/cjs/event/dispatchEvent.js:22:26)
      at KeyboardHost.keydown (node_modules/@testing-library/user-event/dist/cjs/system/keyboard.js:76:22)
      at keyboardAction (node_modules/@testing-library/user-event/dist/cjs/keyboard/index.js:22:35)
      at Object.keyboard (node_modules/@testing-library/user-event/dist/cjs/keyboard/index.js:11:15)
      at Object.type (node_modules/@testing-library/user-event/dist/cjs/utility/type.js:17:5)
      at src/components/Contact/Contact.test.tsx:73:15
      at AsyncProperty.run (node_modules/fast-check/lib/check/property/AsyncProperty.generic.js:49:28)
      at asyncRunIt (node_modules/fast-check/lib/check/runner/Runner.js:37:21)
      at Object.<anonymous> (src/components/Contact/Contact.test.tsx:39:5)

    console.error
      Warning: An update to Contact inside a test was not wrapped in act(...).
      
      When testing, code that causes React state updates should be wrapped into act(...):
      
      act(() => {
        /* fire events that update state */
      });
      /* assert on the output */
      
      This ensures that you're testing the behavior the user would see in the browser. Learn more at https://reactjs.org/link/wrap-tests-with-act
          at Contact (/workspaces/netsanet-portfolio/src/components/Contact/Contact.tsx:17:44)

      30 |
      31 |   const handleInputChange = (field: keyof ContactFormData, value: string) => {
    > 32 |     setFormState(prev => ({
         |     ^
      33 |       ...prev,
      34 |       data: {
      35 |         ...prev.data,

      at printWarning (node_modules/react-dom/cjs/react-dom.development.js:86:30)
      at error (node_modules/react-dom/cjs/react-dom.development.js:60:7)
      at warnIfUpdatesNotWrappedWithActDEV (node_modules/react-dom/cjs/react-dom.development.js:27628:9)
      at scheduleUpdateOnFiber (node_modules/react-dom/cjs/react-dom.development.js:25547:5)
      at dispatchSetState (node_modules/react-dom/cjs/react-dom.development.js:16708:7)
      at handleInputChange (src/components/Contact/Contact.tsx:32:5)
      at onChange (src/components/Contact/Contact.tsx:301:34)
      at HTMLUnknownElement.callCallback (node_modules/react-dom/cjs/react-dom.development.js:4164:14)
      at HTMLUnknownElement.callTheUserObjectsOperation (node_modules/jsdom/lib/jsdom/living/generated/EventListener.js:26:30)
      at innerInvokeEventListeners (node_modules/jsdom/lib/jsdom/living/events/EventTarget-impl.js:350:25)
      at invokeEventListeners (node_modules/jsdom/lib/jsdom/living/events/EventTarget-impl.js:286:3)
      at HTMLUnknownElementImpl._dispatch (node_modules/jsdom/lib/jsdom/living/events/EventTarget-impl.js:233:9)
      at HTMLUnknownElementImpl.dispatchEvent (node_modules/jsdom/lib/jsdom/living/events/EventTarget-impl.js:104:17)
      at HTMLUnknownElement.dispatchEvent (node_modules/jsdom/lib/jsdom/living/generated/EventTarget.js:241:34)
      at Object.invokeGuardedCallbackDev (node_modules/react-dom/cjs/react-dom.development.js:4213:16)
      at invokeGuardedCallback (node_modules/react-dom/cjs/react-dom.development.js:4277:31)
      at invokeGuardedCallbackAndCatchFirstError (node_modules/react-dom/cjs/react-dom.development.js:4291:25)
      at executeDispatch (node_modules/react-dom/cjs/react-dom.development.js:9041:3)
      at processDispatchQueueItemsInOrder (node_modules/react-dom/cjs/react-dom.development.js:9073:7)
      at processDispatchQueue (node_modules/react-dom/cjs/react-dom.development.js:9086:5)
      at dispatchEventsForPlugins (node_modules/react-dom/cjs/react-dom.development.js:9097:3)
      at node_modules/react-dom/cjs/react-dom.development.js:9288:12
      at batchedUpdates$1 (node_modules/react-dom/cjs/react-dom.development.js:26179:12)
      at batchedUpdates (node_modules/react-dom/cjs/react-dom.development.js:3991:12)
      at dispatchEventForPluginEventSystem (node_modules/react-dom/cjs/react-dom.development.js:9287:3)
      at dispatchEventWithEnableCapturePhaseSelectiveHydrationWithoutDiscreteEventReplay (node_modules/react-dom/cjs/react-dom.development.js:6465:5)
      at dispatchEvent (node_modules/react-dom/cjs/react-dom.development.js:6457:5)
      at dispatchDiscreteEvent (node_modules/react-dom/cjs/react-dom.development.js:6430:5)
      at HTMLDivElement.callTheUserObjectsOperation (node_modules/jsdom/lib/jsdom/living/generated/EventListener.js:26:30)
      at innerInvokeEventListeners (node_modules/jsdom/lib/jsdom/living/events/EventTarget-impl.js:350:25)
      at invokeEventListeners (node_modules/jsdom/lib/jsdom/living/events/EventTarget-impl.js:286:3)
      at HTMLTextAreaElementImpl._dispatch (node_modules/jsdom/lib/jsdom/living/events/EventTarget-impl.js:233:9)
      at HTMLTextAreaElementImpl.dispatchEvent (node_modules/jsdom/lib/jsdom/living/events/EventTarget-impl.js:104:17)
      at HTMLTextAreaElement.dispatchEvent (node_modules/jsdom/lib/jsdom/living/generated/EventTarget.js:241:34)
      at node_modules/@testing-library/user-event/dist/cjs/event/dispatchEvent.js:45:43
      at Object.eventWrapper (node_modules/@testing-library/dom/dist/config.js:25:23)
      at Object.wrapEvent (node_modules/@testing-library/user-event/dist/cjs/event/wrapEvent.js:6:28)
      at Object.dispatchEvent (node_modules/@testing-library/user-event/dist/cjs/event/dispatchEvent.js:45:22)
      at Object.dispatchUIEvent (node_modules/@testing-library/user-event/dist/cjs/event/dispatchEvent.js:22:26)
      at commitInput (node_modules/@testing-library/user-event/dist/cjs/event/input.js:145:14)
      at editInputElement (node_modules/@testing-library/user-event/dist/cjs/event/input.js:115:9)
      at Object.input (node_modules/@testing-library/user-event/dist/cjs/event/input.js:37:9)
      at node_modules/@testing-library/user-event/dist/cjs/event/behavior/keypress.js:31:26
      at Object.dispatchEvent (node_modules/@testing-library/user-event/dist/cjs/event/dispatchEvent.js:41:13)
      at Object.dispatchUIEvent (node_modules/@testing-library/user-event/dist/cjs/event/dispatchEvent.js:22:26)
      at KeyboardHost.keydown (node_modules/@testing-library/user-event/dist/cjs/system/keyboard.js:76:22)
      at keyboardAction (node_modules/@testing-library/user-event/dist/cjs/keyboard/index.js:22:35)
      at Object.keyboard (node_modules/@testing-library/user-event/dist/cjs/keyboard/index.js:11:15)
      at Object.type (node_modules/@testing-library/user-event/dist/cjs/utility/type.js:17:5)
      at src/components/Contact/Contact.test.tsx:78:15
      at AsyncProperty.run (node_modules/fast-check/lib/check/property/AsyncProperty.generic.js:49:28)
      at asyncRunIt (node_modules/fast-check/lib/check/runner/Runner.js:37:21)
      at Object.<anonymous> (src/components/Contact/Contact.test.tsx:39:5)

    console.error
      Warning: An update to Contact inside a test was not wrapped in act(...).
      
      When testing, code that causes React state updates should be wrapped into act(...):
      
      act(() => {
        /* fire events that update state */
      });
      /* assert on the output */
      
      This ensures that you're testing the behavior the user would see in the browser. Learn more at https://reactjs.org/link/wrap-tests-with-act
          at Contact (/workspaces/netsanet-portfolio/src/components/Contact/Contact.tsx:17:44)

      30 |
      31 |   const handleInputChange = (field: keyof ContactFormData, value: string) => {
    > 32 |     setFormState(prev => ({
         |     ^
      33 |       ...prev,
      34 |       data: {
      35 |         ...prev.data,

      at printWarning (node_modules/react-dom/cjs/react-dom.development.js:86:30)
      at error (node_modules/react-dom/cjs/react-dom.development.js:60:7)
      at warnIfUpdatesNotWrappedWithActDEV (node_modules/react-dom/cjs/react-dom.development.js:27628:9)
      at scheduleUpdateOnFiber (node_modules/react-dom/cjs/react-dom.development.js:25547:5)
      at dispatchSetState (node_modules/react-dom/cjs/react-dom.development.js:16708:7)
      at handleInputChange (src/components/Contact/Contact.tsx:32:5)
      at onChange (src/components/Contact/Contact.tsx:301:34)
      at HTMLUnknownElement.callCallback (node_modules/react-dom/cjs/react-dom.development.js:4164:14)
      at HTMLUnknownElement.callTheUserObjectsOperation (node_modules/jsdom/lib/jsdom/living/generated/EventListener.js:26:30)
      at innerInvokeEventListeners (node_modules/jsdom/lib/jsdom/living/events/EventTarget-impl.js:350:25)
      at invokeEventListeners (node_modules/jsdom/lib/jsdom/living/events/EventTarget-impl.js:286:3)
      at HTMLUnknownElementImpl._dispatch (node_modules/jsdom/lib/jsdom/living/events/EventTarget-impl.js:233:9)
      at HTMLUnknownElementImpl.dispatchEvent (node_modules/jsdom/lib/jsdom/living/events/EventTarget-impl.js:104:17)
      at HTMLUnknownElement.dispatchEvent (node_modules/jsdom/lib/jsdom/living/generated/EventTarget.js:241:34)
      at Object.invokeGuardedCallbackDev (node_modules/react-dom/cjs/react-dom.development.js:4213:16)
      at invokeGuardedCallback (node_modules/react-dom/cjs/react-dom.development.js:4277:31)
      at invokeGuardedCallbackAndCatchFirstError (node_modules/react-dom/cjs/react-dom.development.js:4291:25)
      at executeDispatch (node_modules/react-dom/cjs/react-dom.development.js:9041:3)
      at processDispatchQueueItemsInOrder (node_modules/react-dom/cjs/react-dom.development.js:9073:7)
      at processDispatchQueue (node_modules/react-dom/cjs/react-dom.development.js:9086:5)
      at dispatchEventsForPlugins (node_modules/react-dom/cjs/react-dom.development.js:9097:3)
      at node_modules/react-dom/cjs/react-dom.development.js:9288:12
      at batchedUpdates$1 (node_modules/react-dom/cjs/react-dom.development.js:26179:12)
      at batchedUpdates (node_modules/react-dom/cjs/react-dom.development.js:3991:12)
      at dispatchEventForPluginEventSystem (node_modules/react-dom/cjs/react-dom.development.js:9287:3)
      at dispatchEventWithEnableCapturePhaseSelectiveHydrationWithoutDiscreteEventReplay (node_modules/react-dom/cjs/react-dom.development.js:6465:5)
      at dispatchEvent (node_modules/react-dom/cjs/react-dom.development.js:6457:5)
      at dispatchDiscreteEvent (node_modules/react-dom/cjs/react-dom.development.js:6430:5)
      at HTMLDivElement.callTheUserObjectsOperation (node_modules/jsdom/lib/jsdom/living/generated/EventListener.js:26:30)
      at innerInvokeEventListeners (node_modules/jsdom/lib/jsdom/living/events/EventTarget-impl.js:350:25)
      at invokeEventListeners (node_modules/jsdom/lib/jsdom/living/events/EventTarget-impl.js:286:3)
      at HTMLTextAreaElementImpl._dispatch (node_modules/jsdom/lib/jsdom/living/events/EventTarget-impl.js:233:9)
      at HTMLTextAreaElementImpl.dispatchEvent (node_modules/jsdom/lib/jsdom/living/events/EventTarget-impl.js:104:17)
      at HTMLTextAreaElement.dispatchEvent (node_modules/jsdom/lib/jsdom/living/generated/EventTarget.js:241:34)
      at node_modules/@testing-library/user-event/dist/cjs/event/dispatchEvent.js:45:43
      at Object.eventWrapper (node_modules/@testing-library/dom/dist/config.js:25:23)
      at Object.wrapEvent (node_modules/@testing-library/user-event/dist/cjs/event/wrapEvent.js:6:28)
      at Object.dispatchEvent (node_modules/@testing-library/user-event/dist/cjs/event/dispatchEvent.js:45:22)
      at Object.dispatchUIEvent (node_modules/@testing-library/user-event/dist/cjs/event/dispatchEvent.js:22:26)
      at commitInput (node_modules/@testing-library/user-event/dist/cjs/event/input.js:145:14)
      at editInputElement (node_modules/@testing-library/user-event/dist/cjs/event/input.js:115:9)
      at Object.input (node_modules/@testing-library/user-event/dist/cjs/event/input.js:37:9)
      at node_modules/@testing-library/user-event/dist/cjs/event/behavior/keypress.js:31:26
      at Object.dispatchEvent (node_modules/@testing-library/user-event/dist/cjs/event/dispatchEvent.js:41:13)
      at Object.dispatchUIEvent (node_modules/@testing-library/user-event/dist/cjs/event/dispatchEvent.js:22:26)
      at KeyboardHost.keydown (node_modules/@testing-library/user-event/dist/cjs/system/keyboard.js:76:22)
      at keyboardAction (node_modules/@testing-library/user-event/dist/cjs/keyboard/index.js:22:35)
      at Object.keyboard (node_modules/@testing-library/user-event/dist/cjs/keyboard/index.js:11:15)
      at Object.type (node_modules/@testing-library/user-event/dist/cjs/utility/type.js:17:5)
      at src/components/Contact/Contact.test.tsx:78:15
      at AsyncProperty.run (node_modules/fast-check/lib/check/property/AsyncProperty.generic.js:49:28)
      at asyncRunIt (node_modules/fast-check/lib/check/runner/Runner.js:37:21)
      at Object.<anonymous> (src/components/Contact/Contact.test.tsx:39:5)

    console.error
      Warning: An update to Contact inside a test was not wrapped in act(...).
      
      When testing, code that causes React state updates should be wrapped into act(...):
      
      act(() => {
        /* fire events that update state */
      });
      /* assert on the output */
      
      This ensures that you're testing the behavior the user would see in the browser. Learn more at https://reactjs.org/link/wrap-tests-with-act
          at Contact (/workspaces/netsanet-portfolio/src/components/Contact/Contact.tsx:17:44)

      51 |     
      52 |     if (!validation.isValid) {
    > 53 |       setFormState(prev => ({
         |       ^
      54 |         ...prev,
      55 |         errors: validation.fieldErrors
      56 |       }));

      at printWarning (node_modules/react-dom/cjs/react-dom.development.js:86:30)
      at error (node_modules/react-dom/cjs/react-dom.development.js:60:7)
      at warnIfUpdatesNotWrappedWithActDEV (node_modules/react-dom/cjs/react-dom.development.js:27628:9)
      at scheduleUpdateOnFiber (node_modules/react-dom/cjs/react-dom.development.js:25547:5)
      at dispatchSetState (node_modules/react-dom/cjs/react-dom.development.js:16708:7)
      at handleSubmit (src/components/Contact/Contact.tsx:53:7)
      at HTMLUnknownElement.callCallback (node_modules/react-dom/cjs/react-dom.development.js:4164:14)
      at HTMLUnknownElement.callTheUserObjectsOperation (node_modules/jsdom/lib/jsdom/living/generated/EventListener.js:26:30)
      at innerInvokeEventListeners (node_modules/jsdom/lib/jsdom/living/events/EventTarget-impl.js:350:25)
      at invokeEventListeners (node_modules/jsdom/lib/jsdom/living/events/EventTarget-impl.js:286:3)
      at HTMLUnknownElementImpl._dispatch (node_modules/jsdom/lib/jsdom/living/events/EventTarget-impl.js:233:9)
      at HTMLUnknownElementImpl.dispatchEvent (node_modules/jsdom/lib/jsdom/living/events/EventTarget-impl.js:104:17)
      at HTMLUnknownElement.dispatchEvent (node_modules/jsdom/lib/jsdom/living/generated/EventTarget.js:241:34)
      at Object.invokeGuardedCallbackDev (node_modules/react-dom/cjs/react-dom.development.js:4213:16)
      at invokeGuardedCallback (node_modules/react-dom/cjs/react-dom.development.js:4277:31)
      at invokeGuardedCallbackAndCatchFirstError (node_modules/react-dom/cjs/react-dom.development.js:4291:25)
      at executeDispatch (node_modules/react-dom/cjs/react-dom.development.js:9041:3)
      at processDispatchQueueItemsInOrder (node_modules/react-dom/cjs/react-dom.development.js:9073:7)
      at processDispatchQueue (node_modules/react-dom/cjs/react-dom.development.js:9086:5)
      at dispatchEventsForPlugins (node_modules/react-dom/cjs/react-dom.development.js:9097:3)
      at node_modules/react-dom/cjs/react-dom.development.js:9288:12
      at batchedUpdates$1 (node_modules/react-dom/cjs/react-dom.development.js:26179:12)
      at batchedUpdates (node_modules/react-dom/cjs/react-dom.development.js:3991:12)
      at dispatchEventForPluginEventSystem (node_modules/react-dom/cjs/react-dom.development.js:9287:3)
      at dispatchEventWithEnableCapturePhaseSelectiveHydrationWithoutDiscreteEventReplay (node_modules/react-dom/cjs/react-dom.development.js:6465:5)
      at dispatchEvent (node_modules/react-dom/cjs/react-dom.development.js:6457:5)
      at dispatchDiscreteEvent (node_modules/react-dom/cjs/react-dom.development.js:6430:5)
      at HTMLDivElement.callTheUserObjectsOperation (node_modules/jsdom/lib/jsdom/living/generated/EventListener.js:26:30)
      at innerInvokeEventListeners (node_modules/jsdom/lib/jsdom/living/events/EventTarget-impl.js:350:25)
      at invokeEventListeners (node_modules/jsdom/lib/jsdom/living/events/EventTarget-impl.js:286:3)
      at HTMLFormElementImpl._dispatch (node_modules/jsdom/lib/jsdom/living/events/EventTarget-impl.js:233:9)
      at fireAnEvent (node_modules/jsdom/lib/jsdom/living/helpers/events.js:18:36)
      at HTMLFormElementImpl.requestSubmit (node_modules/jsdom/lib/jsdom/living/nodes/HTMLFormElement-impl.js:109:10)
      at HTMLFormElementImpl._doRequestSubmit (node_modules/jsdom/lib/jsdom/living/nodes/HTMLFormElement-impl.js:79:10)
      at HTMLButtonElementImpl._activationBehavior (node_modules/jsdom/lib/jsdom/living/nodes/HTMLButtonElement-impl.js:23:14)
      at HTMLButtonElementImpl._dispatch (node_modules/jsdom/lib/jsdom/living/events/EventTarget-impl.js:252:26)
      at HTMLButtonElementImpl.dispatchEvent (node_modules/jsdom/lib/jsdom/living/events/EventTarget-impl.js:104:17)
      at HTMLButtonElement.dispatchEvent (node_modules/jsdom/lib/jsdom/living/generated/EventTarget.js:241:34)
      at node_modules/@testing-library/user-event/dist/cjs/event/dispatchEvent.js:45:43
      at Object.eventWrapper (node_modules/@testing-library/dom/dist/config.js:25:23)
      at Object.wrapEvent (node_modules/@testing-library/user-event/dist/cjs/event/wrapEvent.js:6:28)
      at Object.dispatchEvent (node_modules/@testing-library/user-event/dist/cjs/event/dispatchEvent.js:45:22)
      at Object.dispatchUIEvent (node_modules/@testing-library/user-event/dist/cjs/event/dispatchEvent.js:22:26)
      at Mouse.up (node_modules/@testing-library/user-event/dist/cjs/system/pointer/mouse.js:100:30)
      at PointerHost.release (node_modules/@testing-library/user-event/dist/cjs/system/pointer/index.js:87:24)
      at pointerAction (node_modules/@testing-library/user-event/dist/cjs/pointer/index.js:54:47)
      at Object.pointer (node_modules/@testing-library/user-event/dist/cjs/pointer/index.js:27:9)
      at src/components/Contact/Contact.test.tsx:82:13
      at AsyncProperty.run (node_modules/fast-check/lib/check/property/AsyncProperty.generic.js:49:28)
      at asyncRunIt (node_modules/fast-check/lib/check/runner/Runner.js:37:21)
      at Object.<anonymous> (src/components/Contact/Contact.test.tsx:39:5)

    console.error
      Warning: An update to Contact inside a test was not wrapped in act(...).
      
      When testing, code that causes React state updates should be wrapped into act(...):
      
      act(() => {
        /* fire events that update state */
      });
      /* assert on the output */
      
      This ensures that you're testing the behavior the user would see in the browser. Learn more at https://reactjs.org/link/wrap-tests-with-act
          at Contact (/workspaces/netsanet-portfolio/src/components/Contact/Contact.tsx:17:44)

      30 |
      31 |   const handleInputChange = (field: keyof ContactFormData, value: string) => {
    > 32 |     setFormState(prev => ({
         |     ^
      33 |       ...prev,
      34 |       data: {
      35 |         ...prev.data,

      at printWarning (node_modules/react-dom/cjs/react-dom.development.js:86:30)
      at error (node_modules/react-dom/cjs/react-dom.development.js:60:7)
      at warnIfUpdatesNotWrappedWithActDEV (node_modules/react-dom/cjs/react-dom.development.js:27628:9)
      at scheduleUpdateOnFiber (node_modules/react-dom/cjs/react-dom.development.js:25547:5)
      at dispatchSetState (node_modules/react-dom/cjs/react-dom.development.js:16708:7)
      at handleInputChange (src/components/Contact/Contact.tsx:32:5)
      at onChange (src/components/Contact/Contact.tsx:258:34)
      at HTMLUnknownElement.callCallback (node_modules/react-dom/cjs/react-dom.development.js:4164:14)
      at HTMLUnknownElement.callTheUserObjectsOperation (node_modules/jsdom/lib/jsdom/living/generated/EventListener.js:26:30)
      at innerInvokeEventListeners (node_modules/jsdom/lib/jsdom/living/events/EventTarget-impl.js:350:25)
      at invokeEventListeners (node_modules/jsdom/lib/jsdom/living/events/EventTarget-impl.js:286:3)
      at HTMLUnknownElementImpl._dispatch (node_modules/jsdom/lib/jsdom/living/events/EventTarget-impl.js:233:9)
      at HTMLUnknownElementImpl.dispatchEvent (node_modules/jsdom/lib/jsdom/living/events/EventTarget-impl.js:104:17)
      at HTMLUnknownElement.dispatchEvent (node_modules/jsdom/lib/jsdom/living/generated/EventTarget.js:241:34)
      at Object.invokeGuardedCallbackDev (node_modules/react-dom/cjs/react-dom.development.js:4213:16)
      at invokeGuardedCallback (node_modules/react-dom/cjs/react-dom.development.js:4277:31)
      at invokeGuardedCallbackAndCatchFirstError (node_modules/react-dom/cjs/react-dom.development.js:4291:25)
      at executeDispatch (node_modules/react-dom/cjs/react-dom.development.js:9041:3)
      at processDispatchQueueItemsInOrder (node_modules/react-dom/cjs/react-dom.development.js:9073:7)
      at processDispatchQueue (node_modules/react-dom/cjs/react-dom.development.js:9086:5)
      at dispatchEventsForPlugins (node_modules/react-dom/cjs/react-dom.development.js:9097:3)
      at node_modules/react-dom/cjs/react-dom.development.js:9288:12
      at batchedUpdates$1 (node_modules/react-dom/cjs/react-dom.development.js:26179:12)
      at batchedUpdates (node_modules/react-dom/cjs/react-dom.development.js:3991:12)
      at dispatchEventForPluginEventSystem (node_modules/react-dom/cjs/react-dom.development.js:9287:3)
      at dispatchEventWithEnableCapturePhaseSelectiveHydrationWithoutDiscreteEventReplay (node_modules/react-dom/cjs/react-dom.development.js:6465:5)
      at dispatchEvent (node_modules/react-dom/cjs/react-dom.development.js:6457:5)
      at dispatchDiscreteEvent (node_modules/react-dom/cjs/react-dom.development.js:6430:5)
      at HTMLDivElement.callTheUserObjectsOperation (node_modules/jsdom/lib/jsdom/living/generated/EventListener.js:26:30)
      at innerInvokeEventListeners (node_modules/jsdom/lib/jsdom/living/events/EventTarget-impl.js:350:25)
      at invokeEventListeners (node_modules/jsdom/lib/jsdom/living/events/EventTarget-impl.js:286:3)
      at HTMLInputElementImpl._dispatch (node_modules/jsdom/lib/jsdom/living/events/EventTarget-impl.js:233:9)
      at HTMLInputElementImpl.dispatchEvent (node_modules/jsdom/lib/jsdom/living/events/EventTarget-impl.js:104:17)
      at HTMLInputElement.dispatchEvent (node_modules/jsdom/lib/jsdom/living/generated/EventTarget.js:241:34)
      at node_modules/@testing-library/user-event/dist/cjs/event/dispatchEvent.js:45:43
      at Object.eventWrapper (node_modules/@testing-library/dom/dist/config.js:25:23)
      at Object.wrapEvent (node_modules/@testing-library/user-event/dist/cjs/event/wrapEvent.js:6:28)
      at Object.dispatchEvent (node_modules/@testing-library/user-event/dist/cjs/event/dispatchEvent.js:45:22)
      at Object.dispatchUIEvent (node_modules/@testing-library/user-event/dist/cjs/event/dispatchEvent.js:22:26)
      at commitInput (node_modules/@testing-library/user-event/dist/cjs/event/input.js:145:14)
      at editInputElement (node_modules/@testing-library/user-event/dist/cjs/event/input.js:115:9)
      at Object.input (node_modules/@testing-library/user-event/dist/cjs/event/input.js:37:9)
      at node_modules/@testing-library/user-event/dist/cjs/event/behavior/keypress.js:31:26
      at Object.dispatchEvent (node_modules/@testing-library/user-event/dist/cjs/event/dispatchEvent.js:41:13)
      at Object.dispatchUIEvent (node_modules/@testing-library/user-event/dist/cjs/event/dispatchEvent.js:22:26)
      at KeyboardHost.keydown (node_modules/@testing-library/user-event/dist/cjs/system/keyboard.js:76:22)
      at keyboardAction (node_modules/@testing-library/user-event/dist/cjs/keyboard/index.js:22:35)
      at Object.keyboard (node_modules/@testing-library/user-event/dist/cjs/keyboard/index.js:11:15)
      at Object.type (node_modules/@testing-library/user-event/dist/cjs/utility/type.js:17:5)
      at src/components/Contact/Contact.test.tsx:68:15
      at AsyncProperty.run (node_modules/fast-check/lib/check/property/AsyncProperty.generic.js:49:28)
      at asyncRunIt (node_modules/fast-check/lib/check/runner/Runner.js:37:21)
      at Object.<anonymous> (src/components/Contact/Contact.test.tsx:39:5)

    console.error
      Warning: An update to Contact inside a test was not wrapped in act(...).
      
      When testing, code that causes React state updates should be wrapped into act(...):
      
      act(() => {
        /* fire events that update state */
      });
      /* assert on the output */
      
      This ensures that you're testing the behavior the user would see in the browser. Learn more at https://reactjs.org/link/wrap-tests-with-act
          at Contact (/workspaces/netsanet-portfolio/src/components/Contact/Contact.tsx:17:44)

      30 |
      31 |   const handleInputChange = (field: keyof ContactFormData, value: string) => {
    > 32 |     setFormState(prev => ({
         |     ^
      33 |       ...prev,
      34 |       data: {
      35 |         ...prev.data,

      at printWarning (node_modules/react-dom/cjs/react-dom.development.js:86:30)
      at error (node_modules/react-dom/cjs/react-dom.development.js:60:7)
      at warnIfUpdatesNotWrappedWithActDEV (node_modules/react-dom/cjs/react-dom.development.js:27628:9)
      at scheduleUpdateOnFiber (node_modules/react-dom/cjs/react-dom.development.js:25547:5)
      at dispatchSetState (node_modules/react-dom/cjs/react-dom.development.js:16708:7)
      at handleInputChange (src/components/Contact/Contact.tsx:32:5)
      at onChange (src/components/Contact/Contact.tsx:258:34)
      at HTMLUnknownElement.callCallback (node_modules/react-dom/cjs/react-dom.development.js:4164:14)
      at HTMLUnknownElement.callTheUserObjectsOperation (node_modules/jsdom/lib/jsdom/living/generated/EventListener.js:26:30)
      at innerInvokeEventListeners (node_modules/jsdom/lib/jsdom/living/events/EventTarget-impl.js:350:25)
      at invokeEventListeners (node_modules/jsdom/lib/jsdom/living/events/EventTarget-impl.js:286:3)
      at HTMLUnknownElementImpl._dispatch (node_modules/jsdom/lib/jsdom/living/events/EventTarget-impl.js:233:9)
      at HTMLUnknownElementImpl.dispatchEvent (node_modules/jsdom/lib/jsdom/living/events/EventTarget-impl.js:104:17)
      at HTMLUnknownElement.dispatchEvent (node_modules/jsdom/lib/jsdom/living/generated/EventTarget.js:241:34)
      at Object.invokeGuardedCallbackDev (node_modules/react-dom/cjs/react-dom.development.js:4213:16)
      at invokeGuardedCallback (node_modules/react-dom/cjs/react-dom.development.js:4277:31)
      at invokeGuardedCallbackAndCatchFirstError (node_modules/react-dom/cjs/react-dom.development.js:4291:25)
      at executeDispatch (node_modules/react-dom/cjs/react-dom.development.js:9041:3)
      at processDispatchQueueItemsInOrder (node_modules/react-dom/cjs/react-dom.development.js:9073:7)
      at processDispatchQueue (node_modules/react-dom/cjs/react-dom.development.js:9086:5)
      at dispatchEventsForPlugins (node_modules/react-dom/cjs/react-dom.development.js:9097:3)
      at node_modules/react-dom/cjs/react-dom.development.js:9288:12
      at batchedUpdates$1 (node_modules/react-dom/cjs/react-dom.development.js:26179:12)
      at batchedUpdates (node_modules/react-dom/cjs/react-dom.development.js:3991:12)
      at dispatchEventForPluginEventSystem (node_modules/react-dom/cjs/react-dom.development.js:9287:3)
      at dispatchEventWithEnableCapturePhaseSelectiveHydrationWithoutDiscreteEventReplay (node_modules/react-dom/cjs/react-dom.development.js:6465:5)
      at dispatchEvent (node_modules/react-dom/cjs/react-dom.development.js:6457:5)
      at dispatchDiscreteEvent (node_modules/react-dom/cjs/react-dom.development.js:6430:5)
      at HTMLDivElement.callTheUserObjectsOperation (node_modules/jsdom/lib/jsdom/living/generated/EventListener.js:26:30)
      at innerInvokeEventListeners (node_modules/jsdom/lib/jsdom/living/events/EventTarget-impl.js:350:25)
      at invokeEventListeners (node_modules/jsdom/lib/jsdom/living/events/EventTarget-impl.js:286:3)
      at HTMLInputElementImpl._dispatch (node_modules/jsdom/lib/jsdom/living/events/EventTarget-impl.js:233:9)
      at HTMLInputElementImpl.dispatchEvent (node_modules/jsdom/lib/jsdom/living/events/EventTarget-impl.js:104:17)
      at HTMLInputElement.dispatchEvent (node_modules/jsdom/lib/jsdom/living/generated/EventTarget.js:241:34)
      at node_modules/@testing-library/user-event/dist/cjs/event/dispatchEvent.js:45:43
      at Object.eventWrapper (node_modules/@testing-library/dom/dist/config.js:25:23)
      at Object.wrapEvent (node_modules/@testing-library/user-event/dist/cjs/event/wrapEvent.js:6:28)
      at Object.dispatchEvent (node_modules/@testing-library/user-event/dist/cjs/event/dispatchEvent.js:45:22)
      at Object.dispatchUIEvent (node_modules/@testing-library/user-event/dist/cjs/event/dispatchEvent.js:22:26)
      at commitInput (node_modules/@testing-library/user-event/dist/cjs/event/input.js:145:14)
      at editInputElement (node_modules/@testing-library/user-event/dist/cjs/event/input.js:115:9)
      at Object.input (node_modules/@testing-library/user-event/dist/cjs/event/input.js:37:9)
      at node_modules/@testing-library/user-event/dist/cjs/event/behavior/keypress.js:31:26
      at Object.dispatchEvent (node_modules/@testing-library/user-event/dist/cjs/event/dispatchEvent.js:41:13)
      at Object.dispatchUIEvent (node_modules/@testing-library/user-event/dist/cjs/event/dispatchEvent.js:22:26)
      at KeyboardHost.keydown (node_modules/@testing-library/user-event/dist/cjs/system/keyboard.js:76:22)
      at keyboardAction (node_modules/@testing-library/user-event/dist/cjs/keyboard/index.js:22:35)
      at Object.keyboard (node_modules/@testing-library/user-event/dist/cjs/keyboard/index.js:11:15)
      at Object.type (node_modules/@testing-library/user-event/dist/cjs/utility/type.js:17:5)
      at src/components/Contact/Contact.test.tsx:68:15
      at AsyncProperty.run (node_modules/fast-check/lib/check/property/AsyncProperty.generic.js:49:28)
      at asyncRunIt (node_modules/fast-check/lib/check/runner/Runner.js:37:21)
      at Object.<anonymous> (src/components/Contact/Contact.test.tsx:39:5)

    console.error
      Warning: An update to Contact inside a test was not wrapped in act(...).
      
      When testing, code that causes React state updates should be wrapped into act(...):
      
      act(() => {
        /* fire events that update state */
      });
      /* assert on the output */
      
      This ensures that you're testing the behavior the user would see in the browser. Learn more at https://reactjs.org/link/wrap-tests-with-act
          at Contact (/workspaces/netsanet-portfolio/src/components/Contact/Contact.tsx:17:44)

      30 |
      31 |   const handleInputChange = (field: keyof ContactFormData, value: string) => {
    > 32 |     setFormState(prev => ({
         |     ^
      33 |       ...prev,
      34 |       data: {
      35 |         ...prev.data,

      at printWarning (node_modules/react-dom/cjs/react-dom.development.js:86:30)
      at error (node_modules/react-dom/cjs/react-dom.development.js:60:7)
      at warnIfUpdatesNotWrappedWithActDEV (node_modules/react-dom/cjs/react-dom.development.js:27628:9)
      at scheduleUpdateOnFiber (node_modules/react-dom/cjs/react-dom.development.js:25547:5)
      at dispatchSetState (node_modules/react-dom/cjs/react-dom.development.js:16708:7)
      at handleInputChange (src/components/Contact/Contact.tsx:32:5)
      at onChange (src/components/Contact/Contact.tsx:280:34)
      at HTMLUnknownElement.callCallback (node_modules/react-dom/cjs/react-dom.development.js:4164:14)
      at HTMLUnknownElement.callTheUserObjectsOperation (node_modules/jsdom/lib/jsdom/living/generated/EventListener.js:26:30)
      at innerInvokeEventListeners (node_modules/jsdom/lib/jsdom/living/events/EventTarget-impl.js:350:25)
      at invokeEventListeners (node_modules/jsdom/lib/jsdom/living/events/EventTarget-impl.js:286:3)
      at HTMLUnknownElementImpl._dispatch (node_modules/jsdom/lib/jsdom/living/events/EventTarget-impl.js:233:9)
      at HTMLUnknownElementImpl.dispatchEvent (node_modules/jsdom/lib/jsdom/living/events/EventTarget-impl.js:104:17)
      at HTMLUnknownElement.dispatchEvent (node_modules/jsdom/lib/jsdom/living/generated/EventTarget.js:241:34)
      at Object.invokeGuardedCallbackDev (node_modules/react-dom/cjs/react-dom.development.js:4213:16)
      at invokeGuardedCallback (node_modules/react-dom/cjs/react-dom.development.js:4277:31)
      at invokeGuardedCallbackAndCatchFirstError (node_modules/react-dom/cjs/react-dom.development.js:4291:25)
      at executeDispatch (node_modules/react-dom/cjs/react-dom.development.js:9041:3)
      at processDispatchQueueItemsInOrder (node_modules/react-dom/cjs/react-dom.development.js:9073:7)
      at processDispatchQueue (node_modules/react-dom/cjs/react-dom.development.js:9086:5)
      at dispatchEventsForPlugins (node_modules/react-dom/cjs/react-dom.development.js:9097:3)
      at node_modules/react-dom/cjs/react-dom.development.js:9288:12
      at batchedUpdates$1 (node_modules/react-dom/cjs/react-dom.development.js:26179:12)
      at batchedUpdates (node_modules/react-dom/cjs/react-dom.development.js:3991:12)
      at dispatchEventForPluginEventSystem (node_modules/react-dom/cjs/react-dom.development.js:9287:3)
      at dispatchEventWithEnableCapturePhaseSelectiveHydrationWithoutDiscreteEventReplay (node_modules/react-dom/cjs/react-dom.development.js:6465:5)
      at dispatchEvent (node_modules/react-dom/cjs/react-dom.development.js:6457:5)
      at dispatchDiscreteEvent (node_modules/react-dom/cjs/react-dom.development.js:6430:5)
      at HTMLDivElement.callTheUserObjectsOperation (node_modules/jsdom/lib/jsdom/living/generated/EventListener.js:26:30)
      at innerInvokeEventListeners (node_modules/jsdom/lib/jsdom/living/events/EventTarget-impl.js:350:25)
      at invokeEventListeners (node_modules/jsdom/lib/jsdom/living/events/EventTarget-impl.js:286:3)
      at HTMLInputElementImpl._dispatch (node_modules/jsdom/lib/jsdom/living/events/EventTarget-impl.js:233:9)
      at HTMLInputElementImpl.dispatchEvent (node_modules/jsdom/lib/jsdom/living/events/EventTarget-impl.js:104:17)
      at HTMLInputElement.dispatchEvent (node_modules/jsdom/lib/jsdom/living/generated/EventTarget.js:241:34)
      at node_modules/@testing-library/user-event/dist/cjs/event/dispatchEvent.js:45:43
      at Object.eventWrapper (node_modules/@testing-library/dom/dist/config.js:25:23)
      at Object.wrapEvent (node_modules/@testing-library/user-event/dist/cjs/event/wrapEvent.js:6:28)
      at Object.dispatchEvent (node_modules/@testing-library/user-event/dist/cjs/event/dispatchEvent.js:45:22)
      at Object.dispatchUIEvent (node_modules/@testing-library/user-event/dist/cjs/event/dispatchEvent.js:22:26)
      at commitInput (node_modules/@testing-library/user-event/dist/cjs/event/input.js:145:14)
      at editInputElement (node_modules/@testing-library/user-event/dist/cjs/event/input.js:115:9)
      at Object.input (node_modules/@testing-library/user-event/dist/cjs/event/input.js:37:9)
      at node_modules/@testing-library/user-event/dist/cjs/event/behavior/keypress.js:31:26
      at Object.dispatchEvent (node_modules/@testing-library/user-event/dist/cjs/event/dispatchEvent.js:41:13)
      at Object.dispatchUIEvent (node_modules/@testing-library/user-event/dist/cjs/event/dispatchEvent.js:22:26)
      at KeyboardHost.keydown (node_modules/@testing-library/user-event/dist/cjs/system/keyboard.js:76:22)
      at keyboardAction (node_modules/@testing-library/user-event/dist/cjs/keyboard/index.js:22:35)
      at Object.keyboard (node_modules/@testing-library/user-event/dist/cjs/keyboard/index.js:11:15)
      at Object.type (node_modules/@testing-library/user-event/dist/cjs/utility/type.js:17:5)
      at src/components/Contact/Contact.test.tsx:73:15
      at AsyncProperty.run (node_modules/fast-check/lib/check/property/AsyncProperty.generic.js:49:28)
      at asyncRunIt (node_modules/fast-check/lib/check/runner/Runner.js:37:21)
      at Object.<anonymous> (src/components/Contact/Contact.test.tsx:39:5)

    console.error
      Warning: An update to Contact inside a test was not wrapped in act(...).
      
      When testing, code that causes React state updates should be wrapped into act(...):
      
      act(() => {
        /* fire events that update state */
      });
      /* assert on the output */
      
      This ensures that you're testing the behavior the user would see in the browser. Learn more at https://reactjs.org/link/wrap-tests-with-act
          at Contact (/workspaces/netsanet-portfolio/src/components/Contact/Contact.tsx:17:44)

      30 |
      31 |   const handleInputChange = (field: keyof ContactFormData, value: string) => {
    > 32 |     setFormState(prev => ({
         |     ^
      33 |       ...prev,
      34 |       data: {
      35 |         ...prev.data,

      at printWarning (node_modules/react-dom/cjs/react-dom.development.js:86:30)
      at error (node_modules/react-dom/cjs/react-dom.development.js:60:7)
      at warnIfUpdatesNotWrappedWithActDEV (node_modules/react-dom/cjs/react-dom.development.js:27628:9)
      at scheduleUpdateOnFiber (node_modules/react-dom/cjs/react-dom.development.js:25547:5)
      at dispatchSetState (node_modules/react-dom/cjs/react-dom.development.js:16708:7)
      at handleInputChange (src/components/Contact/Contact.tsx:32:5)
      at onChange (src/components/Contact/Contact.tsx:280:34)
      at HTMLUnknownElement.callCallback (node_modules/react-dom/cjs/react-dom.development.js:4164:14)
      at HTMLUnknownElement.callTheUserObjectsOperation (node_modules/jsdom/lib/jsdom/living/generated/EventListener.js:26:30)
      at innerInvokeEventListeners (node_modules/jsdom/lib/jsdom/living/events/EventTarget-impl.js:350:25)
      at invokeEventListeners (node_modules/jsdom/lib/jsdom/living/events/EventTarget-impl.js:286:3)
      at HTMLUnknownElementImpl._dispatch (node_modules/jsdom/lib/jsdom/living/events/EventTarget-impl.js:233:9)
      at HTMLUnknownElementImpl.dispatchEvent (node_modules/jsdom/lib/jsdom/living/events/EventTarget-impl.js:104:17)
      at HTMLUnknownElement.dispatchEvent (node_modules/jsdom/lib/jsdom/living/generated/EventTarget.js:241:34)
      at Object.invokeGuardedCallbackDev (node_modules/react-dom/cjs/react-dom.development.js:4213:16)
      at invokeGuardedCallback (node_modules/react-dom/cjs/react-dom.development.js:4277:31)
      at invokeGuardedCallbackAndCatchFirstError (node_modules/react-dom/cjs/react-dom.development.js:4291:25)
      at executeDispatch (node_modules/react-dom/cjs/react-dom.development.js:9041:3)
      at processDispatchQueueItemsInOrder (node_modules/react-dom/cjs/react-dom.development.js:9073:7)
      at processDispatchQueue (node_modules/react-dom/cjs/react-dom.development.js:9086:5)
      at dispatchEventsForPlugins (node_modules/react-dom/cjs/react-dom.development.js:9097:3)
      at node_modules/react-dom/cjs/react-dom.development.js:9288:12
      at batchedUpdates$1 (node_modules/react-dom/cjs/react-dom.development.js:26179:12)
      at batchedUpdates (node_modules/react-dom/cjs/react-dom.development.js:3991:12)
      at dispatchEventForPluginEventSystem (node_modules/react-dom/cjs/react-dom.development.js:9287:3)
      at dispatchEventWithEnableCapturePhaseSelectiveHydrationWithoutDiscreteEventReplay (node_modules/react-dom/cjs/react-dom.development.js:6465:5)
      at dispatchEvent (node_modules/react-dom/cjs/react-dom.development.js:6457:5)
      at dispatchDiscreteEvent (node_modules/react-dom/cjs/react-dom.development.js:6430:5)
      at HTMLDivElement.callTheUserObjectsOperation (node_modules/jsdom/lib/jsdom/living/generated/EventListener.js:26:30)
      at innerInvokeEventListeners (node_modules/jsdom/lib/jsdom/living/events/EventTarget-impl.js:350:25)
      at invokeEventListeners (node_modules/jsdom/lib/jsdom/living/events/EventTarget-impl.js:286:3)
      at HTMLInputElementImpl._dispatch (node_modules/jsdom/lib/jsdom/living/events/EventTarget-impl.js:233:9)
      at HTMLInputElementImpl.dispatchEvent (node_modules/jsdom/lib/jsdom/living/events/EventTarget-impl.js:104:17)
      at HTMLInputElement.dispatchEvent (node_modules/jsdom/lib/jsdom/living/generated/EventTarget.js:241:34)
      at node_modules/@testing-library/user-event/dist/cjs/event/dispatchEvent.js:45:43
      at Object.eventWrapper (node_modules/@testing-library/dom/dist/config.js:25:23)
      at Object.wrapEvent (node_modules/@testing-library/user-event/dist/cjs/event/wrapEvent.js:6:28)
      at Object.dispatchEvent (node_modules/@testing-library/user-event/dist/cjs/event/dispatchEvent.js:45:22)
      at Object.dispatchUIEvent (node_modules/@testing-library/user-event/dist/cjs/event/dispatchEvent.js:22:26)
      at commitInput (node_modules/@testing-library/user-event/dist/cjs/event/input.js:145:14)
      at editInputElement (node_modules/@testing-library/user-event/dist/cjs/event/input.js:115:9)
      at Object.input (node_modules/@testing-library/user-event/dist/cjs/event/input.js:37:9)
      at node_modules/@testing-library/user-event/dist/cjs/event/behavior/keypress.js:31:26
      at Object.dispatchEvent (node_modules/@testing-library/user-event/dist/cjs/event/dispatchEvent.js:41:13)
      at Object.dispatchUIEvent (node_modules/@testing-library/user-event/dist/cjs/event/dispatchEvent.js:22:26)
      at KeyboardHost.keydown (node_modules/@testing-library/user-event/dist/cjs/system/keyboard.js:76:22)
      at keyboardAction (node_modules/@testing-library/user-event/dist/cjs/keyboard/index.js:22:35)
      at Object.keyboard (node_modules/@testing-library/user-event/dist/cjs/keyboard/index.js:11:15)
      at Object.type (node_modules/@testing-library/user-event/dist/cjs/utility/type.js:17:5)
      at src/components/Contact/Contact.test.tsx:73:15
      at AsyncProperty.run (node_modules/fast-check/lib/check/property/AsyncProperty.generic.js:49:28)
      at asyncRunIt (node_modules/fast-check/lib/check/runner/Runner.js:37:21)
      at Object.<anonymous> (src/components/Contact/Contact.test.tsx:39:5)

    console.error
      Warning: An update to Contact inside a test was not wrapped in act(...).
      
      When testing, code that causes React state updates should be wrapped into act(...):
      
      act(() => {
        /* fire events that update state */
      });
      /* assert on the output */
      
      This ensures that you're testing the behavior the user would see in the browser. Learn more at https://reactjs.org/link/wrap-tests-with-act
          at Contact (/workspaces/netsanet-portfolio/src/components/Contact/Contact.tsx:17:44)

      30 |
      31 |   const handleInputChange = (field: keyof ContactFormData, value: string) => {
    > 32 |     setFormState(prev => ({
         |     ^
      33 |       ...prev,
      34 |       data: {
      35 |         ...prev.data,

      at printWarning (node_modules/react-dom/cjs/react-dom.development.js:86:30)
      at error (node_modules/react-dom/cjs/react-dom.development.js:60:7)
      at warnIfUpdatesNotWrappedWithActDEV (node_modules/react-dom/cjs/react-dom.development.js:27628:9)
      at scheduleUpdateOnFiber (node_modules/react-dom/cjs/react-dom.development.js:25547:5)
      at dispatchSetState (node_modules/react-dom/cjs/react-dom.development.js:16708:7)
      at handleInputChange (src/components/Contact/Contact.tsx:32:5)
      at onChange (src/components/Contact/Contact.tsx:280:34)
      at HTMLUnknownElement.callCallback (node_modules/react-dom/cjs/react-dom.development.js:4164:14)
      at HTMLUnknownElement.callTheUserObjectsOperation (node_modules/jsdom/lib/jsdom/living/generated/EventListener.js:26:30)
      at innerInvokeEventListeners (node_modules/jsdom/lib/jsdom/living/events/EventTarget-impl.js:350:25)
      at invokeEventListeners (node_modules/jsdom/lib/jsdom/living/events/EventTarget-impl.js:286:3)
      at HTMLUnknownElementImpl._dispatch (node_modules/jsdom/lib/jsdom/living/events/EventTarget-impl.js:233:9)
      at HTMLUnknownElementImpl.dispatchEvent (node_modules/jsdom/lib/jsdom/living/events/EventTarget-impl.js:104:17)
      at HTMLUnknownElement.dispatchEvent (node_modules/jsdom/lib/jsdom/living/generated/EventTarget.js:241:34)
      at Object.invokeGuardedCallbackDev (node_modules/react-dom/cjs/react-dom.development.js:4213:16)
      at invokeGuardedCallback (node_modules/react-dom/cjs/react-dom.development.js:4277:31)
      at invokeGuardedCallbackAndCatchFirstError (node_modules/react-dom/cjs/react-dom.development.js:4291:25)
      at executeDispatch (node_modules/react-dom/cjs/react-dom.development.js:9041:3)
      at processDispatchQueueItemsInOrder (node_modules/react-dom/cjs/react-dom.development.js:9073:7)
      at processDispatchQueue (node_modules/react-dom/cjs/react-dom.development.js:9086:5)
      at dispatchEventsForPlugins (node_modules/react-dom/cjs/react-dom.development.js:9097:3)
      at node_modules/react-dom/cjs/react-dom.development.js:9288:12
      at batchedUpdates$1 (node_modules/react-dom/cjs/react-dom.development.js:26179:12)
      at batchedUpdates (node_modules/react-dom/cjs/react-dom.development.js:3991:12)
      at dispatchEventForPluginEventSystem (node_modules/react-dom/cjs/react-dom.development.js:9287:3)
      at dispatchEventWithEnableCapturePhaseSelectiveHydrationWithoutDiscreteEventReplay (node_modules/react-dom/cjs/react-dom.development.js:6465:5)
      at dispatchEvent (node_modules/react-dom/cjs/react-dom.development.js:6457:5)
      at dispatchDiscreteEvent (node_modules/react-dom/cjs/react-dom.development.js:6430:5)
      at HTMLDivElement.callTheUserObjectsOperation (node_modules/jsdom/lib/jsdom/living/generated/EventListener.js:26:30)
      at innerInvokeEventListeners (node_modules/jsdom/lib/jsdom/living/events/EventTarget-impl.js:350:25)
      at invokeEventListeners (node_modules/jsdom/lib/jsdom/living/events/EventTarget-impl.js:286:3)
      at HTMLInputElementImpl._dispatch (node_modules/jsdom/lib/jsdom/living/events/EventTarget-impl.js:233:9)
      at HTMLInputElementImpl.dispatchEvent (node_modules/jsdom/lib/jsdom/living/events/EventTarget-impl.js:104:17)
      at HTMLInputElement.dispatchEvent (node_modules/jsdom/lib/jsdom/living/generated/EventTarget.js:241:34)
      at node_modules/@testing-library/user-event/dist/cjs/event/dispatchEvent.js:45:43
      at Object.eventWrapper (node_modules/@testing-library/dom/dist/config.js:25:23)
      at Object.wrapEvent (node_modules/@testing-library/user-event/dist/cjs/event/wrapEvent.js:6:28)
      at Object.dispatchEvent (node_modules/@testing-library/user-event/dist/cjs/event/dispatchEvent.js:45:22)
      at Object.dispatchUIEvent (node_modules/@testing-library/user-event/dist/cjs/event/dispatchEvent.js:22:26)
      at commitInput (node_modules/@testing-library/user-event/dist/cjs/event/input.js:145:14)
      at editInputElement (node_modules/@testing-library/user-event/dist/cjs/event/input.js:115:9)
      at Object.input (node_modules/@testing-library/user-event/dist/cjs/event/input.js:37:9)
      at node_modules/@testing-library/user-event/dist/cjs/event/behavior/keypress.js:31:26
      at Object.dispatchEvent (node_modules/@testing-library/user-event/dist/cjs/event/dispatchEvent.js:41:13)
      at Object.dispatchUIEvent (node_modules/@testing-library/user-event/dist/cjs/event/dispatchEvent.js:22:26)
      at KeyboardHost.keydown (node_modules/@testing-library/user-event/dist/cjs/system/keyboard.js:76:22)
      at keyboardAction (node_modules/@testing-library/user-event/dist/cjs/keyboard/index.js:22:35)
      at Object.keyboard (node_modules/@testing-library/user-event/dist/cjs/keyboard/index.js:11:15)
      at Object.type (node_modules/@testing-library/user-event/dist/cjs/utility/type.js:17:5)
      at src/components/Contact/Contact.test.tsx:73:15
      at AsyncProperty.run (node_modules/fast-check/lib/check/property/AsyncProperty.generic.js:49:28)
      at asyncRunIt (node_modules/fast-check/lib/check/runner/Runner.js:37:21)
      at Object.<anonymous> (src/components/Contact/Contact.test.tsx:39:5)

    console.error
      Warning: An update to Contact inside a test was not wrapped in act(...).
      
      When testing, code that causes React state updates should be wrapped into act(...):
      
      act(() => {
        /* fire events that update state */
      });
      /* assert on the output */
      
      This ensures that you're testing the behavior the user would see in the browser. Learn more at https://reactjs.org/link/wrap-tests-with-act
          at Contact (/workspaces/netsanet-portfolio/src/components/Contact/Contact.tsx:17:44)

      30 |
      31 |   const handleInputChange = (field: keyof ContactFormData, value: string) => {
    > 32 |     setFormState(prev => ({
         |     ^
      33 |       ...prev,
      34 |       data: {
      35 |         ...prev.data,

      at printWarning (node_modules/react-dom/cjs/react-dom.development.js:86:30)
      at error (node_modules/react-dom/cjs/react-dom.development.js:60:7)
      at warnIfUpdatesNotWrappedWithActDEV (node_modules/react-dom/cjs/react-dom.development.js:27628:9)
      at scheduleUpdateOnFiber (node_modules/react-dom/cjs/react-dom.development.js:25547:5)
      at dispatchSetState (node_modules/react-dom/cjs/react-dom.development.js:16708:7)
      at handleInputChange (src/components/Contact/Contact.tsx:32:5)
      at onChange (src/components/Contact/Contact.tsx:280:34)
      at HTMLUnknownElement.callCallback (node_modules/react-dom/cjs/react-dom.development.js:4164:14)
      at HTMLUnknownElement.callTheUserObjectsOperation (node_modules/jsdom/lib/jsdom/living/generated/EventListener.js:26:30)
      at innerInvokeEventListeners (node_modules/jsdom/lib/jsdom/living/events/EventTarget-impl.js:350:25)
      at invokeEventListeners (node_modules/jsdom/lib/jsdom/living/events/EventTarget-impl.js:286:3)
      at HTMLUnknownElementImpl._dispatch (node_modules/jsdom/lib/jsdom/living/events/EventTarget-impl.js:233:9)
      at HTMLUnknownElementImpl.dispatchEvent (node_modules/jsdom/lib/jsdom/living/events/EventTarget-impl.js:104:17)
      at HTMLUnknownElement.dispatchEvent (node_modules/jsdom/lib/jsdom/living/generated/EventTarget.js:241:34)
      at Object.invokeGuardedCallbackDev (node_modules/react-dom/cjs/react-dom.development.js:4213:16)
      at invokeGuardedCallback (node_modules/react-dom/cjs/react-dom.development.js:4277:31)
      at invokeGuardedCallbackAndCatchFirstError (node_modules/react-dom/cjs/react-dom.development.js:4291:25)
      at executeDispatch (node_modules/react-dom/cjs/react-dom.development.js:9041:3)
      at processDispatchQueueItemsInOrder (node_modules/react-dom/cjs/react-dom.development.js:9073:7)
      at processDispatchQueue (node_modules/react-dom/cjs/react-dom.development.js:9086:5)
      at dispatchEventsForPlugins (node_modules/react-dom/cjs/react-dom.development.js:9097:3)
      at node_modules/react-dom/cjs/react-dom.development.js:9288:12
      at batchedUpdates$1 (node_modules/react-dom/cjs/react-dom.development.js:26179:12)
      at batchedUpdates (node_modules/react-dom/cjs/react-dom.development.js:3991:12)
      at dispatchEventForPluginEventSystem (node_modules/react-dom/cjs/react-dom.development.js:9287:3)
      at dispatchEventWithEnableCapturePhaseSelectiveHydrationWithoutDiscreteEventReplay (node_modules/react-dom/cjs/react-dom.development.js:6465:5)
      at dispatchEvent (node_modules/react-dom/cjs/react-dom.development.js:6457:5)
      at dispatchDiscreteEvent (node_modules/react-dom/cjs/react-dom.development.js:6430:5)
      at HTMLDivElement.callTheUserObjectsOperation (node_modules/jsdom/lib/jsdom/living/generated/EventListener.js:26:30)
      at innerInvokeEventListeners (node_modules/jsdom/lib/jsdom/living/events/EventTarget-impl.js:350:25)
      at invokeEventListeners (node_modules/jsdom/lib/jsdom/living/events/EventTarget-impl.js:286:3)
      at HTMLInputElementImpl._dispatch (node_modules/jsdom/lib/jsdom/living/events/EventTarget-impl.js:233:9)
      at HTMLInputElementImpl.dispatchEvent (node_modules/jsdom/lib/jsdom/living/events/EventTarget-impl.js:104:17)
      at HTMLInputElement.dispatchEvent (node_modules/jsdom/lib/jsdom/living/generated/EventTarget.js:241:34)
      at node_modules/@testing-library/user-event/dist/cjs/event/dispatchEvent.js:45:43
      at Object.eventWrapper (node_modules/@testing-library/dom/dist/config.js:25:23)
      at Object.wrapEvent (node_modules/@testing-library/user-event/dist/cjs/event/wrapEvent.js:6:28)
      at Object.dispatchEvent (node_modules/@testing-library/user-event/dist/cjs/event/dispatchEvent.js:45:22)
      at Object.dispatchUIEvent (node_modules/@testing-library/user-event/dist/cjs/event/dispatchEvent.js:22:26)
      at commitInput (node_modules/@testing-library/user-event/dist/cjs/event/input.js:145:14)
      at editInputElement (node_modules/@testing-library/user-event/dist/cjs/event/input.js:115:9)
      at Object.input (node_modules/@testing-library/user-event/dist/cjs/event/input.js:37:9)
      at node_modules/@testing-library/user-event/dist/cjs/event/behavior/keypress.js:31:26
      at Object.dispatchEvent (node_modules/@testing-library/user-event/dist/cjs/event/dispatchEvent.js:41:13)
      at Object.dispatchUIEvent (node_modules/@testing-library/user-event/dist/cjs/event/dispatchEvent.js:22:26)
      at KeyboardHost.keydown (node_modules/@testing-library/user-event/dist/cjs/system/keyboard.js:76:22)
      at keyboardAction (node_modules/@testing-library/user-event/dist/cjs/keyboard/index.js:22:35)
      at Object.keyboard (node_modules/@testing-library/user-event/dist/cjs/keyboard/index.js:11:15)
      at Object.type (node_modules/@testing-library/user-event/dist/cjs/utility/type.js:17:5)
      at src/components/Contact/Contact.test.tsx:73:15
      at AsyncProperty.run (node_modules/fast-check/lib/check/property/AsyncProperty.generic.js:49:28)
      at asyncRunIt (node_modules/fast-check/lib/check/runner/Runner.js:37:21)
      at Object.<anonymous> (src/components/Contact/Contact.test.tsx:39:5)

    console.error
      Warning: An update to Contact inside a test was not wrapped in act(...).
      
      When testing, code that causes React state updates should be wrapped into act(...):
      
      act(() => {
        /* fire events that update state */
      });
      /* assert on the output */
      
      This ensures that you're testing the behavior the user would see in the browser. Learn more at https://reactjs.org/link/wrap-tests-with-act
          at Contact (/workspaces/netsanet-portfolio/src/components/Contact/Contact.tsx:17:44)

      30 |
      31 |   const handleInputChange = (field: keyof ContactFormData, value: string) => {
    > 32 |     setFormState(prev => ({
         |     ^
      33 |       ...prev,
      34 |       data: {
      35 |         ...prev.data,

      at printWarning (node_modules/react-dom/cjs/react-dom.development.js:86:30)
      at error (node_modules/react-dom/cjs/react-dom.development.js:60:7)
      at warnIfUpdatesNotWrappedWithActDEV (node_modules/react-dom/cjs/react-dom.development.js:27628:9)
      at scheduleUpdateOnFiber (node_modules/react-dom/cjs/react-dom.development.js:25547:5)
      at dispatchSetState (node_modules/react-dom/cjs/react-dom.development.js:16708:7)
      at handleInputChange (src/components/Contact/Contact.tsx:32:5)
      at onChange (src/components/Contact/Contact.tsx:280:34)
      at HTMLUnknownElement.callCallback (node_modules/react-dom/cjs/react-dom.development.js:4164:14)
      at HTMLUnknownElement.callTheUserObjectsOperation (node_modules/jsdom/lib/jsdom/living/generated/EventListener.js:26:30)
      at innerInvokeEventListeners (node_modules/jsdom/lib/jsdom/living/events/EventTarget-impl.js:350:25)
      at invokeEventListeners (node_modules/jsdom/lib/jsdom/living/events/EventTarget-impl.js:286:3)
      at HTMLUnknownElementImpl._dispatch (node_modules/jsdom/lib/jsdom/living/events/EventTarget-impl.js:233:9)
      at HTMLUnknownElementImpl.dispatchEvent (node_modules/jsdom/lib/jsdom/living/events/EventTarget-impl.js:104:17)
      at HTMLUnknownElement.dispatchEvent (node_modules/jsdom/lib/jsdom/living/generated/EventTarget.js:241:34)
      at Object.invokeGuardedCallbackDev (node_modules/react-dom/cjs/react-dom.development.js:4213:16)
      at invokeGuardedCallback (node_modules/react-dom/cjs/react-dom.development.js:4277:31)
      at invokeGuardedCallbackAndCatchFirstError (node_modules/react-dom/cjs/react-dom.development.js:4291:25)
      at executeDispatch (node_modules/react-dom/cjs/react-dom.development.js:9041:3)
      at processDispatchQueueItemsInOrder (node_modules/react-dom/cjs/react-dom.development.js:9073:7)
      at processDispatchQueue (node_modules/react-dom/cjs/react-dom.development.js:9086:5)
      at dispatchEventsForPlugins (node_modules/react-dom/cjs/react-dom.development.js:9097:3)
      at node_modules/react-dom/cjs/react-dom.development.js:9288:12
      at batchedUpdates$1 (node_modules/react-dom/cjs/react-dom.development.js:26179:12)
      at batchedUpdates (node_modules/react-dom/cjs/react-dom.development.js:3991:12)
      at dispatchEventForPluginEventSystem (node_modules/react-dom/cjs/react-dom.development.js:9287:3)
      at dispatchEventWithEnableCapturePhaseSelectiveHydrationWithoutDiscreteEventReplay (node_modules/react-dom/cjs/react-dom.development.js:6465:5)
      at dispatchEvent (node_modules/react-dom/cjs/react-dom.development.js:6457:5)
      at dispatchDiscreteEvent (node_modules/react-dom/cjs/react-dom.development.js:6430:5)
      at HTMLDivElement.callTheUserObjectsOperation (node_modules/jsdom/lib/jsdom/living/generated/EventListener.js:26:30)
      at innerInvokeEventListeners (node_modules/jsdom/lib/jsdom/living/events/EventTarget-impl.js:350:25)
      at invokeEventListeners (node_modules/jsdom/lib/jsdom/living/events/EventTarget-impl.js:286:3)
      at HTMLInputElementImpl._dispatch (node_modules/jsdom/lib/jsdom/living/events/EventTarget-impl.js:233:9)
      at HTMLInputElementImpl.dispatchEvent (node_modules/jsdom/lib/jsdom/living/events/EventTarget-impl.js:104:17)
      at HTMLInputElement.dispatchEvent (node_modules/jsdom/lib/jsdom/living/generated/EventTarget.js:241:34)
      at node_modules/@testing-library/user-event/dist/cjs/event/dispatchEvent.js:45:43
      at Object.eventWrapper (node_modules/@testing-library/dom/dist/config.js:25:23)
      at Object.wrapEvent (node_modules/@testing-library/user-event/dist/cjs/event/wrapEvent.js:6:28)
      at Object.dispatchEvent (node_modules/@testing-library/user-event/dist/cjs/event/dispatchEvent.js:45:22)
      at Object.dispatchUIEvent (node_modules/@testing-library/user-event/dist/cjs/event/dispatchEvent.js:22:26)
      at commitInput (node_modules/@testing-library/user-event/dist/cjs/event/input.js:145:14)
      at editInputElement (node_modules/@testing-library/user-event/dist/cjs/event/input.js:115:9)
      at Object.input (node_modules/@testing-library/user-event/dist/cjs/event/input.js:37:9)
      at node_modules/@testing-library/user-event/dist/cjs/event/behavior/keypress.js:31:26
      at Object.dispatchEvent (node_modules/@testing-library/user-event/dist/cjs/event/dispatchEvent.js:41:13)
      at Object.dispatchUIEvent (node_modules/@testing-library/user-event/dist/cjs/event/dispatchEvent.js:22:26)
      at KeyboardHost.keydown (node_modules/@testing-library/user-event/dist/cjs/system/keyboard.js:76:22)
      at keyboardAction (node_modules/@testing-library/user-event/dist/cjs/keyboard/index.js:22:35)
      at Object.keyboard (node_modules/@testing-library/user-event/dist/cjs/keyboard/index.js:11:15)
      at Object.type (node_modules/@testing-library/user-event/dist/cjs/utility/type.js:17:5)
      at src/components/Contact/Contact.test.tsx:73:15
      at AsyncProperty.run (node_modules/fast-check/lib/check/property/AsyncProperty.generic.js:49:28)
      at asyncRunIt (node_modules/fast-check/lib/check/runner/Runner.js:37:21)
      at Object.<anonymous> (src/components/Contact/Contact.test.tsx:39:5)

    console.error
      Warning: An update to Contact inside a test was not wrapped in act(...).
      
      When testing, code that causes React state updates should be wrapped into act(...):
      
      act(() => {
        /* fire events that update state */
      });
      /* assert on the output */
      
      This ensures that you're testing the behavior the user would see in the browser. Learn more at https://reactjs.org/link/wrap-tests-with-act
          at Contact (/workspaces/netsanet-portfolio/src/components/Contact/Contact.tsx:17:44)

      30 |
      31 |   const handleInputChange = (field: keyof ContactFormData, value: string) => {
    > 32 |     setFormState(prev => ({
         |     ^
      33 |       ...prev,
      34 |       data: {
      35 |         ...prev.data,

      at printWarning (node_modules/react-dom/cjs/react-dom.development.js:86:30)
      at error (node_modules/react-dom/cjs/react-dom.development.js:60:7)
      at warnIfUpdatesNotWrappedWithActDEV (node_modules/react-dom/cjs/react-dom.development.js:27628:9)
      at scheduleUpdateOnFiber (node_modules/react-dom/cjs/react-dom.development.js:25547:5)
      at dispatchSetState (node_modules/react-dom/cjs/react-dom.development.js:16708:7)
      at handleInputChange (src/components/Contact/Contact.tsx:32:5)
      at onChange (src/components/Contact/Contact.tsx:301:34)
      at HTMLUnknownElement.callCallback (node_modules/react-dom/cjs/react-dom.development.js:4164:14)
      at HTMLUnknownElement.callTheUserObjectsOperation (node_modules/jsdom/lib/jsdom/living/generated/EventListener.js:26:30)
      at innerInvokeEventListeners (node_modules/jsdom/lib/jsdom/living/events/EventTarget-impl.js:350:25)
      at invokeEventListeners (node_modules/jsdom/lib/jsdom/living/events/EventTarget-impl.js:286:3)
      at HTMLUnknownElementImpl._dispatch (node_modules/jsdom/lib/jsdom/living/events/EventTarget-impl.js:233:9)
      at HTMLUnknownElementImpl.dispatchEvent (node_modules/jsdom/lib/jsdom/living/events/EventTarget-impl.js:104:17)
      at HTMLUnknownElement.dispatchEvent (node_modules/jsdom/lib/jsdom/living/generated/EventTarget.js:241:34)
      at Object.invokeGuardedCallbackDev (node_modules/react-dom/cjs/react-dom.development.js:4213:16)
      at invokeGuardedCallback (node_modules/react-dom/cjs/react-dom.development.js:4277:31)
      at invokeGuardedCallbackAndCatchFirstError (node_modules/react-dom/cjs/react-dom.development.js:4291:25)
      at executeDispatch (node_modules/react-dom/cjs/react-dom.development.js:9041:3)
      at processDispatchQueueItemsInOrder (node_modules/react-dom/cjs/react-dom.development.js:9073:7)
      at processDispatchQueue (node_modules/react-dom/cjs/react-dom.development.js:9086:5)
      at dispatchEventsForPlugins (node_modules/react-dom/cjs/react-dom.development.js:9097:3)
      at node_modules/react-dom/cjs/react-dom.development.js:9288:12
      at batchedUpdates$1 (node_modules/react-dom/cjs/react-dom.development.js:26179:12)
      at batchedUpdates (node_modules/react-dom/cjs/react-dom.development.js:3991:12)
      at dispatchEventForPluginEventSystem (node_modules/react-dom/cjs/react-dom.development.js:9287:3)
      at dispatchEventWithEnableCapturePhaseSelectiveHydrationWithoutDiscreteEventReplay (node_modules/react-dom/cjs/react-dom.development.js:6465:5)
      at dispatchEvent (node_modules/react-dom/cjs/react-dom.development.js:6457:5)
      at dispatchDiscreteEvent (node_modules/react-dom/cjs/react-dom.development.js:6430:5)
      at HTMLDivElement.callTheUserObjectsOperation (node_modules/jsdom/lib/jsdom/living/generated/EventListener.js:26:30)
      at innerInvokeEventListeners (node_modules/jsdom/lib/jsdom/living/events/EventTarget-impl.js:350:25)
      at invokeEventListeners (node_modules/jsdom/lib/jsdom/living/events/EventTarget-impl.js:286:3)
      at HTMLTextAreaElementImpl._dispatch (node_modules/jsdom/lib/jsdom/living/events/EventTarget-impl.js:233:9)
      at HTMLTextAreaElementImpl.dispatchEvent (node_modules/jsdom/lib/jsdom/living/events/EventTarget-impl.js:104:17)
      at HTMLTextAreaElement.dispatchEvent (node_modules/jsdom/lib/jsdom/living/generated/EventTarget.js:241:34)
      at node_modules/@testing-library/user-event/dist/cjs/event/dispatchEvent.js:45:43
      at Object.eventWrapper (node_modules/@testing-library/dom/dist/config.js:25:23)
      at Object.wrapEvent (node_modules/@testing-library/user-event/dist/cjs/event/wrapEvent.js:6:28)
      at Object.dispatchEvent (node_modules/@testing-library/user-event/dist/cjs/event/dispatchEvent.js:45:22)
      at Object.dispatchUIEvent (node_modules/@testing-library/user-event/dist/cjs/event/dispatchEvent.js:22:26)
      at commitInput (node_modules/@testing-library/user-event/dist/cjs/event/input.js:145:14)
      at editInputElement (node_modules/@testing-library/user-event/dist/cjs/event/input.js:115:9)
      at Object.input (node_modules/@testing-library/user-event/dist/cjs/event/input.js:37:9)
      at node_modules/@testing-library/user-event/dist/cjs/event/behavior/keypress.js:31:26
      at Object.dispatchEvent (node_modules/@testing-library/user-event/dist/cjs/event/dispatchEvent.js:41:13)
      at Object.dispatchUIEvent (node_modules/@testing-library/user-event/dist/cjs/event/dispatchEvent.js:22:26)
      at KeyboardHost.keydown (node_modules/@testing-library/user-event/dist/cjs/system/keyboard.js:76:22)
      at keyboardAction (node_modules/@testing-library/user-event/dist/cjs/keyboard/index.js:22:35)
      at Object.keyboard (node_modules/@testing-library/user-event/dist/cjs/keyboard/index.js:11:15)
      at Object.type (node_modules/@testing-library/user-event/dist/cjs/utility/type.js:17:5)
      at src/components/Contact/Contact.test.tsx:78:15
      at AsyncProperty.run (node_modules/fast-check/lib/check/property/AsyncProperty.generic.js:49:28)
      at asyncRunIt (node_modules/fast-check/lib/check/runner/Runner.js:37:21)
      at Object.<anonymous> (src/components/Contact/Contact.test.tsx:39:5)

    console.error
      Warning: An update to Contact inside a test was not wrapped in act(...).
      
      When testing, code that causes React state updates should be wrapped into act(...):
      
      act(() => {
        /* fire events that update state */
      });
      /* assert on the output */
      
      This ensures that you're testing the behavior the user would see in the browser. Learn more at https://reactjs.org/link/wrap-tests-with-act
          at Contact (/workspaces/netsanet-portfolio/src/components/Contact/Contact.tsx:17:44)

      30 |
      31 |   const handleInputChange = (field: keyof ContactFormData, value: string) => {
    > 32 |     setFormState(prev => ({
         |     ^
      33 |       ...prev,
      34 |       data: {
      35 |         ...prev.data,

      at printWarning (node_modules/react-dom/cjs/react-dom.development.js:86:30)
      at error (node_modules/react-dom/cjs/react-dom.development.js:60:7)
      at warnIfUpdatesNotWrappedWithActDEV (node_modules/react-dom/cjs/react-dom.development.js:27628:9)
      at scheduleUpdateOnFiber (node_modules/react-dom/cjs/react-dom.development.js:25547:5)
      at dispatchSetState (node_modules/react-dom/cjs/react-dom.development.js:16708:7)
      at handleInputChange (src/components/Contact/Contact.tsx:32:5)
      at onChange (src/components/Contact/Contact.tsx:301:34)
      at HTMLUnknownElement.callCallback (node_modules/react-dom/cjs/react-dom.development.js:4164:14)
      at HTMLUnknownElement.callTheUserObjectsOperation (node_modules/jsdom/lib/jsdom/living/generated/EventListener.js:26:30)
      at innerInvokeEventListeners (node_modules/jsdom/lib/jsdom/living/events/EventTarget-impl.js:350:25)
      at invokeEventListeners (node_modules/jsdom/lib/jsdom/living/events/EventTarget-impl.js:286:3)
      at HTMLUnknownElementImpl._dispatch (node_modules/jsdom/lib/jsdom/living/events/EventTarget-impl.js:233:9)
      at HTMLUnknownElementImpl.dispatchEvent (node_modules/jsdom/lib/jsdom/living/events/EventTarget-impl.js:104:17)
      at HTMLUnknownElement.dispatchEvent (node_modules/jsdom/lib/jsdom/living/generated/EventTarget.js:241:34)
      at Object.invokeGuardedCallbackDev (node_modules/react-dom/cjs/react-dom.development.js:4213:16)
      at invokeGuardedCallback (node_modules/react-dom/cjs/react-dom.development.js:4277:31)
      at invokeGuardedCallbackAndCatchFirstError (node_modules/react-dom/cjs/react-dom.development.js:4291:25)
      at executeDispatch (node_modules/react-dom/cjs/react-dom.development.js:9041:3)
      at processDispatchQueueItemsInOrder (node_modules/react-dom/cjs/react-dom.development.js:9073:7)
      at processDispatchQueue (node_modules/react-dom/cjs/react-dom.development.js:9086:5)
      at dispatchEventsForPlugins (node_modules/react-dom/cjs/react-dom.development.js:9097:3)
      at node_modules/react-dom/cjs/react-dom.development.js:9288:12
      at batchedUpdates$1 (node_modules/react-dom/cjs/react-dom.development.js:26179:12)
      at batchedUpdates (node_modules/react-dom/cjs/react-dom.development.js:3991:12)
      at dispatchEventForPluginEventSystem (node_modules/react-dom/cjs/react-dom.development.js:9287:3)
      at dispatchEventWithEnableCapturePhaseSelectiveHydrationWithoutDiscreteEventReplay (node_modules/react-dom/cjs/react-dom.development.js:6465:5)
      at dispatchEvent (node_modules/react-dom/cjs/react-dom.development.js:6457:5)
      at dispatchDiscreteEvent (node_modules/react-dom/cjs/react-dom.development.js:6430:5)
      at HTMLDivElement.callTheUserObjectsOperation (node_modules/jsdom/lib/jsdom/living/generated/EventListener.js:26:30)
      at innerInvokeEventListeners (node_modules/jsdom/lib/jsdom/living/events/EventTarget-impl.js:350:25)
      at invokeEventListeners (node_modules/jsdom/lib/jsdom/living/events/EventTarget-impl.js:286:3)
      at HTMLTextAreaElementImpl._dispatch (node_modules/jsdom/lib/jsdom/living/events/EventTarget-impl.js:233:9)
      at HTMLTextAreaElementImpl.dispatchEvent (node_modules/jsdom/lib/jsdom/living/events/EventTarget-impl.js:104:17)
      at HTMLTextAreaElement.dispatchEvent (node_modules/jsdom/lib/jsdom/living/generated/EventTarget.js:241:34)
      at node_modules/@testing-library/user-event/dist/cjs/event/dispatchEvent.js:45:43
      at Object.eventWrapper (node_modules/@testing-library/dom/dist/config.js:25:23)
      at Object.wrapEvent (node_modules/@testing-library/user-event/dist/cjs/event/wrapEvent.js:6:28)
      at Object.dispatchEvent (node_modules/@testing-library/user-event/dist/cjs/event/dispatchEvent.js:45:22)
      at Object.dispatchUIEvent (node_modules/@testing-library/user-event/dist/cjs/event/dispatchEvent.js:22:26)
      at commitInput (node_modules/@testing-library/user-event/dist/cjs/event/input.js:145:14)
      at editInputElement (node_modules/@testing-library/user-event/dist/cjs/event/input.js:115:9)
      at Object.input (node_modules/@testing-library/user-event/dist/cjs/event/input.js:37:9)
      at node_modules/@testing-library/user-event/dist/cjs/event/behavior/keypress.js:31:26
      at Object.dispatchEvent (node_modules/@testing-library/user-event/dist/cjs/event/dispatchEvent.js:41:13)
      at Object.dispatchUIEvent (node_modules/@testing-library/user-event/dist/cjs/event/dispatchEvent.js:22:26)
      at KeyboardHost.keydown (node_modules/@testing-library/user-event/dist/cjs/system/keyboard.js:76:22)
      at keyboardAction (node_modules/@testing-library/user-event/dist/cjs/keyboard/index.js:22:35)
      at Object.keyboard (node_modules/@testing-library/user-event/dist/cjs/keyboard/index.js:11:15)
      at Object.type (node_modules/@testing-library/user-event/dist/cjs/utility/type.js:17:5)
      at src/components/Contact/Contact.test.tsx:78:15
      at AsyncProperty.run (node_modules/fast-check/lib/check/property/AsyncProperty.generic.js:49:28)
      at asyncRunIt (node_modules/fast-check/lib/check/runner/Runner.js:37:21)
      at Object.<anonymous> (src/components/Contact/Contact.test.tsx:39:5)

    console.error
      Warning: An update to Contact inside a test was not wrapped in act(...).
      
      When testing, code that causes React state updates should be wrapped into act(...):
      
      act(() => {
        /* fire events that update state */
      });
      /* assert on the output */
      
      This ensures that you're testing the behavior the user would see in the browser. Learn more at https://reactjs.org/link/wrap-tests-with-act
          at Contact (/workspaces/netsanet-portfolio/src/components/Contact/Contact.tsx:17:44)

      51 |     
      52 |     if (!validation.isValid) {
    > 53 |       setFormState(prev => ({
         |       ^
      54 |         ...prev,
      55 |         errors: validation.fieldErrors
      56 |       }));

      at printWarning (node_modules/react-dom/cjs/react-dom.development.js:86:30)
      at error (node_modules/react-dom/cjs/react-dom.development.js:60:7)
      at warnIfUpdatesNotWrappedWithActDEV (node_modules/react-dom/cjs/react-dom.development.js:27628:9)
      at scheduleUpdateOnFiber (node_modules/react-dom/cjs/react-dom.development.js:25547:5)
      at dispatchSetState (node_modules/react-dom/cjs/react-dom.development.js:16708:7)
      at handleSubmit (src/components/Contact/Contact.tsx:53:7)
      at HTMLUnknownElement.callCallback (node_modules/react-dom/cjs/react-dom.development.js:4164:14)
      at HTMLUnknownElement.callTheUserObjectsOperation (node_modules/jsdom/lib/jsdom/living/generated/EventListener.js:26:30)
      at innerInvokeEventListeners (node_modules/jsdom/lib/jsdom/living/events/EventTarget-impl.js:350:25)
      at invokeEventListeners (node_modules/jsdom/lib/jsdom/living/events/EventTarget-impl.js:286:3)
      at HTMLUnknownElementImpl._dispatch (node_modules/jsdom/lib/jsdom/living/events/EventTarget-impl.js:233:9)
      at HTMLUnknownElementImpl.dispatchEvent (node_modules/jsdom/lib/jsdom/living/events/EventTarget-impl.js:104:17)
      at HTMLUnknownElement.dispatchEvent (node_modules/jsdom/lib/jsdom/living/generated/EventTarget.js:241:34)
      at Object.invokeGuardedCallbackDev (node_modules/react-dom/cjs/react-dom.development.js:4213:16)
      at invokeGuardedCallback (node_modules/react-dom/cjs/react-dom.development.js:4277:31)
      at invokeGuardedCallbackAndCatchFirstError (node_modules/react-dom/cjs/react-dom.development.js:4291:25)
      at executeDispatch (node_modules/react-dom/cjs/react-dom.development.js:9041:3)
      at processDispatchQueueItemsInOrder (node_modules/react-dom/cjs/react-dom.development.js:9073:7)
      at processDispatchQueue (node_modules/react-dom/cjs/react-dom.development.js:9086:5)
      at dispatchEventsForPlugins (node_modules/react-dom/cjs/react-dom.development.js:9097:3)
      at node_modules/react-dom/cjs/react-dom.development.js:9288:12
      at batchedUpdates$1 (node_modules/react-dom/cjs/react-dom.development.js:26179:12)
      at batchedUpdates (node_modules/react-dom/cjs/react-dom.development.js:3991:12)
      at dispatchEventForPluginEventSystem (node_modules/react-dom/cjs/react-dom.development.js:9287:3)
      at dispatchEventWithEnableCapturePhaseSelectiveHydrationWithoutDiscreteEventReplay (node_modules/react-dom/cjs/react-dom.development.js:6465:5)
      at dispatchEvent (node_modules/react-dom/cjs/react-dom.development.js:6457:5)
      at dispatchDiscreteEvent (node_modules/react-dom/cjs/react-dom.development.js:6430:5)
      at HTMLDivElement.callTheUserObjectsOperation (node_modules/jsdom/lib/jsdom/living/generated/EventListener.js:26:30)
      at innerInvokeEventListeners (node_modules/jsdom/lib/jsdom/living/events/EventTarget-impl.js:350:25)
      at invokeEventListeners (node_modules/jsdom/lib/jsdom/living/events/EventTarget-impl.js:286:3)
      at HTMLFormElementImpl._dispatch (node_modules/jsdom/lib/jsdom/living/events/EventTarget-impl.js:233:9)
      at fireAnEvent (node_modules/jsdom/lib/jsdom/living/helpers/events.js:18:36)
      at HTMLFormElementImpl.requestSubmit (node_modules/jsdom/lib/jsdom/living/nodes/HTMLFormElement-impl.js:109:10)
      at HTMLFormElementImpl._doRequestSubmit (node_modules/jsdom/lib/jsdom/living/nodes/HTMLFormElement-impl.js:79:10)
      at HTMLButtonElementImpl._activationBehavior (node_modules/jsdom/lib/jsdom/living/nodes/HTMLButtonElement-impl.js:23:14)
      at HTMLButtonElementImpl._dispatch (node_modules/jsdom/lib/jsdom/living/events/EventTarget-impl.js:252:26)
      at HTMLButtonElementImpl.dispatchEvent (node_modules/jsdom/lib/jsdom/living/events/EventTarget-impl.js:104:17)
      at HTMLButtonElement.dispatchEvent (node_modules/jsdom/lib/jsdom/living/generated/EventTarget.js:241:34)
      at node_modules/@testing-library/user-event/dist/cjs/event/dispatchEvent.js:45:43
      at Object.eventWrapper (node_modules/@testing-library/dom/dist/config.js:25:23)
      at Object.wrapEvent (node_modules/@testing-library/user-event/dist/cjs/event/wrapEvent.js:6:28)
      at Object.dispatchEvent (node_modules/@testing-library/user-event/dist/cjs/event/dispatchEvent.js:45:22)
      at Object.dispatchUIEvent (node_modules/@testing-library/user-event/dist/cjs/event/dispatchEvent.js:22:26)
      at Mouse.up (node_modules/@testing-library/user-event/dist/cjs/system/pointer/mouse.js:100:30)
      at PointerHost.release (node_modules/@testing-library/user-event/dist/cjs/system/pointer/index.js:87:24)
      at pointerAction (node_modules/@testing-library/user-event/dist/cjs/pointer/index.js:54:47)
      at Object.pointer (node_modules/@testing-library/user-event/dist/cjs/pointer/index.js:27:9)
      at src/components/Contact/Contact.test.tsx:82:13
      at AsyncProperty.run (node_modules/fast-check/lib/check/property/AsyncProperty.generic.js:49:28)
      at asyncRunIt (node_modules/fast-check/lib/check/runner/Runner.js:37:21)
      at Object.<anonymous> (src/components/Contact/Contact.test.tsx:39:5)

    console.error
      Warning: An update to Contact inside a test was not wrapped in act(...).
      
      When testing, code that causes React state updates should be wrapped into act(...):
      
      act(() => {
        /* fire events that update state */
      });
      /* assert on the output */
      
      This ensures that you're testing the behavior the user would see in the browser. Learn more at https://reactjs.org/link/wrap-tests-with-act
          at Contact (/workspaces/netsanet-portfolio/src/components/Contact/Contact.tsx:17:44)

      30 |
      31 |   const handleInputChange = (field: keyof ContactFormData, value: string) => {
    > 32 |     setFormState(prev => ({
         |     ^
      33 |       ...prev,
      34 |       data: {
      35 |         ...prev.data,

      at printWarning (node_modules/react-dom/cjs/react-dom.development.js:86:30)
      at error (node_modules/react-dom/cjs/react-dom.development.js:60:7)
      at warnIfUpdatesNotWrappedWithActDEV (node_modules/react-dom/cjs/react-dom.development.js:27628:9)
      at scheduleUpdateOnFiber (node_modules/react-dom/cjs/react-dom.development.js:25547:5)
      at dispatchSetState (node_modules/react-dom/cjs/react-dom.development.js:16708:7)
      at handleInputChange (src/components/Contact/Contact.tsx:32:5)
      at onChange (src/components/Contact/Contact.tsx:258:34)
      at HTMLUnknownElement.callCallback (node_modules/react-dom/cjs/react-dom.development.js:4164:14)
      at HTMLUnknownElement.callTheUserObjectsOperation (node_modules/jsdom/lib/jsdom/living/generated/EventListener.js:26:30)
      at innerInvokeEventListeners (node_modules/jsdom/lib/jsdom/living/events/EventTarget-impl.js:350:25)
      at invokeEventListeners (node_modules/jsdom/lib/jsdom/living/events/EventTarget-impl.js:286:3)
      at HTMLUnknownElementImpl._dispatch (node_modules/jsdom/lib/jsdom/living/events/EventTarget-impl.js:233:9)
      at HTMLUnknownElementImpl.dispatchEvent (node_modules/jsdom/lib/jsdom/living/events/EventTarget-impl.js:104:17)
      at HTMLUnknownElement.dispatchEvent (node_modules/jsdom/lib/jsdom/living/generated/EventTarget.js:241:34)
      at Object.invokeGuardedCallbackDev (node_modules/react-dom/cjs/react-dom.development.js:4213:16)
      at invokeGuardedCallback (node_modules/react-dom/cjs/react-dom.development.js:4277:31)
      at invokeGuardedCallbackAndCatchFirstError (node_modules/react-dom/cjs/react-dom.development.js:4291:25)
      at executeDispatch (node_modules/react-dom/cjs/react-dom.development.js:9041:3)
      at processDispatchQueueItemsInOrder (node_modules/react-dom/cjs/react-dom.development.js:9073:7)
      at processDispatchQueue (node_modules/react-dom/cjs/react-dom.development.js:9086:5)
      at dispatchEventsForPlugins (node_modules/react-dom/cjs/react-dom.development.js:9097:3)
      at node_modules/react-dom/cjs/react-dom.development.js:9288:12
      at batchedUpdates$1 (node_modules/react-dom/cjs/react-dom.development.js:26179:12)
      at batchedUpdates (node_modules/react-dom/cjs/react-dom.development.js:3991:12)
      at dispatchEventForPluginEventSystem (node_modules/react-dom/cjs/react-dom.development.js:9287:3)
      at dispatchEventWithEnableCapturePhaseSelectiveHydrationWithoutDiscreteEventReplay (node_modules/react-dom/cjs/react-dom.development.js:6465:5)
      at dispatchEvent (node_modules/react-dom/cjs/react-dom.development.js:6457:5)
      at dispatchDiscreteEvent (node_modules/react-dom/cjs/react-dom.development.js:6430:5)
      at HTMLDivElement.callTheUserObjectsOperation (node_modules/jsdom/lib/jsdom/living/generated/EventListener.js:26:30)
      at innerInvokeEventListeners (node_modules/jsdom/lib/jsdom/living/events/EventTarget-impl.js:350:25)
      at invokeEventListeners (node_modules/jsdom/lib/jsdom/living/events/EventTarget-impl.js:286:3)
      at HTMLInputElementImpl._dispatch (node_modules/jsdom/lib/jsdom/living/events/EventTarget-impl.js:233:9)
      at HTMLInputElementImpl.dispatchEvent (node_modules/jsdom/lib/jsdom/living/events/EventTarget-impl.js:104:17)
      at HTMLInputElement.dispatchEvent (node_modules/jsdom/lib/jsdom/living/generated/EventTarget.js:241:34)
      at node_modules/@testing-library/user-event/dist/cjs/event/dispatchEvent.js:45:43
      at Object.eventWrapper (node_modules/@testing-library/dom/dist/config.js:25:23)
      at Object.wrapEvent (node_modules/@testing-library/user-event/dist/cjs/event/wrapEvent.js:6:28)
      at Object.dispatchEvent (node_modules/@testing-library/user-event/dist/cjs/event/dispatchEvent.js:45:22)
      at Object.dispatchUIEvent (node_modules/@testing-library/user-event/dist/cjs/event/dispatchEvent.js:22:26)
      at commitInput (node_modules/@testing-library/user-event/dist/cjs/event/input.js:145:14)
      at editInputElement (node_modules/@testing-library/user-event/dist/cjs/event/input.js:115:9)
      at Object.input (node_modules/@testing-library/user-event/dist/cjs/event/input.js:37:9)
      at node_modules/@testing-library/user-event/dist/cjs/event/behavior/keypress.js:31:26
      at Object.dispatchEvent (node_modules/@testing-library/user-event/dist/cjs/event/dispatchEvent.js:41:13)
      at Object.dispatchUIEvent (node_modules/@testing-library/user-event/dist/cjs/event/dispatchEvent.js:22:26)
      at KeyboardHost.keydown (node_modules/@testing-library/user-event/dist/cjs/system/keyboard.js:76:22)
      at keyboardAction (node_modules/@testing-library/user-event/dist/cjs/keyboard/index.js:22:35)
      at Object.keyboard (node_modules/@testing-library/user-event/dist/cjs/keyboard/index.js:11:15)
      at Object.type (node_modules/@testing-library/user-event/dist/cjs/utility/type.js:17:5)
      at src/components/Contact/Contact.test.tsx:68:15
      at AsyncProperty.run (node_modules/fast-check/lib/check/property/AsyncProperty.generic.js:49:28)
      at asyncRunIt (node_modules/fast-check/lib/check/runner/Runner.js:37:21)
      at Object.<anonymous> (src/components/Contact/Contact.test.tsx:39:5)

    console.error
      Warning: An update to Contact inside a test was not wrapped in act(...).
      
      When testing, code that causes React state updates should be wrapped into act(...):
      
      act(() => {
        /* fire events that update state */
      });
      /* assert on the output */
      
      This ensures that you're testing the behavior the user would see in the browser. Learn more at https://reactjs.org/link/wrap-tests-with-act
          at Contact (/workspaces/netsanet-portfolio/src/components/Contact/Contact.tsx:17:44)

      30 |
      31 |   const handleInputChange = (field: keyof ContactFormData, value: string) => {
    > 32 |     setFormState(prev => ({
         |     ^
      33 |       ...prev,
      34 |       data: {
      35 |         ...prev.data,

      at printWarning (node_modules/react-dom/cjs/react-dom.development.js:86:30)
      at error (node_modules/react-dom/cjs/react-dom.development.js:60:7)
      at warnIfUpdatesNotWrappedWithActDEV (node_modules/react-dom/cjs/react-dom.development.js:27628:9)
      at scheduleUpdateOnFiber (node_modules/react-dom/cjs/react-dom.development.js:25547:5)
      at dispatchSetState (node_modules/react-dom/cjs/react-dom.development.js:16708:7)
      at handleInputChange (src/components/Contact/Contact.tsx:32:5)
      at onChange (src/components/Contact/Contact.tsx:280:34)
      at HTMLUnknownElement.callCallback (node_modules/react-dom/cjs/react-dom.development.js:4164:14)
      at HTMLUnknownElement.callTheUserObjectsOperation (node_modules/jsdom/lib/jsdom/living/generated/EventListener.js:26:30)
      at innerInvokeEventListeners (node_modules/jsdom/lib/jsdom/living/events/EventTarget-impl.js:350:25)
      at invokeEventListeners (node_modules/jsdom/lib/jsdom/living/events/EventTarget-impl.js:286:3)
      at HTMLUnknownElementImpl._dispatch (node_modules/jsdom/lib/jsdom/living/events/EventTarget-impl.js:233:9)
      at HTMLUnknownElementImpl.dispatchEvent (node_modules/jsdom/lib/jsdom/living/events/EventTarget-impl.js:104:17)
      at HTMLUnknownElement.dispatchEvent (node_modules/jsdom/lib/jsdom/living/generated/EventTarget.js:241:34)
      at Object.invokeGuardedCallbackDev (node_modules/react-dom/cjs/react-dom.development.js:4213:16)
      at invokeGuardedCallback (node_modules/react-dom/cjs/react-dom.development.js:4277:31)
      at invokeGuardedCallbackAndCatchFirstError (node_modules/react-dom/cjs/react-dom.development.js:4291:25)
      at executeDispatch (node_modules/react-dom/cjs/react-dom.development.js:9041:3)
      at processDispatchQueueItemsInOrder (node_modules/react-dom/cjs/react-dom.development.js:9073:7)
      at processDispatchQueue (node_modules/react-dom/cjs/react-dom.development.js:9086:5)
      at dispatchEventsForPlugins (node_modules/react-dom/cjs/react-dom.development.js:9097:3)
      at node_modules/react-dom/cjs/react-dom.development.js:9288:12
      at batchedUpdates$1 (node_modules/react-dom/cjs/react-dom.development.js:26179:12)
      at batchedUpdates (node_modules/react-dom/cjs/react-dom.development.js:3991:12)
      at dispatchEventForPluginEventSystem (node_modules/react-dom/cjs/react-dom.development.js:9287:3)
      at dispatchEventWithEnableCapturePhaseSelectiveHydrationWithoutDiscreteEventReplay (node_modules/react-dom/cjs/react-dom.development.js:6465:5)
      at dispatchEvent (node_modules/react-dom/cjs/react-dom.development.js:6457:5)
      at dispatchDiscreteEvent (node_modules/react-dom/cjs/react-dom.development.js:6430:5)
      at HTMLDivElement.callTheUserObjectsOperation (node_modules/jsdom/lib/jsdom/living/generated/EventListener.js:26:30)
      at innerInvokeEventListeners (node_modules/jsdom/lib/jsdom/living/events/EventTarget-impl.js:350:25)
      at invokeEventListeners (node_modules/jsdom/lib/jsdom/living/events/EventTarget-impl.js:286:3)
      at HTMLInputElementImpl._dispatch (node_modules/jsdom/lib/jsdom/living/events/EventTarget-impl.js:233:9)
      at HTMLInputElementImpl.dispatchEvent (node_modules/jsdom/lib/jsdom/living/events/EventTarget-impl.js:104:17)
      at HTMLInputElement.dispatchEvent (node_modules/jsdom/lib/jsdom/living/generated/EventTarget.js:241:34)
      at node_modules/@testing-library/user-event/dist/cjs/event/dispatchEvent.js:45:43
      at Object.eventWrapper (node_modules/@testing-library/dom/dist/config.js:25:23)
      at Object.wrapEvent (node_modules/@testing-library/user-event/dist/cjs/event/wrapEvent.js:6:28)
      at Object.dispatchEvent (node_modules/@testing-library/user-event/dist/cjs/event/dispatchEvent.js:45:22)
      at Object.dispatchUIEvent (node_modules/@testing-library/user-event/dist/cjs/event/dispatchEvent.js:22:26)
      at commitInput (node_modules/@testing-library/user-event/dist/cjs/event/input.js:145:14)
      at editInputElement (node_modules/@testing-library/user-event/dist/cjs/event/input.js:115:9)
      at Object.input (node_modules/@testing-library/user-event/dist/cjs/event/input.js:37:9)
      at node_modules/@testing-library/user-event/dist/cjs/event/behavior/keypress.js:31:26
      at Object.dispatchEvent (node_modules/@testing-library/user-event/dist/cjs/event/dispatchEvent.js:41:13)
      at Object.dispatchUIEvent (node_modules/@testing-library/user-event/dist/cjs/event/dispatchEvent.js:22:26)
      at KeyboardHost.keydown (node_modules/@testing-library/user-event/dist/cjs/system/keyboard.js:76:22)
      at keyboardAction (node_modules/@testing-library/user-event/dist/cjs/keyboard/index.js:22:35)
      at Object.keyboard (node_modules/@testing-library/user-event/dist/cjs/keyboard/index.js:11:15)
      at Object.type (node_modules/@testing-library/user-event/dist/cjs/utility/type.js:17:5)
      at src/components/Contact/Contact.test.tsx:73:15
      at AsyncProperty.run (node_modules/fast-check/lib/check/property/AsyncProperty.generic.js:49:28)
      at asyncRunIt (node_modules/fast-check/lib/check/runner/Runner.js:37:21)
      at Object.<anonymous> (src/components/Contact/Contact.test.tsx:39:5)

    console.error
      Warning: An update to Contact inside a test was not wrapped in act(...).
      
      When testing, code that causes React state updates should be wrapped into act(...):
      
      act(() => {
        /* fire events that update state */
      });
      /* assert on the output */
      
      This ensures that you're testing the behavior the user would see in the browser. Learn more at https://reactjs.org/link/wrap-tests-with-act
          at Contact (/workspaces/netsanet-portfolio/src/components/Contact/Contact.tsx:17:44)

      30 |
      31 |   const handleInputChange = (field: keyof ContactFormData, value: string) => {
    > 32 |     setFormState(prev => ({
         |     ^
      33 |       ...prev,
      34 |       data: {
      35 |         ...prev.data,

      at printWarning (node_modules/react-dom/cjs/react-dom.development.js:86:30)
      at error (node_modules/react-dom/cjs/react-dom.development.js:60:7)
      at warnIfUpdatesNotWrappedWithActDEV (node_modules/react-dom/cjs/react-dom.development.js:27628:9)
      at scheduleUpdateOnFiber (node_modules/react-dom/cjs/react-dom.development.js:25547:5)
      at dispatchSetState (node_modules/react-dom/cjs/react-dom.development.js:16708:7)
      at handleInputChange (src/components/Contact/Contact.tsx:32:5)
      at onChange (src/components/Contact/Contact.tsx:280:34)
      at HTMLUnknownElement.callCallback (node_modules/react-dom/cjs/react-dom.development.js:4164:14)
      at HTMLUnknownElement.callTheUserObjectsOperation (node_modules/jsdom/lib/jsdom/living/generated/EventListener.js:26:30)
      at innerInvokeEventListeners (node_modules/jsdom/lib/jsdom/living/events/EventTarget-impl.js:350:25)
      at invokeEventListeners (node_modules/jsdom/lib/jsdom/living/events/EventTarget-impl.js:286:3)
      at HTMLUnknownElementImpl._dispatch (node_modules/jsdom/lib/jsdom/living/events/EventTarget-impl.js:233:9)
      at HTMLUnknownElementImpl.dispatchEvent (node_modules/jsdom/lib/jsdom/living/events/EventTarget-impl.js:104:17)
      at HTMLUnknownElement.dispatchEvent (node_modules/jsdom/lib/jsdom/living/generated/EventTarget.js:241:34)
      at Object.invokeGuardedCallbackDev (node_modules/react-dom/cjs/react-dom.development.js:4213:16)
      at invokeGuardedCallback (node_modules/react-dom/cjs/react-dom.development.js:4277:31)
      at invokeGuardedCallbackAndCatchFirstError (node_modules/react-dom/cjs/react-dom.development.js:4291:25)
      at executeDispatch (node_modules/react-dom/cjs/react-dom.development.js:9041:3)
      at processDispatchQueueItemsInOrder (node_modules/react-dom/cjs/react-dom.development.js:9073:7)
      at processDispatchQueue (node_modules/react-dom/cjs/react-dom.development.js:9086:5)
      at dispatchEventsForPlugins (node_modules/react-dom/cjs/react-dom.development.js:9097:3)
      at node_modules/react-dom/cjs/react-dom.development.js:9288:12
      at batchedUpdates$1 (node_modules/react-dom/cjs/react-dom.development.js:26179:12)
      at batchedUpdates (node_modules/react-dom/cjs/react-dom.development.js:3991:12)
      at dispatchEventForPluginEventSystem (node_modules/react-dom/cjs/react-dom.development.js:9287:3)
      at dispatchEventWithEnableCapturePhaseSelectiveHydrationWithoutDiscreteEventReplay (node_modules/react-dom/cjs/react-dom.development.js:6465:5)
      at dispatchEvent (node_modules/react-dom/cjs/react-dom.development.js:6457:5)
      at dispatchDiscreteEvent (node_modules/react-dom/cjs/react-dom.development.js:6430:5)
      at HTMLDivElement.callTheUserObjectsOperation (node_modules/jsdom/lib/jsdom/living/generated/EventListener.js:26:30)
      at innerInvokeEventListeners (node_modules/jsdom/lib/jsdom/living/events/EventTarget-impl.js:350:25)
      at invokeEventListeners (node_modules/jsdom/lib/jsdom/living/events/EventTarget-impl.js:286:3)
      at HTMLInputElementImpl._dispatch (node_modules/jsdom/lib/jsdom/living/events/EventTarget-impl.js:233:9)
      at HTMLInputElementImpl.dispatchEvent (node_modules/jsdom/lib/jsdom/living/events/EventTarget-impl.js:104:17)
      at HTMLInputElement.dispatchEvent (node_modules/jsdom/lib/jsdom/living/generated/EventTarget.js:241:34)
      at node_modules/@testing-library/user-event/dist/cjs/event/dispatchEvent.js:45:43
      at Object.eventWrapper (node_modules/@testing-library/dom/dist/config.js:25:23)
      at Object.wrapEvent (node_modules/@testing-library/user-event/dist/cjs/event/wrapEvent.js:6:28)
      at Object.dispatchEvent (node_modules/@testing-library/user-event/dist/cjs/event/dispatchEvent.js:45:22)
      at Object.dispatchUIEvent (node_modules/@testing-library/user-event/dist/cjs/event/dispatchEvent.js:22:26)
      at commitInput (node_modules/@testing-library/user-event/dist/cjs/event/input.js:145:14)
      at editInputElement (node_modules/@testing-library/user-event/dist/cjs/event/input.js:115:9)
      at Object.input (node_modules/@testing-library/user-event/dist/cjs/event/input.js:37:9)
      at node_modules/@testing-library/user-event/dist/cjs/event/behavior/keypress.js:31:26
      at Object.dispatchEvent (node_modules/@testing-library/user-event/dist/cjs/event/dispatchEvent.js:41:13)
      at Object.dispatchUIEvent (node_modules/@testing-library/user-event/dist/cjs/event/dispatchEvent.js:22:26)
      at KeyboardHost.keydown (node_modules/@testing-library/user-event/dist/cjs/system/keyboard.js:76:22)
      at keyboardAction (node_modules/@testing-library/user-event/dist/cjs/keyboard/index.js:22:35)
      at Object.keyboard (node_modules/@testing-library/user-event/dist/cjs/keyboard/index.js:11:15)
      at Object.type (node_modules/@testing-library/user-event/dist/cjs/utility/type.js:17:5)
      at src/components/Contact/Contact.test.tsx:73:15
      at AsyncProperty.run (node_modules/fast-check/lib/check/property/AsyncProperty.generic.js:49:28)
      at asyncRunIt (node_modules/fast-check/lib/check/runner/Runner.js:37:21)
      at Object.<anonymous> (src/components/Contact/Contact.test.tsx:39:5)

    console.error
      Warning: An update to Contact inside a test was not wrapped in act(...).
      
      When testing, code that causes React state updates should be wrapped into act(...):
      
      act(() => {
        /* fire events that update state */
      });
      /* assert on the output */
      
      This ensures that you're testing the behavior the user would see in the browser. Learn more at https://reactjs.org/link/wrap-tests-with-act
          at Contact (/workspaces/netsanet-portfolio/src/components/Contact/Contact.tsx:17:44)

      30 |
      31 |   const handleInputChange = (field: keyof ContactFormData, value: string) => {
    > 32 |     setFormState(prev => ({
         |     ^
      33 |       ...prev,
      34 |       data: {
      35 |         ...prev.data,

      at printWarning (node_modules/react-dom/cjs/react-dom.development.js:86:30)
      at error (node_modules/react-dom/cjs/react-dom.development.js:60:7)
      at warnIfUpdatesNotWrappedWithActDEV (node_modules/react-dom/cjs/react-dom.development.js:27628:9)
      at scheduleUpdateOnFiber (node_modules/react-dom/cjs/react-dom.development.js:25547:5)
      at dispatchSetState (node_modules/react-dom/cjs/react-dom.development.js:16708:7)
      at handleInputChange (src/components/Contact/Contact.tsx:32:5)
      at onChange (src/components/Contact/Contact.tsx:280:34)
      at HTMLUnknownElement.callCallback (node_modules/react-dom/cjs/react-dom.development.js:4164:14)
      at HTMLUnknownElement.callTheUserObjectsOperation (node_modules/jsdom/lib/jsdom/living/generated/EventListener.js:26:30)
      at innerInvokeEventListeners (node_modules/jsdom/lib/jsdom/living/events/EventTarget-impl.js:350:25)
      at invokeEventListeners (node_modules/jsdom/lib/jsdom/living/events/EventTarget-impl.js:286:3)
      at HTMLUnknownElementImpl._dispatch (node_modules/jsdom/lib/jsdom/living/events/EventTarget-impl.js:233:9)
      at HTMLUnknownElementImpl.dispatchEvent (node_modules/jsdom/lib/jsdom/living/events/EventTarget-impl.js:104:17)
      at HTMLUnknownElement.dispatchEvent (node_modules/jsdom/lib/jsdom/living/generated/EventTarget.js:241:34)
      at Object.invokeGuardedCallbackDev (node_modules/react-dom/cjs/react-dom.development.js:4213:16)
      at invokeGuardedCallback (node_modules/react-dom/cjs/react-dom.development.js:4277:31)
      at invokeGuardedCallbackAndCatchFirstError (node_modules/react-dom/cjs/react-dom.development.js:4291:25)
      at executeDispatch (node_modules/react-dom/cjs/react-dom.development.js:9041:3)
      at processDispatchQueueItemsInOrder (node_modules/react-dom/cjs/react-dom.development.js:9073:7)
      at processDispatchQueue (node_modules/react-dom/cjs/react-dom.development.js:9086:5)
      at dispatchEventsForPlugins (node_modules/react-dom/cjs/react-dom.development.js:9097:3)
      at node_modules/react-dom/cjs/react-dom.development.js:9288:12
      at batchedUpdates$1 (node_modules/react-dom/cjs/react-dom.development.js:26179:12)
      at batchedUpdates (node_modules/react-dom/cjs/react-dom.development.js:3991:12)
      at dispatchEventForPluginEventSystem (node_modules/react-dom/cjs/react-dom.development.js:9287:3)
      at dispatchEventWithEnableCapturePhaseSelectiveHydrationWithoutDiscreteEventReplay (node_modules/react-dom/cjs/react-dom.development.js:6465:5)
      at dispatchEvent (node_modules/react-dom/cjs/react-dom.development.js:6457:5)
      at dispatchDiscreteEvent (node_modules/react-dom/cjs/react-dom.development.js:6430:5)
      at HTMLDivElement.callTheUserObjectsOperation (node_modules/jsdom/lib/jsdom/living/generated/EventListener.js:26:30)
      at innerInvokeEventListeners (node_modules/jsdom/lib/jsdom/living/events/EventTarget-impl.js:350:25)
      at invokeEventListeners (node_modules/jsdom/lib/jsdom/living/events/EventTarget-impl.js:286:3)
      at HTMLInputElementImpl._dispatch (node_modules/jsdom/lib/jsdom/living/events/EventTarget-impl.js:233:9)
      at HTMLInputElementImpl.dispatchEvent (node_modules/jsdom/lib/jsdom/living/events/EventTarget-impl.js:104:17)
      at HTMLInputElement.dispatchEvent (node_modules/jsdom/lib/jsdom/living/generated/EventTarget.js:241:34)
      at node_modules/@testing-library/user-event/dist/cjs/event/dispatchEvent.js:45:43
      at Object.eventWrapper (node_modules/@testing-library/dom/dist/config.js:25:23)
      at Object.wrapEvent (node_modules/@testing-library/user-event/dist/cjs/event/wrapEvent.js:6:28)
      at Object.dispatchEvent (node_modules/@testing-library/user-event/dist/cjs/event/dispatchEvent.js:45:22)
      at Object.dispatchUIEvent (node_modules/@testing-library/user-event/dist/cjs/event/dispatchEvent.js:22:26)
      at commitInput (node_modules/@testing-library/user-event/dist/cjs/event/input.js:145:14)
      at editInputElement (node_modules/@testing-library/user-event/dist/cjs/event/input.js:115:9)
      at Object.input (node_modules/@testing-library/user-event/dist/cjs/event/input.js:37:9)
      at node_modules/@testing-library/user-event/dist/cjs/event/behavior/keypress.js:31:26
      at Object.dispatchEvent (node_modules/@testing-library/user-event/dist/cjs/event/dispatchEvent.js:41:13)
      at Object.dispatchUIEvent (node_modules/@testing-library/user-event/dist/cjs/event/dispatchEvent.js:22:26)
      at KeyboardHost.keydown (node_modules/@testing-library/user-event/dist/cjs/system/keyboard.js:76:22)
      at keyboardAction (node_modules/@testing-library/user-event/dist/cjs/keyboard/index.js:22:35)
      at Object.keyboard (node_modules/@testing-library/user-event/dist/cjs/keyboard/index.js:11:15)
      at Object.type (node_modules/@testing-library/user-event/dist/cjs/utility/type.js:17:5)
      at src/components/Contact/Contact.test.tsx:73:15
      at AsyncProperty.run (node_modules/fast-check/lib/check/property/AsyncProperty.generic.js:49:28)
      at asyncRunIt (node_modules/fast-check/lib/check/runner/Runner.js:37:21)
      at Object.<anonymous> (src/components/Contact/Contact.test.tsx:39:5)

    console.error
      Warning: An update to Contact inside a test was not wrapped in act(...).
      
      When testing, code that causes React state updates should be wrapped into act(...):
      
      act(() => {
        /* fire events that update state */
      });
      /* assert on the output */
      
      This ensures that you're testing the behavior the user would see in the browser. Learn more at https://reactjs.org/link/wrap-tests-with-act
          at Contact (/workspaces/netsanet-portfolio/src/components/Contact/Contact.tsx:17:44)

      30 |
      31 |   const handleInputChange = (field: keyof ContactFormData, value: string) => {
    > 32 |     setFormState(prev => ({
         |     ^
      33 |       ...prev,
      34 |       data: {
      35 |         ...prev.data,

      at printWarning (node_modules/react-dom/cjs/react-dom.development.js:86:30)
      at error (node_modules/react-dom/cjs/react-dom.development.js:60:7)
      at warnIfUpdatesNotWrappedWithActDEV (node_modules/react-dom/cjs/react-dom.development.js:27628:9)
      at scheduleUpdateOnFiber (node_modules/react-dom/cjs/react-dom.development.js:25547:5)
      at dispatchSetState (node_modules/react-dom/cjs/react-dom.development.js:16708:7)
      at handleInputChange (src/components/Contact/Contact.tsx:32:5)
      at onChange (src/components/Contact/Contact.tsx:280:34)
      at HTMLUnknownElement.callCallback (node_modules/react-dom/cjs/react-dom.development.js:4164:14)
      at HTMLUnknownElement.callTheUserObjectsOperation (node_modules/jsdom/lib/jsdom/living/generated/EventListener.js:26:30)
      at innerInvokeEventListeners (node_modules/jsdom/lib/jsdom/living/events/EventTarget-impl.js:350:25)
      at invokeEventListeners (node_modules/jsdom/lib/jsdom/living/events/EventTarget-impl.js:286:3)
      at HTMLUnknownElementImpl._dispatch (node_modules/jsdom/lib/jsdom/living/events/EventTarget-impl.js:233:9)
      at HTMLUnknownElementImpl.dispatchEvent (node_modules/jsdom/lib/jsdom/living/events/EventTarget-impl.js:104:17)
      at HTMLUnknownElement.dispatchEvent (node_modules/jsdom/lib/jsdom/living/generated/EventTarget.js:241:34)
      at Object.invokeGuardedCallbackDev (node_modules/react-dom/cjs/react-dom.development.js:4213:16)
      at invokeGuardedCallback (node_modules/react-dom/cjs/react-dom.development.js:4277:31)
      at invokeGuardedCallbackAndCatchFirstError (node_modules/react-dom/cjs/react-dom.development.js:4291:25)
      at executeDispatch (node_modules/react-dom/cjs/react-dom.development.js:9041:3)
      at processDispatchQueueItemsInOrder (node_modules/react-dom/cjs/react-dom.development.js:9073:7)
      at processDispatchQueue (node_modules/react-dom/cjs/react-dom.development.js:9086:5)
      at dispatchEventsForPlugins (node_modules/react-dom/cjs/react-dom.development.js:9097:3)
      at node_modules/react-dom/cjs/react-dom.development.js:9288:12
      at batchedUpdates$1 (node_modules/react-dom/cjs/react-dom.development.js:26179:12)
      at batchedUpdates (node_modules/react-dom/cjs/react-dom.development.js:3991:12)
      at dispatchEventForPluginEventSystem (node_modules/react-dom/cjs/react-dom.development.js:9287:3)
      at dispatchEventWithEnableCapturePhaseSelectiveHydrationWithoutDiscreteEventReplay (node_modules/react-dom/cjs/react-dom.development.js:6465:5)
      at dispatchEvent (node_modules/react-dom/cjs/react-dom.development.js:6457:5)
      at dispatchDiscreteEvent (node_modules/react-dom/cjs/react-dom.development.js:6430:5)
      at HTMLDivElement.callTheUserObjectsOperation (node_modules/jsdom/lib/jsdom/living/generated/EventListener.js:26:30)
      at innerInvokeEventListeners (node_modules/jsdom/lib/jsdom/living/events/EventTarget-impl.js:350:25)
      at invokeEventListeners (node_modules/jsdom/lib/jsdom/living/events/EventTarget-impl.js:286:3)
      at HTMLInputElementImpl._dispatch (node_modules/jsdom/lib/jsdom/living/events/EventTarget-impl.js:233:9)
      at HTMLInputElementImpl.dispatchEvent (node_modules/jsdom/lib/jsdom/living/events/EventTarget-impl.js:104:17)
      at HTMLInputElement.dispatchEvent (node_modules/jsdom/lib/jsdom/living/generated/EventTarget.js:241:34)
      at node_modules/@testing-library/user-event/dist/cjs/event/dispatchEvent.js:45:43
      at Object.eventWrapper (node_modules/@testing-library/dom/dist/config.js:25:23)
      at Object.wrapEvent (node_modules/@testing-library/user-event/dist/cjs/event/wrapEvent.js:6:28)
      at Object.dispatchEvent (node_modules/@testing-library/user-event/dist/cjs/event/dispatchEvent.js:45:22)
      at Object.dispatchUIEvent (node_modules/@testing-library/user-event/dist/cjs/event/dispatchEvent.js:22:26)
      at commitInput (node_modules/@testing-library/user-event/dist/cjs/event/input.js:145:14)
      at editInputElement (node_modules/@testing-library/user-event/dist/cjs/event/input.js:115:9)
      at Object.input (node_modules/@testing-library/user-event/dist/cjs/event/input.js:37:9)
      at node_modules/@testing-library/user-event/dist/cjs/event/behavior/keypress.js:31:26
      at Object.dispatchEvent (node_modules/@testing-library/user-event/dist/cjs/event/dispatchEvent.js:41:13)
      at Object.dispatchUIEvent (node_modules/@testing-library/user-event/dist/cjs/event/dispatchEvent.js:22:26)
      at KeyboardHost.keydown (node_modules/@testing-library/user-event/dist/cjs/system/keyboard.js:76:22)
      at keyboardAction (node_modules/@testing-library/user-event/dist/cjs/keyboard/index.js:22:35)
      at Object.keyboard (node_modules/@testing-library/user-event/dist/cjs/keyboard/index.js:11:15)
      at Object.type (node_modules/@testing-library/user-event/dist/cjs/utility/type.js:17:5)
      at src/components/Contact/Contact.test.tsx:73:15
      at AsyncProperty.run (node_modules/fast-check/lib/check/property/AsyncProperty.generic.js:49:28)
      at asyncRunIt (node_modules/fast-check/lib/check/runner/Runner.js:37:21)
      at Object.<anonymous> (src/components/Contact/Contact.test.tsx:39:5)

    console.error
      Warning: An update to Contact inside a test was not wrapped in act(...).
      
      When testing, code that causes React state updates should be wrapped into act(...):
      
      act(() => {
        /* fire events that update state */
      });
      /* assert on the output */
      
      This ensures that you're testing the behavior the user would see in the browser. Learn more at https://reactjs.org/link/wrap-tests-with-act
          at Contact (/workspaces/netsanet-portfolio/src/components/Contact/Contact.tsx:17:44)

      30 |
      31 |   const handleInputChange = (field: keyof ContactFormData, value: string) => {
    > 32 |     setFormState(prev => ({
         |     ^
      33 |       ...prev,
      34 |       data: {
      35 |         ...prev.data,

      at printWarning (node_modules/react-dom/cjs/react-dom.development.js:86:30)
      at error (node_modules/react-dom/cjs/react-dom.development.js:60:7)
      at warnIfUpdatesNotWrappedWithActDEV (node_modules/react-dom/cjs/react-dom.development.js:27628:9)
      at scheduleUpdateOnFiber (node_modules/react-dom/cjs/react-dom.development.js:25547:5)
      at dispatchSetState (node_modules/react-dom/cjs/react-dom.development.js:16708:7)
      at handleInputChange (src/components/Contact/Contact.tsx:32:5)
      at onChange (src/components/Contact/Contact.tsx:280:34)
      at HTMLUnknownElement.callCallback (node_modules/react-dom/cjs/react-dom.development.js:4164:14)
      at HTMLUnknownElement.callTheUserObjectsOperation (node_modules/jsdom/lib/jsdom/living/generated/EventListener.js:26:30)
      at innerInvokeEventListeners (node_modules/jsdom/lib/jsdom/living/events/EventTarget-impl.js:350:25)
      at invokeEventListeners (node_modules/jsdom/lib/jsdom/living/events/EventTarget-impl.js:286:3)
      at HTMLUnknownElementImpl._dispatch (node_modules/jsdom/lib/jsdom/living/events/EventTarget-impl.js:233:9)
      at HTMLUnknownElementImpl.dispatchEvent (node_modules/jsdom/lib/jsdom/living/events/EventTarget-impl.js:104:17)
      at HTMLUnknownElement.dispatchEvent (node_modules/jsdom/lib/jsdom/living/generated/EventTarget.js:241:34)
      at Object.invokeGuardedCallbackDev (node_modules/react-dom/cjs/react-dom.development.js:4213:16)
      at invokeGuardedCallback (node_modules/react-dom/cjs/react-dom.development.js:4277:31)
      at invokeGuardedCallbackAndCatchFirstError (node_modules/react-dom/cjs/react-dom.development.js:4291:25)
      at executeDispatch (node_modules/react-dom/cjs/react-dom.development.js:9041:3)
      at processDispatchQueueItemsInOrder (node_modules/react-dom/cjs/react-dom.development.js:9073:7)
      at processDispatchQueue (node_modules/react-dom/cjs/react-dom.development.js:9086:5)
      at dispatchEventsForPlugins (node_modules/react-dom/cjs/react-dom.development.js:9097:3)
      at node_modules/react-dom/cjs/react-dom.development.js:9288:12
      at batchedUpdates$1 (node_modules/react-dom/cjs/react-dom.development.js:26179:12)
      at batchedUpdates (node_modules/react-dom/cjs/react-dom.development.js:3991:12)
      at dispatchEventForPluginEventSystem (node_modules/react-dom/cjs/react-dom.development.js:9287:3)
      at dispatchEventWithEnableCapturePhaseSelectiveHydrationWithoutDiscreteEventReplay (node_modules/react-dom/cjs/react-dom.development.js:6465:5)
      at dispatchEvent (node_modules/react-dom/cjs/react-dom.development.js:6457:5)
      at dispatchDiscreteEvent (node_modules/react-dom/cjs/react-dom.development.js:6430:5)
      at HTMLDivElement.callTheUserObjectsOperation (node_modules/jsdom/lib/jsdom/living/generated/EventListener.js:26:30)
      at innerInvokeEventListeners (node_modules/jsdom/lib/jsdom/living/events/EventTarget-impl.js:350:25)
      at invokeEventListeners (node_modules/jsdom/lib/jsdom/living/events/EventTarget-impl.js:286:3)
      at HTMLInputElementImpl._dispatch (node_modules/jsdom/lib/jsdom/living/events/EventTarget-impl.js:233:9)
      at HTMLInputElementImpl.dispatchEvent (node_modules/jsdom/lib/jsdom/living/events/EventTarget-impl.js:104:17)
      at HTMLInputElement.dispatchEvent (node_modules/jsdom/lib/jsdom/living/generated/EventTarget.js:241:34)
      at node_modules/@testing-library/user-event/dist/cjs/event/dispatchEvent.js:45:43
      at Object.eventWrapper (node_modules/@testing-library/dom/dist/config.js:25:23)
      at Object.wrapEvent (node_modules/@testing-library/user-event/dist/cjs/event/wrapEvent.js:6:28)
      at Object.dispatchEvent (node_modules/@testing-library/user-event/dist/cjs/event/dispatchEvent.js:45:22)
      at Object.dispatchUIEvent (node_modules/@testing-library/user-event/dist/cjs/event/dispatchEvent.js:22:26)
      at commitInput (node_modules/@testing-library/user-event/dist/cjs/event/input.js:145:14)
      at editInputElement (node_modules/@testing-library/user-event/dist/cjs/event/input.js:115:9)
      at Object.input (node_modules/@testing-library/user-event/dist/cjs/event/input.js:37:9)
      at node_modules/@testing-library/user-event/dist/cjs/event/behavior/keypress.js:31:26
      at Object.dispatchEvent (node_modules/@testing-library/user-event/dist/cjs/event/dispatchEvent.js:41:13)
      at Object.dispatchUIEvent (node_modules/@testing-library/user-event/dist/cjs/event/dispatchEvent.js:22:26)
      at KeyboardHost.keydown (node_modules/@testing-library/user-event/dist/cjs/system/keyboard.js:76:22)
      at keyboardAction (node_modules/@testing-library/user-event/dist/cjs/keyboard/index.js:22:35)
      at Object.keyboard (node_modules/@testing-library/user-event/dist/cjs/keyboard/index.js:11:15)
      at Object.type (node_modules/@testing-library/user-event/dist/cjs/utility/type.js:17:5)
      at src/components/Contact/Contact.test.tsx:73:15
      at AsyncProperty.run (node_modules/fast-check/lib/check/property/AsyncProperty.generic.js:49:28)
      at asyncRunIt (node_modules/fast-check/lib/check/runner/Runner.js:37:21)
      at Object.<anonymous> (src/components/Contact/Contact.test.tsx:39:5)

    console.error
      Warning: An update to Contact inside a test was not wrapped in act(...).
      
      When testing, code that causes React state updates should be wrapped into act(...):
      
      act(() => {
        /* fire events that update state */
      });
      /* assert on the output */
      
      This ensures that you're testing the behavior the user would see in the browser. Learn more at https://reactjs.org/link/wrap-tests-with-act
          at Contact (/workspaces/netsanet-portfolio/src/components/Contact/Contact.tsx:17:44)

      30 |
      31 |   const handleInputChange = (field: keyof ContactFormData, value: string) => {
    > 32 |     setFormState(prev => ({
         |     ^
      33 |       ...prev,
      34 |       data: {
      35 |         ...prev.data,

      at printWarning (node_modules/react-dom/cjs/react-dom.development.js:86:30)
      at error (node_modules/react-dom/cjs/react-dom.development.js:60:7)
      at warnIfUpdatesNotWrappedWithActDEV (node_modules/react-dom/cjs/react-dom.development.js:27628:9)
      at scheduleUpdateOnFiber (node_modules/react-dom/cjs/react-dom.development.js:25547:5)
      at dispatchSetState (node_modules/react-dom/cjs/react-dom.development.js:16708:7)
      at handleInputChange (src/components/Contact/Contact.tsx:32:5)
      at onChange (src/components/Contact/Contact.tsx:280:34)
      at HTMLUnknownElement.callCallback (node_modules/react-dom/cjs/react-dom.development.js:4164:14)
      at HTMLUnknownElement.callTheUserObjectsOperation (node_modules/jsdom/lib/jsdom/living/generated/EventListener.js:26:30)
      at innerInvokeEventListeners (node_modules/jsdom/lib/jsdom/living/events/EventTarget-impl.js:350:25)
      at invokeEventListeners (node_modules/jsdom/lib/jsdom/living/events/EventTarget-impl.js:286:3)
      at HTMLUnknownElementImpl._dispatch (node_modules/jsdom/lib/jsdom/living/events/EventTarget-impl.js:233:9)
      at HTMLUnknownElementImpl.dispatchEvent (node_modules/jsdom/lib/jsdom/living/events/EventTarget-impl.js:104:17)
      at HTMLUnknownElement.dispatchEvent (node_modules/jsdom/lib/jsdom/living/generated/EventTarget.js:241:34)
      at Object.invokeGuardedCallbackDev (node_modules/react-dom/cjs/react-dom.development.js:4213:16)
      at invokeGuardedCallback (node_modules/react-dom/cjs/react-dom.development.js:4277:31)
      at invokeGuardedCallbackAndCatchFirstError (node_modules/react-dom/cjs/react-dom.development.js:4291:25)
      at executeDispatch (node_modules/react-dom/cjs/react-dom.development.js:9041:3)
      at processDispatchQueueItemsInOrder (node_modules/react-dom/cjs/react-dom.development.js:9073:7)
      at processDispatchQueue (node_modules/react-dom/cjs/react-dom.development.js:9086:5)
      at dispatchEventsForPlugins (node_modules/react-dom/cjs/react-dom.development.js:9097:3)
      at node_modules/react-dom/cjs/react-dom.development.js:9288:12
      at batchedUpdates$1 (node_modules/react-dom/cjs/react-dom.development.js:26179:12)
      at batchedUpdates (node_modules/react-dom/cjs/react-dom.development.js:3991:12)
      at dispatchEventForPluginEventSystem (node_modules/react-dom/cjs/react-dom.development.js:9287:3)
      at dispatchEventWithEnableCapturePhaseSelectiveHydrationWithoutDiscreteEventReplay (node_modules/react-dom/cjs/react-dom.development.js:6465:5)
      at dispatchEvent (node_modules/react-dom/cjs/react-dom.development.js:6457:5)
      at dispatchDiscreteEvent (node_modules/react-dom/cjs/react-dom.development.js:6430:5)
      at HTMLDivElement.callTheUserObjectsOperation (node_modules/jsdom/lib/jsdom/living/generated/EventListener.js:26:30)
      at innerInvokeEventListeners (node_modules/jsdom/lib/jsdom/living/events/EventTarget-impl.js:350:25)
      at invokeEventListeners (node_modules/jsdom/lib/jsdom/living/events/EventTarget-impl.js:286:3)
      at HTMLInputElementImpl._dispatch (node_modules/jsdom/lib/jsdom/living/events/EventTarget-impl.js:233:9)
      at HTMLInputElementImpl.dispatchEvent (node_modules/jsdom/lib/jsdom/living/events/EventTarget-impl.js:104:17)
      at HTMLInputElement.dispatchEvent (node_modules/jsdom/lib/jsdom/living/generated/EventTarget.js:241:34)
      at node_modules/@testing-library/user-event/dist/cjs/event/dispatchEvent.js:45:43
      at Object.eventWrapper (node_modules/@testing-library/dom/dist/config.js:25:23)
      at Object.wrapEvent (node_modules/@testing-library/user-event/dist/cjs/event/wrapEvent.js:6:28)
      at Object.dispatchEvent (node_modules/@testing-library/user-event/dist/cjs/event/dispatchEvent.js:45:22)
      at Object.dispatchUIEvent (node_modules/@testing-library/user-event/dist/cjs/event/dispatchEvent.js:22:26)
      at commitInput (node_modules/@testing-library/user-event/dist/cjs/event/input.js:145:14)
      at editInputElement (node_modules/@testing-library/user-event/dist/cjs/event/input.js:115:9)
      at Object.input (node_modules/@testing-library/user-event/dist/cjs/event/input.js:37:9)
      at node_modules/@testing-library/user-event/dist/cjs/event/behavior/keypress.js:31:26
      at Object.dispatchEvent (node_modules/@testing-library/user-event/dist/cjs/event/dispatchEvent.js:41:13)
      at Object.dispatchUIEvent (node_modules/@testing-library/user-event/dist/cjs/event/dispatchEvent.js:22:26)
      at KeyboardHost.keydown (node_modules/@testing-library/user-event/dist/cjs/system/keyboard.js:76:22)
      at keyboardAction (node_modules/@testing-library/user-event/dist/cjs/keyboard/index.js:22:35)
      at Object.keyboard (node_modules/@testing-library/user-event/dist/cjs/keyboard/index.js:11:15)
      at Object.type (node_modules/@testing-library/user-event/dist/cjs/utility/type.js:17:5)
      at src/components/Contact/Contact.test.tsx:73:15
      at AsyncProperty.run (node_modules/fast-check/lib/check/property/AsyncProperty.generic.js:49:28)
      at asyncRunIt (node_modules/fast-check/lib/check/runner/Runner.js:37:21)
      at Object.<anonymous> (src/components/Contact/Contact.test.tsx:39:5)

    console.error
      Warning: An update to Contact inside a test was not wrapped in act(...).
      
      When testing, code that causes React state updates should be wrapped into act(...):
      
      act(() => {
        /* fire events that update state */
      });
      /* assert on the output */
      
      This ensures that you're testing the behavior the user would see in the browser. Learn more at https://reactjs.org/link/wrap-tests-with-act
          at Contact (/workspaces/netsanet-portfolio/src/components/Contact/Contact.tsx:17:44)

      30 |
      31 |   const handleInputChange = (field: keyof ContactFormData, value: string) => {
    > 32 |     setFormState(prev => ({
         |     ^
      33 |       ...prev,
      34 |       data: {
      35 |         ...prev.data,

      at printWarning (node_modules/react-dom/cjs/react-dom.development.js:86:30)
      at error (node_modules/react-dom/cjs/react-dom.development.js:60:7)
      at warnIfUpdatesNotWrappedWithActDEV (node_modules/react-dom/cjs/react-dom.development.js:27628:9)
      at scheduleUpdateOnFiber (node_modules/react-dom/cjs/react-dom.development.js:25547:5)
      at dispatchSetState (node_modules/react-dom/cjs/react-dom.development.js:16708:7)
      at handleInputChange (src/components/Contact/Contact.tsx:32:5)
      at onChange (src/components/Contact/Contact.tsx:280:34)
      at HTMLUnknownElement.callCallback (node_modules/react-dom/cjs/react-dom.development.js:4164:14)
      at HTMLUnknownElement.callTheUserObjectsOperation (node_modules/jsdom/lib/jsdom/living/generated/EventListener.js:26:30)
      at innerInvokeEventListeners (node_modules/jsdom/lib/jsdom/living/events/EventTarget-impl.js:350:25)
      at invokeEventListeners (node_modules/jsdom/lib/jsdom/living/events/EventTarget-impl.js:286:3)
      at HTMLUnknownElementImpl._dispatch (node_modules/jsdom/lib/jsdom/living/events/EventTarget-impl.js:233:9)
      at HTMLUnknownElementImpl.dispatchEvent (node_modules/jsdom/lib/jsdom/living/events/EventTarget-impl.js:104:17)
      at HTMLUnknownElement.dispatchEvent (node_modules/jsdom/lib/jsdom/living/generated/EventTarget.js:241:34)
      at Object.invokeGuardedCallbackDev (node_modules/react-dom/cjs/react-dom.development.js:4213:16)
      at invokeGuardedCallback (node_modules/react-dom/cjs/react-dom.development.js:4277:31)
      at invokeGuardedCallbackAndCatchFirstError (node_modules/react-dom/cjs/react-dom.development.js:4291:25)
      at executeDispatch (node_modules/react-dom/cjs/react-dom.development.js:9041:3)
      at processDispatchQueueItemsInOrder (node_modules/react-dom/cjs/react-dom.development.js:9073:7)
      at processDispatchQueue (node_modules/react-dom/cjs/react-dom.development.js:9086:5)
      at dispatchEventsForPlugins (node_modules/react-dom/cjs/react-dom.development.js:9097:3)
      at node_modules/react-dom/cjs/react-dom.development.js:9288:12
      at batchedUpdates$1 (node_modules/react-dom/cjs/react-dom.development.js:26179:12)
      at batchedUpdates (node_modules/react-dom/cjs/react-dom.development.js:3991:12)
      at dispatchEventForPluginEventSystem (node_modules/react-dom/cjs/react-dom.development.js:9287:3)
      at dispatchEventWithEnableCapturePhaseSelectiveHydrationWithoutDiscreteEventReplay (node_modules/react-dom/cjs/react-dom.development.js:6465:5)
      at dispatchEvent (node_modules/react-dom/cjs/react-dom.development.js:6457:5)
      at dispatchDiscreteEvent (node_modules/react-dom/cjs/react-dom.development.js:6430:5)
      at HTMLDivElement.callTheUserObjectsOperation (node_modules/jsdom/lib/jsdom/living/generated/EventListener.js:26:30)
      at innerInvokeEventListeners (node_modules/jsdom/lib/jsdom/living/events/EventTarget-impl.js:350:25)
      at invokeEventListeners (node_modules/jsdom/lib/jsdom/living/events/EventTarget-impl.js:286:3)
      at HTMLInputElementImpl._dispatch (node_modules/jsdom/lib/jsdom/living/events/EventTarget-impl.js:233:9)
      at HTMLInputElementImpl.dispatchEvent (node_modules/jsdom/lib/jsdom/living/events/EventTarget-impl.js:104:17)
      at HTMLInputElement.dispatchEvent (node_modules/jsdom/lib/jsdom/living/generated/EventTarget.js:241:34)
      at node_modules/@testing-library/user-event/dist/cjs/event/dispatchEvent.js:45:43
      at Object.eventWrapper (node_modules/@testing-library/dom/dist/config.js:25:23)
      at Object.wrapEvent (node_modules/@testing-library/user-event/dist/cjs/event/wrapEvent.js:6:28)
      at Object.dispatchEvent (node_modules/@testing-library/user-event/dist/cjs/event/dispatchEvent.js:45:22)
      at Object.dispatchUIEvent (node_modules/@testing-library/user-event/dist/cjs/event/dispatchEvent.js:22:26)
      at commitInput (node_modules/@testing-library/user-event/dist/cjs/event/input.js:145:14)
      at editInputElement (node_modules/@testing-library/user-event/dist/cjs/event/input.js:115:9)
      at Object.input (node_modules/@testing-library/user-event/dist/cjs/event/input.js:37:9)
      at node_modules/@testing-library/user-event/dist/cjs/event/behavior/keypress.js:31:26
      at Object.dispatchEvent (node_modules/@testing-library/user-event/dist/cjs/event/dispatchEvent.js:41:13)
      at Object.dispatchUIEvent (node_modules/@testing-library/user-event/dist/cjs/event/dispatchEvent.js:22:26)
      at KeyboardHost.keydown (node_modules/@testing-library/user-event/dist/cjs/system/keyboard.js:76:22)
      at keyboardAction (node_modules/@testing-library/user-event/dist/cjs/keyboard/index.js:22:35)
      at Object.keyboard (node_modules/@testing-library/user-event/dist/cjs/keyboard/index.js:11:15)
      at Object.type (node_modules/@testing-library/user-event/dist/cjs/utility/type.js:17:5)
      at src/components/Contact/Contact.test.tsx:73:15
      at AsyncProperty.run (node_modules/fast-check/lib/check/property/AsyncProperty.generic.js:49:28)
      at asyncRunIt (node_modules/fast-check/lib/check/runner/Runner.js:37:21)
      at Object.<anonymous> (src/components/Contact/Contact.test.tsx:39:5)

    console.error
      Warning: An update to Contact inside a test was not wrapped in act(...).
      
      When testing, code that causes React state updates should be wrapped into act(...):
      
      act(() => {
        /* fire events that update state */
      });
      /* assert on the output */
      
      This ensures that you're testing the behavior the user would see in the browser. Learn more at https://reactjs.org/link/wrap-tests-with-act
          at Contact (/workspaces/netsanet-portfolio/src/components/Contact/Contact.tsx:17:44)

      30 |
      31 |   const handleInputChange = (field: keyof ContactFormData, value: string) => {
    > 32 |     setFormState(prev => ({
         |     ^
      33 |       ...prev,
      34 |       data: {
      35 |         ...prev.data,

      at printWarning (node_modules/react-dom/cjs/react-dom.development.js:86:30)
      at error (node_modules/react-dom/cjs/react-dom.development.js:60:7)
      at warnIfUpdatesNotWrappedWithActDEV (node_modules/react-dom/cjs/react-dom.development.js:27628:9)
      at scheduleUpdateOnFiber (node_modules/react-dom/cjs/react-dom.development.js:25547:5)
      at dispatchSetState (node_modules/react-dom/cjs/react-dom.development.js:16708:7)
      at handleInputChange (src/components/Contact/Contact.tsx:32:5)
      at onChange (src/components/Contact/Contact.tsx:301:34)
      at HTMLUnknownElement.callCallback (node_modules/react-dom/cjs/react-dom.development.js:4164:14)
      at HTMLUnknownElement.callTheUserObjectsOperation (node_modules/jsdom/lib/jsdom/living/generated/EventListener.js:26:30)
      at innerInvokeEventListeners (node_modules/jsdom/lib/jsdom/living/events/EventTarget-impl.js:350:25)
      at invokeEventListeners (node_modules/jsdom/lib/jsdom/living/events/EventTarget-impl.js:286:3)
      at HTMLUnknownElementImpl._dispatch (node_modules/jsdom/lib/jsdom/living/events/EventTarget-impl.js:233:9)
      at HTMLUnknownElementImpl.dispatchEvent (node_modules/jsdom/lib/jsdom/living/events/EventTarget-impl.js:104:17)
      at HTMLUnknownElement.dispatchEvent (node_modules/jsdom/lib/jsdom/living/generated/EventTarget.js:241:34)
      at Object.invokeGuardedCallbackDev (node_modules/react-dom/cjs/react-dom.development.js:4213:16)
      at invokeGuardedCallback (node_modules/react-dom/cjs/react-dom.development.js:4277:31)
      at invokeGuardedCallbackAndCatchFirstError (node_modules/react-dom/cjs/react-dom.development.js:4291:25)
      at executeDispatch (node_modules/react-dom/cjs/react-dom.development.js:9041:3)
      at processDispatchQueueItemsInOrder (node_modules/react-dom/cjs/react-dom.development.js:9073:7)
      at processDispatchQueue (node_modules/react-dom/cjs/react-dom.development.js:9086:5)
      at dispatchEventsForPlugins (node_modules/react-dom/cjs/react-dom.development.js:9097:3)
      at node_modules/react-dom/cjs/react-dom.development.js:9288:12
      at batchedUpdates$1 (node_modules/react-dom/cjs/react-dom.development.js:26179:12)
      at batchedUpdates (node_modules/react-dom/cjs/react-dom.development.js:3991:12)
      at dispatchEventForPluginEventSystem (node_modules/react-dom/cjs/react-dom.development.js:9287:3)
      at dispatchEventWithEnableCapturePhaseSelectiveHydrationWithoutDiscreteEventReplay (node_modules/react-dom/cjs/react-dom.development.js:6465:5)
      at dispatchEvent (node_modules/react-dom/cjs/react-dom.development.js:6457:5)
      at dispatchDiscreteEvent (node_modules/react-dom/cjs/react-dom.development.js:6430:5)
      at HTMLDivElement.callTheUserObjectsOperation (node_modules/jsdom/lib/jsdom/living/generated/EventListener.js:26:30)
      at innerInvokeEventListeners (node_modules/jsdom/lib/jsdom/living/events/EventTarget-impl.js:350:25)
      at invokeEventListeners (node_modules/jsdom/lib/jsdom/living/events/EventTarget-impl.js:286:3)
      at HTMLTextAreaElementImpl._dispatch (node_modules/jsdom/lib/jsdom/living/events/EventTarget-impl.js:233:9)
      at HTMLTextAreaElementImpl.dispatchEvent (node_modules/jsdom/lib/jsdom/living/events/EventTarget-impl.js:104:17)
      at HTMLTextAreaElement.dispatchEvent (node_modules/jsdom/lib/jsdom/living/generated/EventTarget.js:241:34)
      at node_modules/@testing-library/user-event/dist/cjs/event/dispatchEvent.js:45:43
      at Object.eventWrapper (node_modules/@testing-library/dom/dist/config.js:25:23)
      at Object.wrapEvent (node_modules/@testing-library/user-event/dist/cjs/event/wrapEvent.js:6:28)
      at Object.dispatchEvent (node_modules/@testing-library/user-event/dist/cjs/event/dispatchEvent.js:45:22)
      at Object.dispatchUIEvent (node_modules/@testing-library/user-event/dist/cjs/event/dispatchEvent.js:22:26)
      at commitInput (node_modules/@testing-library/user-event/dist/cjs/event/input.js:145:14)
      at editInputElement (node_modules/@testing-library/user-event/dist/cjs/event/input.js:115:9)
      at Object.input (node_modules/@testing-library/user-event/dist/cjs/event/input.js:37:9)
      at node_modules/@testing-library/user-event/dist/cjs/event/behavior/keypress.js:31:26
      at Object.dispatchEvent (node_modules/@testing-library/user-event/dist/cjs/event/dispatchEvent.js:41:13)
      at Object.dispatchUIEvent (node_modules/@testing-library/user-event/dist/cjs/event/dispatchEvent.js:22:26)
      at KeyboardHost.keydown (node_modules/@testing-library/user-event/dist/cjs/system/keyboard.js:76:22)
      at keyboardAction (node_modules/@testing-library/user-event/dist/cjs/keyboard/index.js:22:35)
      at Object.keyboard (node_modules/@testing-library/user-event/dist/cjs/keyboard/index.js:11:15)
      at Object.type (node_modules/@testing-library/user-event/dist/cjs/utility/type.js:17:5)
      at src/components/Contact/Contact.test.tsx:78:15
      at AsyncProperty.run (node_modules/fast-check/lib/check/property/AsyncProperty.generic.js:49:28)
      at asyncRunIt (node_modules/fast-check/lib/check/runner/Runner.js:37:21)
      at Object.<anonymous> (src/components/Contact/Contact.test.tsx:39:5)

    console.error
      Warning: An update to Contact inside a test was not wrapped in act(...).
      
      When testing, code that causes React state updates should be wrapped into act(...):
      
      act(() => {
        /* fire events that update state */
      });
      /* assert on the output */
      
      This ensures that you're testing the behavior the user would see in the browser. Learn more at https://reactjs.org/link/wrap-tests-with-act
          at Contact (/workspaces/netsanet-portfolio/src/components/Contact/Contact.tsx:17:44)

      30 |
      31 |   const handleInputChange = (field: keyof ContactFormData, value: string) => {
    > 32 |     setFormState(prev => ({
         |     ^
      33 |       ...prev,
      34 |       data: {
      35 |         ...prev.data,

      at printWarning (node_modules/react-dom/cjs/react-dom.development.js:86:30)
      at error (node_modules/react-dom/cjs/react-dom.development.js:60:7)
      at warnIfUpdatesNotWrappedWithActDEV (node_modules/react-dom/cjs/react-dom.development.js:27628:9)
      at scheduleUpdateOnFiber (node_modules/react-dom/cjs/react-dom.development.js:25547:5)
      at dispatchSetState (node_modules/react-dom/cjs/react-dom.development.js:16708:7)
      at handleInputChange (src/components/Contact/Contact.tsx:32:5)
      at onChange (src/components/Contact/Contact.tsx:301:34)
      at HTMLUnknownElement.callCallback (node_modules/react-dom/cjs/react-dom.development.js:4164:14)
      at HTMLUnknownElement.callTheUserObjectsOperation (node_modules/jsdom/lib/jsdom/living/generated/EventListener.js:26:30)
      at innerInvokeEventListeners (node_modules/jsdom/lib/jsdom/living/events/EventTarget-impl.js:350:25)
      at invokeEventListeners (node_modules/jsdom/lib/jsdom/living/events/EventTarget-impl.js:286:3)
      at HTMLUnknownElementImpl._dispatch (node_modules/jsdom/lib/jsdom/living/events/EventTarget-impl.js:233:9)
      at HTMLUnknownElementImpl.dispatchEvent (node_modules/jsdom/lib/jsdom/living/events/EventTarget-impl.js:104:17)
      at HTMLUnknownElement.dispatchEvent (node_modules/jsdom/lib/jsdom/living/generated/EventTarget.js:241:34)
      at Object.invokeGuardedCallbackDev (node_modules/react-dom/cjs/react-dom.development.js:4213:16)
      at invokeGuardedCallback (node_modules/react-dom/cjs/react-dom.development.js:4277:31)
      at invokeGuardedCallbackAndCatchFirstError (node_modules/react-dom/cjs/react-dom.development.js:4291:25)
      at executeDispatch (node_modules/react-dom/cjs/react-dom.development.js:9041:3)
      at processDispatchQueueItemsInOrder (node_modules/react-dom/cjs/react-dom.development.js:9073:7)
      at processDispatchQueue (node_modules/react-dom/cjs/react-dom.development.js:9086:5)
      at dispatchEventsForPlugins (node_modules/react-dom/cjs/react-dom.development.js:9097:3)
      at node_modules/react-dom/cjs/react-dom.development.js:9288:12
      at batchedUpdates$1 (node_modules/react-dom/cjs/react-dom.development.js:26179:12)
      at batchedUpdates (node_modules/react-dom/cjs/react-dom.development.js:3991:12)
      at dispatchEventForPluginEventSystem (node_modules/react-dom/cjs/react-dom.development.js:9287:3)
      at dispatchEventWithEnableCapturePhaseSelectiveHydrationWithoutDiscreteEventReplay (node_modules/react-dom/cjs/react-dom.development.js:6465:5)
      at dispatchEvent (node_modules/react-dom/cjs/react-dom.development.js:6457:5)
      at dispatchDiscreteEvent (node_modules/react-dom/cjs/react-dom.development.js:6430:5)
      at HTMLDivElement.callTheUserObjectsOperation (node_modules/jsdom/lib/jsdom/living/generated/EventListener.js:26:30)
      at innerInvokeEventListeners (node_modules/jsdom/lib/jsdom/living/events/EventTarget-impl.js:350:25)
      at invokeEventListeners (node_modules/jsdom/lib/jsdom/living/events/EventTarget-impl.js:286:3)
      at HTMLTextAreaElementImpl._dispatch (node_modules/jsdom/lib/jsdom/living/events/EventTarget-impl.js:233:9)
      at HTMLTextAreaElementImpl.dispatchEvent (node_modules/jsdom/lib/jsdom/living/events/EventTarget-impl.js:104:17)
      at HTMLTextAreaElement.dispatchEvent (node_modules/jsdom/lib/jsdom/living/generated/EventTarget.js:241:34)
      at node_modules/@testing-library/user-event/dist/cjs/event/dispatchEvent.js:45:43
      at Object.eventWrapper (node_modules/@testing-library/dom/dist/config.js:25:23)
      at Object.wrapEvent (node_modules/@testing-library/user-event/dist/cjs/event/wrapEvent.js:6:28)
      at Object.dispatchEvent (node_modules/@testing-library/user-event/dist/cjs/event/dispatchEvent.js:45:22)
      at Object.dispatchUIEvent (node_modules/@testing-library/user-event/dist/cjs/event/dispatchEvent.js:22:26)
      at commitInput (node_modules/@testing-library/user-event/dist/cjs/event/input.js:145:14)
      at editInputElement (node_modules/@testing-library/user-event/dist/cjs/event/input.js:115:9)
      at Object.input (node_modules/@testing-library/user-event/dist/cjs/event/input.js:37:9)
      at node_modules/@testing-library/user-event/dist/cjs/event/behavior/keypress.js:31:26
      at Object.dispatchEvent (node_modules/@testing-library/user-event/dist/cjs/event/dispatchEvent.js:41:13)
      at Object.dispatchUIEvent (node_modules/@testing-library/user-event/dist/cjs/event/dispatchEvent.js:22:26)
      at KeyboardHost.keydown (node_modules/@testing-library/user-event/dist/cjs/system/keyboard.js:76:22)
      at keyboardAction (node_modules/@testing-library/user-event/dist/cjs/keyboard/index.js:22:35)
      at Object.keyboard (node_modules/@testing-library/user-event/dist/cjs/keyboard/index.js:11:15)
      at Object.type (node_modules/@testing-library/user-event/dist/cjs/utility/type.js:17:5)
      at src/components/Contact/Contact.test.tsx:78:15
      at AsyncProperty.run (node_modules/fast-check/lib/check/property/AsyncProperty.generic.js:49:28)
      at asyncRunIt (node_modules/fast-check/lib/check/runner/Runner.js:37:21)
      at Object.<anonymous> (src/components/Contact/Contact.test.tsx:39:5)

    console.error
      Warning: An update to Contact inside a test was not wrapped in act(...).
      
      When testing, code that causes React state updates should be wrapped into act(...):
      
      act(() => {
        /* fire events that update state */
      });
      /* assert on the output */
      
      This ensures that you're testing the behavior the user would see in the browser. Learn more at https://reactjs.org/link/wrap-tests-with-act
          at Contact (/workspaces/netsanet-portfolio/src/components/Contact/Contact.tsx:17:44)

      30 |
      31 |   const handleInputChange = (field: keyof ContactFormData, value: string) => {
    > 32 |     setFormState(prev => ({
         |     ^
      33 |       ...prev,
      34 |       data: {
      35 |         ...prev.data,

      at printWarning (node_modules/react-dom/cjs/react-dom.development.js:86:30)
      at error (node_modules/react-dom/cjs/react-dom.development.js:60:7)
      at warnIfUpdatesNotWrappedWithActDEV (node_modules/react-dom/cjs/react-dom.development.js:27628:9)
      at scheduleUpdateOnFiber (node_modules/react-dom/cjs/react-dom.development.js:25547:5)
      at dispatchSetState (node_modules/react-dom/cjs/react-dom.development.js:16708:7)
      at handleInputChange (src/components/Contact/Contact.tsx:32:5)
      at onChange (src/components/Contact/Contact.tsx:301:34)
      at HTMLUnknownElement.callCallback (node_modules/react-dom/cjs/react-dom.development.js:4164:14)
      at HTMLUnknownElement.callTheUserObjectsOperation (node_modules/jsdom/lib/jsdom/living/generated/EventListener.js:26:30)
      at innerInvokeEventListeners (node_modules/jsdom/lib/jsdom/living/events/EventTarget-impl.js:350:25)
      at invokeEventListeners (node_modules/jsdom/lib/jsdom/living/events/EventTarget-impl.js:286:3)
      at HTMLUnknownElementImpl._dispatch (node_modules/jsdom/lib/jsdom/living/events/EventTarget-impl.js:233:9)
      at HTMLUnknownElementImpl.dispatchEvent (node_modules/jsdom/lib/jsdom/living/events/EventTarget-impl.js:104:17)
      at HTMLUnknownElement.dispatchEvent (node_modules/jsdom/lib/jsdom/living/generated/EventTarget.js:241:34)
      at Object.invokeGuardedCallbackDev (node_modules/react-dom/cjs/react-dom.development.js:4213:16)
      at invokeGuardedCallback (node_modules/react-dom/cjs/react-dom.development.js:4277:31)
      at invokeGuardedCallbackAndCatchFirstError (node_modules/react-dom/cjs/react-dom.development.js:4291:25)
      at executeDispatch (node_modules/react-dom/cjs/react-dom.development.js:9041:3)
      at processDispatchQueueItemsInOrder (node_modules/react-dom/cjs/react-dom.development.js:9073:7)
      at processDispatchQueue (node_modules/react-dom/cjs/react-dom.development.js:9086:5)
      at dispatchEventsForPlugins (node_modules/react-dom/cjs/react-dom.development.js:9097:3)
      at node_modules/react-dom/cjs/react-dom.development.js:9288:12
      at batchedUpdates$1 (node_modules/react-dom/cjs/react-dom.development.js:26179:12)
      at batchedUpdates (node_modules/react-dom/cjs/react-dom.development.js:3991:12)
      at dispatchEventForPluginEventSystem (node_modules/react-dom/cjs/react-dom.development.js:9287:3)
      at dispatchEventWithEnableCapturePhaseSelectiveHydrationWithoutDiscreteEventReplay (node_modules/react-dom/cjs/react-dom.development.js:6465:5)
      at dispatchEvent (node_modules/react-dom/cjs/react-dom.development.js:6457:5)
      at dispatchDiscreteEvent (node_modules/react-dom/cjs/react-dom.development.js:6430:5)
      at HTMLDivElement.callTheUserObjectsOperation (node_modules/jsdom/lib/jsdom/living/generated/EventListener.js:26:30)
      at innerInvokeEventListeners (node_modules/jsdom/lib/jsdom/living/events/EventTarget-impl.js:350:25)
      at invokeEventListeners (node_modules/jsdom/lib/jsdom/living/events/EventTarget-impl.js:286:3)
      at HTMLTextAreaElementImpl._dispatch (node_modules/jsdom/lib/jsdom/living/events/EventTarget-impl.js:233:9)
      at HTMLTextAreaElementImpl.dispatchEvent (node_modules/jsdom/lib/jsdom/living/events/EventTarget-impl.js:104:17)
      at HTMLTextAreaElement.dispatchEvent (node_modules/jsdom/lib/jsdom/living/generated/EventTarget.js:241:34)
      at node_modules/@testing-library/user-event/dist/cjs/event/dispatchEvent.js:45:43
      at Object.eventWrapper (node_modules/@testing-library/dom/dist/config.js:25:23)
      at Object.wrapEvent (node_modules/@testing-library/user-event/dist/cjs/event/wrapEvent.js:6:28)
      at Object.dispatchEvent (node_modules/@testing-library/user-event/dist/cjs/event/dispatchEvent.js:45:22)
      at Object.dispatchUIEvent (node_modules/@testing-library/user-event/dist/cjs/event/dispatchEvent.js:22:26)
      at commitInput (node_modules/@testing-library/user-event/dist/cjs/event/input.js:145:14)
      at editInputElement (node_modules/@testing-library/user-event/dist/cjs/event/input.js:115:9)
      at Object.input (node_modules/@testing-library/user-event/dist/cjs/event/input.js:37:9)
      at node_modules/@testing-library/user-event/dist/cjs/event/behavior/keypress.js:31:26
      at Object.dispatchEvent (node_modules/@testing-library/user-event/dist/cjs/event/dispatchEvent.js:41:13)
      at Object.dispatchUIEvent (node_modules/@testing-library/user-event/dist/cjs/event/dispatchEvent.js:22:26)
      at KeyboardHost.keydown (node_modules/@testing-library/user-event/dist/cjs/system/keyboard.js:76:22)
      at keyboardAction (node_modules/@testing-library/user-event/dist/cjs/keyboard/index.js:22:35)
      at Object.keyboard (node_modules/@testing-library/user-event/dist/cjs/keyboard/index.js:11:15)
      at Object.type (node_modules/@testing-library/user-event/dist/cjs/utility/type.js:17:5)
      at src/components/Contact/Contact.test.tsx:78:15
      at AsyncProperty.run (node_modules/fast-check/lib/check/property/AsyncProperty.generic.js:49:28)
      at asyncRunIt (node_modules/fast-check/lib/check/runner/Runner.js:37:21)
      at Object.<anonymous> (src/components/Contact/Contact.test.tsx:39:5)

    console.error
      Warning: An update to Contact inside a test was not wrapped in act(...).
      
      When testing, code that causes React state updates should be wrapped into act(...):
      
      act(() => {
        /* fire events that update state */
      });
      /* assert on the output */
      
      This ensures that you're testing the behavior the user would see in the browser. Learn more at https://reactjs.org/link/wrap-tests-with-act
          at Contact (/workspaces/netsanet-portfolio/src/components/Contact/Contact.tsx:17:44)

      30 |
      31 |   const handleInputChange = (field: keyof ContactFormData, value: string) => {
    > 32 |     setFormState(prev => ({
         |     ^
      33 |       ...prev,
      34 |       data: {
      35 |         ...prev.data,

      at printWarning (node_modules/react-dom/cjs/react-dom.development.js:86:30)
      at error (node_modules/react-dom/cjs/react-dom.development.js:60:7)
      at warnIfUpdatesNotWrappedWithActDEV (node_modules/react-dom/cjs/react-dom.development.js:27628:9)
      at scheduleUpdateOnFiber (node_modules/react-dom/cjs/react-dom.development.js:25547:5)
      at dispatchSetState (node_modules/react-dom/cjs/react-dom.development.js:16708:7)
      at handleInputChange (src/components/Contact/Contact.tsx:32:5)
      at onChange (src/components/Contact/Contact.tsx:301:34)
      at HTMLUnknownElement.callCallback (node_modules/react-dom/cjs/react-dom.development.js:4164:14)
      at HTMLUnknownElement.callTheUserObjectsOperation (node_modules/jsdom/lib/jsdom/living/generated/EventListener.js:26:30)
      at innerInvokeEventListeners (node_modules/jsdom/lib/jsdom/living/events/EventTarget-impl.js:350:25)
      at invokeEventListeners (node_modules/jsdom/lib/jsdom/living/events/EventTarget-impl.js:286:3)
      at HTMLUnknownElementImpl._dispatch (node_modules/jsdom/lib/jsdom/living/events/EventTarget-impl.js:233:9)
      at HTMLUnknownElementImpl.dispatchEvent (node_modules/jsdom/lib/jsdom/living/events/EventTarget-impl.js:104:17)
      at HTMLUnknownElement.dispatchEvent (node_modules/jsdom/lib/jsdom/living/generated/EventTarget.js:241:34)
      at Object.invokeGuardedCallbackDev (node_modules/react-dom/cjs/react-dom.development.js:4213:16)
      at invokeGuardedCallback (node_modules/react-dom/cjs/react-dom.development.js:4277:31)
      at invokeGuardedCallbackAndCatchFirstError (node_modules/react-dom/cjs/react-dom.development.js:4291:25)
      at executeDispatch (node_modules/react-dom/cjs/react-dom.development.js:9041:3)
      at processDispatchQueueItemsInOrder (node_modules/react-dom/cjs/react-dom.development.js:9073:7)
      at processDispatchQueue (node_modules/react-dom/cjs/react-dom.development.js:9086:5)
      at dispatchEventsForPlugins (node_modules/react-dom/cjs/react-dom.development.js:9097:3)
      at node_modules/react-dom/cjs/react-dom.development.js:9288:12
      at batchedUpdates$1 (node_modules/react-dom/cjs/react-dom.development.js:26179:12)
      at batchedUpdates (node_modules/react-dom/cjs/react-dom.development.js:3991:12)
      at dispatchEventForPluginEventSystem (node_modules/react-dom/cjs/react-dom.development.js:9287:3)
      at dispatchEventWithEnableCapturePhaseSelectiveHydrationWithoutDiscreteEventReplay (node_modules/react-dom/cjs/react-dom.development.js:6465:5)
      at dispatchEvent (node_modules/react-dom/cjs/react-dom.development.js:6457:5)
      at dispatchDiscreteEvent (node_modules/react-dom/cjs/react-dom.development.js:6430:5)
      at HTMLDivElement.callTheUserObjectsOperation (node_modules/jsdom/lib/jsdom/living/generated/EventListener.js:26:30)
      at innerInvokeEventListeners (node_modules/jsdom/lib/jsdom/living/events/EventTarget-impl.js:350:25)
      at invokeEventListeners (node_modules/jsdom/lib/jsdom/living/events/EventTarget-impl.js:286:3)
      at HTMLTextAreaElementImpl._dispatch (node_modules/jsdom/lib/jsdom/living/events/EventTarget-impl.js:233:9)
      at HTMLTextAreaElementImpl.dispatchEvent (node_modules/jsdom/lib/jsdom/living/events/EventTarget-impl.js:104:17)
      at HTMLTextAreaElement.dispatchEvent (node_modules/jsdom/lib/jsdom/living/generated/EventTarget.js:241:34)
      at node_modules/@testing-library/user-event/dist/cjs/event/dispatchEvent.js:45:43
      at Object.eventWrapper (node_modules/@testing-library/dom/dist/config.js:25:23)
      at Object.wrapEvent (node_modules/@testing-library/user-event/dist/cjs/event/wrapEvent.js:6:28)
      at Object.dispatchEvent (node_modules/@testing-library/user-event/dist/cjs/event/dispatchEvent.js:45:22)
      at Object.dispatchUIEvent (node_modules/@testing-library/user-event/dist/cjs/event/dispatchEvent.js:22:26)
      at commitInput (node_modules/@testing-library/user-event/dist/cjs/event/input.js:145:14)
      at editInputElement (node_modules/@testing-library/user-event/dist/cjs/event/input.js:115:9)
      at Object.input (node_modules/@testing-library/user-event/dist/cjs/event/input.js:37:9)
      at node_modules/@testing-library/user-event/dist/cjs/event/behavior/keypress.js:31:26
      at Object.dispatchEvent (node_modules/@testing-library/user-event/dist/cjs/event/dispatchEvent.js:41:13)
      at Object.dispatchUIEvent (node_modules/@testing-library/user-event/dist/cjs/event/dispatchEvent.js:22:26)
      at KeyboardHost.keydown (node_modules/@testing-library/user-event/dist/cjs/system/keyboard.js:76:22)
      at keyboardAction (node_modules/@testing-library/user-event/dist/cjs/keyboard/index.js:22:35)
      at Object.keyboard (node_modules/@testing-library/user-event/dist/cjs/keyboard/index.js:11:15)
      at Object.type (node_modules/@testing-library/user-event/dist/cjs/utility/type.js:17:5)
      at src/components/Contact/Contact.test.tsx:78:15
      at AsyncProperty.run (node_modules/fast-check/lib/check/property/AsyncProperty.generic.js:49:28)
      at asyncRunIt (node_modules/fast-check/lib/check/runner/Runner.js:37:21)
      at Object.<anonymous> (src/components/Contact/Contact.test.tsx:39:5)

    console.error
      Warning: An update to Contact inside a test was not wrapped in act(...).
      
      When testing, code that causes React state updates should be wrapped into act(...):
      
      act(() => {
        /* fire events that update state */
      });
      /* assert on the output */
      
      This ensures that you're testing the behavior the user would see in the browser. Learn more at https://reactjs.org/link/wrap-tests-with-act
          at Contact (/workspaces/netsanet-portfolio/src/components/Contact/Contact.tsx:17:44)

      30 |
      31 |   const handleInputChange = (field: keyof ContactFormData, value: string) => {
    > 32 |     setFormState(prev => ({
         |     ^
      33 |       ...prev,
      34 |       data: {
      35 |         ...prev.data,

      at printWarning (node_modules/react-dom/cjs/react-dom.development.js:86:30)
      at error (node_modules/react-dom/cjs/react-dom.development.js:60:7)
      at warnIfUpdatesNotWrappedWithActDEV (node_modules/react-dom/cjs/react-dom.development.js:27628:9)
      at scheduleUpdateOnFiber (node_modules/react-dom/cjs/react-dom.development.js:25547:5)
      at dispatchSetState (node_modules/react-dom/cjs/react-dom.development.js:16708:7)
      at handleInputChange (src/components/Contact/Contact.tsx:32:5)
      at onChange (src/components/Contact/Contact.tsx:301:34)
      at HTMLUnknownElement.callCallback (node_modules/react-dom/cjs/react-dom.development.js:4164:14)
      at HTMLUnknownElement.callTheUserObjectsOperation (node_modules/jsdom/lib/jsdom/living/generated/EventListener.js:26:30)
      at innerInvokeEventListeners (node_modules/jsdom/lib/jsdom/living/events/EventTarget-impl.js:350:25)
      at invokeEventListeners (node_modules/jsdom/lib/jsdom/living/events/EventTarget-impl.js:286:3)
      at HTMLUnknownElementImpl._dispatch (node_modules/jsdom/lib/jsdom/living/events/EventTarget-impl.js:233:9)
      at HTMLUnknownElementImpl.dispatchEvent (node_modules/jsdom/lib/jsdom/living/events/EventTarget-impl.js:104:17)
      at HTMLUnknownElement.dispatchEvent (node_modules/jsdom/lib/jsdom/living/generated/EventTarget.js:241:34)
      at Object.invokeGuardedCallbackDev (node_modules/react-dom/cjs/react-dom.development.js:4213:16)
      at invokeGuardedCallback (node_modules/react-dom/cjs/react-dom.development.js:4277:31)
      at invokeGuardedCallbackAndCatchFirstError (node_modules/react-dom/cjs/react-dom.development.js:4291:25)
      at executeDispatch (node_modules/react-dom/cjs/react-dom.development.js:9041:3)
      at processDispatchQueueItemsInOrder (node_modules/react-dom/cjs/react-dom.development.js:9073:7)
      at processDispatchQueue (node_modules/react-dom/cjs/react-dom.development.js:9086:5)
      at dispatchEventsForPlugins (node_modules/react-dom/cjs/react-dom.development.js:9097:3)
      at node_modules/react-dom/cjs/react-dom.development.js:9288:12
      at batchedUpdates$1 (node_modules/react-dom/cjs/react-dom.development.js:26179:12)
      at batchedUpdates (node_modules/react-dom/cjs/react-dom.development.js:3991:12)
      at dispatchEventForPluginEventSystem (node_modules/react-dom/cjs/react-dom.development.js:9287:3)
      at dispatchEventWithEnableCapturePhaseSelectiveHydrationWithoutDiscreteEventReplay (node_modules/react-dom/cjs/react-dom.development.js:6465:5)
      at dispatchEvent (node_modules/react-dom/cjs/react-dom.development.js:6457:5)
      at dispatchDiscreteEvent (node_modules/react-dom/cjs/react-dom.development.js:6430:5)
      at HTMLDivElement.callTheUserObjectsOperation (node_modules/jsdom/lib/jsdom/living/generated/EventListener.js:26:30)
      at innerInvokeEventListeners (node_modules/jsdom/lib/jsdom/living/events/EventTarget-impl.js:350:25)
      at invokeEventListeners (node_modules/jsdom/lib/jsdom/living/events/EventTarget-impl.js:286:3)
      at HTMLTextAreaElementImpl._dispatch (node_modules/jsdom/lib/jsdom/living/events/EventTarget-impl.js:233:9)
      at HTMLTextAreaElementImpl.dispatchEvent (node_modules/jsdom/lib/jsdom/living/events/EventTarget-impl.js:104:17)
      at HTMLTextAreaElement.dispatchEvent (node_modules/jsdom/lib/jsdom/living/generated/EventTarget.js:241:34)
      at node_modules/@testing-library/user-event/dist/cjs/event/dispatchEvent.js:45:43
      at Object.eventWrapper (node_modules/@testing-library/dom/dist/config.js:25:23)
      at Object.wrapEvent (node_modules/@testing-library/user-event/dist/cjs/event/wrapEvent.js:6:28)
      at Object.dispatchEvent (node_modules/@testing-library/user-event/dist/cjs/event/dispatchEvent.js:45:22)
      at Object.dispatchUIEvent (node_modules/@testing-library/user-event/dist/cjs/event/dispatchEvent.js:22:26)
      at commitInput (node_modules/@testing-library/user-event/dist/cjs/event/input.js:145:14)
      at editInputElement (node_modules/@testing-library/user-event/dist/cjs/event/input.js:115:9)
      at Object.input (node_modules/@testing-library/user-event/dist/cjs/event/input.js:37:9)
      at node_modules/@testing-library/user-event/dist/cjs/event/behavior/keypress.js:31:26
      at Object.dispatchEvent (node_modules/@testing-library/user-event/dist/cjs/event/dispatchEvent.js:41:13)
      at Object.dispatchUIEvent (node_modules/@testing-library/user-event/dist/cjs/event/dispatchEvent.js:22:26)
      at KeyboardHost.keydown (node_modules/@testing-library/user-event/dist/cjs/system/keyboard.js:76:22)
      at keyboardAction (node_modules/@testing-library/user-event/dist/cjs/keyboard/index.js:22:35)
      at Object.keyboard (node_modules/@testing-library/user-event/dist/cjs/keyboard/index.js:11:15)
      at Object.type (node_modules/@testing-library/user-event/dist/cjs/utility/type.js:17:5)
      at src/components/Contact/Contact.test.tsx:78:15
      at AsyncProperty.run (node_modules/fast-check/lib/check/property/AsyncProperty.generic.js:49:28)
      at asyncRunIt (node_modules/fast-check/lib/check/runner/Runner.js:37:21)
      at Object.<anonymous> (src/components/Contact/Contact.test.tsx:39:5)

    console.error
      Warning: An update to Contact inside a test was not wrapped in act(...).
      
      When testing, code that causes React state updates should be wrapped into act(...):
      
      act(() => {
        /* fire events that update state */
      });
      /* assert on the output */
      
      This ensures that you're testing the behavior the user would see in the browser. Learn more at https://reactjs.org/link/wrap-tests-with-act
          at Contact (/workspaces/netsanet-portfolio/src/components/Contact/Contact.tsx:17:44)

      51 |     
      52 |     if (!validation.isValid) {
    > 53 |       setFormState(prev => ({
         |       ^
      54 |         ...prev,
      55 |         errors: validation.fieldErrors
      56 |       }));

      at printWarning (node_modules/react-dom/cjs/react-dom.development.js:86:30)
      at error (node_modules/react-dom/cjs/react-dom.development.js:60:7)
      at warnIfUpdatesNotWrappedWithActDEV (node_modules/react-dom/cjs/react-dom.development.js:27628:9)
      at scheduleUpdateOnFiber (node_modules/react-dom/cjs/react-dom.development.js:25547:5)
      at dispatchSetState (node_modules/react-dom/cjs/react-dom.development.js:16708:7)
      at handleSubmit (src/components/Contact/Contact.tsx:53:7)
      at HTMLUnknownElement.callCallback (node_modules/react-dom/cjs/react-dom.development.js:4164:14)
      at HTMLUnknownElement.callTheUserObjectsOperation (node_modules/jsdom/lib/jsdom/living/generated/EventListener.js:26:30)
      at innerInvokeEventListeners (node_modules/jsdom/lib/jsdom/living/events/EventTarget-impl.js:350:25)
      at invokeEventListeners (node_modules/jsdom/lib/jsdom/living/events/EventTarget-impl.js:286:3)
      at HTMLUnknownElementImpl._dispatch (node_modules/jsdom/lib/jsdom/living/events/EventTarget-impl.js:233:9)
      at HTMLUnknownElementImpl.dispatchEvent (node_modules/jsdom/lib/jsdom/living/events/EventTarget-impl.js:104:17)
      at HTMLUnknownElement.dispatchEvent (node_modules/jsdom/lib/jsdom/living/generated/EventTarget.js:241:34)
      at Object.invokeGuardedCallbackDev (node_modules/react-dom/cjs/react-dom.development.js:4213:16)
      at invokeGuardedCallback (node_modules/react-dom/cjs/react-dom.development.js:4277:31)
      at invokeGuardedCallbackAndCatchFirstError (node_modules/react-dom/cjs/react-dom.development.js:4291:25)
      at executeDispatch (node_modules/react-dom/cjs/react-dom.development.js:9041:3)
      at processDispatchQueueItemsInOrder (node_modules/react-dom/cjs/react-dom.development.js:9073:7)
      at processDispatchQueue (node_modules/react-dom/cjs/react-dom.development.js:9086:5)
      at dispatchEventsForPlugins (node_modules/react-dom/cjs/react-dom.development.js:9097:3)
      at node_modules/react-dom/cjs/react-dom.development.js:9288:12
      at batchedUpdates$1 (node_modules/react-dom/cjs/react-dom.development.js:26179:12)
      at batchedUpdates (node_modules/react-dom/cjs/react-dom.development.js:3991:12)
      at dispatchEventForPluginEventSystem (node_modules/react-dom/cjs/react-dom.development.js:9287:3)
      at dispatchEventWithEnableCapturePhaseSelectiveHydrationWithoutDiscreteEventReplay (node_modules/react-dom/cjs/react-dom.development.js:6465:5)
      at dispatchEvent (node_modules/react-dom/cjs/react-dom.development.js:6457:5)
      at dispatchDiscreteEvent (node_modules/react-dom/cjs/react-dom.development.js:6430:5)
      at HTMLDivElement.callTheUserObjectsOperation (node_modules/jsdom/lib/jsdom/living/generated/EventListener.js:26:30)
      at innerInvokeEventListeners (node_modules/jsdom/lib/jsdom/living/events/EventTarget-impl.js:350:25)
      at invokeEventListeners (node_modules/jsdom/lib/jsdom/living/events/EventTarget-impl.js:286:3)
      at HTMLFormElementImpl._dispatch (node_modules/jsdom/lib/jsdom/living/events/EventTarget-impl.js:233:9)
      at fireAnEvent (node_modules/jsdom/lib/jsdom/living/helpers/events.js:18:36)
      at HTMLFormElementImpl.requestSubmit (node_modules/jsdom/lib/jsdom/living/nodes/HTMLFormElement-impl.js:109:10)
      at HTMLFormElementImpl._doRequestSubmit (node_modules/jsdom/lib/jsdom/living/nodes/HTMLFormElement-impl.js:79:10)
      at HTMLButtonElementImpl._activationBehavior (node_modules/jsdom/lib/jsdom/living/nodes/HTMLButtonElement-impl.js:23:14)
      at HTMLButtonElementImpl._dispatch (node_modules/jsdom/lib/jsdom/living/events/EventTarget-impl.js:252:26)
      at HTMLButtonElementImpl.dispatchEvent (node_modules/jsdom/lib/jsdom/living/events/EventTarget-impl.js:104:17)
      at HTMLButtonElement.dispatchEvent (node_modules/jsdom/lib/jsdom/living/generated/EventTarget.js:241:34)
      at node_modules/@testing-library/user-event/dist/cjs/event/dispatchEvent.js:45:43
      at Object.eventWrapper (node_modules/@testing-library/dom/dist/config.js:25:23)
      at Object.wrapEvent (node_modules/@testing-library/user-event/dist/cjs/event/wrapEvent.js:6:28)
      at Object.dispatchEvent (node_modules/@testing-library/user-event/dist/cjs/event/dispatchEvent.js:45:22)
      at Object.dispatchUIEvent (node_modules/@testing-library/user-event/dist/cjs/event/dispatchEvent.js:22:26)
      at Mouse.up (node_modules/@testing-library/user-event/dist/cjs/system/pointer/mouse.js:100:30)
      at PointerHost.release (node_modules/@testing-library/user-event/dist/cjs/system/pointer/index.js:87:24)
      at pointerAction (node_modules/@testing-library/user-event/dist/cjs/pointer/index.js:54:47)
      at Object.pointer (node_modules/@testing-library/user-event/dist/cjs/pointer/index.js:27:9)
      at src/components/Contact/Contact.test.tsx:82:13
      at AsyncProperty.run (node_modules/fast-check/lib/check/property/AsyncProperty.generic.js:49:28)
      at asyncRunIt (node_modules/fast-check/lib/check/runner/Runner.js:37:21)
      at Object.<anonymous> (src/components/Contact/Contact.test.tsx:39:5)

    console.error
      Warning: An update to Contact inside a test was not wrapped in act(...).
      
      When testing, code that causes React state updates should be wrapped into act(...):
      
      act(() => {
        /* fire events that update state */
      });
      /* assert on the output */
      
      This ensures that you're testing the behavior the user would see in the browser. Learn more at https://reactjs.org/link/wrap-tests-with-act
          at Contact (/workspaces/netsanet-portfolio/src/components/Contact/Contact.tsx:17:44)

      30 |
      31 |   const handleInputChange = (field: keyof ContactFormData, value: string) => {
    > 32 |     setFormState(prev => ({
         |     ^
      33 |       ...prev,
      34 |       data: {
      35 |         ...prev.data,

      at printWarning (node_modules/react-dom/cjs/react-dom.development.js:86:30)
      at error (node_modules/react-dom/cjs/react-dom.development.js:60:7)
      at warnIfUpdatesNotWrappedWithActDEV (node_modules/react-dom/cjs/react-dom.development.js:27628:9)
      at scheduleUpdateOnFiber (node_modules/react-dom/cjs/react-dom.development.js:25547:5)
      at dispatchSetState (node_modules/react-dom/cjs/react-dom.development.js:16708:7)
      at handleInputChange (src/components/Contact/Contact.tsx:32:5)
      at onChange (src/components/Contact/Contact.tsx:236:34)
      at HTMLUnknownElement.callCallback (node_modules/react-dom/cjs/react-dom.development.js:4164:14)
      at HTMLUnknownElement.callTheUserObjectsOperation (node_modules/jsdom/lib/jsdom/living/generated/EventListener.js:26:30)
      at innerInvokeEventListeners (node_modules/jsdom/lib/jsdom/living/events/EventTarget-impl.js:350:25)
      at invokeEventListeners (node_modules/jsdom/lib/jsdom/living/events/EventTarget-impl.js:286:3)
      at HTMLUnknownElementImpl._dispatch (node_modules/jsdom/lib/jsdom/living/events/EventTarget-impl.js:233:9)
      at HTMLUnknownElementImpl.dispatchEvent (node_modules/jsdom/lib/jsdom/living/events/EventTarget-impl.js:104:17)
      at HTMLUnknownElement.dispatchEvent (node_modules/jsdom/lib/jsdom/living/generated/EventTarget.js:241:34)
      at Object.invokeGuardedCallbackDev (node_modules/react-dom/cjs/react-dom.development.js:4213:16)
      at invokeGuardedCallback (node_modules/react-dom/cjs/react-dom.development.js:4277:31)
      at invokeGuardedCallbackAndCatchFirstError (node_modules/react-dom/cjs/react-dom.development.js:4291:25)
      at executeDispatch (node_modules/react-dom/cjs/react-dom.development.js:9041:3)
      at processDispatchQueueItemsInOrder (node_modules/react-dom/cjs/react-dom.development.js:9073:7)
      at processDispatchQueue (node_modules/react-dom/cjs/react-dom.development.js:9086:5)
      at dispatchEventsForPlugins (node_modules/react-dom/cjs/react-dom.development.js:9097:3)
      at node_modules/react-dom/cjs/react-dom.development.js:9288:12
      at batchedUpdates$1 (node_modules/react-dom/cjs/react-dom.development.js:26179:12)
      at batchedUpdates (node_modules/react-dom/cjs/react-dom.development.js:3991:12)
      at dispatchEventForPluginEventSystem (node_modules/react-dom/cjs/react-dom.development.js:9287:3)
      at dispatchEventWithEnableCapturePhaseSelectiveHydrationWithoutDiscreteEventReplay (node_modules/react-dom/cjs/react-dom.development.js:6465:5)
      at dispatchEvent (node_modules/react-dom/cjs/react-dom.development.js:6457:5)
      at dispatchDiscreteEvent (node_modules/react-dom/cjs/react-dom.development.js:6430:5)
      at HTMLDivElement.callTheUserObjectsOperation (node_modules/jsdom/lib/jsdom/living/generated/EventListener.js:26:30)
      at innerInvokeEventListeners (node_modules/jsdom/lib/jsdom/living/events/EventTarget-impl.js:350:25)
      at invokeEventListeners (node_modules/jsdom/lib/jsdom/living/events/EventTarget-impl.js:286:3)
      at HTMLInputElementImpl._dispatch (node_modules/jsdom/lib/jsdom/living/events/EventTarget-impl.js:233:9)
      at HTMLInputElementImpl.dispatchEvent (node_modules/jsdom/lib/jsdom/living/events/EventTarget-impl.js:104:17)
      at HTMLInputElement.dispatchEvent (node_modules/jsdom/lib/jsdom/living/generated/EventTarget.js:241:34)
      at node_modules/@testing-library/user-event/dist/cjs/event/dispatchEvent.js:45:43
      at Object.eventWrapper (node_modules/@testing-library/dom/dist/config.js:25:23)
      at Object.wrapEvent (node_modules/@testing-library/user-event/dist/cjs/event/wrapEvent.js:6:28)
      at Object.dispatchEvent (node_modules/@testing-library/user-event/dist/cjs/event/dispatchEvent.js:45:22)
      at Object.dispatchUIEvent (node_modules/@testing-library/user-event/dist/cjs/event/dispatchEvent.js:22:26)
      at commitInput (node_modules/@testing-library/user-event/dist/cjs/event/input.js:145:14)
      at editInputElement (node_modules/@testing-library/user-event/dist/cjs/event/input.js:115:9)
      at Object.input (node_modules/@testing-library/user-event/dist/cjs/event/input.js:37:9)
      at node_modules/@testing-library/user-event/dist/cjs/event/behavior/keypress.js:31:26
      at Object.dispatchEvent (node_modules/@testing-library/user-event/dist/cjs/event/dispatchEvent.js:41:13)
      at Object.dispatchUIEvent (node_modules/@testing-library/user-event/dist/cjs/event/dispatchEvent.js:22:26)
      at KeyboardHost.keydown (node_modules/@testing-library/user-event/dist/cjs/system/keyboard.js:76:22)
      at keyboardAction (node_modules/@testing-library/user-event/dist/cjs/keyboard/index.js:22:35)
      at Object.keyboard (node_modules/@testing-library/user-event/dist/cjs/keyboard/index.js:11:15)
      at Object.type (node_modules/@testing-library/user-event/dist/cjs/utility/type.js:17:5)
      at src/components/Contact/Contact.test.tsx:63:15
      at AsyncProperty.run (node_modules/fast-check/lib/check/property/AsyncProperty.generic.js:49:28)
      at asyncRunIt (node_modules/fast-check/lib/check/runner/Runner.js:37:21)
      at Object.<anonymous> (src/components/Contact/Contact.test.tsx:39:5)

    console.error
      Warning: An update to Contact inside a test was not wrapped in act(...).
      
      When testing, code that causes React state updates should be wrapped into act(...):
      
      act(() => {
        /* fire events that update state */
      });
      /* assert on the output */
      
      This ensures that you're testing the behavior the user would see in the browser. Learn more at https://reactjs.org/link/wrap-tests-with-act
          at Contact (/workspaces/netsanet-portfolio/src/components/Contact/Contact.tsx:17:44)

      30 |
      31 |   const handleInputChange = (field: keyof ContactFormData, value: string) => {
    > 32 |     setFormState(prev => ({
         |     ^
      33 |       ...prev,
      34 |       data: {
      35 |         ...prev.data,

      at printWarning (node_modules/react-dom/cjs/react-dom.development.js:86:30)
      at error (node_modules/react-dom/cjs/react-dom.development.js:60:7)
      at warnIfUpdatesNotWrappedWithActDEV (node_modules/react-dom/cjs/react-dom.development.js:27628:9)
      at scheduleUpdateOnFiber (node_modules/react-dom/cjs/react-dom.development.js:25547:5)
      at dispatchSetState (node_modules/react-dom/cjs/react-dom.development.js:16708:7)
      at handleInputChange (src/components/Contact/Contact.tsx:32:5)
      at onChange (src/components/Contact/Contact.tsx:236:34)
      at HTMLUnknownElement.callCallback (node_modules/react-dom/cjs/react-dom.development.js:4164:14)
      at HTMLUnknownElement.callTheUserObjectsOperation (node_modules/jsdom/lib/jsdom/living/generated/EventListener.js:26:30)
      at innerInvokeEventListeners (node_modules/jsdom/lib/jsdom/living/events/EventTarget-impl.js:350:25)
      at invokeEventListeners (node_modules/jsdom/lib/jsdom/living/events/EventTarget-impl.js:286:3)
      at HTMLUnknownElementImpl._dispatch (node_modules/jsdom/lib/jsdom/living/events/EventTarget-impl.js:233:9)
      at HTMLUnknownElementImpl.dispatchEvent (node_modules/jsdom/lib/jsdom/living/events/EventTarget-impl.js:104:17)
      at HTMLUnknownElement.dispatchEvent (node_modules/jsdom/lib/jsdom/living/generated/EventTarget.js:241:34)
      at Object.invokeGuardedCallbackDev (node_modules/react-dom/cjs/react-dom.development.js:4213:16)
      at invokeGuardedCallback (node_modules/react-dom/cjs/react-dom.development.js:4277:31)
      at invokeGuardedCallbackAndCatchFirstError (node_modules/react-dom/cjs/react-dom.development.js:4291:25)
      at executeDispatch (node_modules/react-dom/cjs/react-dom.development.js:9041:3)
      at processDispatchQueueItemsInOrder (node_modules/react-dom/cjs/react-dom.development.js:9073:7)
      at processDispatchQueue (node_modules/react-dom/cjs/react-dom.development.js:9086:5)
      at dispatchEventsForPlugins (node_modules/react-dom/cjs/react-dom.development.js:9097:3)
      at node_modules/react-dom/cjs/react-dom.development.js:9288:12
      at batchedUpdates$1 (node_modules/react-dom/cjs/react-dom.development.js:26179:12)
      at batchedUpdates (node_modules/react-dom/cjs/react-dom.development.js:3991:12)
      at dispatchEventForPluginEventSystem (node_modules/react-dom/cjs/react-dom.development.js:9287:3)
      at dispatchEventWithEnableCapturePhaseSelectiveHydrationWithoutDiscreteEventReplay (node_modules/react-dom/cjs/react-dom.development.js:6465:5)
      at dispatchEvent (node_modules/react-dom/cjs/react-dom.development.js:6457:5)
      at dispatchDiscreteEvent (node_modules/react-dom/cjs/react-dom.development.js:6430:5)
      at HTMLDivElement.callTheUserObjectsOperation (node_modules/jsdom/lib/jsdom/living/generated/EventListener.js:26:30)
      at innerInvokeEventListeners (node_modules/jsdom/lib/jsdom/living/events/EventTarget-impl.js:350:25)
      at invokeEventListeners (node_modules/jsdom/lib/jsdom/living/events/EventTarget-impl.js:286:3)
      at HTMLInputElementImpl._dispatch (node_modules/jsdom/lib/jsdom/living/events/EventTarget-impl.js:233:9)
      at HTMLInputElementImpl.dispatchEvent (node_modules/jsdom/lib/jsdom/living/events/EventTarget-impl.js:104:17)
      at HTMLInputElement.dispatchEvent (node_modules/jsdom/lib/jsdom/living/generated/EventTarget.js:241:34)
      at node_modules/@testing-library/user-event/dist/cjs/event/dispatchEvent.js:45:43
      at Object.eventWrapper (node_modules/@testing-library/dom/dist/config.js:25:23)
      at Object.wrapEvent (node_modules/@testing-library/user-event/dist/cjs/event/wrapEvent.js:6:28)
      at Object.dispatchEvent (node_modules/@testing-library/user-event/dist/cjs/event/dispatchEvent.js:45:22)
      at Object.dispatchUIEvent (node_modules/@testing-library/user-event/dist/cjs/event/dispatchEvent.js:22:26)
      at commitInput (node_modules/@testing-library/user-event/dist/cjs/event/input.js:145:14)
      at editInputElement (node_modules/@testing-library/user-event/dist/cjs/event/input.js:115:9)
      at Object.input (node_modules/@testing-library/user-event/dist/cjs/event/input.js:37:9)
      at node_modules/@testing-library/user-event/dist/cjs/event/behavior/keypress.js:31:26
      at Object.dispatchEvent (node_modules/@testing-library/user-event/dist/cjs/event/dispatchEvent.js:41:13)
      at Object.dispatchUIEvent (node_modules/@testing-library/user-event/dist/cjs/event/dispatchEvent.js:22:26)
      at KeyboardHost.keydown (node_modules/@testing-library/user-event/dist/cjs/system/keyboard.js:76:22)
      at keyboardAction (node_modules/@testing-library/user-event/dist/cjs/keyboard/index.js:22:35)
      at Object.keyboard (node_modules/@testing-library/user-event/dist/cjs/keyboard/index.js:11:15)
      at Object.type (node_modules/@testing-library/user-event/dist/cjs/utility/type.js:17:5)
      at src/components/Contact/Contact.test.tsx:63:15
      at AsyncProperty.run (node_modules/fast-check/lib/check/property/AsyncProperty.generic.js:49:28)
      at asyncRunIt (node_modules/fast-check/lib/check/runner/Runner.js:37:21)
      at Object.<anonymous> (src/components/Contact/Contact.test.tsx:39:5)

    console.error
      Warning: An update to Contact inside a test was not wrapped in act(...).
      
      When testing, code that causes React state updates should be wrapped into act(...):
      
      act(() => {
        /* fire events that update state */
      });
      /* assert on the output */
      
      This ensures that you're testing the behavior the user would see in the browser. Learn more at https://reactjs.org/link/wrap-tests-with-act
          at Contact (/workspaces/netsanet-portfolio/src/components/Contact/Contact.tsx:17:44)

      30 |
      31 |   const handleInputChange = (field: keyof ContactFormData, value: string) => {
    > 32 |     setFormState(prev => ({
         |     ^
      33 |       ...prev,
      34 |       data: {
      35 |         ...prev.data,

      at printWarning (node_modules/react-dom/cjs/react-dom.development.js:86:30)
      at error (node_modules/react-dom/cjs/react-dom.development.js:60:7)
      at warnIfUpdatesNotWrappedWithActDEV (node_modules/react-dom/cjs/react-dom.development.js:27628:9)
      at scheduleUpdateOnFiber (node_modules/react-dom/cjs/react-dom.development.js:25547:5)
      at dispatchSetState (node_modules/react-dom/cjs/react-dom.development.js:16708:7)
      at handleInputChange (src/components/Contact/Contact.tsx:32:5)
      at onChange (src/components/Contact/Contact.tsx:258:34)
      at HTMLUnknownElement.callCallback (node_modules/react-dom/cjs/react-dom.development.js:4164:14)
      at HTMLUnknownElement.callTheUserObjectsOperation (node_modules/jsdom/lib/jsdom/living/generated/EventListener.js:26:30)
      at innerInvokeEventListeners (node_modules/jsdom/lib/jsdom/living/events/EventTarget-impl.js:350:25)
      at invokeEventListeners (node_modules/jsdom/lib/jsdom/living/events/EventTarget-impl.js:286:3)
      at HTMLUnknownElementImpl._dispatch (node_modules/jsdom/lib/jsdom/living/events/EventTarget-impl.js:233:9)
      at HTMLUnknownElementImpl.dispatchEvent (node_modules/jsdom/lib/jsdom/living/events/EventTarget-impl.js:104:17)
      at HTMLUnknownElement.dispatchEvent (node_modules/jsdom/lib/jsdom/living/generated/EventTarget.js:241:34)
      at Object.invokeGuardedCallbackDev (node_modules/react-dom/cjs/react-dom.development.js:4213:16)
      at invokeGuardedCallback (node_modules/react-dom/cjs/react-dom.development.js:4277:31)
      at invokeGuardedCallbackAndCatchFirstError (node_modules/react-dom/cjs/react-dom.development.js:4291:25)
      at executeDispatch (node_modules/react-dom/cjs/react-dom.development.js:9041:3)
      at processDispatchQueueItemsInOrder (node_modules/react-dom/cjs/react-dom.development.js:9073:7)
      at processDispatchQueue (node_modules/react-dom/cjs/react-dom.development.js:9086:5)
      at dispatchEventsForPlugins (node_modules/react-dom/cjs/react-dom.development.js:9097:3)
      at node_modules/react-dom/cjs/react-dom.development.js:9288:12
      at batchedUpdates$1 (node_modules/react-dom/cjs/react-dom.development.js:26179:12)
      at batchedUpdates (node_modules/react-dom/cjs/react-dom.development.js:3991:12)
      at dispatchEventForPluginEventSystem (node_modules/react-dom/cjs/react-dom.development.js:9287:3)
      at dispatchEventWithEnableCapturePhaseSelectiveHydrationWithoutDiscreteEventReplay (node_modules/react-dom/cjs/react-dom.development.js:6465:5)
      at dispatchEvent (node_modules/react-dom/cjs/react-dom.development.js:6457:5)
      at dispatchDiscreteEvent (node_modules/react-dom/cjs/react-dom.development.js:6430:5)
      at HTMLDivElement.callTheUserObjectsOperation (node_modules/jsdom/lib/jsdom/living/generated/EventListener.js:26:30)
      at innerInvokeEventListeners (node_modules/jsdom/lib/jsdom/living/events/EventTarget-impl.js:350:25)
      at invokeEventListeners (node_modules/jsdom/lib/jsdom/living/events/EventTarget-impl.js:286:3)
      at HTMLInputElementImpl._dispatch (node_modules/jsdom/lib/jsdom/living/events/EventTarget-impl.js:233:9)
      at HTMLInputElementImpl.dispatchEvent (node_modules/jsdom/lib/jsdom/living/events/EventTarget-impl.js:104:17)
      at HTMLInputElement.dispatchEvent (node_modules/jsdom/lib/jsdom/living/generated/EventTarget.js:241:34)
      at node_modules/@testing-library/user-event/dist/cjs/event/dispatchEvent.js:45:43
      at Object.eventWrapper (node_modules/@testing-library/dom/dist/config.js:25:23)
      at Object.wrapEvent (node_modules/@testing-library/user-event/dist/cjs/event/wrapEvent.js:6:28)
      at Object.dispatchEvent (node_modules/@testing-library/user-event/dist/cjs/event/dispatchEvent.js:45:22)
      at Object.dispatchUIEvent (node_modules/@testing-library/user-event/dist/cjs/event/dispatchEvent.js:22:26)
      at commitInput (node_modules/@testing-library/user-event/dist/cjs/event/input.js:145:14)
      at editInputElement (node_modules/@testing-library/user-event/dist/cjs/event/input.js:115:9)
      at Object.input (node_modules/@testing-library/user-event/dist/cjs/event/input.js:37:9)
      at node_modules/@testing-library/user-event/dist/cjs/event/behavior/keypress.js:31:26
      at Object.dispatchEvent (node_modules/@testing-library/user-event/dist/cjs/event/dispatchEvent.js:41:13)
      at Object.dispatchUIEvent (node_modules/@testing-library/user-event/dist/cjs/event/dispatchEvent.js:22:26)
      at KeyboardHost.keydown (node_modules/@testing-library/user-event/dist/cjs/system/keyboard.js:76:22)
      at keyboardAction (node_modules/@testing-library/user-event/dist/cjs/keyboard/index.js:22:35)
      at Object.keyboard (node_modules/@testing-library/user-event/dist/cjs/keyboard/index.js:11:15)
      at Object.type (node_modules/@testing-library/user-event/dist/cjs/utility/type.js:17:5)
      at src/components/Contact/Contact.test.tsx:68:15
      at AsyncProperty.run (node_modules/fast-check/lib/check/property/AsyncProperty.generic.js:49:28)
      at asyncRunIt (node_modules/fast-check/lib/check/runner/Runner.js:37:21)
      at Object.<anonymous> (src/components/Contact/Contact.test.tsx:39:5)

    console.error
      Warning: An update to Contact inside a test was not wrapped in act(...).
      
      When testing, code that causes React state updates should be wrapped into act(...):
      
      act(() => {
        /* fire events that update state */
      });
      /* assert on the output */
      
      This ensures that you're testing the behavior the user would see in the browser. Learn more at https://reactjs.org/link/wrap-tests-with-act
          at Contact (/workspaces/netsanet-portfolio/src/components/Contact/Contact.tsx:17:44)

      30 |
      31 |   const handleInputChange = (field: keyof ContactFormData, value: string) => {
    > 32 |     setFormState(prev => ({
         |     ^
      33 |       ...prev,
      34 |       data: {
      35 |         ...prev.data,

      at printWarning (node_modules/react-dom/cjs/react-dom.development.js:86:30)
      at error (node_modules/react-dom/cjs/react-dom.development.js:60:7)
      at warnIfUpdatesNotWrappedWithActDEV (node_modules/react-dom/cjs/react-dom.development.js:27628:9)
      at scheduleUpdateOnFiber (node_modules/react-dom/cjs/react-dom.development.js:25547:5)
      at dispatchSetState (node_modules/react-dom/cjs/react-dom.development.js:16708:7)
      at handleInputChange (src/components/Contact/Contact.tsx:32:5)
      at onChange (src/components/Contact/Contact.tsx:258:34)
      at HTMLUnknownElement.callCallback (node_modules/react-dom/cjs/react-dom.development.js:4164:14)
      at HTMLUnknownElement.callTheUserObjectsOperation (node_modules/jsdom/lib/jsdom/living/generated/EventListener.js:26:30)
      at innerInvokeEventListeners (node_modules/jsdom/lib/jsdom/living/events/EventTarget-impl.js:350:25)
      at invokeEventListeners (node_modules/jsdom/lib/jsdom/living/events/EventTarget-impl.js:286:3)
      at HTMLUnknownElementImpl._dispatch (node_modules/jsdom/lib/jsdom/living/events/EventTarget-impl.js:233:9)
      at HTMLUnknownElementImpl.dispatchEvent (node_modules/jsdom/lib/jsdom/living/events/EventTarget-impl.js:104:17)
      at HTMLUnknownElement.dispatchEvent (node_modules/jsdom/lib/jsdom/living/generated/EventTarget.js:241:34)
      at Object.invokeGuardedCallbackDev (node_modules/react-dom/cjs/react-dom.development.js:4213:16)
      at invokeGuardedCallback (node_modules/react-dom/cjs/react-dom.development.js:4277:31)
      at invokeGuardedCallbackAndCatchFirstError (node_modules/react-dom/cjs/react-dom.development.js:4291:25)
      at executeDispatch (node_modules/react-dom/cjs/react-dom.development.js:9041:3)
      at processDispatchQueueItemsInOrder (node_modules/react-dom/cjs/react-dom.development.js:9073:7)
      at processDispatchQueue (node_modules/react-dom/cjs/react-dom.development.js:9086:5)
      at dispatchEventsForPlugins (node_modules/react-dom/cjs/react-dom.development.js:9097:3)
      at node_modules/react-dom/cjs/react-dom.development.js:9288:12
      at batchedUpdates$1 (node_modules/react-dom/cjs/react-dom.development.js:26179:12)
      at batchedUpdates (node_modules/react-dom/cjs/react-dom.development.js:3991:12)
      at dispatchEventForPluginEventSystem (node_modules/react-dom/cjs/react-dom.development.js:9287:3)
      at dispatchEventWithEnableCapturePhaseSelectiveHydrationWithoutDiscreteEventReplay (node_modules/react-dom/cjs/react-dom.development.js:6465:5)
      at dispatchEvent (node_modules/react-dom/cjs/react-dom.development.js:6457:5)
      at dispatchDiscreteEvent (node_modules/react-dom/cjs/react-dom.development.js:6430:5)
      at HTMLDivElement.callTheUserObjectsOperation (node_modules/jsdom/lib/jsdom/living/generated/EventListener.js:26:30)
      at innerInvokeEventListeners (node_modules/jsdom/lib/jsdom/living/events/EventTarget-impl.js:350:25)
      at invokeEventListeners (node_modules/jsdom/lib/jsdom/living/events/EventTarget-impl.js:286:3)
      at HTMLInputElementImpl._dispatch (node_modules/jsdom/lib/jsdom/living/events/EventTarget-impl.js:233:9)
      at HTMLInputElementImpl.dispatchEvent (node_modules/jsdom/lib/jsdom/living/events/EventTarget-impl.js:104:17)
      at HTMLInputElement.dispatchEvent (node_modules/jsdom/lib/jsdom/living/generated/EventTarget.js:241:34)
      at node_modules/@testing-library/user-event/dist/cjs/event/dispatchEvent.js:45:43
      at Object.eventWrapper (node_modules/@testing-library/dom/dist/config.js:25:23)
      at Object.wrapEvent (node_modules/@testing-library/user-event/dist/cjs/event/wrapEvent.js:6:28)
      at Object.dispatchEvent (node_modules/@testing-library/user-event/dist/cjs/event/dispatchEvent.js:45:22)
      at Object.dispatchUIEvent (node_modules/@testing-library/user-event/dist/cjs/event/dispatchEvent.js:22:26)
      at commitInput (node_modules/@testing-library/user-event/dist/cjs/event/input.js:145:14)
      at editInputElement (node_modules/@testing-library/user-event/dist/cjs/event/input.js:115:9)
      at Object.input (node_modules/@testing-library/user-event/dist/cjs/event/input.js:37:9)
      at node_modules/@testing-library/user-event/dist/cjs/event/behavior/keypress.js:31:26
      at Object.dispatchEvent (node_modules/@testing-library/user-event/dist/cjs/event/dispatchEvent.js:41:13)
      at Object.dispatchUIEvent (node_modules/@testing-library/user-event/dist/cjs/event/dispatchEvent.js:22:26)
      at KeyboardHost.keydown (node_modules/@testing-library/user-event/dist/cjs/system/keyboard.js:76:22)
      at keyboardAction (node_modules/@testing-library/user-event/dist/cjs/keyboard/index.js:22:35)
      at Object.keyboard (node_modules/@testing-library/user-event/dist/cjs/keyboard/index.js:11:15)
      at Object.type (node_modules/@testing-library/user-event/dist/cjs/utility/type.js:17:5)
      at src/components/Contact/Contact.test.tsx:68:15
      at AsyncProperty.run (node_modules/fast-check/lib/check/property/AsyncProperty.generic.js:49:28)
      at asyncRunIt (node_modules/fast-check/lib/check/runner/Runner.js:37:21)
      at Object.<anonymous> (src/components/Contact/Contact.test.tsx:39:5)

    console.error
      Warning: An update to Contact inside a test was not wrapped in act(...).
      
      When testing, code that causes React state updates should be wrapped into act(...):
      
      act(() => {
        /* fire events that update state */
      });
      /* assert on the output */
      
      This ensures that you're testing the behavior the user would see in the browser. Learn more at https://reactjs.org/link/wrap-tests-with-act
          at Contact (/workspaces/netsanet-portfolio/src/components/Contact/Contact.tsx:17:44)

      30 |
      31 |   const handleInputChange = (field: keyof ContactFormData, value: string) => {
    > 32 |     setFormState(prev => ({
         |     ^
      33 |       ...prev,
      34 |       data: {
      35 |         ...prev.data,

      at printWarning (node_modules/react-dom/cjs/react-dom.development.js:86:30)
      at error (node_modules/react-dom/cjs/react-dom.development.js:60:7)
      at warnIfUpdatesNotWrappedWithActDEV (node_modules/react-dom/cjs/react-dom.development.js:27628:9)
      at scheduleUpdateOnFiber (node_modules/react-dom/cjs/react-dom.development.js:25547:5)
      at dispatchSetState (node_modules/react-dom/cjs/react-dom.development.js:16708:7)
      at handleInputChange (src/components/Contact/Contact.tsx:32:5)
      at onChange (src/components/Contact/Contact.tsx:258:34)
      at HTMLUnknownElement.callCallback (node_modules/react-dom/cjs/react-dom.development.js:4164:14)
      at HTMLUnknownElement.callTheUserObjectsOperation (node_modules/jsdom/lib/jsdom/living/generated/EventListener.js:26:30)
      at innerInvokeEventListeners (node_modules/jsdom/lib/jsdom/living/events/EventTarget-impl.js:350:25)
      at invokeEventListeners (node_modules/jsdom/lib/jsdom/living/events/EventTarget-impl.js:286:3)
      at HTMLUnknownElementImpl._dispatch (node_modules/jsdom/lib/jsdom/living/events/EventTarget-impl.js:233:9)
      at HTMLUnknownElementImpl.dispatchEvent (node_modules/jsdom/lib/jsdom/living/events/EventTarget-impl.js:104:17)
      at HTMLUnknownElement.dispatchEvent (node_modules/jsdom/lib/jsdom/living/generated/EventTarget.js:241:34)
      at Object.invokeGuardedCallbackDev (node_modules/react-dom/cjs/react-dom.development.js:4213:16)
      at invokeGuardedCallback (node_modules/react-dom/cjs/react-dom.development.js:4277:31)
      at invokeGuardedCallbackAndCatchFirstError (node_modules/react-dom/cjs/react-dom.development.js:4291:25)
      at executeDispatch (node_modules/react-dom/cjs/react-dom.development.js:9041:3)
      at processDispatchQueueItemsInOrder (node_modules/react-dom/cjs/react-dom.development.js:9073:7)
      at processDispatchQueue (node_modules/react-dom/cjs/react-dom.development.js:9086:5)
      at dispatchEventsForPlugins (node_modules/react-dom/cjs/react-dom.development.js:9097:3)
      at node_modules/react-dom/cjs/react-dom.development.js:9288:12
      at batchedUpdates$1 (node_modules/react-dom/cjs/react-dom.development.js:26179:12)
      at batchedUpdates (node_modules/react-dom/cjs/react-dom.development.js:3991:12)
      at dispatchEventForPluginEventSystem (node_modules/react-dom/cjs/react-dom.development.js:9287:3)
      at dispatchEventWithEnableCapturePhaseSelectiveHydrationWithoutDiscreteEventReplay (node_modules/react-dom/cjs/react-dom.development.js:6465:5)
      at dispatchEvent (node_modules/react-dom/cjs/react-dom.development.js:6457:5)
      at dispatchDiscreteEvent (node_modules/react-dom/cjs/react-dom.development.js:6430:5)
      at HTMLDivElement.callTheUserObjectsOperation (node_modules/jsdom/lib/jsdom/living/generated/EventListener.js:26:30)
      at innerInvokeEventListeners (node_modules/jsdom/lib/jsdom/living/events/EventTarget-impl.js:350:25)
      at invokeEventListeners (node_modules/jsdom/lib/jsdom/living/events/EventTarget-impl.js:286:3)
      at HTMLInputElementImpl._dispatch (node_modules/jsdom/lib/jsdom/living/events/EventTarget-impl.js:233:9)
      at HTMLInputElementImpl.dispatchEvent (node_modules/jsdom/lib/jsdom/living/events/EventTarget-impl.js:104:17)
      at HTMLInputElement.dispatchEvent (node_modules/jsdom/lib/jsdom/living/generated/EventTarget.js:241:34)
      at node_modules/@testing-library/user-event/dist/cjs/event/dispatchEvent.js:45:43
      at Object.eventWrapper (node_modules/@testing-library/dom/dist/config.js:25:23)
      at Object.wrapEvent (node_modules/@testing-library/user-event/dist/cjs/event/wrapEvent.js:6:28)
      at Object.dispatchEvent (node_modules/@testing-library/user-event/dist/cjs/event/dispatchEvent.js:45:22)
      at Object.dispatchUIEvent (node_modules/@testing-library/user-event/dist/cjs/event/dispatchEvent.js:22:26)
      at commitInput (node_modules/@testing-library/user-event/dist/cjs/event/input.js:145:14)
      at editInputElement (node_modules/@testing-library/user-event/dist/cjs/event/input.js:115:9)
      at Object.input (node_modules/@testing-library/user-event/dist/cjs/event/input.js:37:9)
      at node_modules/@testing-library/user-event/dist/cjs/event/behavior/keypress.js:31:26
      at Object.dispatchEvent (node_modules/@testing-library/user-event/dist/cjs/event/dispatchEvent.js:41:13)
      at Object.dispatchUIEvent (node_modules/@testing-library/user-event/dist/cjs/event/dispatchEvent.js:22:26)
      at KeyboardHost.keydown (node_modules/@testing-library/user-event/dist/cjs/system/keyboard.js:76:22)
      at keyboardAction (node_modules/@testing-library/user-event/dist/cjs/keyboard/index.js:22:35)
      at Object.keyboard (node_modules/@testing-library/user-event/dist/cjs/keyboard/index.js:11:15)
      at Object.type (node_modules/@testing-library/user-event/dist/cjs/utility/type.js:17:5)
      at src/components/Contact/Contact.test.tsx:68:15
      at AsyncProperty.run (node_modules/fast-check/lib/check/property/AsyncProperty.generic.js:49:28)
      at asyncRunIt (node_modules/fast-check/lib/check/runner/Runner.js:37:21)
      at Object.<anonymous> (src/components/Contact/Contact.test.tsx:39:5)

    console.error
      Warning: An update to Contact inside a test was not wrapped in act(...).
      
      When testing, code that causes React state updates should be wrapped into act(...):
      
      act(() => {
        /* fire events that update state */
      });
      /* assert on the output */
      
      This ensures that you're testing the behavior the user would see in the browser. Learn more at https://reactjs.org/link/wrap-tests-with-act
          at Contact (/workspaces/netsanet-portfolio/src/components/Contact/Contact.tsx:17:44)

      30 |
      31 |   const handleInputChange = (field: keyof ContactFormData, value: string) => {
    > 32 |     setFormState(prev => ({
         |     ^
      33 |       ...prev,
      34 |       data: {
      35 |         ...prev.data,

      at printWarning (node_modules/react-dom/cjs/react-dom.development.js:86:30)
      at error (node_modules/react-dom/cjs/react-dom.development.js:60:7)
      at warnIfUpdatesNotWrappedWithActDEV (node_modules/react-dom/cjs/react-dom.development.js:27628:9)
      at scheduleUpdateOnFiber (node_modules/react-dom/cjs/react-dom.development.js:25547:5)
      at dispatchSetState (node_modules/react-dom/cjs/react-dom.development.js:16708:7)
      at handleInputChange (src/components/Contact/Contact.tsx:32:5)
      at onChange (src/components/Contact/Contact.tsx:258:34)
      at HTMLUnknownElement.callCallback (node_modules/react-dom/cjs/react-dom.development.js:4164:14)
      at HTMLUnknownElement.callTheUserObjectsOperation (node_modules/jsdom/lib/jsdom/living/generated/EventListener.js:26:30)
      at innerInvokeEventListeners (node_modules/jsdom/lib/jsdom/living/events/EventTarget-impl.js:350:25)
      at invokeEventListeners (node_modules/jsdom/lib/jsdom/living/events/EventTarget-impl.js:286:3)
      at HTMLUnknownElementImpl._dispatch (node_modules/jsdom/lib/jsdom/living/events/EventTarget-impl.js:233:9)
      at HTMLUnknownElementImpl.dispatchEvent (node_modules/jsdom/lib/jsdom/living/events/EventTarget-impl.js:104:17)
      at HTMLUnknownElement.dispatchEvent (node_modules/jsdom/lib/jsdom/living/generated/EventTarget.js:241:34)
      at Object.invokeGuardedCallbackDev (node_modules/react-dom/cjs/react-dom.development.js:4213:16)
      at invokeGuardedCallback (node_modules/react-dom/cjs/react-dom.development.js:4277:31)
      at invokeGuardedCallbackAndCatchFirstError (node_modules/react-dom/cjs/react-dom.development.js:4291:25)
      at executeDispatch (node_modules/react-dom/cjs/react-dom.development.js:9041:3)
      at processDispatchQueueItemsInOrder (node_modules/react-dom/cjs/react-dom.development.js:9073:7)
      at processDispatchQueue (node_modules/react-dom/cjs/react-dom.development.js:9086:5)
      at dispatchEventsForPlugins (node_modules/react-dom/cjs/react-dom.development.js:9097:3)
      at node_modules/react-dom/cjs/react-dom.development.js:9288:12
      at batchedUpdates$1 (node_modules/react-dom/cjs/react-dom.development.js:26179:12)
      at batchedUpdates (node_modules/react-dom/cjs/react-dom.development.js:3991:12)
      at dispatchEventForPluginEventSystem (node_modules/react-dom/cjs/react-dom.development.js:9287:3)
      at dispatchEventWithEnableCapturePhaseSelectiveHydrationWithoutDiscreteEventReplay (node_modules/react-dom/cjs/react-dom.development.js:6465:5)
      at dispatchEvent (node_modules/react-dom/cjs/react-dom.development.js:6457:5)
      at dispatchDiscreteEvent (node_modules/react-dom/cjs/react-dom.development.js:6430:5)
      at HTMLDivElement.callTheUserObjectsOperation (node_modules/jsdom/lib/jsdom/living/generated/EventListener.js:26:30)
      at innerInvokeEventListeners (node_modules/jsdom/lib/jsdom/living/events/EventTarget-impl.js:350:25)
      at invokeEventListeners (node_modules/jsdom/lib/jsdom/living/events/EventTarget-impl.js:286:3)
      at HTMLInputElementImpl._dispatch (node_modules/jsdom/lib/jsdom/living/events/EventTarget-impl.js:233:9)
      at HTMLInputElementImpl.dispatchEvent (node_modules/jsdom/lib/jsdom/living/events/EventTarget-impl.js:104:17)
      at HTMLInputElement.dispatchEvent (node_modules/jsdom/lib/jsdom/living/generated/EventTarget.js:241:34)
      at node_modules/@testing-library/user-event/dist/cjs/event/dispatchEvent.js:45:43
      at Object.eventWrapper (node_modules/@testing-library/dom/dist/config.js:25:23)
      at Object.wrapEvent (node_modules/@testing-library/user-event/dist/cjs/event/wrapEvent.js:6:28)
      at Object.dispatchEvent (node_modules/@testing-library/user-event/dist/cjs/event/dispatchEvent.js:45:22)
      at Object.dispatchUIEvent (node_modules/@testing-library/user-event/dist/cjs/event/dispatchEvent.js:22:26)
      at commitInput (node_modules/@testing-library/user-event/dist/cjs/event/input.js:145:14)
      at editInputElement (node_modules/@testing-library/user-event/dist/cjs/event/input.js:115:9)
      at Object.input (node_modules/@testing-library/user-event/dist/cjs/event/input.js:37:9)
      at node_modules/@testing-library/user-event/dist/cjs/event/behavior/keypress.js:31:26
      at Object.dispatchEvent (node_modules/@testing-library/user-event/dist/cjs/event/dispatchEvent.js:41:13)
      at Object.dispatchUIEvent (node_modules/@testing-library/user-event/dist/cjs/event/dispatchEvent.js:22:26)
      at KeyboardHost.keydown (node_modules/@testing-library/user-event/dist/cjs/system/keyboard.js:76:22)
      at keyboardAction (node_modules/@testing-library/user-event/dist/cjs/keyboard/index.js:22:35)
      at Object.keyboard (node_modules/@testing-library/user-event/dist/cjs/keyboard/index.js:11:15)
      at Object.type (node_modules/@testing-library/user-event/dist/cjs/utility/type.js:17:5)
      at src/components/Contact/Contact.test.tsx:68:15
      at AsyncProperty.run (node_modules/fast-check/lib/check/property/AsyncProperty.generic.js:49:28)
      at asyncRunIt (node_modules/fast-check/lib/check/runner/Runner.js:37:21)
      at Object.<anonymous> (src/components/Contact/Contact.test.tsx:39:5)

    console.error
      Warning: An update to Contact inside a test was not wrapped in act(...).
      
      When testing, code that causes React state updates should be wrapped into act(...):
      
      act(() => {
        /* fire events that update state */
      });
      /* assert on the output */
      
      This ensures that you're testing the behavior the user would see in the browser. Learn more at https://reactjs.org/link/wrap-tests-with-act
          at Contact (/workspaces/netsanet-portfolio/src/components/Contact/Contact.tsx:17:44)

      30 |
      31 |   const handleInputChange = (field: keyof ContactFormData, value: string) => {
    > 32 |     setFormState(prev => ({
         |     ^
      33 |       ...prev,
      34 |       data: {
      35 |         ...prev.data,

      at printWarning (node_modules/react-dom/cjs/react-dom.development.js:86:30)
      at error (node_modules/react-dom/cjs/react-dom.development.js:60:7)
      at warnIfUpdatesNotWrappedWithActDEV (node_modules/react-dom/cjs/react-dom.development.js:27628:9)
      at scheduleUpdateOnFiber (node_modules/react-dom/cjs/react-dom.development.js:25547:5)
      at dispatchSetState (node_modules/react-dom/cjs/react-dom.development.js:16708:7)
      at handleInputChange (src/components/Contact/Contact.tsx:32:5)
      at onChange (src/components/Contact/Contact.tsx:258:34)
      at HTMLUnknownElement.callCallback (node_modules/react-dom/cjs/react-dom.development.js:4164:14)
      at HTMLUnknownElement.callTheUserObjectsOperation (node_modules/jsdom/lib/jsdom/living/generated/EventListener.js:26:30)
      at innerInvokeEventListeners (node_modules/jsdom/lib/jsdom/living/events/EventTarget-impl.js:350:25)
      at invokeEventListeners (node_modules/jsdom/lib/jsdom/living/events/EventTarget-impl.js:286:3)
      at HTMLUnknownElementImpl._dispatch (node_modules/jsdom/lib/jsdom/living/events/EventTarget-impl.js:233:9)
      at HTMLUnknownElementImpl.dispatchEvent (node_modules/jsdom/lib/jsdom/living/events/EventTarget-impl.js:104:17)
      at HTMLUnknownElement.dispatchEvent (node_modules/jsdom/lib/jsdom/living/generated/EventTarget.js:241:34)
      at Object.invokeGuardedCallbackDev (node_modules/react-dom/cjs/react-dom.development.js:4213:16)
      at invokeGuardedCallback (node_modules/react-dom/cjs/react-dom.development.js:4277:31)
      at invokeGuardedCallbackAndCatchFirstError (node_modules/react-dom/cjs/react-dom.development.js:4291:25)
      at executeDispatch (node_modules/react-dom/cjs/react-dom.development.js:9041:3)
      at processDispatchQueueItemsInOrder (node_modules/react-dom/cjs/react-dom.development.js:9073:7)
      at processDispatchQueue (node_modules/react-dom/cjs/react-dom.development.js:9086:5)
      at dispatchEventsForPlugins (node_modules/react-dom/cjs/react-dom.development.js:9097:3)
      at node_modules/react-dom/cjs/react-dom.development.js:9288:12
      at batchedUpdates$1 (node_modules/react-dom/cjs/react-dom.development.js:26179:12)
      at batchedUpdates (node_modules/react-dom/cjs/react-dom.development.js:3991:12)
      at dispatchEventForPluginEventSystem (node_modules/react-dom/cjs/react-dom.development.js:9287:3)
      at dispatchEventWithEnableCapturePhaseSelectiveHydrationWithoutDiscreteEventReplay (node_modules/react-dom/cjs/react-dom.development.js:6465:5)
      at dispatchEvent (node_modules/react-dom/cjs/react-dom.development.js:6457:5)
      at dispatchDiscreteEvent (node_modules/react-dom/cjs/react-dom.development.js:6430:5)
      at HTMLDivElement.callTheUserObjectsOperation (node_modules/jsdom/lib/jsdom/living/generated/EventListener.js:26:30)
      at innerInvokeEventListeners (node_modules/jsdom/lib/jsdom/living/events/EventTarget-impl.js:350:25)
      at invokeEventListeners (node_modules/jsdom/lib/jsdom/living/events/EventTarget-impl.js:286:3)
      at HTMLInputElementImpl._dispatch (node_modules/jsdom/lib/jsdom/living/events/EventTarget-impl.js:233:9)
      at HTMLInputElementImpl.dispatchEvent (node_modules/jsdom/lib/jsdom/living/events/EventTarget-impl.js:104:17)
      at HTMLInputElement.dispatchEvent (node_modules/jsdom/lib/jsdom/living/generated/EventTarget.js:241:34)
      at node_modules/@testing-library/user-event/dist/cjs/event/dispatchEvent.js:45:43
      at Object.eventWrapper (node_modules/@testing-library/dom/dist/config.js:25:23)
      at Object.wrapEvent (node_modules/@testing-library/user-event/dist/cjs/event/wrapEvent.js:6:28)
      at Object.dispatchEvent (node_modules/@testing-library/user-event/dist/cjs/event/dispatchEvent.js:45:22)
      at Object.dispatchUIEvent (node_modules/@testing-library/user-event/dist/cjs/event/dispatchEvent.js:22:26)
      at commitInput (node_modules/@testing-library/user-event/dist/cjs/event/input.js:145:14)
      at editInputElement (node_modules/@testing-library/user-event/dist/cjs/event/input.js:115:9)
      at Object.input (node_modules/@testing-library/user-event/dist/cjs/event/input.js:37:9)
      at node_modules/@testing-library/user-event/dist/cjs/event/behavior/keypress.js:31:26
      at Object.dispatchEvent (node_modules/@testing-library/user-event/dist/cjs/event/dispatchEvent.js:41:13)
      at Object.dispatchUIEvent (node_modules/@testing-library/user-event/dist/cjs/event/dispatchEvent.js:22:26)
      at KeyboardHost.keydown (node_modules/@testing-library/user-event/dist/cjs/system/keyboard.js:76:22)
      at keyboardAction (node_modules/@testing-library/user-event/dist/cjs/keyboard/index.js:22:35)
      at Object.keyboard (node_modules/@testing-library/user-event/dist/cjs/keyboard/index.js:11:15)
      at Object.type (node_modules/@testing-library/user-event/dist/cjs/utility/type.js:17:5)
      at src/components/Contact/Contact.test.tsx:68:15
      at AsyncProperty.run (node_modules/fast-check/lib/check/property/AsyncProperty.generic.js:49:28)
      at asyncRunIt (node_modules/fast-check/lib/check/runner/Runner.js:37:21)
      at Object.<anonymous> (src/components/Contact/Contact.test.tsx:39:5)

    console.error
      Warning: An update to Contact inside a test was not wrapped in act(...).
      
      When testing, code that causes React state updates should be wrapped into act(...):
      
      act(() => {
        /* fire events that update state */
      });
      /* assert on the output */
      
      This ensures that you're testing the behavior the user would see in the browser. Learn more at https://reactjs.org/link/wrap-tests-with-act
          at Contact (/workspaces/netsanet-portfolio/src/components/Contact/Contact.tsx:17:44)

      30 |
      31 |   const handleInputChange = (field: keyof ContactFormData, value: string) => {
    > 32 |     setFormState(prev => ({
         |     ^
      33 |       ...prev,
      34 |       data: {
      35 |         ...prev.data,

      at printWarning (node_modules/react-dom/cjs/react-dom.development.js:86:30)
      at error (node_modules/react-dom/cjs/react-dom.development.js:60:7)
      at warnIfUpdatesNotWrappedWithActDEV (node_modules/react-dom/cjs/react-dom.development.js:27628:9)
      at scheduleUpdateOnFiber (node_modules/react-dom/cjs/react-dom.development.js:25547:5)
      at dispatchSetState (node_modules/react-dom/cjs/react-dom.development.js:16708:7)
      at handleInputChange (src/components/Contact/Contact.tsx:32:5)
      at onChange (src/components/Contact/Contact.tsx:258:34)
      at HTMLUnknownElement.callCallback (node_modules/react-dom/cjs/react-dom.development.js:4164:14)
      at HTMLUnknownElement.callTheUserObjectsOperation (node_modules/jsdom/lib/jsdom/living/generated/EventListener.js:26:30)
      at innerInvokeEventListeners (node_modules/jsdom/lib/jsdom/living/events/EventTarget-impl.js:350:25)
      at invokeEventListeners (node_modules/jsdom/lib/jsdom/living/events/EventTarget-impl.js:286:3)
      at HTMLUnknownElementImpl._dispatch (node_modules/jsdom/lib/jsdom/living/events/EventTarget-impl.js:233:9)
      at HTMLUnknownElementImpl.dispatchEvent (node_modules/jsdom/lib/jsdom/living/events/EventTarget-impl.js:104:17)
      at HTMLUnknownElement.dispatchEvent (node_modules/jsdom/lib/jsdom/living/generated/EventTarget.js:241:34)
      at Object.invokeGuardedCallbackDev (node_modules/react-dom/cjs/react-dom.development.js:4213:16)
      at invokeGuardedCallback (node_modules/react-dom/cjs/react-dom.development.js:4277:31)
      at invokeGuardedCallbackAndCatchFirstError (node_modules/react-dom/cjs/react-dom.development.js:4291:25)
      at executeDispatch (node_modules/react-dom/cjs/react-dom.development.js:9041:3)
      at processDispatchQueueItemsInOrder (node_modules/react-dom/cjs/react-dom.development.js:9073:7)
      at processDispatchQueue (node_modules/react-dom/cjs/react-dom.development.js:9086:5)
      at dispatchEventsForPlugins (node_modules/react-dom/cjs/react-dom.development.js:9097:3)
      at node_modules/react-dom/cjs/react-dom.development.js:9288:12
      at batchedUpdates$1 (node_modules/react-dom/cjs/react-dom.development.js:26179:12)
      at batchedUpdates (node_modules/react-dom/cjs/react-dom.development.js:3991:12)
      at dispatchEventForPluginEventSystem (node_modules/react-dom/cjs/react-dom.development.js:9287:3)
      at dispatchEventWithEnableCapturePhaseSelectiveHydrationWithoutDiscreteEventReplay (node_modules/react-dom/cjs/react-dom.development.js:6465:5)
      at dispatchEvent (node_modules/react-dom/cjs/react-dom.development.js:6457:5)
      at dispatchDiscreteEvent (node_modules/react-dom/cjs/react-dom.development.js:6430:5)
      at HTMLDivElement.callTheUserObjectsOperation (node_modules/jsdom/lib/jsdom/living/generated/EventListener.js:26:30)
      at innerInvokeEventListeners (node_modules/jsdom/lib/jsdom/living/events/EventTarget-impl.js:350:25)
      at invokeEventListeners (node_modules/jsdom/lib/jsdom/living/events/EventTarget-impl.js:286:3)
      at HTMLInputElementImpl._dispatch (node_modules/jsdom/lib/jsdom/living/events/EventTarget-impl.js:233:9)
      at HTMLInputElementImpl.dispatchEvent (node_modules/jsdom/lib/jsdom/living/events/EventTarget-impl.js:104:17)
      at HTMLInputElement.dispatchEvent (node_modules/jsdom/lib/jsdom/living/generated/EventTarget.js:241:34)
      at node_modules/@testing-library/user-event/dist/cjs/event/dispatchEvent.js:45:43
      at Object.eventWrapper (node_modules/@testing-library/dom/dist/config.js:25:23)
      at Object.wrapEvent (node_modules/@testing-library/user-event/dist/cjs/event/wrapEvent.js:6:28)
      at Object.dispatchEvent (node_modules/@testing-library/user-event/dist/cjs/event/dispatchEvent.js:45:22)
      at Object.dispatchUIEvent (node_modules/@testing-library/user-event/dist/cjs/event/dispatchEvent.js:22:26)
      at commitInput (node_modules/@testing-library/user-event/dist/cjs/event/input.js:145:14)
      at editInputElement (node_modules/@testing-library/user-event/dist/cjs/event/input.js:115:9)
      at Object.input (node_modules/@testing-library/user-event/dist/cjs/event/input.js:37:9)
      at node_modules/@testing-library/user-event/dist/cjs/event/behavior/keypress.js:31:26
      at Object.dispatchEvent (node_modules/@testing-library/user-event/dist/cjs/event/dispatchEvent.js:41:13)
      at Object.dispatchUIEvent (node_modules/@testing-library/user-event/dist/cjs/event/dispatchEvent.js:22:26)
      at KeyboardHost.keydown (node_modules/@testing-library/user-event/dist/cjs/system/keyboard.js:76:22)
      at keyboardAction (node_modules/@testing-library/user-event/dist/cjs/keyboard/index.js:22:35)
      at Object.keyboard (node_modules/@testing-library/user-event/dist/cjs/keyboard/index.js:11:15)
      at Object.type (node_modules/@testing-library/user-event/dist/cjs/utility/type.js:17:5)
      at src/components/Contact/Contact.test.tsx:68:15
      at AsyncProperty.run (node_modules/fast-check/lib/check/property/AsyncProperty.generic.js:49:28)
      at asyncRunIt (node_modules/fast-check/lib/check/runner/Runner.js:37:21)
      at Object.<anonymous> (src/components/Contact/Contact.test.tsx:39:5)

    console.error
      Warning: An update to Contact inside a test was not wrapped in act(...).
      
      When testing, code that causes React state updates should be wrapped into act(...):
      
      act(() => {
        /* fire events that update state */
      });
      /* assert on the output */
      
      This ensures that you're testing the behavior the user would see in the browser. Learn more at https://reactjs.org/link/wrap-tests-with-act
          at Contact (/workspaces/netsanet-portfolio/src/components/Contact/Contact.tsx:17:44)

      30 |
      31 |   const handleInputChange = (field: keyof ContactFormData, value: string) => {
    > 32 |     setFormState(prev => ({
         |     ^
      33 |       ...prev,
      34 |       data: {
      35 |         ...prev.data,

      at printWarning (node_modules/react-dom/cjs/react-dom.development.js:86:30)
      at error (node_modules/react-dom/cjs/react-dom.development.js:60:7)
      at warnIfUpdatesNotWrappedWithActDEV (node_modules/react-dom/cjs/react-dom.development.js:27628:9)
      at scheduleUpdateOnFiber (node_modules/react-dom/cjs/react-dom.development.js:25547:5)
      at dispatchSetState (node_modules/react-dom/cjs/react-dom.development.js:16708:7)
      at handleInputChange (src/components/Contact/Contact.tsx:32:5)
      at onChange (src/components/Contact/Contact.tsx:258:34)
      at HTMLUnknownElement.callCallback (node_modules/react-dom/cjs/react-dom.development.js:4164:14)
      at HTMLUnknownElement.callTheUserObjectsOperation (node_modules/jsdom/lib/jsdom/living/generated/EventListener.js:26:30)
      at innerInvokeEventListeners (node_modules/jsdom/lib/jsdom/living/events/EventTarget-impl.js:350:25)
      at invokeEventListeners (node_modules/jsdom/lib/jsdom/living/events/EventTarget-impl.js:286:3)
      at HTMLUnknownElementImpl._dispatch (node_modules/jsdom/lib/jsdom/living/events/EventTarget-impl.js:233:9)
      at HTMLUnknownElementImpl.dispatchEvent (node_modules/jsdom/lib/jsdom/living/events/EventTarget-impl.js:104:17)
      at HTMLUnknownElement.dispatchEvent (node_modules/jsdom/lib/jsdom/living/generated/EventTarget.js:241:34)
      at Object.invokeGuardedCallbackDev (node_modules/react-dom/cjs/react-dom.development.js:4213:16)
      at invokeGuardedCallback (node_modules/react-dom/cjs/react-dom.development.js:4277:31)
      at invokeGuardedCallbackAndCatchFirstError (node_modules/react-dom/cjs/react-dom.development.js:4291:25)
      at executeDispatch (node_modules/react-dom/cjs/react-dom.development.js:9041:3)
      at processDispatchQueueItemsInOrder (node_modules/react-dom/cjs/react-dom.development.js:9073:7)
      at processDispatchQueue (node_modules/react-dom/cjs/react-dom.development.js:9086:5)
      at dispatchEventsForPlugins (node_modules/react-dom/cjs/react-dom.development.js:9097:3)
      at node_modules/react-dom/cjs/react-dom.development.js:9288:12
      at batchedUpdates$1 (node_modules/react-dom/cjs/react-dom.development.js:26179:12)
      at batchedUpdates (node_modules/react-dom/cjs/react-dom.development.js:3991:12)
      at dispatchEventForPluginEventSystem (node_modules/react-dom/cjs/react-dom.development.js:9287:3)
      at dispatchEventWithEnableCapturePhaseSelectiveHydrationWithoutDiscreteEventReplay (node_modules/react-dom/cjs/react-dom.development.js:6465:5)
      at dispatchEvent (node_modules/react-dom/cjs/react-dom.development.js:6457:5)
      at dispatchDiscreteEvent (node_modules/react-dom/cjs/react-dom.development.js:6430:5)
      at HTMLDivElement.callTheUserObjectsOperation (node_modules/jsdom/lib/jsdom/living/generated/EventListener.js:26:30)
      at innerInvokeEventListeners (node_modules/jsdom/lib/jsdom/living/events/EventTarget-impl.js:350:25)
      at invokeEventListeners (node_modules/jsdom/lib/jsdom/living/events/EventTarget-impl.js:286:3)
      at HTMLInputElementImpl._dispatch (node_modules/jsdom/lib/jsdom/living/events/EventTarget-impl.js:233:9)
      at HTMLInputElementImpl.dispatchEvent (node_modules/jsdom/lib/jsdom/living/events/EventTarget-impl.js:104:17)
      at HTMLInputElement.dispatchEvent (node_modules/jsdom/lib/jsdom/living/generated/EventTarget.js:241:34)
      at node_modules/@testing-library/user-event/dist/cjs/event/dispatchEvent.js:45:43
      at Object.eventWrapper (node_modules/@testing-library/dom/dist/config.js:25:23)
      at Object.wrapEvent (node_modules/@testing-library/user-event/dist/cjs/event/wrapEvent.js:6:28)
      at Object.dispatchEvent (node_modules/@testing-library/user-event/dist/cjs/event/dispatchEvent.js:45:22)
      at Object.dispatchUIEvent (node_modules/@testing-library/user-event/dist/cjs/event/dispatchEvent.js:22:26)
      at commitInput (node_modules/@testing-library/user-event/dist/cjs/event/input.js:145:14)
      at editInputElement (node_modules/@testing-library/user-event/dist/cjs/event/input.js:115:9)
      at Object.input (node_modules/@testing-library/user-event/dist/cjs/event/input.js:37:9)
      at node_modules/@testing-library/user-event/dist/cjs/event/behavior/keypress.js:31:26
      at Object.dispatchEvent (node_modules/@testing-library/user-event/dist/cjs/event/dispatchEvent.js:41:13)
      at Object.dispatchUIEvent (node_modules/@testing-library/user-event/dist/cjs/event/dispatchEvent.js:22:26)
      at KeyboardHost.keydown (node_modules/@testing-library/user-event/dist/cjs/system/keyboard.js:76:22)
      at keyboardAction (node_modules/@testing-library/user-event/dist/cjs/keyboard/index.js:22:35)
      at Object.keyboard (node_modules/@testing-library/user-event/dist/cjs/keyboard/index.js:11:15)
      at Object.type (node_modules/@testing-library/user-event/dist/cjs/utility/type.js:17:5)
      at src/components/Contact/Contact.test.tsx:68:15
      at AsyncProperty.run (node_modules/fast-check/lib/check/property/AsyncProperty.generic.js:49:28)
      at asyncRunIt (node_modules/fast-check/lib/check/runner/Runner.js:37:21)
      at Object.<anonymous> (src/components/Contact/Contact.test.tsx:39:5)

    console.error
      Warning: An update to Contact inside a test was not wrapped in act(...).
      
      When testing, code that causes React state updates should be wrapped into act(...):
      
      act(() => {
        /* fire events that update state */
      });
      /* assert on the output */
      
      This ensures that you're testing the behavior the user would see in the browser. Learn more at https://reactjs.org/link/wrap-tests-with-act
          at Contact (/workspaces/netsanet-portfolio/src/components/Contact/Contact.tsx:17:44)

      30 |
      31 |   const handleInputChange = (field: keyof ContactFormData, value: string) => {
    > 32 |     setFormState(prev => ({
         |     ^
      33 |       ...prev,
      34 |       data: {
      35 |         ...prev.data,

      at printWarning (node_modules/react-dom/cjs/react-dom.development.js:86:30)
      at error (node_modules/react-dom/cjs/react-dom.development.js:60:7)
      at warnIfUpdatesNotWrappedWithActDEV (node_modules/react-dom/cjs/react-dom.development.js:27628:9)
      at scheduleUpdateOnFiber (node_modules/react-dom/cjs/react-dom.development.js:25547:5)
      at dispatchSetState (node_modules/react-dom/cjs/react-dom.development.js:16708:7)
      at handleInputChange (src/components/Contact/Contact.tsx:32:5)
      at onChange (src/components/Contact/Contact.tsx:258:34)
      at HTMLUnknownElement.callCallback (node_modules/react-dom/cjs/react-dom.development.js:4164:14)
      at HTMLUnknownElement.callTheUserObjectsOperation (node_modules/jsdom/lib/jsdom/living/generated/EventListener.js:26:30)
      at innerInvokeEventListeners (node_modules/jsdom/lib/jsdom/living/events/EventTarget-impl.js:350:25)
      at invokeEventListeners (node_modules/jsdom/lib/jsdom/living/events/EventTarget-impl.js:286:3)
      at HTMLUnknownElementImpl._dispatch (node_modules/jsdom/lib/jsdom/living/events/EventTarget-impl.js:233:9)
      at HTMLUnknownElementImpl.dispatchEvent (node_modules/jsdom/lib/jsdom/living/events/EventTarget-impl.js:104:17)
      at HTMLUnknownElement.dispatchEvent (node_modules/jsdom/lib/jsdom/living/generated/EventTarget.js:241:34)
      at Object.invokeGuardedCallbackDev (node_modules/react-dom/cjs/react-dom.development.js:4213:16)
      at invokeGuardedCallback (node_modules/react-dom/cjs/react-dom.development.js:4277:31)
      at invokeGuardedCallbackAndCatchFirstError (node_modules/react-dom/cjs/react-dom.development.js:4291:25)
      at executeDispatch (node_modules/react-dom/cjs/react-dom.development.js:9041:3)
      at processDispatchQueueItemsInOrder (node_modules/react-dom/cjs/react-dom.development.js:9073:7)
      at processDispatchQueue (node_modules/react-dom/cjs/react-dom.development.js:9086:5)
      at dispatchEventsForPlugins (node_modules/react-dom/cjs/react-dom.development.js:9097:3)
      at node_modules/react-dom/cjs/react-dom.development.js:9288:12
      at batchedUpdates$1 (node_modules/react-dom/cjs/react-dom.development.js:26179:12)
      at batchedUpdates (node_modules/react-dom/cjs/react-dom.development.js:3991:12)
      at dispatchEventForPluginEventSystem (node_modules/react-dom/cjs/react-dom.development.js:9287:3)
      at dispatchEventWithEnableCapturePhaseSelectiveHydrationWithoutDiscreteEventReplay (node_modules/react-dom/cjs/react-dom.development.js:6465:5)
      at dispatchEvent (node_modules/react-dom/cjs/react-dom.development.js:6457:5)
      at dispatchDiscreteEvent (node_modules/react-dom/cjs/react-dom.development.js:6430:5)
      at HTMLDivElement.callTheUserObjectsOperation (node_modules/jsdom/lib/jsdom/living/generated/EventListener.js:26:30)
      at innerInvokeEventListeners (node_modules/jsdom/lib/jsdom/living/events/EventTarget-impl.js:350:25)
      at invokeEventListeners (node_modules/jsdom/lib/jsdom/living/events/EventTarget-impl.js:286:3)
      at HTMLInputElementImpl._dispatch (node_modules/jsdom/lib/jsdom/living/events/EventTarget-impl.js:233:9)
      at HTMLInputElementImpl.dispatchEvent (node_modules/jsdom/lib/jsdom/living/events/EventTarget-impl.js:104:17)
      at HTMLInputElement.dispatchEvent (node_modules/jsdom/lib/jsdom/living/generated/EventTarget.js:241:34)
      at node_modules/@testing-library/user-event/dist/cjs/event/dispatchEvent.js:45:43
      at Object.eventWrapper (node_modules/@testing-library/dom/dist/config.js:25:23)
      at Object.wrapEvent (node_modules/@testing-library/user-event/dist/cjs/event/wrapEvent.js:6:28)
      at Object.dispatchEvent (node_modules/@testing-library/user-event/dist/cjs/event/dispatchEvent.js:45:22)
      at Object.dispatchUIEvent (node_modules/@testing-library/user-event/dist/cjs/event/dispatchEvent.js:22:26)
      at commitInput (node_modules/@testing-library/user-event/dist/cjs/event/input.js:145:14)
      at editInputElement (node_modules/@testing-library/user-event/dist/cjs/event/input.js:115:9)
      at Object.input (node_modules/@testing-library/user-event/dist/cjs/event/input.js:37:9)
      at node_modules/@testing-library/user-event/dist/cjs/event/behavior/keypress.js:31:26
      at Object.dispatchEvent (node_modules/@testing-library/user-event/dist/cjs/event/dispatchEvent.js:41:13)
      at Object.dispatchUIEvent (node_modules/@testing-library/user-event/dist/cjs/event/dispatchEvent.js:22:26)
      at KeyboardHost.keydown (node_modules/@testing-library/user-event/dist/cjs/system/keyboard.js:76:22)
      at keyboardAction (node_modules/@testing-library/user-event/dist/cjs/keyboard/index.js:22:35)
      at Object.keyboard (node_modules/@testing-library/user-event/dist/cjs/keyboard/index.js:11:15)
      at Object.type (node_modules/@testing-library/user-event/dist/cjs/utility/type.js:17:5)
      at src/components/Contact/Contact.test.tsx:68:15
      at AsyncProperty.run (node_modules/fast-check/lib/check/property/AsyncProperty.generic.js:49:28)
      at asyncRunIt (node_modules/fast-check/lib/check/runner/Runner.js:37:21)
      at Object.<anonymous> (src/components/Contact/Contact.test.tsx:39:5)

    console.error
      Warning: An update to Contact inside a test was not wrapped in act(...).
      
      When testing, code that causes React state updates should be wrapped into act(...):
      
      act(() => {
        /* fire events that update state */
      });
      /* assert on the output */
      
      This ensures that you're testing the behavior the user would see in the browser. Learn more at https://reactjs.org/link/wrap-tests-with-act
          at Contact (/workspaces/netsanet-portfolio/src/components/Contact/Contact.tsx:17:44)

      30 |
      31 |   const handleInputChange = (field: keyof ContactFormData, value: string) => {
    > 32 |     setFormState(prev => ({
         |     ^
      33 |       ...prev,
      34 |       data: {
      35 |         ...prev.data,

      at printWarning (node_modules/react-dom/cjs/react-dom.development.js:86:30)
      at error (node_modules/react-dom/cjs/react-dom.development.js:60:7)
      at warnIfUpdatesNotWrappedWithActDEV (node_modules/react-dom/cjs/react-dom.development.js:27628:9)
      at scheduleUpdateOnFiber (node_modules/react-dom/cjs/react-dom.development.js:25547:5)
      at dispatchSetState (node_modules/react-dom/cjs/react-dom.development.js:16708:7)
      at handleInputChange (src/components/Contact/Contact.tsx:32:5)
      at onChange (src/components/Contact/Contact.tsx:258:34)
      at HTMLUnknownElement.callCallback (node_modules/react-dom/cjs/react-dom.development.js:4164:14)
      at HTMLUnknownElement.callTheUserObjectsOperation (node_modules/jsdom/lib/jsdom/living/generated/EventListener.js:26:30)
      at innerInvokeEventListeners (node_modules/jsdom/lib/jsdom/living/events/EventTarget-impl.js:350:25)
      at invokeEventListeners (node_modules/jsdom/lib/jsdom/living/events/EventTarget-impl.js:286:3)
      at HTMLUnknownElementImpl._dispatch (node_modules/jsdom/lib/jsdom/living/events/EventTarget-impl.js:233:9)
      at HTMLUnknownElementImpl.dispatchEvent (node_modules/jsdom/lib/jsdom/living/events/EventTarget-impl.js:104:17)
      at HTMLUnknownElement.dispatchEvent (node_modules/jsdom/lib/jsdom/living/generated/EventTarget.js:241:34)
      at Object.invokeGuardedCallbackDev (node_modules/react-dom/cjs/react-dom.development.js:4213:16)
      at invokeGuardedCallback (node_modules/react-dom/cjs/react-dom.development.js:4277:31)
      at invokeGuardedCallbackAndCatchFirstError (node_modules/react-dom/cjs/react-dom.development.js:4291:25)
      at executeDispatch (node_modules/react-dom/cjs/react-dom.development.js:9041:3)
      at processDispatchQueueItemsInOrder (node_modules/react-dom/cjs/react-dom.development.js:9073:7)
      at processDispatchQueue (node_modules/react-dom/cjs/react-dom.development.js:9086:5)
      at dispatchEventsForPlugins (node_modules/react-dom/cjs/react-dom.development.js:9097:3)
      at node_modules/react-dom/cjs/react-dom.development.js:9288:12
      at batchedUpdates$1 (node_modules/react-dom/cjs/react-dom.development.js:26179:12)
      at batchedUpdates (node_modules/react-dom/cjs/react-dom.development.js:3991:12)
      at dispatchEventForPluginEventSystem (node_modules/react-dom/cjs/react-dom.development.js:9287:3)
      at dispatchEventWithEnableCapturePhaseSelectiveHydrationWithoutDiscreteEventReplay (node_modules/react-dom/cjs/react-dom.development.js:6465:5)
      at dispatchEvent (node_modules/react-dom/cjs/react-dom.development.js:6457:5)
      at dispatchDiscreteEvent (node_modules/react-dom/cjs/react-dom.development.js:6430:5)
      at HTMLDivElement.callTheUserObjectsOperation (node_modules/jsdom/lib/jsdom/living/generated/EventListener.js:26:30)
      at innerInvokeEventListeners (node_modules/jsdom/lib/jsdom/living/events/EventTarget-impl.js:350:25)
      at invokeEventListeners (node_modules/jsdom/lib/jsdom/living/events/EventTarget-impl.js:286:3)
      at HTMLInputElementImpl._dispatch (node_modules/jsdom/lib/jsdom/living/events/EventTarget-impl.js:233:9)
      at HTMLInputElementImpl.dispatchEvent (node_modules/jsdom/lib/jsdom/living/events/EventTarget-impl.js:104:17)
      at HTMLInputElement.dispatchEvent (node_modules/jsdom/lib/jsdom/living/generated/EventTarget.js:241:34)
      at node_modules/@testing-library/user-event/dist/cjs/event/dispatchEvent.js:45:43
      at Object.eventWrapper (node_modules/@testing-library/dom/dist/config.js:25:23)
      at Object.wrapEvent (node_modules/@testing-library/user-event/dist/cjs/event/wrapEvent.js:6:28)
      at Object.dispatchEvent (node_modules/@testing-library/user-event/dist/cjs/event/dispatchEvent.js:45:22)
      at Object.dispatchUIEvent (node_modules/@testing-library/user-event/dist/cjs/event/dispatchEvent.js:22:26)
      at commitInput (node_modules/@testing-library/user-event/dist/cjs/event/input.js:145:14)
      at editInputElement (node_modules/@testing-library/user-event/dist/cjs/event/input.js:115:9)
      at Object.input (node_modules/@testing-library/user-event/dist/cjs/event/input.js:37:9)
      at node_modules/@testing-library/user-event/dist/cjs/event/behavior/keypress.js:31:26
      at Object.dispatchEvent (node_modules/@testing-library/user-event/dist/cjs/event/dispatchEvent.js:41:13)
      at Object.dispatchUIEvent (node_modules/@testing-library/user-event/dist/cjs/event/dispatchEvent.js:22:26)
      at KeyboardHost.keydown (node_modules/@testing-library/user-event/dist/cjs/system/keyboard.js:76:22)
      at keyboardAction (node_modules/@testing-library/user-event/dist/cjs/keyboard/index.js:22:35)
      at Object.keyboard (node_modules/@testing-library/user-event/dist/cjs/keyboard/index.js:11:15)
      at Object.type (node_modules/@testing-library/user-event/dist/cjs/utility/type.js:17:5)
      at src/components/Contact/Contact.test.tsx:68:15
      at AsyncProperty.run (node_modules/fast-check/lib/check/property/AsyncProperty.generic.js:49:28)
      at asyncRunIt (node_modules/fast-check/lib/check/runner/Runner.js:37:21)
      at Object.<anonymous> (src/components/Contact/Contact.test.tsx:39:5)

    console.error
      Warning: An update to Contact inside a test was not wrapped in act(...).
      
      When testing, code that causes React state updates should be wrapped into act(...):
      
      act(() => {
        /* fire events that update state */
      });
      /* assert on the output */
      
      This ensures that you're testing the behavior the user would see in the browser. Learn more at https://reactjs.org/link/wrap-tests-with-act
          at Contact (/workspaces/netsanet-portfolio/src/components/Contact/Contact.tsx:17:44)

      30 |
      31 |   const handleInputChange = (field: keyof ContactFormData, value: string) => {
    > 32 |     setFormState(prev => ({
         |     ^
      33 |       ...prev,
      34 |       data: {
      35 |         ...prev.data,

      at printWarning (node_modules/react-dom/cjs/react-dom.development.js:86:30)
      at error (node_modules/react-dom/cjs/react-dom.development.js:60:7)
      at warnIfUpdatesNotWrappedWithActDEV (node_modules/react-dom/cjs/react-dom.development.js:27628:9)
      at scheduleUpdateOnFiber (node_modules/react-dom/cjs/react-dom.development.js:25547:5)
      at dispatchSetState (node_modules/react-dom/cjs/react-dom.development.js:16708:7)
      at handleInputChange (src/components/Contact/Contact.tsx:32:5)
      at onChange (src/components/Contact/Contact.tsx:258:34)
      at HTMLUnknownElement.callCallback (node_modules/react-dom/cjs/react-dom.development.js:4164:14)
      at HTMLUnknownElement.callTheUserObjectsOperation (node_modules/jsdom/lib/jsdom/living/generated/EventListener.js:26:30)
      at innerInvokeEventListeners (node_modules/jsdom/lib/jsdom/living/events/EventTarget-impl.js:350:25)
      at invokeEventListeners (node_modules/jsdom/lib/jsdom/living/events/EventTarget-impl.js:286:3)
      at HTMLUnknownElementImpl._dispatch (node_modules/jsdom/lib/jsdom/living/events/EventTarget-impl.js:233:9)
      at HTMLUnknownElementImpl.dispatchEvent (node_modules/jsdom/lib/jsdom/living/events/EventTarget-impl.js:104:17)
      at HTMLUnknownElement.dispatchEvent (node_modules/jsdom/lib/jsdom/living/generated/EventTarget.js:241:34)
      at Object.invokeGuardedCallbackDev (node_modules/react-dom/cjs/react-dom.development.js:4213:16)
      at invokeGuardedCallback (node_modules/react-dom/cjs/react-dom.development.js:4277:31)
      at invokeGuardedCallbackAndCatchFirstError (node_modules/react-dom/cjs/react-dom.development.js:4291:25)
      at executeDispatch (node_modules/react-dom/cjs/react-dom.development.js:9041:3)
      at processDispatchQueueItemsInOrder (node_modules/react-dom/cjs/react-dom.development.js:9073:7)
      at processDispatchQueue (node_modules/react-dom/cjs/react-dom.development.js:9086:5)
      at dispatchEventsForPlugins (node_modules/react-dom/cjs/react-dom.development.js:9097:3)
      at node_modules/react-dom/cjs/react-dom.development.js:9288:12
      at batchedUpdates$1 (node_modules/react-dom/cjs/react-dom.development.js:26179:12)
      at batchedUpdates (node_modules/react-dom/cjs/react-dom.development.js:3991:12)
      at dispatchEventForPluginEventSystem (node_modules/react-dom/cjs/react-dom.development.js:9287:3)
      at dispatchEventWithEnableCapturePhaseSelectiveHydrationWithoutDiscreteEventReplay (node_modules/react-dom/cjs/react-dom.development.js:6465:5)
      at dispatchEvent (node_modules/react-dom/cjs/react-dom.development.js:6457:5)
      at dispatchDiscreteEvent (node_modules/react-dom/cjs/react-dom.development.js:6430:5)
      at HTMLDivElement.callTheUserObjectsOperation (node_modules/jsdom/lib/jsdom/living/generated/EventListener.js:26:30)
      at innerInvokeEventListeners (node_modules/jsdom/lib/jsdom/living/events/EventTarget-impl.js:350:25)
      at invokeEventListeners (node_modules/jsdom/lib/jsdom/living/events/EventTarget-impl.js:286:3)
      at HTMLInputElementImpl._dispatch (node_modules/jsdom/lib/jsdom/living/events/EventTarget-impl.js:233:9)
      at HTMLInputElementImpl.dispatchEvent (node_modules/jsdom/lib/jsdom/living/events/EventTarget-impl.js:104:17)
      at HTMLInputElement.dispatchEvent (node_modules/jsdom/lib/jsdom/living/generated/EventTarget.js:241:34)
      at node_modules/@testing-library/user-event/dist/cjs/event/dispatchEvent.js:45:43
      at Object.eventWrapper (node_modules/@testing-library/dom/dist/config.js:25:23)
      at Object.wrapEvent (node_modules/@testing-library/user-event/dist/cjs/event/wrapEvent.js:6:28)
      at Object.dispatchEvent (node_modules/@testing-library/user-event/dist/cjs/event/dispatchEvent.js:45:22)
      at Object.dispatchUIEvent (node_modules/@testing-library/user-event/dist/cjs/event/dispatchEvent.js:22:26)
      at commitInput (node_modules/@testing-library/user-event/dist/cjs/event/input.js:145:14)
      at editInputElement (node_modules/@testing-library/user-event/dist/cjs/event/input.js:115:9)
      at Object.input (node_modules/@testing-library/user-event/dist/cjs/event/input.js:37:9)
      at node_modules/@testing-library/user-event/dist/cjs/event/behavior/keypress.js:31:26
      at Object.dispatchEvent (node_modules/@testing-library/user-event/dist/cjs/event/dispatchEvent.js:41:13)
      at Object.dispatchUIEvent (node_modules/@testing-library/user-event/dist/cjs/event/dispatchEvent.js:22:26)
      at KeyboardHost.keydown (node_modules/@testing-library/user-event/dist/cjs/system/keyboard.js:76:22)
      at keyboardAction (node_modules/@testing-library/user-event/dist/cjs/keyboard/index.js:22:35)
      at Object.keyboard (node_modules/@testing-library/user-event/dist/cjs/keyboard/index.js:11:15)
      at Object.type (node_modules/@testing-library/user-event/dist/cjs/utility/type.js:17:5)
      at src/components/Contact/Contact.test.tsx:68:15
      at AsyncProperty.run (node_modules/fast-check/lib/check/property/AsyncProperty.generic.js:49:28)
      at asyncRunIt (node_modules/fast-check/lib/check/runner/Runner.js:37:21)
      at Object.<anonymous> (src/components/Contact/Contact.test.tsx:39:5)

    console.error
      Warning: An update to Contact inside a test was not wrapped in act(...).
      
      When testing, code that causes React state updates should be wrapped into act(...):
      
      act(() => {
        /* fire events that update state */
      });
      /* assert on the output */
      
      This ensures that you're testing the behavior the user would see in the browser. Learn more at https://reactjs.org/link/wrap-tests-with-act
          at Contact (/workspaces/netsanet-portfolio/src/components/Contact/Contact.tsx:17:44)

      30 |
      31 |   const handleInputChange = (field: keyof ContactFormData, value: string) => {
    > 32 |     setFormState(prev => ({
         |     ^
      33 |       ...prev,
      34 |       data: {
      35 |         ...prev.data,

      at printWarning (node_modules/react-dom/cjs/react-dom.development.js:86:30)
      at error (node_modules/react-dom/cjs/react-dom.development.js:60:7)
      at warnIfUpdatesNotWrappedWithActDEV (node_modules/react-dom/cjs/react-dom.development.js:27628:9)
      at scheduleUpdateOnFiber (node_modules/react-dom/cjs/react-dom.development.js:25547:5)
      at dispatchSetState (node_modules/react-dom/cjs/react-dom.development.js:16708:7)
      at handleInputChange (src/components/Contact/Contact.tsx:32:5)
      at onChange (src/components/Contact/Contact.tsx:280:34)
      at HTMLUnknownElement.callCallback (node_modules/react-dom/cjs/react-dom.development.js:4164:14)
      at HTMLUnknownElement.callTheUserObjectsOperation (node_modules/jsdom/lib/jsdom/living/generated/EventListener.js:26:30)
      at innerInvokeEventListeners (node_modules/jsdom/lib/jsdom/living/events/EventTarget-impl.js:350:25)
      at invokeEventListeners (node_modules/jsdom/lib/jsdom/living/events/EventTarget-impl.js:286:3)
      at HTMLUnknownElementImpl._dispatch (node_modules/jsdom/lib/jsdom/living/events/EventTarget-impl.js:233:9)
      at HTMLUnknownElementImpl.dispatchEvent (node_modules/jsdom/lib/jsdom/living/events/EventTarget-impl.js:104:17)
      at HTMLUnknownElement.dispatchEvent (node_modules/jsdom/lib/jsdom/living/generated/EventTarget.js:241:34)
      at Object.invokeGuardedCallbackDev (node_modules/react-dom/cjs/react-dom.development.js:4213:16)
      at invokeGuardedCallback (node_modules/react-dom/cjs/react-dom.development.js:4277:31)
      at invokeGuardedCallbackAndCatchFirstError (node_modules/react-dom/cjs/react-dom.development.js:4291:25)
      at executeDispatch (node_modules/react-dom/cjs/react-dom.development.js:9041:3)
      at processDispatchQueueItemsInOrder (node_modules/react-dom/cjs/react-dom.development.js:9073:7)
      at processDispatchQueue (node_modules/react-dom/cjs/react-dom.development.js:9086:5)
      at dispatchEventsForPlugins (node_modules/react-dom/cjs/react-dom.development.js:9097:3)
      at node_modules/react-dom/cjs/react-dom.development.js:9288:12
      at batchedUpdates$1 (node_modules/react-dom/cjs/react-dom.development.js:26179:12)
      at batchedUpdates (node_modules/react-dom/cjs/react-dom.development.js:3991:12)
      at dispatchEventForPluginEventSystem (node_modules/react-dom/cjs/react-dom.development.js:9287:3)
      at dispatchEventWithEnableCapturePhaseSelectiveHydrationWithoutDiscreteEventReplay (node_modules/react-dom/cjs/react-dom.development.js:6465:5)
      at dispatchEvent (node_modules/react-dom/cjs/react-dom.development.js:6457:5)
      at dispatchDiscreteEvent (node_modules/react-dom/cjs/react-dom.development.js:6430:5)
      at HTMLDivElement.callTheUserObjectsOperation (node_modules/jsdom/lib/jsdom/living/generated/EventListener.js:26:30)
      at innerInvokeEventListeners (node_modules/jsdom/lib/jsdom/living/events/EventTarget-impl.js:350:25)
      at invokeEventListeners (node_modules/jsdom/lib/jsdom/living/events/EventTarget-impl.js:286:3)
      at HTMLInputElementImpl._dispatch (node_modules/jsdom/lib/jsdom/living/events/EventTarget-impl.js:233:9)
      at HTMLInputElementImpl.dispatchEvent (node_modules/jsdom/lib/jsdom/living/events/EventTarget-impl.js:104:17)
      at HTMLInputElement.dispatchEvent (node_modules/jsdom/lib/jsdom/living/generated/EventTarget.js:241:34)
      at node_modules/@testing-library/user-event/dist/cjs/event/dispatchEvent.js:45:43
      at Object.eventWrapper (node_modules/@testing-library/dom/dist/config.js:25:23)
      at Object.wrapEvent (node_modules/@testing-library/user-event/dist/cjs/event/wrapEvent.js:6:28)
      at Object.dispatchEvent (node_modules/@testing-library/user-event/dist/cjs/event/dispatchEvent.js:45:22)
      at Object.dispatchUIEvent (node_modules/@testing-library/user-event/dist/cjs/event/dispatchEvent.js:22:26)
      at commitInput (node_modules/@testing-library/user-event/dist/cjs/event/input.js:145:14)
      at editInputElement (node_modules/@testing-library/user-event/dist/cjs/event/input.js:115:9)
      at Object.input (node_modules/@testing-library/user-event/dist/cjs/event/input.js:37:9)
      at node_modules/@testing-library/user-event/dist/cjs/event/behavior/keypress.js:31:26
      at Object.dispatchEvent (node_modules/@testing-library/user-event/dist/cjs/event/dispatchEvent.js:41:13)
      at Object.dispatchUIEvent (node_modules/@testing-library/user-event/dist/cjs/event/dispatchEvent.js:22:26)
      at KeyboardHost.keydown (node_modules/@testing-library/user-event/dist/cjs/system/keyboard.js:76:22)
      at keyboardAction (node_modules/@testing-library/user-event/dist/cjs/keyboard/index.js:22:35)
      at Object.keyboard (node_modules/@testing-library/user-event/dist/cjs/keyboard/index.js:11:15)
      at Object.type (node_modules/@testing-library/user-event/dist/cjs/utility/type.js:17:5)
      at src/components/Contact/Contact.test.tsx:73:15
      at AsyncProperty.run (node_modules/fast-check/lib/check/property/AsyncProperty.generic.js:49:28)
      at asyncRunIt (node_modules/fast-check/lib/check/runner/Runner.js:37:21)
      at Object.<anonymous> (src/components/Contact/Contact.test.tsx:39:5)

    console.error
      Warning: An update to Contact inside a test was not wrapped in act(...).
      
      When testing, code that causes React state updates should be wrapped into act(...):
      
      act(() => {
        /* fire events that update state */
      });
      /* assert on the output */
      
      This ensures that you're testing the behavior the user would see in the browser. Learn more at https://reactjs.org/link/wrap-tests-with-act
          at Contact (/workspaces/netsanet-portfolio/src/components/Contact/Contact.tsx:17:44)

      30 |
      31 |   const handleInputChange = (field: keyof ContactFormData, value: string) => {
    > 32 |     setFormState(prev => ({
         |     ^
      33 |       ...prev,
      34 |       data: {
      35 |         ...prev.data,

      at printWarning (node_modules/react-dom/cjs/react-dom.development.js:86:30)
      at error (node_modules/react-dom/cjs/react-dom.development.js:60:7)
      at warnIfUpdatesNotWrappedWithActDEV (node_modules/react-dom/cjs/react-dom.development.js:27628:9)
      at scheduleUpdateOnFiber (node_modules/react-dom/cjs/react-dom.development.js:25547:5)
      at dispatchSetState (node_modules/react-dom/cjs/react-dom.development.js:16708:7)
      at handleInputChange (src/components/Contact/Contact.tsx:32:5)
      at onChange (src/components/Contact/Contact.tsx:280:34)
      at HTMLUnknownElement.callCallback (node_modules/react-dom/cjs/react-dom.development.js:4164:14)
      at HTMLUnknownElement.callTheUserObjectsOperation (node_modules/jsdom/lib/jsdom/living/generated/EventListener.js:26:30)
      at innerInvokeEventListeners (node_modules/jsdom/lib/jsdom/living/events/EventTarget-impl.js:350:25)
      at invokeEventListeners (node_modules/jsdom/lib/jsdom/living/events/EventTarget-impl.js:286:3)
      at HTMLUnknownElementImpl._dispatch (node_modules/jsdom/lib/jsdom/living/events/EventTarget-impl.js:233:9)
      at HTMLUnknownElementImpl.dispatchEvent (node_modules/jsdom/lib/jsdom/living/events/EventTarget-impl.js:104:17)
      at HTMLUnknownElement.dispatchEvent (node_modules/jsdom/lib/jsdom/living/generated/EventTarget.js:241:34)
      at Object.invokeGuardedCallbackDev (node_modules/react-dom/cjs/react-dom.development.js:4213:16)
      at invokeGuardedCallback (node_modules/react-dom/cjs/react-dom.development.js:4277:31)
      at invokeGuardedCallbackAndCatchFirstError (node_modules/react-dom/cjs/react-dom.development.js:4291:25)
      at executeDispatch (node_modules/react-dom/cjs/react-dom.development.js:9041:3)
      at processDispatchQueueItemsInOrder (node_modules/react-dom/cjs/react-dom.development.js:9073:7)
      at processDispatchQueue (node_modules/react-dom/cjs/react-dom.development.js:9086:5)
      at dispatchEventsForPlugins (node_modules/react-dom/cjs/react-dom.development.js:9097:3)
      at node_modules/react-dom/cjs/react-dom.development.js:9288:12
      at batchedUpdates$1 (node_modules/react-dom/cjs/react-dom.development.js:26179:12)
      at batchedUpdates (node_modules/react-dom/cjs/react-dom.development.js:3991:12)
      at dispatchEventForPluginEventSystem (node_modules/react-dom/cjs/react-dom.development.js:9287:3)
      at dispatchEventWithEnableCapturePhaseSelectiveHydrationWithoutDiscreteEventReplay (node_modules/react-dom/cjs/react-dom.development.js:6465:5)
      at dispatchEvent (node_modules/react-dom/cjs/react-dom.development.js:6457:5)
      at dispatchDiscreteEvent (node_modules/react-dom/cjs/react-dom.development.js:6430:5)
      at HTMLDivElement.callTheUserObjectsOperation (node_modules/jsdom/lib/jsdom/living/generated/EventListener.js:26:30)
      at innerInvokeEventListeners (node_modules/jsdom/lib/jsdom/living/events/EventTarget-impl.js:350:25)
      at invokeEventListeners (node_modules/jsdom/lib/jsdom/living/events/EventTarget-impl.js:286:3)
      at HTMLInputElementImpl._dispatch (node_modules/jsdom/lib/jsdom/living/events/EventTarget-impl.js:233:9)
      at HTMLInputElementImpl.dispatchEvent (node_modules/jsdom/lib/jsdom/living/events/EventTarget-impl.js:104:17)
      at HTMLInputElement.dispatchEvent (node_modules/jsdom/lib/jsdom/living/generated/EventTarget.js:241:34)
      at node_modules/@testing-library/user-event/dist/cjs/event/dispatchEvent.js:45:43
      at Object.eventWrapper (node_modules/@testing-library/dom/dist/config.js:25:23)
      at Object.wrapEvent (node_modules/@testing-library/user-event/dist/cjs/event/wrapEvent.js:6:28)
      at Object.dispatchEvent (node_modules/@testing-library/user-event/dist/cjs/event/dispatchEvent.js:45:22)
      at Object.dispatchUIEvent (node_modules/@testing-library/user-event/dist/cjs/event/dispatchEvent.js:22:26)
      at commitInput (node_modules/@testing-library/user-event/dist/cjs/event/input.js:145:14)
      at editInputElement (node_modules/@testing-library/user-event/dist/cjs/event/input.js:115:9)
      at Object.input (node_modules/@testing-library/user-event/dist/cjs/event/input.js:37:9)
      at node_modules/@testing-library/user-event/dist/cjs/event/behavior/keypress.js:31:26
      at Object.dispatchEvent (node_modules/@testing-library/user-event/dist/cjs/event/dispatchEvent.js:41:13)
      at Object.dispatchUIEvent (node_modules/@testing-library/user-event/dist/cjs/event/dispatchEvent.js:22:26)
      at KeyboardHost.keydown (node_modules/@testing-library/user-event/dist/cjs/system/keyboard.js:76:22)
      at keyboardAction (node_modules/@testing-library/user-event/dist/cjs/keyboard/index.js:22:35)
      at Object.keyboard (node_modules/@testing-library/user-event/dist/cjs/keyboard/index.js:11:15)
      at Object.type (node_modules/@testing-library/user-event/dist/cjs/utility/type.js:17:5)
      at src/components/Contact/Contact.test.tsx:73:15
      at AsyncProperty.run (node_modules/fast-check/lib/check/property/AsyncProperty.generic.js:49:28)
      at asyncRunIt (node_modules/fast-check/lib/check/runner/Runner.js:37:21)
      at Object.<anonymous> (src/components/Contact/Contact.test.tsx:39:5)

    console.error
      Warning: An update to Contact inside a test was not wrapped in act(...).
      
      When testing, code that causes React state updates should be wrapped into act(...):
      
      act(() => {
        /* fire events that update state */
      });
      /* assert on the output */
      
      This ensures that you're testing the behavior the user would see in the browser. Learn more at https://reactjs.org/link/wrap-tests-with-act
          at Contact (/workspaces/netsanet-portfolio/src/components/Contact/Contact.tsx:17:44)

      30 |
      31 |   const handleInputChange = (field: keyof ContactFormData, value: string) => {
    > 32 |     setFormState(prev => ({
         |     ^
      33 |       ...prev,
      34 |       data: {
      35 |         ...prev.data,

      at printWarning (node_modules/react-dom/cjs/react-dom.development.js:86:30)
      at error (node_modules/react-dom/cjs/react-dom.development.js:60:7)
      at warnIfUpdatesNotWrappedWithActDEV (node_modules/react-dom/cjs/react-dom.development.js:27628:9)
      at scheduleUpdateOnFiber (node_modules/react-dom/cjs/react-dom.development.js:25547:5)
      at dispatchSetState (node_modules/react-dom/cjs/react-dom.development.js:16708:7)
      at handleInputChange (src/components/Contact/Contact.tsx:32:5)
      at onChange (src/components/Contact/Contact.tsx:301:34)
      at HTMLUnknownElement.callCallback (node_modules/react-dom/cjs/react-dom.development.js:4164:14)
      at HTMLUnknownElement.callTheUserObjectsOperation (node_modules/jsdom/lib/jsdom/living/generated/EventListener.js:26:30)
      at innerInvokeEventListeners (node_modules/jsdom/lib/jsdom/living/events/EventTarget-impl.js:350:25)
      at invokeEventListeners (node_modules/jsdom/lib/jsdom/living/events/EventTarget-impl.js:286:3)
      at HTMLUnknownElementImpl._dispatch (node_modules/jsdom/lib/jsdom/living/events/EventTarget-impl.js:233:9)
      at HTMLUnknownElementImpl.dispatchEvent (node_modules/jsdom/lib/jsdom/living/events/EventTarget-impl.js:104:17)
      at HTMLUnknownElement.dispatchEvent (node_modules/jsdom/lib/jsdom/living/generated/EventTarget.js:241:34)
      at Object.invokeGuardedCallbackDev (node_modules/react-dom/cjs/react-dom.development.js:4213:16)
      at invokeGuardedCallback (node_modules/react-dom/cjs/react-dom.development.js:4277:31)
      at invokeGuardedCallbackAndCatchFirstError (node_modules/react-dom/cjs/react-dom.development.js:4291:25)
      at executeDispatch (node_modules/react-dom/cjs/react-dom.development.js:9041:3)
      at processDispatchQueueItemsInOrder (node_modules/react-dom/cjs/react-dom.development.js:9073:7)
      at processDispatchQueue (node_modules/react-dom/cjs/react-dom.development.js:9086:5)
      at dispatchEventsForPlugins (node_modules/react-dom/cjs/react-dom.development.js:9097:3)
      at node_modules/react-dom/cjs/react-dom.development.js:9288:12
      at batchedUpdates$1 (node_modules/react-dom/cjs/react-dom.development.js:26179:12)
      at batchedUpdates (node_modules/react-dom/cjs/react-dom.development.js:3991:12)
      at dispatchEventForPluginEventSystem (node_modules/react-dom/cjs/react-dom.development.js:9287:3)
      at dispatchEventWithEnableCapturePhaseSelectiveHydrationWithoutDiscreteEventReplay (node_modules/react-dom/cjs/react-dom.development.js:6465:5)
      at dispatchEvent (node_modules/react-dom/cjs/react-dom.development.js:6457:5)
      at dispatchDiscreteEvent (node_modules/react-dom/cjs/react-dom.development.js:6430:5)
      at HTMLDivElement.callTheUserObjectsOperation (node_modules/jsdom/lib/jsdom/living/generated/EventListener.js:26:30)
      at innerInvokeEventListeners (node_modules/jsdom/lib/jsdom/living/events/EventTarget-impl.js:350:25)
      at invokeEventListeners (node_modules/jsdom/lib/jsdom/living/events/EventTarget-impl.js:286:3)
      at HTMLTextAreaElementImpl._dispatch (node_modules/jsdom/lib/jsdom/living/events/EventTarget-impl.js:233:9)
      at HTMLTextAreaElementImpl.dispatchEvent (node_modules/jsdom/lib/jsdom/living/events/EventTarget-impl.js:104:17)
      at HTMLTextAreaElement.dispatchEvent (node_modules/jsdom/lib/jsdom/living/generated/EventTarget.js:241:34)
      at node_modules/@testing-library/user-event/dist/cjs/event/dispatchEvent.js:45:43
      at Object.eventWrapper (node_modules/@testing-library/dom/dist/config.js:25:23)
      at Object.wrapEvent (node_modules/@testing-library/user-event/dist/cjs/event/wrapEvent.js:6:28)
      at Object.dispatchEvent (node_modules/@testing-library/user-event/dist/cjs/event/dispatchEvent.js:45:22)
      at Object.dispatchUIEvent (node_modules/@testing-library/user-event/dist/cjs/event/dispatchEvent.js:22:26)
      at commitInput (node_modules/@testing-library/user-event/dist/cjs/event/input.js:145:14)
      at editInputElement (node_modules/@testing-library/user-event/dist/cjs/event/input.js:115:9)
      at Object.input (node_modules/@testing-library/user-event/dist/cjs/event/input.js:37:9)
      at node_modules/@testing-library/user-event/dist/cjs/event/behavior/keypress.js:31:26
      at Object.dispatchEvent (node_modules/@testing-library/user-event/dist/cjs/event/dispatchEvent.js:41:13)
      at Object.dispatchUIEvent (node_modules/@testing-library/user-event/dist/cjs/event/dispatchEvent.js:22:26)
      at KeyboardHost.keydown (node_modules/@testing-library/user-event/dist/cjs/system/keyboard.js:76:22)
      at keyboardAction (node_modules/@testing-library/user-event/dist/cjs/keyboard/index.js:22:35)
      at Object.keyboard (node_modules/@testing-library/user-event/dist/cjs/keyboard/index.js:11:15)
      at Object.type (node_modules/@testing-library/user-event/dist/cjs/utility/type.js:17:5)
      at src/components/Contact/Contact.test.tsx:78:15
      at AsyncProperty.run (node_modules/fast-check/lib/check/property/AsyncProperty.generic.js:49:28)
      at asyncRunIt (node_modules/fast-check/lib/check/runner/Runner.js:37:21)
      at Object.<anonymous> (src/components/Contact/Contact.test.tsx:39:5)

    console.error
      Warning: An update to Contact inside a test was not wrapped in act(...).
      
      When testing, code that causes React state updates should be wrapped into act(...):
      
      act(() => {
        /* fire events that update state */
      });
      /* assert on the output */
      
      This ensures that you're testing the behavior the user would see in the browser. Learn more at https://reactjs.org/link/wrap-tests-with-act
          at Contact (/workspaces/netsanet-portfolio/src/components/Contact/Contact.tsx:17:44)

      30 |
      31 |   const handleInputChange = (field: keyof ContactFormData, value: string) => {
    > 32 |     setFormState(prev => ({
         |     ^
      33 |       ...prev,
      34 |       data: {
      35 |         ...prev.data,

      at printWarning (node_modules/react-dom/cjs/react-dom.development.js:86:30)
      at error (node_modules/react-dom/cjs/react-dom.development.js:60:7)
      at warnIfUpdatesNotWrappedWithActDEV (node_modules/react-dom/cjs/react-dom.development.js:27628:9)
      at scheduleUpdateOnFiber (node_modules/react-dom/cjs/react-dom.development.js:25547:5)
      at dispatchSetState (node_modules/react-dom/cjs/react-dom.development.js:16708:7)
      at handleInputChange (src/components/Contact/Contact.tsx:32:5)
      at onChange (src/components/Contact/Contact.tsx:301:34)
      at HTMLUnknownElement.callCallback (node_modules/react-dom/cjs/react-dom.development.js:4164:14)
      at HTMLUnknownElement.callTheUserObjectsOperation (node_modules/jsdom/lib/jsdom/living/generated/EventListener.js:26:30)
      at innerInvokeEventListeners (node_modules/jsdom/lib/jsdom/living/events/EventTarget-impl.js:350:25)
      at invokeEventListeners (node_modules/jsdom/lib/jsdom/living/events/EventTarget-impl.js:286:3)
      at HTMLUnknownElementImpl._dispatch (node_modules/jsdom/lib/jsdom/living/events/EventTarget-impl.js:233:9)
      at HTMLUnknownElementImpl.dispatchEvent (node_modules/jsdom/lib/jsdom/living/events/EventTarget-impl.js:104:17)
      at HTMLUnknownElement.dispatchEvent (node_modules/jsdom/lib/jsdom/living/generated/EventTarget.js:241:34)
      at Object.invokeGuardedCallbackDev (node_modules/react-dom/cjs/react-dom.development.js:4213:16)
      at invokeGuardedCallback (node_modules/react-dom/cjs/react-dom.development.js:4277:31)
      at invokeGuardedCallbackAndCatchFirstError (node_modules/react-dom/cjs/react-dom.development.js:4291:25)
      at executeDispatch (node_modules/react-dom/cjs/react-dom.development.js:9041:3)
      at processDispatchQueueItemsInOrder (node_modules/react-dom/cjs/react-dom.development.js:9073:7)
      at processDispatchQueue (node_modules/react-dom/cjs/react-dom.development.js:9086:5)
      at dispatchEventsForPlugins (node_modules/react-dom/cjs/react-dom.development.js:9097:3)
      at node_modules/react-dom/cjs/react-dom.development.js:9288:12
      at batchedUpdates$1 (node_modules/react-dom/cjs/react-dom.development.js:26179:12)
      at batchedUpdates (node_modules/react-dom/cjs/react-dom.development.js:3991:12)
      at dispatchEventForPluginEventSystem (node_modules/react-dom/cjs/react-dom.development.js:9287:3)
      at dispatchEventWithEnableCapturePhaseSelectiveHydrationWithoutDiscreteEventReplay (node_modules/react-dom/cjs/react-dom.development.js:6465:5)
      at dispatchEvent (node_modules/react-dom/cjs/react-dom.development.js:6457:5)
      at dispatchDiscreteEvent (node_modules/react-dom/cjs/react-dom.development.js:6430:5)
      at HTMLDivElement.callTheUserObjectsOperation (node_modules/jsdom/lib/jsdom/living/generated/EventListener.js:26:30)
      at innerInvokeEventListeners (node_modules/jsdom/lib/jsdom/living/events/EventTarget-impl.js:350:25)
      at invokeEventListeners (node_modules/jsdom/lib/jsdom/living/events/EventTarget-impl.js:286:3)
      at HTMLTextAreaElementImpl._dispatch (node_modules/jsdom/lib/jsdom/living/events/EventTarget-impl.js:233:9)
      at HTMLTextAreaElementImpl.dispatchEvent (node_modules/jsdom/lib/jsdom/living/events/EventTarget-impl.js:104:17)
      at HTMLTextAreaElement.dispatchEvent (node_modules/jsdom/lib/jsdom/living/generated/EventTarget.js:241:34)
      at node_modules/@testing-library/user-event/dist/cjs/event/dispatchEvent.js:45:43
      at Object.eventWrapper (node_modules/@testing-library/dom/dist/config.js:25:23)
      at Object.wrapEvent (node_modules/@testing-library/user-event/dist/cjs/event/wrapEvent.js:6:28)
      at Object.dispatchEvent (node_modules/@testing-library/user-event/dist/cjs/event/dispatchEvent.js:45:22)
      at Object.dispatchUIEvent (node_modules/@testing-library/user-event/dist/cjs/event/dispatchEvent.js:22:26)
      at commitInput (node_modules/@testing-library/user-event/dist/cjs/event/input.js:145:14)
      at editInputElement (node_modules/@testing-library/user-event/dist/cjs/event/input.js:115:9)
      at Object.input (node_modules/@testing-library/user-event/dist/cjs/event/input.js:37:9)
      at node_modules/@testing-library/user-event/dist/cjs/event/behavior/keypress.js:31:26
      at Object.dispatchEvent (node_modules/@testing-library/user-event/dist/cjs/event/dispatchEvent.js:41:13)
      at Object.dispatchUIEvent (node_modules/@testing-library/user-event/dist/cjs/event/dispatchEvent.js:22:26)
      at KeyboardHost.keydown (node_modules/@testing-library/user-event/dist/cjs/system/keyboard.js:76:22)
      at keyboardAction (node_modules/@testing-library/user-event/dist/cjs/keyboard/index.js:22:35)
      at Object.keyboard (node_modules/@testing-library/user-event/dist/cjs/keyboard/index.js:11:15)
      at Object.type (node_modules/@testing-library/user-event/dist/cjs/utility/type.js:17:5)
      at src/components/Contact/Contact.test.tsx:78:15
      at AsyncProperty.run (node_modules/fast-check/lib/check/property/AsyncProperty.generic.js:49:28)
      at asyncRunIt (node_modules/fast-check/lib/check/runner/Runner.js:37:21)
      at Object.<anonymous> (src/components/Contact/Contact.test.tsx:39:5)

    console.error
      Warning: An update to Contact inside a test was not wrapped in act(...).
      
      When testing, code that causes React state updates should be wrapped into act(...):
      
      act(() => {
        /* fire events that update state */
      });
      /* assert on the output */
      
      This ensures that you're testing the behavior the user would see in the browser. Learn more at https://reactjs.org/link/wrap-tests-with-act
          at Contact (/workspaces/netsanet-portfolio/src/components/Contact/Contact.tsx:17:44)

      30 |
      31 |   const handleInputChange = (field: keyof ContactFormData, value: string) => {
    > 32 |     setFormState(prev => ({
         |     ^
      33 |       ...prev,
      34 |       data: {
      35 |         ...prev.data,

      at printWarning (node_modules/react-dom/cjs/react-dom.development.js:86:30)
      at error (node_modules/react-dom/cjs/react-dom.development.js:60:7)
      at warnIfUpdatesNotWrappedWithActDEV (node_modules/react-dom/cjs/react-dom.development.js:27628:9)
      at scheduleUpdateOnFiber (node_modules/react-dom/cjs/react-dom.development.js:25547:5)
      at dispatchSetState (node_modules/react-dom/cjs/react-dom.development.js:16708:7)
      at handleInputChange (src/components/Contact/Contact.tsx:32:5)
      at onChange (src/components/Contact/Contact.tsx:301:34)
      at HTMLUnknownElement.callCallback (node_modules/react-dom/cjs/react-dom.development.js:4164:14)
      at HTMLUnknownElement.callTheUserObjectsOperation (node_modules/jsdom/lib/jsdom/living/generated/EventListener.js:26:30)
      at innerInvokeEventListeners (node_modules/jsdom/lib/jsdom/living/events/EventTarget-impl.js:350:25)
      at invokeEventListeners (node_modules/jsdom/lib/jsdom/living/events/EventTarget-impl.js:286:3)
      at HTMLUnknownElementImpl._dispatch (node_modules/jsdom/lib/jsdom/living/events/EventTarget-impl.js:233:9)
      at HTMLUnknownElementImpl.dispatchEvent (node_modules/jsdom/lib/jsdom/living/events/EventTarget-impl.js:104:17)
      at HTMLUnknownElement.dispatchEvent (node_modules/jsdom/lib/jsdom/living/generated/EventTarget.js:241:34)
      at Object.invokeGuardedCallbackDev (node_modules/react-dom/cjs/react-dom.development.js:4213:16)
      at invokeGuardedCallback (node_modules/react-dom/cjs/react-dom.development.js:4277:31)
      at invokeGuardedCallbackAndCatchFirstError (node_modules/react-dom/cjs/react-dom.development.js:4291:25)
      at executeDispatch (node_modules/react-dom/cjs/react-dom.development.js:9041:3)
      at processDispatchQueueItemsInOrder (node_modules/react-dom/cjs/react-dom.development.js:9073:7)
      at processDispatchQueue (node_modules/react-dom/cjs/react-dom.development.js:9086:5)
      at dispatchEventsForPlugins (node_modules/react-dom/cjs/react-dom.development.js:9097:3)
      at node_modules/react-dom/cjs/react-dom.development.js:9288:12
      at batchedUpdates$1 (node_modules/react-dom/cjs/react-dom.development.js:26179:12)
      at batchedUpdates (node_modules/react-dom/cjs/react-dom.development.js:3991:12)
      at dispatchEventForPluginEventSystem (node_modules/react-dom/cjs/react-dom.development.js:9287:3)
      at dispatchEventWithEnableCapturePhaseSelectiveHydrationWithoutDiscreteEventReplay (node_modules/react-dom/cjs/react-dom.development.js:6465:5)
      at dispatchEvent (node_modules/react-dom/cjs/react-dom.development.js:6457:5)
      at dispatchDiscreteEvent (node_modules/react-dom/cjs/react-dom.development.js:6430:5)
      at HTMLDivElement.callTheUserObjectsOperation (node_modules/jsdom/lib/jsdom/living/generated/EventListener.js:26:30)
      at innerInvokeEventListeners (node_modules/jsdom/lib/jsdom/living/events/EventTarget-impl.js:350:25)
      at invokeEventListeners (node_modules/jsdom/lib/jsdom/living/events/EventTarget-impl.js:286:3)
      at HTMLTextAreaElementImpl._dispatch (node_modules/jsdom/lib/jsdom/living/events/EventTarget-impl.js:233:9)
      at HTMLTextAreaElementImpl.dispatchEvent (node_modules/jsdom/lib/jsdom/living/events/EventTarget-impl.js:104:17)
      at HTMLTextAreaElement.dispatchEvent (node_modules/jsdom/lib/jsdom/living/generated/EventTarget.js:241:34)
      at node_modules/@testing-library/user-event/dist/cjs/event/dispatchEvent.js:45:43
      at Object.eventWrapper (node_modules/@testing-library/dom/dist/config.js:25:23)
      at Object.wrapEvent (node_modules/@testing-library/user-event/dist/cjs/event/wrapEvent.js:6:28)
      at Object.dispatchEvent (node_modules/@testing-library/user-event/dist/cjs/event/dispatchEvent.js:45:22)
      at Object.dispatchUIEvent (node_modules/@testing-library/user-event/dist/cjs/event/dispatchEvent.js:22:26)
      at commitInput (node_modules/@testing-library/user-event/dist/cjs/event/input.js:145:14)
      at editInputElement (node_modules/@testing-library/user-event/dist/cjs/event/input.js:115:9)
      at Object.input (node_modules/@testing-library/user-event/dist/cjs/event/input.js:37:9)
      at node_modules/@testing-library/user-event/dist/cjs/event/behavior/keypress.js:31:26
      at Object.dispatchEvent (node_modules/@testing-library/user-event/dist/cjs/event/dispatchEvent.js:41:13)
      at Object.dispatchUIEvent (node_modules/@testing-library/user-event/dist/cjs/event/dispatchEvent.js:22:26)
      at KeyboardHost.keydown (node_modules/@testing-library/user-event/dist/cjs/system/keyboard.js:76:22)
      at keyboardAction (node_modules/@testing-library/user-event/dist/cjs/keyboard/index.js:22:35)
      at Object.keyboard (node_modules/@testing-library/user-event/dist/cjs/keyboard/index.js:11:15)
      at Object.type (node_modules/@testing-library/user-event/dist/cjs/utility/type.js:17:5)
      at src/components/Contact/Contact.test.tsx:78:15
      at AsyncProperty.run (node_modules/fast-check/lib/check/property/AsyncProperty.generic.js:49:28)
      at asyncRunIt (node_modules/fast-check/lib/check/runner/Runner.js:37:21)
      at Object.<anonymous> (src/components/Contact/Contact.test.tsx:39:5)

    console.error
      Warning: An update to Contact inside a test was not wrapped in act(...).
      
      When testing, code that causes React state updates should be wrapped into act(...):
      
      act(() => {
        /* fire events that update state */
      });
      /* assert on the output */
      
      This ensures that you're testing the behavior the user would see in the browser. Learn more at https://reactjs.org/link/wrap-tests-with-act
          at Contact (/workspaces/netsanet-portfolio/src/components/Contact/Contact.tsx:17:44)

      30 |
      31 |   const handleInputChange = (field: keyof ContactFormData, value: string) => {
    > 32 |     setFormState(prev => ({
         |     ^
      33 |       ...prev,
      34 |       data: {
      35 |         ...prev.data,

      at printWarning (node_modules/react-dom/cjs/react-dom.development.js:86:30)
      at error (node_modules/react-dom/cjs/react-dom.development.js:60:7)
      at warnIfUpdatesNotWrappedWithActDEV (node_modules/react-dom/cjs/react-dom.development.js:27628:9)
      at scheduleUpdateOnFiber (node_modules/react-dom/cjs/react-dom.development.js:25547:5)
      at dispatchSetState (node_modules/react-dom/cjs/react-dom.development.js:16708:7)
      at handleInputChange (src/components/Contact/Contact.tsx:32:5)
      at onChange (src/components/Contact/Contact.tsx:301:34)
      at HTMLUnknownElement.callCallback (node_modules/react-dom/cjs/react-dom.development.js:4164:14)
      at HTMLUnknownElement.callTheUserObjectsOperation (node_modules/jsdom/lib/jsdom/living/generated/EventListener.js:26:30)
      at innerInvokeEventListeners (node_modules/jsdom/lib/jsdom/living/events/EventTarget-impl.js:350:25)
      at invokeEventListeners (node_modules/jsdom/lib/jsdom/living/events/EventTarget-impl.js:286:3)
      at HTMLUnknownElementImpl._dispatch (node_modules/jsdom/lib/jsdom/living/events/EventTarget-impl.js:233:9)
      at HTMLUnknownElementImpl.dispatchEvent (node_modules/jsdom/lib/jsdom/living/events/EventTarget-impl.js:104:17)
      at HTMLUnknownElement.dispatchEvent (node_modules/jsdom/lib/jsdom/living/generated/EventTarget.js:241:34)
      at Object.invokeGuardedCallbackDev (node_modules/react-dom/cjs/react-dom.development.js:4213:16)
      at invokeGuardedCallback (node_modules/react-dom/cjs/react-dom.development.js:4277:31)
      at invokeGuardedCallbackAndCatchFirstError (node_modules/react-dom/cjs/react-dom.development.js:4291:25)
      at executeDispatch (node_modules/react-dom/cjs/react-dom.development.js:9041:3)
      at processDispatchQueueItemsInOrder (node_modules/react-dom/cjs/react-dom.development.js:9073:7)
      at processDispatchQueue (node_modules/react-dom/cjs/react-dom.development.js:9086:5)
      at dispatchEventsForPlugins (node_modules/react-dom/cjs/react-dom.development.js:9097:3)
      at node_modules/react-dom/cjs/react-dom.development.js:9288:12
      at batchedUpdates$1 (node_modules/react-dom/cjs/react-dom.development.js:26179:12)
      at batchedUpdates (node_modules/react-dom/cjs/react-dom.development.js:3991:12)
      at dispatchEventForPluginEventSystem (node_modules/react-dom/cjs/react-dom.development.js:9287:3)
      at dispatchEventWithEnableCapturePhaseSelectiveHydrationWithoutDiscreteEventReplay (node_modules/react-dom/cjs/react-dom.development.js:6465:5)
      at dispatchEvent (node_modules/react-dom/cjs/react-dom.development.js:6457:5)
      at dispatchDiscreteEvent (node_modules/react-dom/cjs/react-dom.development.js:6430:5)
      at HTMLDivElement.callTheUserObjectsOperation (node_modules/jsdom/lib/jsdom/living/generated/EventListener.js:26:30)
      at innerInvokeEventListeners (node_modules/jsdom/lib/jsdom/living/events/EventTarget-impl.js:350:25)
      at invokeEventListeners (node_modules/jsdom/lib/jsdom/living/events/EventTarget-impl.js:286:3)
      at HTMLTextAreaElementImpl._dispatch (node_modules/jsdom/lib/jsdom/living/events/EventTarget-impl.js:233:9)
      at HTMLTextAreaElementImpl.dispatchEvent (node_modules/jsdom/lib/jsdom/living/events/EventTarget-impl.js:104:17)
      at HTMLTextAreaElement.dispatchEvent (node_modules/jsdom/lib/jsdom/living/generated/EventTarget.js:241:34)
      at node_modules/@testing-library/user-event/dist/cjs/event/dispatchEvent.js:45:43
      at Object.eventWrapper (node_modules/@testing-library/dom/dist/config.js:25:23)
      at Object.wrapEvent (node_modules/@testing-library/user-event/dist/cjs/event/wrapEvent.js:6:28)
      at Object.dispatchEvent (node_modules/@testing-library/user-event/dist/cjs/event/dispatchEvent.js:45:22)
      at Object.dispatchUIEvent (node_modules/@testing-library/user-event/dist/cjs/event/dispatchEvent.js:22:26)
      at commitInput (node_modules/@testing-library/user-event/dist/cjs/event/input.js:145:14)
      at editInputElement (node_modules/@testing-library/user-event/dist/cjs/event/input.js:115:9)
      at Object.input (node_modules/@testing-library/user-event/dist/cjs/event/input.js:37:9)
      at node_modules/@testing-library/user-event/dist/cjs/event/behavior/keypress.js:31:26
      at Object.dispatchEvent (node_modules/@testing-library/user-event/dist/cjs/event/dispatchEvent.js:41:13)
      at Object.dispatchUIEvent (node_modules/@testing-library/user-event/dist/cjs/event/dispatchEvent.js:22:26)
      at KeyboardHost.keydown (node_modules/@testing-library/user-event/dist/cjs/system/keyboard.js:76:22)
      at keyboardAction (node_modules/@testing-library/user-event/dist/cjs/keyboard/index.js:22:35)
      at Object.keyboard (node_modules/@testing-library/user-event/dist/cjs/keyboard/index.js:11:15)
      at Object.type (node_modules/@testing-library/user-event/dist/cjs/utility/type.js:17:5)
      at src/components/Contact/Contact.test.tsx:78:15
      at AsyncProperty.run (node_modules/fast-check/lib/check/property/AsyncProperty.generic.js:49:28)
      at asyncRunIt (node_modules/fast-check/lib/check/runner/Runner.js:37:21)
      at Object.<anonymous> (src/components/Contact/Contact.test.tsx:39:5)

    console.error
      Warning: An update to Contact inside a test was not wrapped in act(...).
      
      When testing, code that causes React state updates should be wrapped into act(...):
      
      act(() => {
        /* fire events that update state */
      });
      /* assert on the output */
      
      This ensures that you're testing the behavior the user would see in the browser. Learn more at https://reactjs.org/link/wrap-tests-with-act
          at Contact (/workspaces/netsanet-portfolio/src/components/Contact/Contact.tsx:17:44)

      30 |
      31 |   const handleInputChange = (field: keyof ContactFormData, value: string) => {
    > 32 |     setFormState(prev => ({
         |     ^
      33 |       ...prev,
      34 |       data: {
      35 |         ...prev.data,

      at printWarning (node_modules/react-dom/cjs/react-dom.development.js:86:30)
      at error (node_modules/react-dom/cjs/react-dom.development.js:60:7)
      at warnIfUpdatesNotWrappedWithActDEV (node_modules/react-dom/cjs/react-dom.development.js:27628:9)
      at scheduleUpdateOnFiber (node_modules/react-dom/cjs/react-dom.development.js:25547:5)
      at dispatchSetState (node_modules/react-dom/cjs/react-dom.development.js:16708:7)
      at handleInputChange (src/components/Contact/Contact.tsx:32:5)
      at onChange (src/components/Contact/Contact.tsx:301:34)
      at HTMLUnknownElement.callCallback (node_modules/react-dom/cjs/react-dom.development.js:4164:14)
      at HTMLUnknownElement.callTheUserObjectsOperation (node_modules/jsdom/lib/jsdom/living/generated/EventListener.js:26:30)
      at innerInvokeEventListeners (node_modules/jsdom/lib/jsdom/living/events/EventTarget-impl.js:350:25)
      at invokeEventListeners (node_modules/jsdom/lib/jsdom/living/events/EventTarget-impl.js:286:3)
      at HTMLUnknownElementImpl._dispatch (node_modules/jsdom/lib/jsdom/living/events/EventTarget-impl.js:233:9)
      at HTMLUnknownElementImpl.dispatchEvent (node_modules/jsdom/lib/jsdom/living/events/EventTarget-impl.js:104:17)
      at HTMLUnknownElement.dispatchEvent (node_modules/jsdom/lib/jsdom/living/generated/EventTarget.js:241:34)
      at Object.invokeGuardedCallbackDev (node_modules/react-dom/cjs/react-dom.development.js:4213:16)
      at invokeGuardedCallback (node_modules/react-dom/cjs/react-dom.development.js:4277:31)
      at invokeGuardedCallbackAndCatchFirstError (node_modules/react-dom/cjs/react-dom.development.js:4291:25)
      at executeDispatch (node_modules/react-dom/cjs/react-dom.development.js:9041:3)
      at processDispatchQueueItemsInOrder (node_modules/react-dom/cjs/react-dom.development.js:9073:7)
      at processDispatchQueue (node_modules/react-dom/cjs/react-dom.development.js:9086:5)
      at dispatchEventsForPlugins (node_modules/react-dom/cjs/react-dom.development.js:9097:3)
      at node_modules/react-dom/cjs/react-dom.development.js:9288:12
      at batchedUpdates$1 (node_modules/react-dom/cjs/react-dom.development.js:26179:12)
      at batchedUpdates (node_modules/react-dom/cjs/react-dom.development.js:3991:12)
      at dispatchEventForPluginEventSystem (node_modules/react-dom/cjs/react-dom.development.js:9287:3)
      at dispatchEventWithEnableCapturePhaseSelectiveHydrationWithoutDiscreteEventReplay (node_modules/react-dom/cjs/react-dom.development.js:6465:5)
      at dispatchEvent (node_modules/react-dom/cjs/react-dom.development.js:6457:5)
      at dispatchDiscreteEvent (node_modules/react-dom/cjs/react-dom.development.js:6430:5)
      at HTMLDivElement.callTheUserObjectsOperation (node_modules/jsdom/lib/jsdom/living/generated/EventListener.js:26:30)
      at innerInvokeEventListeners (node_modules/jsdom/lib/jsdom/living/events/EventTarget-impl.js:350:25)
      at invokeEventListeners (node_modules/jsdom/lib/jsdom/living/events/EventTarget-impl.js:286:3)
      at HTMLTextAreaElementImpl._dispatch (node_modules/jsdom/lib/jsdom/living/events/EventTarget-impl.js:233:9)
      at HTMLTextAreaElementImpl.dispatchEvent (node_modules/jsdom/lib/jsdom/living/events/EventTarget-impl.js:104:17)
      at HTMLTextAreaElement.dispatchEvent (node_modules/jsdom/lib/jsdom/living/generated/EventTarget.js:241:34)
      at node_modules/@testing-library/user-event/dist/cjs/event/dispatchEvent.js:45:43
      at Object.eventWrapper (node_modules/@testing-library/dom/dist/config.js:25:23)
      at Object.wrapEvent (node_modules/@testing-library/user-event/dist/cjs/event/wrapEvent.js:6:28)
      at Object.dispatchEvent (node_modules/@testing-library/user-event/dist/cjs/event/dispatchEvent.js:45:22)
      at Object.dispatchUIEvent (node_modules/@testing-library/user-event/dist/cjs/event/dispatchEvent.js:22:26)
      at commitInput (node_modules/@testing-library/user-event/dist/cjs/event/input.js:145:14)
      at editInputElement (node_modules/@testing-library/user-event/dist/cjs/event/input.js:115:9)
      at Object.input (node_modules/@testing-library/user-event/dist/cjs/event/input.js:37:9)
      at node_modules/@testing-library/user-event/dist/cjs/event/behavior/keypress.js:31:26
      at Object.dispatchEvent (node_modules/@testing-library/user-event/dist/cjs/event/dispatchEvent.js:41:13)
      at Object.dispatchUIEvent (node_modules/@testing-library/user-event/dist/cjs/event/dispatchEvent.js:22:26)
      at KeyboardHost.keydown (node_modules/@testing-library/user-event/dist/cjs/system/keyboard.js:76:22)
      at keyboardAction (node_modules/@testing-library/user-event/dist/cjs/keyboard/index.js:22:35)
      at Object.keyboard (node_modules/@testing-library/user-event/dist/cjs/keyboard/index.js:11:15)
      at Object.type (node_modules/@testing-library/user-event/dist/cjs/utility/type.js:17:5)
      at src/components/Contact/Contact.test.tsx:78:15
      at AsyncProperty.run (node_modules/fast-check/lib/check/property/AsyncProperty.generic.js:49:28)
      at asyncRunIt (node_modules/fast-check/lib/check/runner/Runner.js:37:21)
      at Object.<anonymous> (src/components/Contact/Contact.test.tsx:39:5)

    console.error
      Warning: An update to Contact inside a test was not wrapped in act(...).
      
      When testing, code that causes React state updates should be wrapped into act(...):
      
      act(() => {
        /* fire events that update state */
      });
      /* assert on the output */
      
      This ensures that you're testing the behavior the user would see in the browser. Learn more at https://reactjs.org/link/wrap-tests-with-act
          at Contact (/workspaces/netsanet-portfolio/src/components/Contact/Contact.tsx:17:44)

      30 |
      31 |   const handleInputChange = (field: keyof ContactFormData, value: string) => {
    > 32 |     setFormState(prev => ({
         |     ^
      33 |       ...prev,
      34 |       data: {
      35 |         ...prev.data,

      at printWarning (node_modules/react-dom/cjs/react-dom.development.js:86:30)
      at error (node_modules/react-dom/cjs/react-dom.development.js:60:7)
      at warnIfUpdatesNotWrappedWithActDEV (node_modules/react-dom/cjs/react-dom.development.js:27628:9)
      at scheduleUpdateOnFiber (node_modules/react-dom/cjs/react-dom.development.js:25547:5)
      at dispatchSetState (node_modules/react-dom/cjs/react-dom.development.js:16708:7)
      at handleInputChange (src/components/Contact/Contact.tsx:32:5)
      at onChange (src/components/Contact/Contact.tsx:301:34)
      at HTMLUnknownElement.callCallback (node_modules/react-dom/cjs/react-dom.development.js:4164:14)
      at HTMLUnknownElement.callTheUserObjectsOperation (node_modules/jsdom/lib/jsdom/living/generated/EventListener.js:26:30)
      at innerInvokeEventListeners (node_modules/jsdom/lib/jsdom/living/events/EventTarget-impl.js:350:25)
      at invokeEventListeners (node_modules/jsdom/lib/jsdom/living/events/EventTarget-impl.js:286:3)
      at HTMLUnknownElementImpl._dispatch (node_modules/jsdom/lib/jsdom/living/events/EventTarget-impl.js:233:9)
      at HTMLUnknownElementImpl.dispatchEvent (node_modules/jsdom/lib/jsdom/living/events/EventTarget-impl.js:104:17)
      at HTMLUnknownElement.dispatchEvent (node_modules/jsdom/lib/jsdom/living/generated/EventTarget.js:241:34)
      at Object.invokeGuardedCallbackDev (node_modules/react-dom/cjs/react-dom.development.js:4213:16)
      at invokeGuardedCallback (node_modules/react-dom/cjs/react-dom.development.js:4277:31)
      at invokeGuardedCallbackAndCatchFirstError (node_modules/react-dom/cjs/react-dom.development.js:4291:25)
      at executeDispatch (node_modules/react-dom/cjs/react-dom.development.js:9041:3)
      at processDispatchQueueItemsInOrder (node_modules/react-dom/cjs/react-dom.development.js:9073:7)
      at processDispatchQueue (node_modules/react-dom/cjs/react-dom.development.js:9086:5)
      at dispatchEventsForPlugins (node_modules/react-dom/cjs/react-dom.development.js:9097:3)
      at node_modules/react-dom/cjs/react-dom.development.js:9288:12
      at batchedUpdates$1 (node_modules/react-dom/cjs/react-dom.development.js:26179:12)
      at batchedUpdates (node_modules/react-dom/cjs/react-dom.development.js:3991:12)
      at dispatchEventForPluginEventSystem (node_modules/react-dom/cjs/react-dom.development.js:9287:3)
      at dispatchEventWithEnableCapturePhaseSelectiveHydrationWithoutDiscreteEventReplay (node_modules/react-dom/cjs/react-dom.development.js:6465:5)
      at dispatchEvent (node_modules/react-dom/cjs/react-dom.development.js:6457:5)
      at dispatchDiscreteEvent (node_modules/react-dom/cjs/react-dom.development.js:6430:5)
      at HTMLDivElement.callTheUserObjectsOperation (node_modules/jsdom/lib/jsdom/living/generated/EventListener.js:26:30)
      at innerInvokeEventListeners (node_modules/jsdom/lib/jsdom/living/events/EventTarget-impl.js:350:25)
      at invokeEventListeners (node_modules/jsdom/lib/jsdom/living/events/EventTarget-impl.js:286:3)
      at HTMLTextAreaElementImpl._dispatch (node_modules/jsdom/lib/jsdom/living/events/EventTarget-impl.js:233:9)
      at HTMLTextAreaElementImpl.dispatchEvent (node_modules/jsdom/lib/jsdom/living/events/EventTarget-impl.js:104:17)
      at HTMLTextAreaElement.dispatchEvent (node_modules/jsdom/lib/jsdom/living/generated/EventTarget.js:241:34)
      at node_modules/@testing-library/user-event/dist/cjs/event/dispatchEvent.js:45:43
      at Object.eventWrapper (node_modules/@testing-library/dom/dist/config.js:25:23)
      at Object.wrapEvent (node_modules/@testing-library/user-event/dist/cjs/event/wrapEvent.js:6:28)
      at Object.dispatchEvent (node_modules/@testing-library/user-event/dist/cjs/event/dispatchEvent.js:45:22)
      at Object.dispatchUIEvent (node_modules/@testing-library/user-event/dist/cjs/event/dispatchEvent.js:22:26)
      at commitInput (node_modules/@testing-library/user-event/dist/cjs/event/input.js:145:14)
      at editInputElement (node_modules/@testing-library/user-event/dist/cjs/event/input.js:115:9)
      at Object.input (node_modules/@testing-library/user-event/dist/cjs/event/input.js:37:9)
      at node_modules/@testing-library/user-event/dist/cjs/event/behavior/keypress.js:31:26
      at Object.dispatchEvent (node_modules/@testing-library/user-event/dist/cjs/event/dispatchEvent.js:41:13)
      at Object.dispatchUIEvent (node_modules/@testing-library/user-event/dist/cjs/event/dispatchEvent.js:22:26)
      at KeyboardHost.keydown (node_modules/@testing-library/user-event/dist/cjs/system/keyboard.js:76:22)
      at keyboardAction (node_modules/@testing-library/user-event/dist/cjs/keyboard/index.js:22:35)
      at Object.keyboard (node_modules/@testing-library/user-event/dist/cjs/keyboard/index.js:11:15)
      at Object.type (node_modules/@testing-library/user-event/dist/cjs/utility/type.js:17:5)
      at src/components/Contact/Contact.test.tsx:78:15
      at AsyncProperty.run (node_modules/fast-check/lib/check/property/AsyncProperty.generic.js:49:28)
      at asyncRunIt (node_modules/fast-check/lib/check/runner/Runner.js:37:21)
      at Object.<anonymous> (src/components/Contact/Contact.test.tsx:39:5)

    console.error
      Warning: An update to Contact inside a test was not wrapped in act(...).
      
      When testing, code that causes React state updates should be wrapped into act(...):
      
      act(() => {
        /* fire events that update state */
      });
      /* assert on the output */
      
      This ensures that you're testing the behavior the user would see in the browser. Learn more at https://reactjs.org/link/wrap-tests-with-act
          at Contact (/workspaces/netsanet-portfolio/src/components/Contact/Contact.tsx:17:44)

      30 |
      31 |   const handleInputChange = (field: keyof ContactFormData, value: string) => {
    > 32 |     setFormState(prev => ({
         |     ^
      33 |       ...prev,
      34 |       data: {
      35 |         ...prev.data,

      at printWarning (node_modules/react-dom/cjs/react-dom.development.js:86:30)
      at error (node_modules/react-dom/cjs/react-dom.development.js:60:7)
      at warnIfUpdatesNotWrappedWithActDEV (node_modules/react-dom/cjs/react-dom.development.js:27628:9)
      at scheduleUpdateOnFiber (node_modules/react-dom/cjs/react-dom.development.js:25547:5)
      at dispatchSetState (node_modules/react-dom/cjs/react-dom.development.js:16708:7)
      at handleInputChange (src/components/Contact/Contact.tsx:32:5)
      at onChange (src/components/Contact/Contact.tsx:301:34)
      at HTMLUnknownElement.callCallback (node_modules/react-dom/cjs/react-dom.development.js:4164:14)
      at HTMLUnknownElement.callTheUserObjectsOperation (node_modules/jsdom/lib/jsdom/living/generated/EventListener.js:26:30)
      at innerInvokeEventListeners (node_modules/jsdom/lib/jsdom/living/events/EventTarget-impl.js:350:25)
      at invokeEventListeners (node_modules/jsdom/lib/jsdom/living/events/EventTarget-impl.js:286:3)
      at HTMLUnknownElementImpl._dispatch (node_modules/jsdom/lib/jsdom/living/events/EventTarget-impl.js:233:9)
      at HTMLUnknownElementImpl.dispatchEvent (node_modules/jsdom/lib/jsdom/living/events/EventTarget-impl.js:104:17)
      at HTMLUnknownElement.dispatchEvent (node_modules/jsdom/lib/jsdom/living/generated/EventTarget.js:241:34)
      at Object.invokeGuardedCallbackDev (node_modules/react-dom/cjs/react-dom.development.js:4213:16)
      at invokeGuardedCallback (node_modules/react-dom/cjs/react-dom.development.js:4277:31)
      at invokeGuardedCallbackAndCatchFirstError (node_modules/react-dom/cjs/react-dom.development.js:4291:25)
      at executeDispatch (node_modules/react-dom/cjs/react-dom.development.js:9041:3)
      at processDispatchQueueItemsInOrder (node_modules/react-dom/cjs/react-dom.development.js:9073:7)
      at processDispatchQueue (node_modules/react-dom/cjs/react-dom.development.js:9086:5)
      at dispatchEventsForPlugins (node_modules/react-dom/cjs/react-dom.development.js:9097:3)
      at node_modules/react-dom/cjs/react-dom.development.js:9288:12
      at batchedUpdates$1 (node_modules/react-dom/cjs/react-dom.development.js:26179:12)
      at batchedUpdates (node_modules/react-dom/cjs/react-dom.development.js:3991:12)
      at dispatchEventForPluginEventSystem (node_modules/react-dom/cjs/react-dom.development.js:9287:3)
      at dispatchEventWithEnableCapturePhaseSelectiveHydrationWithoutDiscreteEventReplay (node_modules/react-dom/cjs/react-dom.development.js:6465:5)
      at dispatchEvent (node_modules/react-dom/cjs/react-dom.development.js:6457:5)
      at dispatchDiscreteEvent (node_modules/react-dom/cjs/react-dom.development.js:6430:5)
      at HTMLDivElement.callTheUserObjectsOperation (node_modules/jsdom/lib/jsdom/living/generated/EventListener.js:26:30)
      at innerInvokeEventListeners (node_modules/jsdom/lib/jsdom/living/events/EventTarget-impl.js:350:25)
      at invokeEventListeners (node_modules/jsdom/lib/jsdom/living/events/EventTarget-impl.js:286:3)
      at HTMLTextAreaElementImpl._dispatch (node_modules/jsdom/lib/jsdom/living/events/EventTarget-impl.js:233:9)
      at HTMLTextAreaElementImpl.dispatchEvent (node_modules/jsdom/lib/jsdom/living/events/EventTarget-impl.js:104:17)
      at HTMLTextAreaElement.dispatchEvent (node_modules/jsdom/lib/jsdom/living/generated/EventTarget.js:241:34)
      at node_modules/@testing-library/user-event/dist/cjs/event/dispatchEvent.js:45:43
      at Object.eventWrapper (node_modules/@testing-library/dom/dist/config.js:25:23)
      at Object.wrapEvent (node_modules/@testing-library/user-event/dist/cjs/event/wrapEvent.js:6:28)
      at Object.dispatchEvent (node_modules/@testing-library/user-event/dist/cjs/event/dispatchEvent.js:45:22)
      at Object.dispatchUIEvent (node_modules/@testing-library/user-event/dist/cjs/event/dispatchEvent.js:22:26)
      at commitInput (node_modules/@testing-library/user-event/dist/cjs/event/input.js:145:14)
      at editInputElement (node_modules/@testing-library/user-event/dist/cjs/event/input.js:115:9)
      at Object.input (node_modules/@testing-library/user-event/dist/cjs/event/input.js:37:9)
      at node_modules/@testing-library/user-event/dist/cjs/event/behavior/keypress.js:31:26
      at Object.dispatchEvent (node_modules/@testing-library/user-event/dist/cjs/event/dispatchEvent.js:41:13)
      at Object.dispatchUIEvent (node_modules/@testing-library/user-event/dist/cjs/event/dispatchEvent.js:22:26)
      at KeyboardHost.keydown (node_modules/@testing-library/user-event/dist/cjs/system/keyboard.js:76:22)
      at keyboardAction (node_modules/@testing-library/user-event/dist/cjs/keyboard/index.js:22:35)
      at Object.keyboard (node_modules/@testing-library/user-event/dist/cjs/keyboard/index.js:11:15)
      at Object.type (node_modules/@testing-library/user-event/dist/cjs/utility/type.js:17:5)
      at src/components/Contact/Contact.test.tsx:78:15
      at AsyncProperty.run (node_modules/fast-check/lib/check/property/AsyncProperty.generic.js:49:28)
      at asyncRunIt (node_modules/fast-check/lib/check/runner/Runner.js:37:21)
      at Object.<anonymous> (src/components/Contact/Contact.test.tsx:39:5)

    console.error
      Warning: An update to Contact inside a test was not wrapped in act(...).
      
      When testing, code that causes React state updates should be wrapped into act(...):
      
      act(() => {
        /* fire events that update state */
      });
      /* assert on the output */
      
      This ensures that you're testing the behavior the user would see in the browser. Learn more at https://reactjs.org/link/wrap-tests-with-act
          at Contact (/workspaces/netsanet-portfolio/src/components/Contact/Contact.tsx:17:44)

      51 |     
      52 |     if (!validation.isValid) {
    > 53 |       setFormState(prev => ({
         |       ^
      54 |         ...prev,
      55 |         errors: validation.fieldErrors
      56 |       }));

      at printWarning (node_modules/react-dom/cjs/react-dom.development.js:86:30)
      at error (node_modules/react-dom/cjs/react-dom.development.js:60:7)
      at warnIfUpdatesNotWrappedWithActDEV (node_modules/react-dom/cjs/react-dom.development.js:27628:9)
      at scheduleUpdateOnFiber (node_modules/react-dom/cjs/react-dom.development.js:25547:5)
      at dispatchSetState (node_modules/react-dom/cjs/react-dom.development.js:16708:7)
      at handleSubmit (src/components/Contact/Contact.tsx:53:7)
      at HTMLUnknownElement.callCallback (node_modules/react-dom/cjs/react-dom.development.js:4164:14)
      at HTMLUnknownElement.callTheUserObjectsOperation (node_modules/jsdom/lib/jsdom/living/generated/EventListener.js:26:30)
      at innerInvokeEventListeners (node_modules/jsdom/lib/jsdom/living/events/EventTarget-impl.js:350:25)
      at invokeEventListeners (node_modules/jsdom/lib/jsdom/living/events/EventTarget-impl.js:286:3)
      at HTMLUnknownElementImpl._dispatch (node_modules/jsdom/lib/jsdom/living/events/EventTarget-impl.js:233:9)
      at HTMLUnknownElementImpl.dispatchEvent (node_modules/jsdom/lib/jsdom/living/events/EventTarget-impl.js:104:17)
      at HTMLUnknownElement.dispatchEvent (node_modules/jsdom/lib/jsdom/living/generated/EventTarget.js:241:34)
      at Object.invokeGuardedCallbackDev (node_modules/react-dom/cjs/react-dom.development.js:4213:16)
      at invokeGuardedCallback (node_modules/react-dom/cjs/react-dom.development.js:4277:31)
      at invokeGuardedCallbackAndCatchFirstError (node_modules/react-dom/cjs/react-dom.development.js:4291:25)
      at executeDispatch (node_modules/react-dom/cjs/react-dom.development.js:9041:3)
      at processDispatchQueueItemsInOrder (node_modules/react-dom/cjs/react-dom.development.js:9073:7)
      at processDispatchQueue (node_modules/react-dom/cjs/react-dom.development.js:9086:5)
      at dispatchEventsForPlugins (node_modules/react-dom/cjs/react-dom.development.js:9097:3)
      at node_modules/react-dom/cjs/react-dom.development.js:9288:12
      at batchedUpdates$1 (node_modules/react-dom/cjs/react-dom.development.js:26179:12)
      at batchedUpdates (node_modules/react-dom/cjs/react-dom.development.js:3991:12)
      at dispatchEventForPluginEventSystem (node_modules/react-dom/cjs/react-dom.development.js:9287:3)
      at dispatchEventWithEnableCapturePhaseSelectiveHydrationWithoutDiscreteEventReplay (node_modules/react-dom/cjs/react-dom.development.js:6465:5)
      at dispatchEvent (node_modules/react-dom/cjs/react-dom.development.js:6457:5)
      at dispatchDiscreteEvent (node_modules/react-dom/cjs/react-dom.development.js:6430:5)
      at HTMLDivElement.callTheUserObjectsOperation (node_modules/jsdom/lib/jsdom/living/generated/EventListener.js:26:30)
      at innerInvokeEventListeners (node_modules/jsdom/lib/jsdom/living/events/EventTarget-impl.js:350:25)
      at invokeEventListeners (node_modules/jsdom/lib/jsdom/living/events/EventTarget-impl.js:286:3)
      at HTMLFormElementImpl._dispatch (node_modules/jsdom/lib/jsdom/living/events/EventTarget-impl.js:233:9)
      at fireAnEvent (node_modules/jsdom/lib/jsdom/living/helpers/events.js:18:36)
      at HTMLFormElementImpl.requestSubmit (node_modules/jsdom/lib/jsdom/living/nodes/HTMLFormElement-impl.js:109:10)
      at HTMLFormElementImpl._doRequestSubmit (node_modules/jsdom/lib/jsdom/living/nodes/HTMLFormElement-impl.js:79:10)
      at HTMLButtonElementImpl._activationBehavior (node_modules/jsdom/lib/jsdom/living/nodes/HTMLButtonElement-impl.js:23:14)
      at HTMLButtonElementImpl._dispatch (node_modules/jsdom/lib/jsdom/living/events/EventTarget-impl.js:252:26)
      at HTMLButtonElementImpl.dispatchEvent (node_modules/jsdom/lib/jsdom/living/events/EventTarget-impl.js:104:17)
      at HTMLButtonElement.dispatchEvent (node_modules/jsdom/lib/jsdom/living/generated/EventTarget.js:241:34)
      at node_modules/@testing-library/user-event/dist/cjs/event/dispatchEvent.js:45:43
      at Object.eventWrapper (node_modules/@testing-library/dom/dist/config.js:25:23)
      at Object.wrapEvent (node_modules/@testing-library/user-event/dist/cjs/event/wrapEvent.js:6:28)
      at Object.dispatchEvent (node_modules/@testing-library/user-event/dist/cjs/event/dispatchEvent.js:45:22)
      at Object.dispatchUIEvent (node_modules/@testing-library/user-event/dist/cjs/event/dispatchEvent.js:22:26)
      at Mouse.up (node_modules/@testing-library/user-event/dist/cjs/system/pointer/mouse.js:100:30)
      at PointerHost.release (node_modules/@testing-library/user-event/dist/cjs/system/pointer/index.js:87:24)
      at pointerAction (node_modules/@testing-library/user-event/dist/cjs/pointer/index.js:54:47)
      at Object.pointer (node_modules/@testing-library/user-event/dist/cjs/pointer/index.js:27:9)
      at src/components/Contact/Contact.test.tsx:82:13
      at AsyncProperty.run (node_modules/fast-check/lib/check/property/AsyncProperty.generic.js:49:28)
      at asyncRunIt (node_modules/fast-check/lib/check/runner/Runner.js:37:21)
      at Object.<anonymous> (src/components/Contact/Contact.test.tsx:39:5)

    console.error
      Warning: An update to Contact inside a test was not wrapped in act(...).
      
      When testing, code that causes React state updates should be wrapped into act(...):
      
      act(() => {
        /* fire events that update state */
      });
      /* assert on the output */
      
      This ensures that you're testing the behavior the user would see in the browser. Learn more at https://reactjs.org/link/wrap-tests-with-act
          at Contact (/workspaces/netsanet-portfolio/src/components/Contact/Contact.tsx:17:44)

      30 |
      31 |   const handleInputChange = (field: keyof ContactFormData, value: string) => {
    > 32 |     setFormState(prev => ({
         |     ^
      33 |       ...prev,
      34 |       data: {
      35 |         ...prev.data,

      at printWarning (node_modules/react-dom/cjs/react-dom.development.js:86:30)
      at error (node_modules/react-dom/cjs/react-dom.development.js:60:7)
      at warnIfUpdatesNotWrappedWithActDEV (node_modules/react-dom/cjs/react-dom.development.js:27628:9)
      at scheduleUpdateOnFiber (node_modules/react-dom/cjs/react-dom.development.js:25547:5)
      at dispatchSetState (node_modules/react-dom/cjs/react-dom.development.js:16708:7)
      at handleInputChange (src/components/Contact/Contact.tsx:32:5)
      at onChange (src/components/Contact/Contact.tsx:258:34)
      at HTMLUnknownElement.callCallback (node_modules/react-dom/cjs/react-dom.development.js:4164:14)
      at HTMLUnknownElement.callTheUserObjectsOperation (node_modules/jsdom/lib/jsdom/living/generated/EventListener.js:26:30)
      at innerInvokeEventListeners (node_modules/jsdom/lib/jsdom/living/events/EventTarget-impl.js:350:25)
      at invokeEventListeners (node_modules/jsdom/lib/jsdom/living/events/EventTarget-impl.js:286:3)
      at HTMLUnknownElementImpl._dispatch (node_modules/jsdom/lib/jsdom/living/events/EventTarget-impl.js:233:9)
      at HTMLUnknownElementImpl.dispatchEvent (node_modules/jsdom/lib/jsdom/living/events/EventTarget-impl.js:104:17)
      at HTMLUnknownElement.dispatchEvent (node_modules/jsdom/lib/jsdom/living/generated/EventTarget.js:241:34)
      at Object.invokeGuardedCallbackDev (node_modules/react-dom/cjs/react-dom.development.js:4213:16)
      at invokeGuardedCallback (node_modules/react-dom/cjs/react-dom.development.js:4277:31)
      at invokeGuardedCallbackAndCatchFirstError (node_modules/react-dom/cjs/react-dom.development.js:4291:25)
      at executeDispatch (node_modules/react-dom/cjs/react-dom.development.js:9041:3)
      at processDispatchQueueItemsInOrder (node_modules/react-dom/cjs/react-dom.development.js:9073:7)
      at processDispatchQueue (node_modules/react-dom/cjs/react-dom.development.js:9086:5)
      at dispatchEventsForPlugins (node_modules/react-dom/cjs/react-dom.development.js:9097:3)
      at node_modules/react-dom/cjs/react-dom.development.js:9288:12
      at batchedUpdates$1 (node_modules/react-dom/cjs/react-dom.development.js:26179:12)
      at batchedUpdates (node_modules/react-dom/cjs/react-dom.development.js:3991:12)
      at dispatchEventForPluginEventSystem (node_modules/react-dom/cjs/react-dom.development.js:9287:3)
      at dispatchEventWithEnableCapturePhaseSelectiveHydrationWithoutDiscreteEventReplay (node_modules/react-dom/cjs/react-dom.development.js:6465:5)
      at dispatchEvent (node_modules/react-dom/cjs/react-dom.development.js:6457:5)
      at dispatchDiscreteEvent (node_modules/react-dom/cjs/react-dom.development.js:6430:5)
      at HTMLDivElement.callTheUserObjectsOperation (node_modules/jsdom/lib/jsdom/living/generated/EventListener.js:26:30)
      at innerInvokeEventListeners (node_modules/jsdom/lib/jsdom/living/events/EventTarget-impl.js:350:25)
      at invokeEventListeners (node_modules/jsdom/lib/jsdom/living/events/EventTarget-impl.js:286:3)
      at HTMLInputElementImpl._dispatch (node_modules/jsdom/lib/jsdom/living/events/EventTarget-impl.js:233:9)
      at HTMLInputElementImpl.dispatchEvent (node_modules/jsdom/lib/jsdom/living/events/EventTarget-impl.js:104:17)
      at HTMLInputElement.dispatchEvent (node_modules/jsdom/lib/jsdom/living/generated/EventTarget.js:241:34)
      at node_modules/@testing-library/user-event/dist/cjs/event/dispatchEvent.js:45:43
      at Object.eventWrapper (node_modules/@testing-library/dom/dist/config.js:25:23)
      at Object.wrapEvent (node_modules/@testing-library/user-event/dist/cjs/event/wrapEvent.js:6:28)
      at Object.dispatchEvent (node_modules/@testing-library/user-event/dist/cjs/event/dispatchEvent.js:45:22)
      at Object.dispatchUIEvent (node_modules/@testing-library/user-event/dist/cjs/event/dispatchEvent.js:22:26)
      at commitInput (node_modules/@testing-library/user-event/dist/cjs/event/input.js:145:14)
      at editInputElement (node_modules/@testing-library/user-event/dist/cjs/event/input.js:115:9)
      at Object.input (node_modules/@testing-library/user-event/dist/cjs/event/input.js:37:9)
      at node_modules/@testing-library/user-event/dist/cjs/event/behavior/keypress.js:31:26
      at Object.dispatchEvent (node_modules/@testing-library/user-event/dist/cjs/event/dispatchEvent.js:41:13)
      at Object.dispatchUIEvent (node_modules/@testing-library/user-event/dist/cjs/event/dispatchEvent.js:22:26)
      at KeyboardHost.keydown (node_modules/@testing-library/user-event/dist/cjs/system/keyboard.js:76:22)
      at keyboardAction (node_modules/@testing-library/user-event/dist/cjs/keyboard/index.js:22:35)
      at Object.keyboard (node_modules/@testing-library/user-event/dist/cjs/keyboard/index.js:11:15)
      at Object.type (node_modules/@testing-library/user-event/dist/cjs/utility/type.js:17:5)
      at src/components/Contact/Contact.test.tsx:68:15
      at AsyncProperty.run (node_modules/fast-check/lib/check/property/AsyncProperty.generic.js:49:28)
      at asyncRunIt (node_modules/fast-check/lib/check/runner/Runner.js:37:21)
      at Object.<anonymous> (src/components/Contact/Contact.test.tsx:39:5)

    console.error
      Warning: An update to Contact inside a test was not wrapped in act(...).
      
      When testing, code that causes React state updates should be wrapped into act(...):
      
      act(() => {
        /* fire events that update state */
      });
      /* assert on the output */
      
      This ensures that you're testing the behavior the user would see in the browser. Learn more at https://reactjs.org/link/wrap-tests-with-act
          at Contact (/workspaces/netsanet-portfolio/src/components/Contact/Contact.tsx:17:44)

      30 |
      31 |   const handleInputChange = (field: keyof ContactFormData, value: string) => {
    > 32 |     setFormState(prev => ({
         |     ^
      33 |       ...prev,
      34 |       data: {
      35 |         ...prev.data,

      at printWarning (node_modules/react-dom/cjs/react-dom.development.js:86:30)
      at error (node_modules/react-dom/cjs/react-dom.development.js:60:7)
      at warnIfUpdatesNotWrappedWithActDEV (node_modules/react-dom/cjs/react-dom.development.js:27628:9)
      at scheduleUpdateOnFiber (node_modules/react-dom/cjs/react-dom.development.js:25547:5)
      at dispatchSetState (node_modules/react-dom/cjs/react-dom.development.js:16708:7)
      at handleInputChange (src/components/Contact/Contact.tsx:32:5)
      at onChange (src/components/Contact/Contact.tsx:258:34)
      at HTMLUnknownElement.callCallback (node_modules/react-dom/cjs/react-dom.development.js:4164:14)
      at HTMLUnknownElement.callTheUserObjectsOperation (node_modules/jsdom/lib/jsdom/living/generated/EventListener.js:26:30)
      at innerInvokeEventListeners (node_modules/jsdom/lib/jsdom/living/events/EventTarget-impl.js:350:25)
      at invokeEventListeners (node_modules/jsdom/lib/jsdom/living/events/EventTarget-impl.js:286:3)
      at HTMLUnknownElementImpl._dispatch (node_modules/jsdom/lib/jsdom/living/events/EventTarget-impl.js:233:9)
      at HTMLUnknownElementImpl.dispatchEvent (node_modules/jsdom/lib/jsdom/living/events/EventTarget-impl.js:104:17)
      at HTMLUnknownElement.dispatchEvent (node_modules/jsdom/lib/jsdom/living/generated/EventTarget.js:241:34)
      at Object.invokeGuardedCallbackDev (node_modules/react-dom/cjs/react-dom.development.js:4213:16)
      at invokeGuardedCallback (node_modules/react-dom/cjs/react-dom.development.js:4277:31)
      at invokeGuardedCallbackAndCatchFirstError (node_modules/react-dom/cjs/react-dom.development.js:4291:25)
      at executeDispatch (node_modules/react-dom/cjs/react-dom.development.js:9041:3)
      at processDispatchQueueItemsInOrder (node_modules/react-dom/cjs/react-dom.development.js:9073:7)
      at processDispatchQueue (node_modules/react-dom/cjs/react-dom.development.js:9086:5)
      at dispatchEventsForPlugins (node_modules/react-dom/cjs/react-dom.development.js:9097:3)
      at node_modules/react-dom/cjs/react-dom.development.js:9288:12
      at batchedUpdates$1 (node_modules/react-dom/cjs/react-dom.development.js:26179:12)
      at batchedUpdates (node_modules/react-dom/cjs/react-dom.development.js:3991:12)
      at dispatchEventForPluginEventSystem (node_modules/react-dom/cjs/react-dom.development.js:9287:3)
      at dispatchEventWithEnableCapturePhaseSelectiveHydrationWithoutDiscreteEventReplay (node_modules/react-dom/cjs/react-dom.development.js:6465:5)
      at dispatchEvent (node_modules/react-dom/cjs/react-dom.development.js:6457:5)
      at dispatchDiscreteEvent (node_modules/react-dom/cjs/react-dom.development.js:6430:5)
      at HTMLDivElement.callTheUserObjectsOperation (node_modules/jsdom/lib/jsdom/living/generated/EventListener.js:26:30)
      at innerInvokeEventListeners (node_modules/jsdom/lib/jsdom/living/events/EventTarget-impl.js:350:25)
      at invokeEventListeners (node_modules/jsdom/lib/jsdom/living/events/EventTarget-impl.js:286:3)
      at HTMLInputElementImpl._dispatch (node_modules/jsdom/lib/jsdom/living/events/EventTarget-impl.js:233:9)
      at HTMLInputElementImpl.dispatchEvent (node_modules/jsdom/lib/jsdom/living/events/EventTarget-impl.js:104:17)
      at HTMLInputElement.dispatchEvent (node_modules/jsdom/lib/jsdom/living/generated/EventTarget.js:241:34)
      at node_modules/@testing-library/user-event/dist/cjs/event/dispatchEvent.js:45:43
      at Object.eventWrapper (node_modules/@testing-library/dom/dist/config.js:25:23)
      at Object.wrapEvent (node_modules/@testing-library/user-event/dist/cjs/event/wrapEvent.js:6:28)
      at Object.dispatchEvent (node_modules/@testing-library/user-event/dist/cjs/event/dispatchEvent.js:45:22)
      at Object.dispatchUIEvent (node_modules/@testing-library/user-event/dist/cjs/event/dispatchEvent.js:22:26)
      at commitInput (node_modules/@testing-library/user-event/dist/cjs/event/input.js:145:14)
      at editInputElement (node_modules/@testing-library/user-event/dist/cjs/event/input.js:115:9)
      at Object.input (node_modules/@testing-library/user-event/dist/cjs/event/input.js:37:9)
      at node_modules/@testing-library/user-event/dist/cjs/event/behavior/keypress.js:31:26
      at Object.dispatchEvent (node_modules/@testing-library/user-event/dist/cjs/event/dispatchEvent.js:41:13)
      at Object.dispatchUIEvent (node_modules/@testing-library/user-event/dist/cjs/event/dispatchEvent.js:22:26)
      at KeyboardHost.keydown (node_modules/@testing-library/user-event/dist/cjs/system/keyboard.js:76:22)
      at keyboardAction (node_modules/@testing-library/user-event/dist/cjs/keyboard/index.js:22:35)
      at Object.keyboard (node_modules/@testing-library/user-event/dist/cjs/keyboard/index.js:11:15)
      at Object.type (node_modules/@testing-library/user-event/dist/cjs/utility/type.js:17:5)
      at src/components/Contact/Contact.test.tsx:68:15
      at AsyncProperty.run (node_modules/fast-check/lib/check/property/AsyncProperty.generic.js:49:28)
      at asyncRunIt (node_modules/fast-check/lib/check/runner/Runner.js:37:21)
      at Object.<anonymous> (src/components/Contact/Contact.test.tsx:39:5)

    console.error
      Warning: An update to Contact inside a test was not wrapped in act(...).
      
      When testing, code that causes React state updates should be wrapped into act(...):
      
      act(() => {
        /* fire events that update state */
      });
      /* assert on the output */
      
      This ensures that you're testing the behavior the user would see in the browser. Learn more at https://reactjs.org/link/wrap-tests-with-act
          at Contact (/workspaces/netsanet-portfolio/src/components/Contact/Contact.tsx:17:44)

      30 |
      31 |   const handleInputChange = (field: keyof ContactFormData, value: string) => {
    > 32 |     setFormState(prev => ({
         |     ^
      33 |       ...prev,
      34 |       data: {
      35 |         ...prev.data,

      at printWarning (node_modules/react-dom/cjs/react-dom.development.js:86:30)
      at error (node_modules/react-dom/cjs/react-dom.development.js:60:7)
      at warnIfUpdatesNotWrappedWithActDEV (node_modules/react-dom/cjs/react-dom.development.js:27628:9)
      at scheduleUpdateOnFiber (node_modules/react-dom/cjs/react-dom.development.js:25547:5)
      at dispatchSetState (node_modules/react-dom/cjs/react-dom.development.js:16708:7)
      at handleInputChange (src/components/Contact/Contact.tsx:32:5)
      at onChange (src/components/Contact/Contact.tsx:280:34)
      at HTMLUnknownElement.callCallback (node_modules/react-dom/cjs/react-dom.development.js:4164:14)
      at HTMLUnknownElement.callTheUserObjectsOperation (node_modules/jsdom/lib/jsdom/living/generated/EventListener.js:26:30)
      at innerInvokeEventListeners (node_modules/jsdom/lib/jsdom/living/events/EventTarget-impl.js:350:25)
      at invokeEventListeners (node_modules/jsdom/lib/jsdom/living/events/EventTarget-impl.js:286:3)
      at HTMLUnknownElementImpl._dispatch (node_modules/jsdom/lib/jsdom/living/events/EventTarget-impl.js:233:9)
      at HTMLUnknownElementImpl.dispatchEvent (node_modules/jsdom/lib/jsdom/living/events/EventTarget-impl.js:104:17)
      at HTMLUnknownElement.dispatchEvent (node_modules/jsdom/lib/jsdom/living/generated/EventTarget.js:241:34)
      at Object.invokeGuardedCallbackDev (node_modules/react-dom/cjs/react-dom.development.js:4213:16)
      at invokeGuardedCallback (node_modules/react-dom/cjs/react-dom.development.js:4277:31)
      at invokeGuardedCallbackAndCatchFirstError (node_modules/react-dom/cjs/react-dom.development.js:4291:25)
      at executeDispatch (node_modules/react-dom/cjs/react-dom.development.js:9041:3)
      at processDispatchQueueItemsInOrder (node_modules/react-dom/cjs/react-dom.development.js:9073:7)
      at processDispatchQueue (node_modules/react-dom/cjs/react-dom.development.js:9086:5)
      at dispatchEventsForPlugins (node_modules/react-dom/cjs/react-dom.development.js:9097:3)
      at node_modules/react-dom/cjs/react-dom.development.js:9288:12
      at batchedUpdates$1 (node_modules/react-dom/cjs/react-dom.development.js:26179:12)
      at batchedUpdates (node_modules/react-dom/cjs/react-dom.development.js:3991:12)
      at dispatchEventForPluginEventSystem (node_modules/react-dom/cjs/react-dom.development.js:9287:3)
      at dispatchEventWithEnableCapturePhaseSelectiveHydrationWithoutDiscreteEventReplay (node_modules/react-dom/cjs/react-dom.development.js:6465:5)
      at dispatchEvent (node_modules/react-dom/cjs/react-dom.development.js:6457:5)
      at dispatchDiscreteEvent (node_modules/react-dom/cjs/react-dom.development.js:6430:5)
      at HTMLDivElement.callTheUserObjectsOperation (node_modules/jsdom/lib/jsdom/living/generated/EventListener.js:26:30)
      at innerInvokeEventListeners (node_modules/jsdom/lib/jsdom/living/events/EventTarget-impl.js:350:25)
      at invokeEventListeners (node_modules/jsdom/lib/jsdom/living/events/EventTarget-impl.js:286:3)
      at HTMLInputElementImpl._dispatch (node_modules/jsdom/lib/jsdom/living/events/EventTarget-impl.js:233:9)
      at HTMLInputElementImpl.dispatchEvent (node_modules/jsdom/lib/jsdom/living/events/EventTarget-impl.js:104:17)
      at HTMLInputElement.dispatchEvent (node_modules/jsdom/lib/jsdom/living/generated/EventTarget.js:241:34)
      at node_modules/@testing-library/user-event/dist/cjs/event/dispatchEvent.js:45:43
      at Object.eventWrapper (node_modules/@testing-library/dom/dist/config.js:25:23)
      at Object.wrapEvent (node_modules/@testing-library/user-event/dist/cjs/event/wrapEvent.js:6:28)
      at Object.dispatchEvent (node_modules/@testing-library/user-event/dist/cjs/event/dispatchEvent.js:45:22)
      at Object.dispatchUIEvent (node_modules/@testing-library/user-event/dist/cjs/event/dispatchEvent.js:22:26)
      at commitInput (node_modules/@testing-library/user-event/dist/cjs/event/input.js:145:14)
      at editInputElement (node_modules/@testing-library/user-event/dist/cjs/event/input.js:115:9)
      at Object.input (node_modules/@testing-library/user-event/dist/cjs/event/input.js:37:9)
      at node_modules/@testing-library/user-event/dist/cjs/event/behavior/keypress.js:31:26
      at Object.dispatchEvent (node_modules/@testing-library/user-event/dist/cjs/event/dispatchEvent.js:41:13)
      at Object.dispatchUIEvent (node_modules/@testing-library/user-event/dist/cjs/event/dispatchEvent.js:22:26)
      at KeyboardHost.keydown (node_modules/@testing-library/user-event/dist/cjs/system/keyboard.js:76:22)
      at keyboardAction (node_modules/@testing-library/user-event/dist/cjs/keyboard/index.js:22:35)
      at Object.keyboard (node_modules/@testing-library/user-event/dist/cjs/keyboard/index.js:11:15)
      at Object.type (node_modules/@testing-library/user-event/dist/cjs/utility/type.js:17:5)
      at src/components/Contact/Contact.test.tsx:73:15
      at AsyncProperty.run (node_modules/fast-check/lib/check/property/AsyncProperty.generic.js:49:28)
      at asyncRunIt (node_modules/fast-check/lib/check/runner/Runner.js:37:21)
      at Object.<anonymous> (src/components/Contact/Contact.test.tsx:39:5)

    console.error
      Warning: An update to Contact inside a test was not wrapped in act(...).
      
      When testing, code that causes React state updates should be wrapped into act(...):
      
      act(() => {
        /* fire events that update state */
      });
      /* assert on the output */
      
      This ensures that you're testing the behavior the user would see in the browser. Learn more at https://reactjs.org/link/wrap-tests-with-act
          at Contact (/workspaces/netsanet-portfolio/src/components/Contact/Contact.tsx:17:44)

      30 |
      31 |   const handleInputChange = (field: keyof ContactFormData, value: string) => {
    > 32 |     setFormState(prev => ({
         |     ^
      33 |       ...prev,
      34 |       data: {
      35 |         ...prev.data,

      at printWarning (node_modules/react-dom/cjs/react-dom.development.js:86:30)
      at error (node_modules/react-dom/cjs/react-dom.development.js:60:7)
      at warnIfUpdatesNotWrappedWithActDEV (node_modules/react-dom/cjs/react-dom.development.js:27628:9)
      at scheduleUpdateOnFiber (node_modules/react-dom/cjs/react-dom.development.js:25547:5)
      at dispatchSetState (node_modules/react-dom/cjs/react-dom.development.js:16708:7)
      at handleInputChange (src/components/Contact/Contact.tsx:32:5)
      at onChange (src/components/Contact/Contact.tsx:280:34)
      at HTMLUnknownElement.callCallback (node_modules/react-dom/cjs/react-dom.development.js:4164:14)
      at HTMLUnknownElement.callTheUserObjectsOperation (node_modules/jsdom/lib/jsdom/living/generated/EventListener.js:26:30)
      at innerInvokeEventListeners (node_modules/jsdom/lib/jsdom/living/events/EventTarget-impl.js:350:25)
      at invokeEventListeners (node_modules/jsdom/lib/jsdom/living/events/EventTarget-impl.js:286:3)
      at HTMLUnknownElementImpl._dispatch (node_modules/jsdom/lib/jsdom/living/events/EventTarget-impl.js:233:9)
      at HTMLUnknownElementImpl.dispatchEvent (node_modules/jsdom/lib/jsdom/living/events/EventTarget-impl.js:104:17)
      at HTMLUnknownElement.dispatchEvent (node_modules/jsdom/lib/jsdom/living/generated/EventTarget.js:241:34)
      at Object.invokeGuardedCallbackDev (node_modules/react-dom/cjs/react-dom.development.js:4213:16)
      at invokeGuardedCallback (node_modules/react-dom/cjs/react-dom.development.js:4277:31)
      at invokeGuardedCallbackAndCatchFirstError (node_modules/react-dom/cjs/react-dom.development.js:4291:25)
      at executeDispatch (node_modules/react-dom/cjs/react-dom.development.js:9041:3)
      at processDispatchQueueItemsInOrder (node_modules/react-dom/cjs/react-dom.development.js:9073:7)
      at processDispatchQueue (node_modules/react-dom/cjs/react-dom.development.js:9086:5)
      at dispatchEventsForPlugins (node_modules/react-dom/cjs/react-dom.development.js:9097:3)
      at node_modules/react-dom/cjs/react-dom.development.js:9288:12
      at batchedUpdates$1 (node_modules/react-dom/cjs/react-dom.development.js:26179:12)
      at batchedUpdates (node_modules/react-dom/cjs/react-dom.development.js:3991:12)
      at dispatchEventForPluginEventSystem (node_modules/react-dom/cjs/react-dom.development.js:9287:3)
      at dispatchEventWithEnableCapturePhaseSelectiveHydrationWithoutDiscreteEventReplay (node_modules/react-dom/cjs/react-dom.development.js:6465:5)
      at dispatchEvent (node_modules/react-dom/cjs/react-dom.development.js:6457:5)
      at dispatchDiscreteEvent (node_modules/react-dom/cjs/react-dom.development.js:6430:5)
      at HTMLDivElement.callTheUserObjectsOperation (node_modules/jsdom/lib/jsdom/living/generated/EventListener.js:26:30)
      at innerInvokeEventListeners (node_modules/jsdom/lib/jsdom/living/events/EventTarget-impl.js:350:25)
      at invokeEventListeners (node_modules/jsdom/lib/jsdom/living/events/EventTarget-impl.js:286:3)
      at HTMLInputElementImpl._dispatch (node_modules/jsdom/lib/jsdom/living/events/EventTarget-impl.js:233:9)
      at HTMLInputElementImpl.dispatchEvent (node_modules/jsdom/lib/jsdom/living/events/EventTarget-impl.js:104:17)
      at HTMLInputElement.dispatchEvent (node_modules/jsdom/lib/jsdom/living/generated/EventTarget.js:241:34)
      at node_modules/@testing-library/user-event/dist/cjs/event/dispatchEvent.js:45:43
      at Object.eventWrapper (node_modules/@testing-library/dom/dist/config.js:25:23)
      at Object.wrapEvent (node_modules/@testing-library/user-event/dist/cjs/event/wrapEvent.js:6:28)
      at Object.dispatchEvent (node_modules/@testing-library/user-event/dist/cjs/event/dispatchEvent.js:45:22)
      at Object.dispatchUIEvent (node_modules/@testing-library/user-event/dist/cjs/event/dispatchEvent.js:22:26)
      at commitInput (node_modules/@testing-library/user-event/dist/cjs/event/input.js:145:14)
      at editInputElement (node_modules/@testing-library/user-event/dist/cjs/event/input.js:115:9)
      at Object.input (node_modules/@testing-library/user-event/dist/cjs/event/input.js:37:9)
      at node_modules/@testing-library/user-event/dist/cjs/event/behavior/keypress.js:31:26
      at Object.dispatchEvent (node_modules/@testing-library/user-event/dist/cjs/event/dispatchEvent.js:41:13)
      at Object.dispatchUIEvent (node_modules/@testing-library/user-event/dist/cjs/event/dispatchEvent.js:22:26)
      at KeyboardHost.keydown (node_modules/@testing-library/user-event/dist/cjs/system/keyboard.js:76:22)
      at keyboardAction (node_modules/@testing-library/user-event/dist/cjs/keyboard/index.js:22:35)
      at Object.keyboard (node_modules/@testing-library/user-event/dist/cjs/keyboard/index.js:11:15)
      at Object.type (node_modules/@testing-library/user-event/dist/cjs/utility/type.js:17:5)
      at src/components/Contact/Contact.test.tsx:73:15
      at AsyncProperty.run (node_modules/fast-check/lib/check/property/AsyncProperty.generic.js:49:28)
      at asyncRunIt (node_modules/fast-check/lib/check/runner/Runner.js:37:21)
      at Object.<anonymous> (src/components/Contact/Contact.test.tsx:39:5)

    console.error
      Warning: An update to Contact inside a test was not wrapped in act(...).
      
      When testing, code that causes React state updates should be wrapped into act(...):
      
      act(() => {
        /* fire events that update state */
      });
      /* assert on the output */
      
      This ensures that you're testing the behavior the user would see in the browser. Learn more at https://reactjs.org/link/wrap-tests-with-act
          at Contact (/workspaces/netsanet-portfolio/src/components/Contact/Contact.tsx:17:44)

      51 |     
      52 |     if (!validation.isValid) {
    > 53 |       setFormState(prev => ({
         |       ^
      54 |         ...prev,
      55 |         errors: validation.fieldErrors
      56 |       }));

      at printWarning (node_modules/react-dom/cjs/react-dom.development.js:86:30)
      at error (node_modules/react-dom/cjs/react-dom.development.js:60:7)
      at warnIfUpdatesNotWrappedWithActDEV (node_modules/react-dom/cjs/react-dom.development.js:27628:9)
      at scheduleUpdateOnFiber (node_modules/react-dom/cjs/react-dom.development.js:25547:5)
      at dispatchSetState (node_modules/react-dom/cjs/react-dom.development.js:16708:7)
      at handleSubmit (src/components/Contact/Contact.tsx:53:7)
      at HTMLUnknownElement.callCallback (node_modules/react-dom/cjs/react-dom.development.js:4164:14)
      at HTMLUnknownElement.callTheUserObjectsOperation (node_modules/jsdom/lib/jsdom/living/generated/EventListener.js:26:30)
      at innerInvokeEventListeners (node_modules/jsdom/lib/jsdom/living/events/EventTarget-impl.js:350:25)
      at invokeEventListeners (node_modules/jsdom/lib/jsdom/living/events/EventTarget-impl.js:286:3)
      at HTMLUnknownElementImpl._dispatch (node_modules/jsdom/lib/jsdom/living/events/EventTarget-impl.js:233:9)
      at HTMLUnknownElementImpl.dispatchEvent (node_modules/jsdom/lib/jsdom/living/events/EventTarget-impl.js:104:17)
      at HTMLUnknownElement.dispatchEvent (node_modules/jsdom/lib/jsdom/living/generated/EventTarget.js:241:34)
      at Object.invokeGuardedCallbackDev (node_modules/react-dom/cjs/react-dom.development.js:4213:16)
      at invokeGuardedCallback (node_modules/react-dom/cjs/react-dom.development.js:4277:31)
      at invokeGuardedCallbackAndCatchFirstError (node_modules/react-dom/cjs/react-dom.development.js:4291:25)
      at executeDispatch (node_modules/react-dom/cjs/react-dom.development.js:9041:3)
      at processDispatchQueueItemsInOrder (node_modules/react-dom/cjs/react-dom.development.js:9073:7)
      at processDispatchQueue (node_modules/react-dom/cjs/react-dom.development.js:9086:5)
      at dispatchEventsForPlugins (node_modules/react-dom/cjs/react-dom.development.js:9097:3)
      at node_modules/react-dom/cjs/react-dom.development.js:9288:12
      at batchedUpdates$1 (node_modules/react-dom/cjs/react-dom.development.js:26179:12)
      at batchedUpdates (node_modules/react-dom/cjs/react-dom.development.js:3991:12)
      at dispatchEventForPluginEventSystem (node_modules/react-dom/cjs/react-dom.development.js:9287:3)
      at dispatchEventWithEnableCapturePhaseSelectiveHydrationWithoutDiscreteEventReplay (node_modules/react-dom/cjs/react-dom.development.js:6465:5)
      at dispatchEvent (node_modules/react-dom/cjs/react-dom.development.js:6457:5)
      at dispatchDiscreteEvent (node_modules/react-dom/cjs/react-dom.development.js:6430:5)
      at HTMLDivElement.callTheUserObjectsOperation (node_modules/jsdom/lib/jsdom/living/generated/EventListener.js:26:30)
      at innerInvokeEventListeners (node_modules/jsdom/lib/jsdom/living/events/EventTarget-impl.js:350:25)
      at invokeEventListeners (node_modules/jsdom/lib/jsdom/living/events/EventTarget-impl.js:286:3)
      at HTMLFormElementImpl._dispatch (node_modules/jsdom/lib/jsdom/living/events/EventTarget-impl.js:233:9)
      at fireAnEvent (node_modules/jsdom/lib/jsdom/living/helpers/events.js:18:36)
      at HTMLFormElementImpl.requestSubmit (node_modules/jsdom/lib/jsdom/living/nodes/HTMLFormElement-impl.js:109:10)
      at HTMLFormElementImpl._doRequestSubmit (node_modules/jsdom/lib/jsdom/living/nodes/HTMLFormElement-impl.js:79:10)
      at HTMLButtonElementImpl._activationBehavior (node_modules/jsdom/lib/jsdom/living/nodes/HTMLButtonElement-impl.js:23:14)
      at HTMLButtonElementImpl._dispatch (node_modules/jsdom/lib/jsdom/living/events/EventTarget-impl.js:252:26)
      at HTMLButtonElementImpl.dispatchEvent (node_modules/jsdom/lib/jsdom/living/events/EventTarget-impl.js:104:17)
      at HTMLButtonElement.dispatchEvent (node_modules/jsdom/lib/jsdom/living/generated/EventTarget.js:241:34)
      at node_modules/@testing-library/user-event/dist/cjs/event/dispatchEvent.js:45:43
      at Object.eventWrapper (node_modules/@testing-library/dom/dist/config.js:25:23)
      at Object.wrapEvent (node_modules/@testing-library/user-event/dist/cjs/event/wrapEvent.js:6:28)
      at Object.dispatchEvent (node_modules/@testing-library/user-event/dist/cjs/event/dispatchEvent.js:45:22)
      at Object.dispatchUIEvent (node_modules/@testing-library/user-event/dist/cjs/event/dispatchEvent.js:22:26)
      at Mouse.up (node_modules/@testing-library/user-event/dist/cjs/system/pointer/mouse.js:100:30)
      at PointerHost.release (node_modules/@testing-library/user-event/dist/cjs/system/pointer/index.js:87:24)
      at pointerAction (node_modules/@testing-library/user-event/dist/cjs/pointer/index.js:54:47)
      at Object.pointer (node_modules/@testing-library/user-event/dist/cjs/pointer/index.js:27:9)
      at src/components/Contact/Contact.test.tsx:82:13
      at AsyncProperty.run (node_modules/fast-check/lib/check/property/AsyncProperty.generic.js:49:28)
      at asyncRunIt (node_modules/fast-check/lib/check/runner/Runner.js:37:21)
      at Object.<anonymous> (src/components/Contact/Contact.test.tsx:39:5)

    console.error
      Warning: An update to Contact inside a test was not wrapped in act(...).
      
      When testing, code that causes React state updates should be wrapped into act(...):
      
      act(() => {
        /* fire events that update state */
      });
      /* assert on the output */
      
      This ensures that you're testing the behavior the user would see in the browser. Learn more at https://reactjs.org/link/wrap-tests-with-act
          at Contact (/workspaces/netsanet-portfolio/src/components/Contact/Contact.tsx:17:44)

      30 |
      31 |   const handleInputChange = (field: keyof ContactFormData, value: string) => {
    > 32 |     setFormState(prev => ({
         |     ^
      33 |       ...prev,
      34 |       data: {
      35 |         ...prev.data,

      at printWarning (node_modules/react-dom/cjs/react-dom.development.js:86:30)
      at error (node_modules/react-dom/cjs/react-dom.development.js:60:7)
      at warnIfUpdatesNotWrappedWithActDEV (node_modules/react-dom/cjs/react-dom.development.js:27628:9)
      at scheduleUpdateOnFiber (node_modules/react-dom/cjs/react-dom.development.js:25547:5)
      at dispatchSetState (node_modules/react-dom/cjs/react-dom.development.js:16708:7)
      at handleInputChange (src/components/Contact/Contact.tsx:32:5)
      at onChange (src/components/Contact/Contact.tsx:301:34)
      at HTMLUnknownElement.callCallback (node_modules/react-dom/cjs/react-dom.development.js:4164:14)
      at HTMLUnknownElement.callTheUserObjectsOperation (node_modules/jsdom/lib/jsdom/living/generated/EventListener.js:26:30)
      at innerInvokeEventListeners (node_modules/jsdom/lib/jsdom/living/events/EventTarget-impl.js:350:25)
      at invokeEventListeners (node_modules/jsdom/lib/jsdom/living/events/EventTarget-impl.js:286:3)
      at HTMLUnknownElementImpl._dispatch (node_modules/jsdom/lib/jsdom/living/events/EventTarget-impl.js:233:9)
      at HTMLUnknownElementImpl.dispatchEvent (node_modules/jsdom/lib/jsdom/living/events/EventTarget-impl.js:104:17)
      at HTMLUnknownElement.dispatchEvent (node_modules/jsdom/lib/jsdom/living/generated/EventTarget.js:241:34)
      at Object.invokeGuardedCallbackDev (node_modules/react-dom/cjs/react-dom.development.js:4213:16)
      at invokeGuardedCallback (node_modules/react-dom/cjs/react-dom.development.js:4277:31)
      at invokeGuardedCallbackAndCatchFirstError (node_modules/react-dom/cjs/react-dom.development.js:4291:25)
      at executeDispatch (node_modules/react-dom/cjs/react-dom.development.js:9041:3)
      at processDispatchQueueItemsInOrder (node_modules/react-dom/cjs/react-dom.development.js:9073:7)
      at processDispatchQueue (node_modules/react-dom/cjs/react-dom.development.js:9086:5)
      at dispatchEventsForPlugins (node_modules/react-dom/cjs/react-dom.development.js:9097:3)
      at node_modules/react-dom/cjs/react-dom.development.js:9288:12
      at batchedUpdates$1 (node_modules/react-dom/cjs/react-dom.development.js:26179:12)
      at batchedUpdates (node_modules/react-dom/cjs/react-dom.development.js:3991:12)
      at dispatchEventForPluginEventSystem (node_modules/react-dom/cjs/react-dom.development.js:9287:3)
      at dispatchEventWithEnableCapturePhaseSelectiveHydrationWithoutDiscreteEventReplay (node_modules/react-dom/cjs/react-dom.development.js:6465:5)
      at dispatchEvent (node_modules/react-dom/cjs/react-dom.development.js:6457:5)
      at dispatchDiscreteEvent (node_modules/react-dom/cjs/react-dom.development.js:6430:5)
      at HTMLDivElement.callTheUserObjectsOperation (node_modules/jsdom/lib/jsdom/living/generated/EventListener.js:26:30)
      at innerInvokeEventListeners (node_modules/jsdom/lib/jsdom/living/events/EventTarget-impl.js:350:25)
      at invokeEventListeners (node_modules/jsdom/lib/jsdom/living/events/EventTarget-impl.js:286:3)
      at HTMLTextAreaElementImpl._dispatch (node_modules/jsdom/lib/jsdom/living/events/EventTarget-impl.js:233:9)
      at HTMLTextAreaElementImpl.dispatchEvent (node_modules/jsdom/lib/jsdom/living/events/EventTarget-impl.js:104:17)
      at HTMLTextAreaElement.dispatchEvent (node_modules/jsdom/lib/jsdom/living/generated/EventTarget.js:241:34)
      at node_modules/@testing-library/user-event/dist/cjs/event/dispatchEvent.js:45:43
      at Object.eventWrapper (node_modules/@testing-library/dom/dist/config.js:25:23)
      at Object.wrapEvent (node_modules/@testing-library/user-event/dist/cjs/event/wrapEvent.js:6:28)
      at Object.dispatchEvent (node_modules/@testing-library/user-event/dist/cjs/event/dispatchEvent.js:45:22)
      at Object.dispatchUIEvent (node_modules/@testing-library/user-event/dist/cjs/event/dispatchEvent.js:22:26)
      at commitInput (node_modules/@testing-library/user-event/dist/cjs/event/input.js:145:14)
      at editInputElement (node_modules/@testing-library/user-event/dist/cjs/event/input.js:115:9)
      at Object.input (node_modules/@testing-library/user-event/dist/cjs/event/input.js:37:9)
      at node_modules/@testing-library/user-event/dist/cjs/event/behavior/keypress.js:31:26
      at Object.dispatchEvent (node_modules/@testing-library/user-event/dist/cjs/event/dispatchEvent.js:41:13)
      at Object.dispatchUIEvent (node_modules/@testing-library/user-event/dist/cjs/event/dispatchEvent.js:22:26)
      at KeyboardHost.keydown (node_modules/@testing-library/user-event/dist/cjs/system/keyboard.js:76:22)
      at keyboardAction (node_modules/@testing-library/user-event/dist/cjs/keyboard/index.js:22:35)
      at Object.keyboard (node_modules/@testing-library/user-event/dist/cjs/keyboard/index.js:11:15)
      at Object.type (node_modules/@testing-library/user-event/dist/cjs/utility/type.js:17:5)
      at src/components/Contact/Contact.test.tsx:78:15
      at AsyncProperty.run (node_modules/fast-check/lib/check/property/AsyncProperty.generic.js:49:28)
      at asyncRunIt (node_modules/fast-check/lib/check/runner/Runner.js:37:21)
      at Object.<anonymous> (src/components/Contact/Contact.test.tsx:39:5)

    console.error
      Warning: An update to Contact inside a test was not wrapped in act(...).
      
      When testing, code that causes React state updates should be wrapped into act(...):
      
      act(() => {
        /* fire events that update state */
      });
      /* assert on the output */
      
      This ensures that you're testing the behavior the user would see in the browser. Learn more at https://reactjs.org/link/wrap-tests-with-act
          at Contact (/workspaces/netsanet-portfolio/src/components/Contact/Contact.tsx:17:44)

      51 |     
      52 |     if (!validation.isValid) {
    > 53 |       setFormState(prev => ({
         |       ^
      54 |         ...prev,
      55 |         errors: validation.fieldErrors
      56 |       }));

      at printWarning (node_modules/react-dom/cjs/react-dom.development.js:86:30)
      at error (node_modules/react-dom/cjs/react-dom.development.js:60:7)
      at warnIfUpdatesNotWrappedWithActDEV (node_modules/react-dom/cjs/react-dom.development.js:27628:9)
      at scheduleUpdateOnFiber (node_modules/react-dom/cjs/react-dom.development.js:25547:5)
      at dispatchSetState (node_modules/react-dom/cjs/react-dom.development.js:16708:7)
      at handleSubmit (src/components/Contact/Contact.tsx:53:7)
      at HTMLUnknownElement.callCallback (node_modules/react-dom/cjs/react-dom.development.js:4164:14)
      at HTMLUnknownElement.callTheUserObjectsOperation (node_modules/jsdom/lib/jsdom/living/generated/EventListener.js:26:30)
      at innerInvokeEventListeners (node_modules/jsdom/lib/jsdom/living/events/EventTarget-impl.js:350:25)
      at invokeEventListeners (node_modules/jsdom/lib/jsdom/living/events/EventTarget-impl.js:286:3)
      at HTMLUnknownElementImpl._dispatch (node_modules/jsdom/lib/jsdom/living/events/EventTarget-impl.js:233:9)
      at HTMLUnknownElementImpl.dispatchEvent (node_modules/jsdom/lib/jsdom/living/events/EventTarget-impl.js:104:17)
      at HTMLUnknownElement.dispatchEvent (node_modules/jsdom/lib/jsdom/living/generated/EventTarget.js:241:34)
      at Object.invokeGuardedCallbackDev (node_modules/react-dom/cjs/react-dom.development.js:4213:16)
      at invokeGuardedCallback (node_modules/react-dom/cjs/react-dom.development.js:4277:31)
      at invokeGuardedCallbackAndCatchFirstError (node_modules/react-dom/cjs/react-dom.development.js:4291:25)
      at executeDispatch (node_modules/react-dom/cjs/react-dom.development.js:9041:3)
      at processDispatchQueueItemsInOrder (node_modules/react-dom/cjs/react-dom.development.js:9073:7)
      at processDispatchQueue (node_modules/react-dom/cjs/react-dom.development.js:9086:5)
      at dispatchEventsForPlugins (node_modules/react-dom/cjs/react-dom.development.js:9097:3)
      at node_modules/react-dom/cjs/react-dom.development.js:9288:12
      at batchedUpdates$1 (node_modules/react-dom/cjs/react-dom.development.js:26179:12)
      at batchedUpdates (node_modules/react-dom/cjs/react-dom.development.js:3991:12)
      at dispatchEventForPluginEventSystem (node_modules/react-dom/cjs/react-dom.development.js:9287:3)
      at dispatchEventWithEnableCapturePhaseSelectiveHydrationWithoutDiscreteEventReplay (node_modules/react-dom/cjs/react-dom.development.js:6465:5)
      at dispatchEvent (node_modules/react-dom/cjs/react-dom.development.js:6457:5)
      at dispatchDiscreteEvent (node_modules/react-dom/cjs/react-dom.development.js:6430:5)
      at HTMLDivElement.callTheUserObjectsOperation (node_modules/jsdom/lib/jsdom/living/generated/EventListener.js:26:30)
      at innerInvokeEventListeners (node_modules/jsdom/lib/jsdom/living/events/EventTarget-impl.js:350:25)
      at invokeEventListeners (node_modules/jsdom/lib/jsdom/living/events/EventTarget-impl.js:286:3)
      at HTMLFormElementImpl._dispatch (node_modules/jsdom/lib/jsdom/living/events/EventTarget-impl.js:233:9)
      at fireAnEvent (node_modules/jsdom/lib/jsdom/living/helpers/events.js:18:36)
      at HTMLFormElementImpl.requestSubmit (node_modules/jsdom/lib/jsdom/living/nodes/HTMLFormElement-impl.js:109:10)
      at HTMLFormElementImpl._doRequestSubmit (node_modules/jsdom/lib/jsdom/living/nodes/HTMLFormElement-impl.js:79:10)
      at HTMLButtonElementImpl._activationBehavior (node_modules/jsdom/lib/jsdom/living/nodes/HTMLButtonElement-impl.js:23:14)
      at HTMLButtonElementImpl._dispatch (node_modules/jsdom/lib/jsdom/living/events/EventTarget-impl.js:252:26)
      at HTMLButtonElementImpl.dispatchEvent (node_modules/jsdom/lib/jsdom/living/events/EventTarget-impl.js:104:17)
      at HTMLButtonElement.dispatchEvent (node_modules/jsdom/lib/jsdom/living/generated/EventTarget.js:241:34)
      at node_modules/@testing-library/user-event/dist/cjs/event/dispatchEvent.js:45:43
      at Object.eventWrapper (node_modules/@testing-library/dom/dist/config.js:25:23)
      at Object.wrapEvent (node_modules/@testing-library/user-event/dist/cjs/event/wrapEvent.js:6:28)
      at Object.dispatchEvent (node_modules/@testing-library/user-event/dist/cjs/event/dispatchEvent.js:45:22)
      at Object.dispatchUIEvent (node_modules/@testing-library/user-event/dist/cjs/event/dispatchEvent.js:22:26)
      at Mouse.up (node_modules/@testing-library/user-event/dist/cjs/system/pointer/mouse.js:100:30)
      at PointerHost.release (node_modules/@testing-library/user-event/dist/cjs/system/pointer/index.js:87:24)
      at pointerAction (node_modules/@testing-library/user-event/dist/cjs/pointer/index.js:54:47)
      at Object.pointer (node_modules/@testing-library/user-event/dist/cjs/pointer/index.js:27:9)
      at src/components/Contact/Contact.test.tsx:82:13
      at AsyncProperty.run (node_modules/fast-check/lib/check/property/AsyncProperty.generic.js:49:28)
      at asyncRunIt (node_modules/fast-check/lib/check/runner/Runner.js:37:21)
      at Object.<anonymous> (src/components/Contact/Contact.test.tsx:39:5)

    console.error
      Warning: An update to Contact inside a test was not wrapped in act(...).
      
      When testing, code that causes React state updates should be wrapped into act(...):
      
      act(() => {
        /* fire events that update state */
      });
      /* assert on the output */
      
      This ensures that you're testing the behavior the user would see in the browser. Learn more at https://reactjs.org/link/wrap-tests-with-act
          at Contact (/workspaces/netsanet-portfolio/src/components/Contact/Contact.tsx:17:44)

      30 |
      31 |   const handleInputChange = (field: keyof ContactFormData, value: string) => {
    > 32 |     setFormState(prev => ({
         |     ^
      33 |       ...prev,
      34 |       data: {
      35 |         ...prev.data,

      at printWarning (node_modules/react-dom/cjs/react-dom.development.js:86:30)
      at error (node_modules/react-dom/cjs/react-dom.development.js:60:7)
      at warnIfUpdatesNotWrappedWithActDEV (node_modules/react-dom/cjs/react-dom.development.js:27628:9)
      at scheduleUpdateOnFiber (node_modules/react-dom/cjs/react-dom.development.js:25547:5)
      at dispatchSetState (node_modules/react-dom/cjs/react-dom.development.js:16708:7)
      at handleInputChange (src/components/Contact/Contact.tsx:32:5)
      at onChange (src/components/Contact/Contact.tsx:301:34)
      at HTMLUnknownElement.callCallback (node_modules/react-dom/cjs/react-dom.development.js:4164:14)
      at HTMLUnknownElement.callTheUserObjectsOperation (node_modules/jsdom/lib/jsdom/living/generated/EventListener.js:26:30)
      at innerInvokeEventListeners (node_modules/jsdom/lib/jsdom/living/events/EventTarget-impl.js:350:25)
      at invokeEventListeners (node_modules/jsdom/lib/jsdom/living/events/EventTarget-impl.js:286:3)
      at HTMLUnknownElementImpl._dispatch (node_modules/jsdom/lib/jsdom/living/events/EventTarget-impl.js:233:9)
      at HTMLUnknownElementImpl.dispatchEvent (node_modules/jsdom/lib/jsdom/living/events/EventTarget-impl.js:104:17)
      at HTMLUnknownElement.dispatchEvent (node_modules/jsdom/lib/jsdom/living/generated/EventTarget.js:241:34)
      at Object.invokeGuardedCallbackDev (node_modules/react-dom/cjs/react-dom.development.js:4213:16)
      at invokeGuardedCallback (node_modules/react-dom/cjs/react-dom.development.js:4277:31)
      at invokeGuardedCallbackAndCatchFirstError (node_modules/react-dom/cjs/react-dom.development.js:4291:25)
      at executeDispatch (node_modules/react-dom/cjs/react-dom.development.js:9041:3)
      at processDispatchQueueItemsInOrder (node_modules/react-dom/cjs/react-dom.development.js:9073:7)
      at processDispatchQueue (node_modules/react-dom/cjs/react-dom.development.js:9086:5)
      at dispatchEventsForPlugins (node_modules/react-dom/cjs/react-dom.development.js:9097:3)
      at node_modules/react-dom/cjs/react-dom.development.js:9288:12
      at batchedUpdates$1 (node_modules/react-dom/cjs/react-dom.development.js:26179:12)
      at batchedUpdates (node_modules/react-dom/cjs/react-dom.development.js:3991:12)
      at dispatchEventForPluginEventSystem (node_modules/react-dom/cjs/react-dom.development.js:9287:3)
      at dispatchEventWithEnableCapturePhaseSelectiveHydrationWithoutDiscreteEventReplay (node_modules/react-dom/cjs/react-dom.development.js:6465:5)
      at dispatchEvent (node_modules/react-dom/cjs/react-dom.development.js:6457:5)
      at dispatchDiscreteEvent (node_modules/react-dom/cjs/react-dom.development.js:6430:5)
      at HTMLDivElement.callTheUserObjectsOperation (node_modules/jsdom/lib/jsdom/living/generated/EventListener.js:26:30)
      at innerInvokeEventListeners (node_modules/jsdom/lib/jsdom/living/events/EventTarget-impl.js:350:25)
      at invokeEventListeners (node_modules/jsdom/lib/jsdom/living/events/EventTarget-impl.js:286:3)
      at HTMLTextAreaElementImpl._dispatch (node_modules/jsdom/lib/jsdom/living/events/EventTarget-impl.js:233:9)
      at HTMLTextAreaElementImpl.dispatchEvent (node_modules/jsdom/lib/jsdom/living/events/EventTarget-impl.js:104:17)
      at HTMLTextAreaElement.dispatchEvent (node_modules/jsdom/lib/jsdom/living/generated/EventTarget.js:241:34)
      at node_modules/@testing-library/user-event/dist/cjs/event/dispatchEvent.js:45:43
      at Object.eventWrapper (node_modules/@testing-library/dom/dist/config.js:25:23)
      at Object.wrapEvent (node_modules/@testing-library/user-event/dist/cjs/event/wrapEvent.js:6:28)
      at Object.dispatchEvent (node_modules/@testing-library/user-event/dist/cjs/event/dispatchEvent.js:45:22)
      at Object.dispatchUIEvent (node_modules/@testing-library/user-event/dist/cjs/event/dispatchEvent.js:22:26)
      at commitInput (node_modules/@testing-library/user-event/dist/cjs/event/input.js:145:14)
      at editInputElement (node_modules/@testing-library/user-event/dist/cjs/event/input.js:115:9)
      at Object.input (node_modules/@testing-library/user-event/dist/cjs/event/input.js:37:9)
      at node_modules/@testing-library/user-event/dist/cjs/event/behavior/keypress.js:31:26
      at Object.dispatchEvent (node_modules/@testing-library/user-event/dist/cjs/event/dispatchEvent.js:41:13)
      at Object.dispatchUIEvent (node_modules/@testing-library/user-event/dist/cjs/event/dispatchEvent.js:22:26)
      at KeyboardHost.keydown (node_modules/@testing-library/user-event/dist/cjs/system/keyboard.js:76:22)
      at keyboardAction (node_modules/@testing-library/user-event/dist/cjs/keyboard/index.js:22:35)
      at Object.keyboard (node_modules/@testing-library/user-event/dist/cjs/keyboard/index.js:11:15)
      at Object.type (node_modules/@testing-library/user-event/dist/cjs/utility/type.js:17:5)
      at src/components/Contact/Contact.test.tsx:78:15
      at AsyncProperty.run (node_modules/fast-check/lib/check/property/AsyncProperty.generic.js:49:28)
      at asyncRunIt (node_modules/fast-check/lib/check/runner/Runner.js:37:21)
      at Object.<anonymous> (src/components/Contact/Contact.test.tsx:39:5)

    console.error
      Warning: An update to Contact inside a test was not wrapped in act(...).
      
      When testing, code that causes React state updates should be wrapped into act(...):
      
      act(() => {
        /* fire events that update state */
      });
      /* assert on the output */
      
      This ensures that you're testing the behavior the user would see in the browser. Learn more at https://reactjs.org/link/wrap-tests-with-act
          at Contact (/workspaces/netsanet-portfolio/src/components/Contact/Contact.tsx:17:44)

      30 |
      31 |   const handleInputChange = (field: keyof ContactFormData, value: string) => {
    > 32 |     setFormState(prev => ({
         |     ^
      33 |       ...prev,
      34 |       data: {
      35 |         ...prev.data,

      at printWarning (node_modules/react-dom/cjs/react-dom.development.js:86:30)
      at error (node_modules/react-dom/cjs/react-dom.development.js:60:7)
      at warnIfUpdatesNotWrappedWithActDEV (node_modules/react-dom/cjs/react-dom.development.js:27628:9)
      at scheduleUpdateOnFiber (node_modules/react-dom/cjs/react-dom.development.js:25547:5)
      at dispatchSetState (node_modules/react-dom/cjs/react-dom.development.js:16708:7)
      at handleInputChange (src/components/Contact/Contact.tsx:32:5)
      at onChange (src/components/Contact/Contact.tsx:301:34)
      at HTMLUnknownElement.callCallback (node_modules/react-dom/cjs/react-dom.development.js:4164:14)
      at HTMLUnknownElement.callTheUserObjectsOperation (node_modules/jsdom/lib/jsdom/living/generated/EventListener.js:26:30)
      at innerInvokeEventListeners (node_modules/jsdom/lib/jsdom/living/events/EventTarget-impl.js:350:25)
      at invokeEventListeners (node_modules/jsdom/lib/jsdom/living/events/EventTarget-impl.js:286:3)
      at HTMLUnknownElementImpl._dispatch (node_modules/jsdom/lib/jsdom/living/events/EventTarget-impl.js:233:9)
      at HTMLUnknownElementImpl.dispatchEvent (node_modules/jsdom/lib/jsdom/living/events/EventTarget-impl.js:104:17)
      at HTMLUnknownElement.dispatchEvent (node_modules/jsdom/lib/jsdom/living/generated/EventTarget.js:241:34)
      at Object.invokeGuardedCallbackDev (node_modules/react-dom/cjs/react-dom.development.js:4213:16)
      at invokeGuardedCallback (node_modules/react-dom/cjs/react-dom.development.js:4277:31)
      at invokeGuardedCallbackAndCatchFirstError (node_modules/react-dom/cjs/react-dom.development.js:4291:25)
      at executeDispatch (node_modules/react-dom/cjs/react-dom.development.js:9041:3)
      at processDispatchQueueItemsInOrder (node_modules/react-dom/cjs/react-dom.development.js:9073:7)
      at processDispatchQueue (node_modules/react-dom/cjs/react-dom.development.js:9086:5)
      at dispatchEventsForPlugins (node_modules/react-dom/cjs/react-dom.development.js:9097:3)
      at node_modules/react-dom/cjs/react-dom.development.js:9288:12
      at batchedUpdates$1 (node_modules/react-dom/cjs/react-dom.development.js:26179:12)
      at batchedUpdates (node_modules/react-dom/cjs/react-dom.development.js:3991:12)
      at dispatchEventForPluginEventSystem (node_modules/react-dom/cjs/react-dom.development.js:9287:3)
      at dispatchEventWithEnableCapturePhaseSelectiveHydrationWithoutDiscreteEventReplay (node_modules/react-dom/cjs/react-dom.development.js:6465:5)
      at dispatchEvent (node_modules/react-dom/cjs/react-dom.development.js:6457:5)
      at dispatchDiscreteEvent (node_modules/react-dom/cjs/react-dom.development.js:6430:5)
      at HTMLDivElement.callTheUserObjectsOperation (node_modules/jsdom/lib/jsdom/living/generated/EventListener.js:26:30)
      at innerInvokeEventListeners (node_modules/jsdom/lib/jsdom/living/events/EventTarget-impl.js:350:25)
      at invokeEventListeners (node_modules/jsdom/lib/jsdom/living/events/EventTarget-impl.js:286:3)
      at HTMLTextAreaElementImpl._dispatch (node_modules/jsdom/lib/jsdom/living/events/EventTarget-impl.js:233:9)
      at HTMLTextAreaElementImpl.dispatchEvent (node_modules/jsdom/lib/jsdom/living/events/EventTarget-impl.js:104:17)
      at HTMLTextAreaElement.dispatchEvent (node_modules/jsdom/lib/jsdom/living/generated/EventTarget.js:241:34)
      at node_modules/@testing-library/user-event/dist/cjs/event/dispatchEvent.js:45:43
      at Object.eventWrapper (node_modules/@testing-library/dom/dist/config.js:25:23)
      at Object.wrapEvent (node_modules/@testing-library/user-event/dist/cjs/event/wrapEvent.js:6:28)
      at Object.dispatchEvent (node_modules/@testing-library/user-event/dist/cjs/event/dispatchEvent.js:45:22)
      at Object.dispatchUIEvent (node_modules/@testing-library/user-event/dist/cjs/event/dispatchEvent.js:22:26)
      at commitInput (node_modules/@testing-library/user-event/dist/cjs/event/input.js:145:14)
      at editInputElement (node_modules/@testing-library/user-event/dist/cjs/event/input.js:115:9)
      at Object.input (node_modules/@testing-library/user-event/dist/cjs/event/input.js:37:9)
      at node_modules/@testing-library/user-event/dist/cjs/event/behavior/keypress.js:31:26
      at Object.dispatchEvent (node_modules/@testing-library/user-event/dist/cjs/event/dispatchEvent.js:41:13)
      at Object.dispatchUIEvent (node_modules/@testing-library/user-event/dist/cjs/event/dispatchEvent.js:22:26)
      at KeyboardHost.keydown (node_modules/@testing-library/user-event/dist/cjs/system/keyboard.js:76:22)
      at keyboardAction (node_modules/@testing-library/user-event/dist/cjs/keyboard/index.js:22:35)
      at Object.keyboard (node_modules/@testing-library/user-event/dist/cjs/keyboard/index.js:11:15)
      at Object.type (node_modules/@testing-library/user-event/dist/cjs/utility/type.js:17:5)
      at src/components/Contact/Contact.test.tsx:78:15
      at AsyncProperty.run (node_modules/fast-check/lib/check/property/AsyncProperty.generic.js:49:28)
      at asyncRunIt (node_modules/fast-check/lib/check/runner/Runner.js:37:21)
      at Object.<anonymous> (src/components/Contact/Contact.test.tsx:39:5)

    console.error
      Warning: An update to Contact inside a test was not wrapped in act(...).
      
      When testing, code that causes React state updates should be wrapped into act(...):
      
      act(() => {
        /* fire events that update state */
      });
      /* assert on the output */
      
      This ensures that you're testing the behavior the user would see in the browser. Learn more at https://reactjs.org/link/wrap-tests-with-act
          at Contact (/workspaces/netsanet-portfolio/src/components/Contact/Contact.tsx:17:44)

      51 |     
      52 |     if (!validation.isValid) {
    > 53 |       setFormState(prev => ({
         |       ^
      54 |         ...prev,
      55 |         errors: validation.fieldErrors
      56 |       }));

      at printWarning (node_modules/react-dom/cjs/react-dom.development.js:86:30)
      at error (node_modules/react-dom/cjs/react-dom.development.js:60:7)
      at warnIfUpdatesNotWrappedWithActDEV (node_modules/react-dom/cjs/react-dom.development.js:27628:9)
      at scheduleUpdateOnFiber (node_modules/react-dom/cjs/react-dom.development.js:25547:5)
      at dispatchSetState (node_modules/react-dom/cjs/react-dom.development.js:16708:7)
      at handleSubmit (src/components/Contact/Contact.tsx:53:7)
      at HTMLUnknownElement.callCallback (node_modules/react-dom/cjs/react-dom.development.js:4164:14)
      at HTMLUnknownElement.callTheUserObjectsOperation (node_modules/jsdom/lib/jsdom/living/generated/EventListener.js:26:30)
      at innerInvokeEventListeners (node_modules/jsdom/lib/jsdom/living/events/EventTarget-impl.js:350:25)
      at invokeEventListeners (node_modules/jsdom/lib/jsdom/living/events/EventTarget-impl.js:286:3)
      at HTMLUnknownElementImpl._dispatch (node_modules/jsdom/lib/jsdom/living/events/EventTarget-impl.js:233:9)
      at HTMLUnknownElementImpl.dispatchEvent (node_modules/jsdom/lib/jsdom/living/events/EventTarget-impl.js:104:17)
      at HTMLUnknownElement.dispatchEvent (node_modules/jsdom/lib/jsdom/living/generated/EventTarget.js:241:34)
      at Object.invokeGuardedCallbackDev (node_modules/react-dom/cjs/react-dom.development.js:4213:16)
      at invokeGuardedCallback (node_modules/react-dom/cjs/react-dom.development.js:4277:31)
      at invokeGuardedCallbackAndCatchFirstError (node_modules/react-dom/cjs/react-dom.development.js:4291:25)
      at executeDispatch (node_modules/react-dom/cjs/react-dom.development.js:9041:3)
      at processDispatchQueueItemsInOrder (node_modules/react-dom/cjs/react-dom.development.js:9073:7)
      at processDispatchQueue (node_modules/react-dom/cjs/react-dom.development.js:9086:5)
      at dispatchEventsForPlugins (node_modules/react-dom/cjs/react-dom.development.js:9097:3)
      at node_modules/react-dom/cjs/react-dom.development.js:9288:12
      at batchedUpdates$1 (node_modules/react-dom/cjs/react-dom.development.js:26179:12)
      at batchedUpdates (node_modules/react-dom/cjs/react-dom.development.js:3991:12)
      at dispatchEventForPluginEventSystem (node_modules/react-dom/cjs/react-dom.development.js:9287:3)
      at dispatchEventWithEnableCapturePhaseSelectiveHydrationWithoutDiscreteEventReplay (node_modules/react-dom/cjs/react-dom.development.js:6465:5)
      at dispatchEvent (node_modules/react-dom/cjs/react-dom.development.js:6457:5)
      at dispatchDiscreteEvent (node_modules/react-dom/cjs/react-dom.development.js:6430:5)
      at HTMLDivElement.callTheUserObjectsOperation (node_modules/jsdom/lib/jsdom/living/generated/EventListener.js:26:30)
      at innerInvokeEventListeners (node_modules/jsdom/lib/jsdom/living/events/EventTarget-impl.js:350:25)
      at invokeEventListeners (node_modules/jsdom/lib/jsdom/living/events/EventTarget-impl.js:286:3)
      at HTMLFormElementImpl._dispatch (node_modules/jsdom/lib/jsdom/living/events/EventTarget-impl.js:233:9)
      at fireAnEvent (node_modules/jsdom/lib/jsdom/living/helpers/events.js:18:36)
      at HTMLFormElementImpl.requestSubmit (node_modules/jsdom/lib/jsdom/living/nodes/HTMLFormElement-impl.js:109:10)
      at HTMLFormElementImpl._doRequestSubmit (node_modules/jsdom/lib/jsdom/living/nodes/HTMLFormElement-impl.js:79:10)
      at HTMLButtonElementImpl._activationBehavior (node_modules/jsdom/lib/jsdom/living/nodes/HTMLButtonElement-impl.js:23:14)
      at HTMLButtonElementImpl._dispatch (node_modules/jsdom/lib/jsdom/living/events/EventTarget-impl.js:252:26)
      at HTMLButtonElementImpl.dispatchEvent (node_modules/jsdom/lib/jsdom/living/events/EventTarget-impl.js:104:17)
      at HTMLButtonElement.dispatchEvent (node_modules/jsdom/lib/jsdom/living/generated/EventTarget.js:241:34)
      at node_modules/@testing-library/user-event/dist/cjs/event/dispatchEvent.js:45:43
      at Object.eventWrapper (node_modules/@testing-library/dom/dist/config.js:25:23)
      at Object.wrapEvent (node_modules/@testing-library/user-event/dist/cjs/event/wrapEvent.js:6:28)
      at Object.dispatchEvent (node_modules/@testing-library/user-event/dist/cjs/event/dispatchEvent.js:45:22)
      at Object.dispatchUIEvent (node_modules/@testing-library/user-event/dist/cjs/event/dispatchEvent.js:22:26)
      at Mouse.up (node_modules/@testing-library/user-event/dist/cjs/system/pointer/mouse.js:100:30)
      at PointerHost.release (node_modules/@testing-library/user-event/dist/cjs/system/pointer/index.js:87:24)
      at pointerAction (node_modules/@testing-library/user-event/dist/cjs/pointer/index.js:54:47)
      at Object.pointer (node_modules/@testing-library/user-event/dist/cjs/pointer/index.js:27:9)
      at src/components/Contact/Contact.test.tsx:82:13
      at AsyncProperty.run (node_modules/fast-check/lib/check/property/AsyncProperty.generic.js:49:28)
      at asyncRunIt (node_modules/fast-check/lib/check/runner/Runner.js:37:21)
      at Object.<anonymous> (src/components/Contact/Contact.test.tsx:39:5)

    console.error
      Warning: An update to Contact inside a test was not wrapped in act(...).
      
      When testing, code that causes React state updates should be wrapped into act(...):
      
      act(() => {
        /* fire events that update state */
      });
      /* assert on the output */
      
      This ensures that you're testing the behavior the user would see in the browser. Learn more at https://reactjs.org/link/wrap-tests-with-act
          at Contact (/workspaces/netsanet-portfolio/src/components/Contact/Contact.tsx:17:44)

      30 |
      31 |   const handleInputChange = (field: keyof ContactFormData, value: string) => {
    > 32 |     setFormState(prev => ({
         |     ^
      33 |       ...prev,
      34 |       data: {
      35 |         ...prev.data,

      at printWarning (node_modules/react-dom/cjs/react-dom.development.js:86:30)
      at error (node_modules/react-dom/cjs/react-dom.development.js:60:7)
      at warnIfUpdatesNotWrappedWithActDEV (node_modules/react-dom/cjs/react-dom.development.js:27628:9)
      at scheduleUpdateOnFiber (node_modules/react-dom/cjs/react-dom.development.js:25547:5)
      at dispatchSetState (node_modules/react-dom/cjs/react-dom.development.js:16708:7)
      at handleInputChange (src/components/Contact/Contact.tsx:32:5)
      at onChange (src/components/Contact/Contact.tsx:301:34)
      at HTMLUnknownElement.callCallback (node_modules/react-dom/cjs/react-dom.development.js:4164:14)
      at HTMLUnknownElement.callTheUserObjectsOperation (node_modules/jsdom/lib/jsdom/living/generated/EventListener.js:26:30)
      at innerInvokeEventListeners (node_modules/jsdom/lib/jsdom/living/events/EventTarget-impl.js:350:25)
      at invokeEventListeners (node_modules/jsdom/lib/jsdom/living/events/EventTarget-impl.js:286:3)
      at HTMLUnknownElementImpl._dispatch (node_modules/jsdom/lib/jsdom/living/events/EventTarget-impl.js:233:9)
      at HTMLUnknownElementImpl.dispatchEvent (node_modules/jsdom/lib/jsdom/living/events/EventTarget-impl.js:104:17)
      at HTMLUnknownElement.dispatchEvent (node_modules/jsdom/lib/jsdom/living/generated/EventTarget.js:241:34)
      at Object.invokeGuardedCallbackDev (node_modules/react-dom/cjs/react-dom.development.js:4213:16)
      at invokeGuardedCallback (node_modules/react-dom/cjs/react-dom.development.js:4277:31)
      at invokeGuardedCallbackAndCatchFirstError (node_modules/react-dom/cjs/react-dom.development.js:4291:25)
      at executeDispatch (node_modules/react-dom/cjs/react-dom.development.js:9041:3)
      at processDispatchQueueItemsInOrder (node_modules/react-dom/cjs/react-dom.development.js:9073:7)
      at processDispatchQueue (node_modules/react-dom/cjs/react-dom.development.js:9086:5)
      at dispatchEventsForPlugins (node_modules/react-dom/cjs/react-dom.development.js:9097:3)
      at node_modules/react-dom/cjs/react-dom.development.js:9288:12
      at batchedUpdates$1 (node_modules/react-dom/cjs/react-dom.development.js:26179:12)
      at batchedUpdates (node_modules/react-dom/cjs/react-dom.development.js:3991:12)
      at dispatchEventForPluginEventSystem (node_modules/react-dom/cjs/react-dom.development.js:9287:3)
      at dispatchEventWithEnableCapturePhaseSelectiveHydrationWithoutDiscreteEventReplay (node_modules/react-dom/cjs/react-dom.development.js:6465:5)
      at dispatchEvent (node_modules/react-dom/cjs/react-dom.development.js:6457:5)
      at dispatchDiscreteEvent (node_modules/react-dom/cjs/react-dom.development.js:6430:5)
      at HTMLDivElement.callTheUserObjectsOperation (node_modules/jsdom/lib/jsdom/living/generated/EventListener.js:26:30)
      at innerInvokeEventListeners (node_modules/jsdom/lib/jsdom/living/events/EventTarget-impl.js:350:25)
      at invokeEventListeners (node_modules/jsdom/lib/jsdom/living/events/EventTarget-impl.js:286:3)
      at HTMLTextAreaElementImpl._dispatch (node_modules/jsdom/lib/jsdom/living/events/EventTarget-impl.js:233:9)
      at HTMLTextAreaElementImpl.dispatchEvent (node_modules/jsdom/lib/jsdom/living/events/EventTarget-impl.js:104:17)
      at HTMLTextAreaElement.dispatchEvent (node_modules/jsdom/lib/jsdom/living/generated/EventTarget.js:241:34)
      at node_modules/@testing-library/user-event/dist/cjs/event/dispatchEvent.js:45:43
      at Object.eventWrapper (node_modules/@testing-library/dom/dist/config.js:25:23)
      at Object.wrapEvent (node_modules/@testing-library/user-event/dist/cjs/event/wrapEvent.js:6:28)
      at Object.dispatchEvent (node_modules/@testing-library/user-event/dist/cjs/event/dispatchEvent.js:45:22)
      at Object.dispatchUIEvent (node_modules/@testing-library/user-event/dist/cjs/event/dispatchEvent.js:22:26)
      at commitInput (node_modules/@testing-library/user-event/dist/cjs/event/input.js:145:14)
      at editInputElement (node_modules/@testing-library/user-event/dist/cjs/event/input.js:115:9)
      at Object.input (node_modules/@testing-library/user-event/dist/cjs/event/input.js:37:9)
      at node_modules/@testing-library/user-event/dist/cjs/event/behavior/keypress.js:31:26
      at Object.dispatchEvent (node_modules/@testing-library/user-event/dist/cjs/event/dispatchEvent.js:41:13)
      at Object.dispatchUIEvent (node_modules/@testing-library/user-event/dist/cjs/event/dispatchEvent.js:22:26)
      at KeyboardHost.keydown (node_modules/@testing-library/user-event/dist/cjs/system/keyboard.js:76:22)
      at keyboardAction (node_modules/@testing-library/user-event/dist/cjs/keyboard/index.js:22:35)
      at Object.keyboard (node_modules/@testing-library/user-event/dist/cjs/keyboard/index.js:11:15)
      at Object.type (node_modules/@testing-library/user-event/dist/cjs/utility/type.js:17:5)
      at src/components/Contact/Contact.test.tsx:78:15
      at AsyncProperty.run (node_modules/fast-check/lib/check/property/AsyncProperty.generic.js:49:28)
      at asyncRunIt (node_modules/fast-check/lib/check/runner/Runner.js:37:21)
      at Object.<anonymous> (src/components/Contact/Contact.test.tsx:39:5)

    console.error
      Warning: An update to Contact inside a test was not wrapped in act(...).
      
      When testing, code that causes React state updates should be wrapped into act(...):
      
      act(() => {
        /* fire events that update state */
      });
      /* assert on the output */
      
      This ensures that you're testing the behavior the user would see in the browser. Learn more at https://reactjs.org/link/wrap-tests-with-act
          at Contact (/workspaces/netsanet-portfolio/src/components/Contact/Contact.tsx:17:44)

      30 |
      31 |   const handleInputChange = (field: keyof ContactFormData, value: string) => {
    > 32 |     setFormState(prev => ({
         |     ^
      33 |       ...prev,
      34 |       data: {
      35 |         ...prev.data,

      at printWarning (node_modules/react-dom/cjs/react-dom.development.js:86:30)
      at error (node_modules/react-dom/cjs/react-dom.development.js:60:7)
      at warnIfUpdatesNotWrappedWithActDEV (node_modules/react-dom/cjs/react-dom.development.js:27628:9)
      at scheduleUpdateOnFiber (node_modules/react-dom/cjs/react-dom.development.js:25547:5)
      at dispatchSetState (node_modules/react-dom/cjs/react-dom.development.js:16708:7)
      at handleInputChange (src/components/Contact/Contact.tsx:32:5)
      at onChange (src/components/Contact/Contact.tsx:301:34)
      at HTMLUnknownElement.callCallback (node_modules/react-dom/cjs/react-dom.development.js:4164:14)
      at HTMLUnknownElement.callTheUserObjectsOperation (node_modules/jsdom/lib/jsdom/living/generated/EventListener.js:26:30)
      at innerInvokeEventListeners (node_modules/jsdom/lib/jsdom/living/events/EventTarget-impl.js:350:25)
      at invokeEventListeners (node_modules/jsdom/lib/jsdom/living/events/EventTarget-impl.js:286:3)
      at HTMLUnknownElementImpl._dispatch (node_modules/jsdom/lib/jsdom/living/events/EventTarget-impl.js:233:9)
      at HTMLUnknownElementImpl.dispatchEvent (node_modules/jsdom/lib/jsdom/living/events/EventTarget-impl.js:104:17)
      at HTMLUnknownElement.dispatchEvent (node_modules/jsdom/lib/jsdom/living/generated/EventTarget.js:241:34)
      at Object.invokeGuardedCallbackDev (node_modules/react-dom/cjs/react-dom.development.js:4213:16)
      at invokeGuardedCallback (node_modules/react-dom/cjs/react-dom.development.js:4277:31)
      at invokeGuardedCallbackAndCatchFirstError (node_modules/react-dom/cjs/react-dom.development.js:4291:25)
      at executeDispatch (node_modules/react-dom/cjs/react-dom.development.js:9041:3)
      at processDispatchQueueItemsInOrder (node_modules/react-dom/cjs/react-dom.development.js:9073:7)
      at processDispatchQueue (node_modules/react-dom/cjs/react-dom.development.js:9086:5)
      at dispatchEventsForPlugins (node_modules/react-dom/cjs/react-dom.development.js:9097:3)
      at node_modules/react-dom/cjs/react-dom.development.js:9288:12
      at batchedUpdates$1 (node_modules/react-dom/cjs/react-dom.development.js:26179:12)
      at batchedUpdates (node_modules/react-dom/cjs/react-dom.development.js:3991:12)
      at dispatchEventForPluginEventSystem (node_modules/react-dom/cjs/react-dom.development.js:9287:3)
      at dispatchEventWithEnableCapturePhaseSelectiveHydrationWithoutDiscreteEventReplay (node_modules/react-dom/cjs/react-dom.development.js:6465:5)
      at dispatchEvent (node_modules/react-dom/cjs/react-dom.development.js:6457:5)
      at dispatchDiscreteEvent (node_modules/react-dom/cjs/react-dom.development.js:6430:5)
      at HTMLDivElement.callTheUserObjectsOperation (node_modules/jsdom/lib/jsdom/living/generated/EventListener.js:26:30)
      at innerInvokeEventListeners (node_modules/jsdom/lib/jsdom/living/events/EventTarget-impl.js:350:25)
      at invokeEventListeners (node_modules/jsdom/lib/jsdom/living/events/EventTarget-impl.js:286:3)
      at HTMLTextAreaElementImpl._dispatch (node_modules/jsdom/lib/jsdom/living/events/EventTarget-impl.js:233:9)
      at HTMLTextAreaElementImpl.dispatchEvent (node_modules/jsdom/lib/jsdom/living/events/EventTarget-impl.js:104:17)
      at HTMLTextAreaElement.dispatchEvent (node_modules/jsdom/lib/jsdom/living/generated/EventTarget.js:241:34)
      at node_modules/@testing-library/user-event/dist/cjs/event/dispatchEvent.js:45:43
      at Object.eventWrapper (node_modules/@testing-library/dom/dist/config.js:25:23)
      at Object.wrapEvent (node_modules/@testing-library/user-event/dist/cjs/event/wrapEvent.js:6:28)
      at Object.dispatchEvent (node_modules/@testing-library/user-event/dist/cjs/event/dispatchEvent.js:45:22)
      at Object.dispatchUIEvent (node_modules/@testing-library/user-event/dist/cjs/event/dispatchEvent.js:22:26)
      at commitInput (node_modules/@testing-library/user-event/dist/cjs/event/input.js:145:14)
      at editInputElement (node_modules/@testing-library/user-event/dist/cjs/event/input.js:115:9)
      at Object.input (node_modules/@testing-library/user-event/dist/cjs/event/input.js:37:9)
      at node_modules/@testing-library/user-event/dist/cjs/event/behavior/keypress.js:31:26
      at Object.dispatchEvent (node_modules/@testing-library/user-event/dist/cjs/event/dispatchEvent.js:41:13)
      at Object.dispatchUIEvent (node_modules/@testing-library/user-event/dist/cjs/event/dispatchEvent.js:22:26)
      at KeyboardHost.keydown (node_modules/@testing-library/user-event/dist/cjs/system/keyboard.js:76:22)
      at keyboardAction (node_modules/@testing-library/user-event/dist/cjs/keyboard/index.js:22:35)
      at Object.keyboard (node_modules/@testing-library/user-event/dist/cjs/keyboard/index.js:11:15)
      at Object.type (node_modules/@testing-library/user-event/dist/cjs/utility/type.js:17:5)
      at src/components/Contact/Contact.test.tsx:78:15
      at AsyncProperty.run (node_modules/fast-check/lib/check/property/AsyncProperty.generic.js:49:28)
      at asyncRunIt (node_modules/fast-check/lib/check/runner/Runner.js:37:21)
      at Object.<anonymous> (src/components/Contact/Contact.test.tsx:39:5)

    console.error
      Warning: An update to Contact inside a test was not wrapped in act(...).
      
      When testing, code that causes React state updates should be wrapped into act(...):
      
      act(() => {
        /* fire events that update state */
      });
      /* assert on the output */
      
      This ensures that you're testing the behavior the user would see in the browser. Learn more at https://reactjs.org/link/wrap-tests-with-act
          at Contact (/workspaces/netsanet-portfolio/src/components/Contact/Contact.tsx:17:44)

      51 |     
      52 |     if (!validation.isValid) {
    > 53 |       setFormState(prev => ({
         |       ^
      54 |         ...prev,
      55 |         errors: validation.fieldErrors
      56 |       }));

      at printWarning (node_modules/react-dom/cjs/react-dom.development.js:86:30)
      at error (node_modules/react-dom/cjs/react-dom.development.js:60:7)
      at warnIfUpdatesNotWrappedWithActDEV (node_modules/react-dom/cjs/react-dom.development.js:27628:9)
      at scheduleUpdateOnFiber (node_modules/react-dom/cjs/react-dom.development.js:25547:5)
      at dispatchSetState (node_modules/react-dom/cjs/react-dom.development.js:16708:7)
      at handleSubmit (src/components/Contact/Contact.tsx:53:7)
      at HTMLUnknownElement.callCallback (node_modules/react-dom/cjs/react-dom.development.js:4164:14)
      at HTMLUnknownElement.callTheUserObjectsOperation (node_modules/jsdom/lib/jsdom/living/generated/EventListener.js:26:30)
      at innerInvokeEventListeners (node_modules/jsdom/lib/jsdom/living/events/EventTarget-impl.js:350:25)
      at invokeEventListeners (node_modules/jsdom/lib/jsdom/living/events/EventTarget-impl.js:286:3)
      at HTMLUnknownElementImpl._dispatch (node_modules/jsdom/lib/jsdom/living/events/EventTarget-impl.js:233:9)
      at HTMLUnknownElementImpl.dispatchEvent (node_modules/jsdom/lib/jsdom/living/events/EventTarget-impl.js:104:17)
      at HTMLUnknownElement.dispatchEvent (node_modules/jsdom/lib/jsdom/living/generated/EventTarget.js:241:34)
      at Object.invokeGuardedCallbackDev (node_modules/react-dom/cjs/react-dom.development.js:4213:16)
      at invokeGuardedCallback (node_modules/react-dom/cjs/react-dom.development.js:4277:31)
      at invokeGuardedCallbackAndCatchFirstError (node_modules/react-dom/cjs/react-dom.development.js:4291:25)
      at executeDispatch (node_modules/react-dom/cjs/react-dom.development.js:9041:3)
      at processDispatchQueueItemsInOrder (node_modules/react-dom/cjs/react-dom.development.js:9073:7)
      at processDispatchQueue (node_modules/react-dom/cjs/react-dom.development.js:9086:5)
      at dispatchEventsForPlugins (node_modules/react-dom/cjs/react-dom.development.js:9097:3)
      at node_modules/react-dom/cjs/react-dom.development.js:9288:12
      at batchedUpdates$1 (node_modules/react-dom/cjs/react-dom.development.js:26179:12)
      at batchedUpdates (node_modules/react-dom/cjs/react-dom.development.js:3991:12)
      at dispatchEventForPluginEventSystem (node_modules/react-dom/cjs/react-dom.development.js:9287:3)
      at dispatchEventWithEnableCapturePhaseSelectiveHydrationWithoutDiscreteEventReplay (node_modules/react-dom/cjs/react-dom.development.js:6465:5)
      at dispatchEvent (node_modules/react-dom/cjs/react-dom.development.js:6457:5)
      at dispatchDiscreteEvent (node_modules/react-dom/cjs/react-dom.development.js:6430:5)
      at HTMLDivElement.callTheUserObjectsOperation (node_modules/jsdom/lib/jsdom/living/generated/EventListener.js:26:30)
      at innerInvokeEventListeners (node_modules/jsdom/lib/jsdom/living/events/EventTarget-impl.js:350:25)
      at invokeEventListeners (node_modules/jsdom/lib/jsdom/living/events/EventTarget-impl.js:286:3)
      at HTMLFormElementImpl._dispatch (node_modules/jsdom/lib/jsdom/living/events/EventTarget-impl.js:233:9)
      at fireAnEvent (node_modules/jsdom/lib/jsdom/living/helpers/events.js:18:36)
      at HTMLFormElementImpl.requestSubmit (node_modules/jsdom/lib/jsdom/living/nodes/HTMLFormElement-impl.js:109:10)
      at HTMLFormElementImpl._doRequestSubmit (node_modules/jsdom/lib/jsdom/living/nodes/HTMLFormElement-impl.js:79:10)
      at HTMLButtonElementImpl._activationBehavior (node_modules/jsdom/lib/jsdom/living/nodes/HTMLButtonElement-impl.js:23:14)
      at HTMLButtonElementImpl._dispatch (node_modules/jsdom/lib/jsdom/living/events/EventTarget-impl.js:252:26)
      at HTMLButtonElementImpl.dispatchEvent (node_modules/jsdom/lib/jsdom/living/events/EventTarget-impl.js:104:17)
      at HTMLButtonElement.dispatchEvent (node_modules/jsdom/lib/jsdom/living/generated/EventTarget.js:241:34)
      at node_modules/@testing-library/user-event/dist/cjs/event/dispatchEvent.js:45:43
      at Object.eventWrapper (node_modules/@testing-library/dom/dist/config.js:25:23)
      at Object.wrapEvent (node_modules/@testing-library/user-event/dist/cjs/event/wrapEvent.js:6:28)
      at Object.dispatchEvent (node_modules/@testing-library/user-event/dist/cjs/event/dispatchEvent.js:45:22)
      at Object.dispatchUIEvent (node_modules/@testing-library/user-event/dist/cjs/event/dispatchEvent.js:22:26)
      at Mouse.up (node_modules/@testing-library/user-event/dist/cjs/system/pointer/mouse.js:100:30)
      at PointerHost.release (node_modules/@testing-library/user-event/dist/cjs/system/pointer/index.js:87:24)
      at pointerAction (node_modules/@testing-library/user-event/dist/cjs/pointer/index.js:54:47)
      at Object.pointer (node_modules/@testing-library/user-event/dist/cjs/pointer/index.js:27:9)
      at src/components/Contact/Contact.test.tsx:82:13
      at AsyncProperty.run (node_modules/fast-check/lib/check/property/AsyncProperty.generic.js:49:28)
      at asyncRunIt (node_modules/fast-check/lib/check/runner/Runner.js:37:21)
      at Object.<anonymous> (src/components/Contact/Contact.test.tsx:39:5)

    console.error
      Warning: An update to Contact inside a test was not wrapped in act(...).
      
      When testing, code that causes React state updates should be wrapped into act(...):
      
      act(() => {
        /* fire events that update state */
      });
      /* assert on the output */
      
      This ensures that you're testing the behavior the user would see in the browser. Learn more at https://reactjs.org/link/wrap-tests-with-act
          at Contact (/workspaces/netsanet-portfolio/src/components/Contact/Contact.tsx:17:44)

      30 |
      31 |   const handleInputChange = (field: keyof ContactFormData, value: string) => {
    > 32 |     setFormState(prev => ({
         |     ^
      33 |       ...prev,
      34 |       data: {
      35 |         ...prev.data,

      at printWarning (node_modules/react-dom/cjs/react-dom.development.js:86:30)
      at error (node_modules/react-dom/cjs/react-dom.development.js:60:7)
      at warnIfUpdatesNotWrappedWithActDEV (node_modules/react-dom/cjs/react-dom.development.js:27628:9)
      at scheduleUpdateOnFiber (node_modules/react-dom/cjs/react-dom.development.js:25547:5)
      at dispatchSetState (node_modules/react-dom/cjs/react-dom.development.js:16708:7)
      at handleInputChange (src/components/Contact/Contact.tsx:32:5)
      at onChange (src/components/Contact/Contact.tsx:301:34)
      at HTMLUnknownElement.callCallback (node_modules/react-dom/cjs/react-dom.development.js:4164:14)
      at HTMLUnknownElement.callTheUserObjectsOperation (node_modules/jsdom/lib/jsdom/living/generated/EventListener.js:26:30)
      at innerInvokeEventListeners (node_modules/jsdom/lib/jsdom/living/events/EventTarget-impl.js:350:25)
      at invokeEventListeners (node_modules/jsdom/lib/jsdom/living/events/EventTarget-impl.js:286:3)
      at HTMLUnknownElementImpl._dispatch (node_modules/jsdom/lib/jsdom/living/events/EventTarget-impl.js:233:9)
      at HTMLUnknownElementImpl.dispatchEvent (node_modules/jsdom/lib/jsdom/living/events/EventTarget-impl.js:104:17)
      at HTMLUnknownElement.dispatchEvent (node_modules/jsdom/lib/jsdom/living/generated/EventTarget.js:241:34)
      at Object.invokeGuardedCallbackDev (node_modules/react-dom/cjs/react-dom.development.js:4213:16)
      at invokeGuardedCallback (node_modules/react-dom/cjs/react-dom.development.js:4277:31)
      at invokeGuardedCallbackAndCatchFirstError (node_modules/react-dom/cjs/react-dom.development.js:4291:25)
      at executeDispatch (node_modules/react-dom/cjs/react-dom.development.js:9041:3)
      at processDispatchQueueItemsInOrder (node_modules/react-dom/cjs/react-dom.development.js:9073:7)
      at processDispatchQueue (node_modules/react-dom/cjs/react-dom.development.js:9086:5)
      at dispatchEventsForPlugins (node_modules/react-dom/cjs/react-dom.development.js:9097:3)
      at node_modules/react-dom/cjs/react-dom.development.js:9288:12
      at batchedUpdates$1 (node_modules/react-dom/cjs/react-dom.development.js:26179:12)
      at batchedUpdates (node_modules/react-dom/cjs/react-dom.development.js:3991:12)
      at dispatchEventForPluginEventSystem (node_modules/react-dom/cjs/react-dom.development.js:9287:3)
      at dispatchEventWithEnableCapturePhaseSelectiveHydrationWithoutDiscreteEventReplay (node_modules/react-dom/cjs/react-dom.development.js:6465:5)
      at dispatchEvent (node_modules/react-dom/cjs/react-dom.development.js:6457:5)
      at dispatchDiscreteEvent (node_modules/react-dom/cjs/react-dom.development.js:6430:5)
      at HTMLDivElement.callTheUserObjectsOperation (node_modules/jsdom/lib/jsdom/living/generated/EventListener.js:26:30)
      at innerInvokeEventListeners (node_modules/jsdom/lib/jsdom/living/events/EventTarget-impl.js:350:25)
      at invokeEventListeners (node_modules/jsdom/lib/jsdom/living/events/EventTarget-impl.js:286:3)
      at HTMLTextAreaElementImpl._dispatch (node_modules/jsdom/lib/jsdom/living/events/EventTarget-impl.js:233:9)
      at HTMLTextAreaElementImpl.dispatchEvent (node_modules/jsdom/lib/jsdom/living/events/EventTarget-impl.js:104:17)
      at HTMLTextAreaElement.dispatchEvent (node_modules/jsdom/lib/jsdom/living/generated/EventTarget.js:241:34)
      at node_modules/@testing-library/user-event/dist/cjs/event/dispatchEvent.js:45:43
      at Object.eventWrapper (node_modules/@testing-library/dom/dist/config.js:25:23)
      at Object.wrapEvent (node_modules/@testing-library/user-event/dist/cjs/event/wrapEvent.js:6:28)
      at Object.dispatchEvent (node_modules/@testing-library/user-event/dist/cjs/event/dispatchEvent.js:45:22)
      at Object.dispatchUIEvent (node_modules/@testing-library/user-event/dist/cjs/event/dispatchEvent.js:22:26)
      at commitInput (node_modules/@testing-library/user-event/dist/cjs/event/input.js:145:14)
      at editInputElement (node_modules/@testing-library/user-event/dist/cjs/event/input.js:115:9)
      at Object.input (node_modules/@testing-library/user-event/dist/cjs/event/input.js:37:9)
      at node_modules/@testing-library/user-event/dist/cjs/event/behavior/keypress.js:31:26
      at Object.dispatchEvent (node_modules/@testing-library/user-event/dist/cjs/event/dispatchEvent.js:41:13)
      at Object.dispatchUIEvent (node_modules/@testing-library/user-event/dist/cjs/event/dispatchEvent.js:22:26)
      at KeyboardHost.keydown (node_modules/@testing-library/user-event/dist/cjs/system/keyboard.js:76:22)
      at keyboardAction (node_modules/@testing-library/user-event/dist/cjs/keyboard/index.js:22:35)
      at Object.keyboard (node_modules/@testing-library/user-event/dist/cjs/keyboard/index.js:11:15)
      at Object.type (node_modules/@testing-library/user-event/dist/cjs/utility/type.js:17:5)
      at src/components/Contact/Contact.test.tsx:78:15
      at AsyncProperty.run (node_modules/fast-check/lib/check/property/AsyncProperty.generic.js:49:28)
      at asyncRunIt (node_modules/fast-check/lib/check/runner/Runner.js:37:21)
      at Object.<anonymous> (src/components/Contact/Contact.test.tsx:39:5)

    console.error
      Warning: An update to Contact inside a test was not wrapped in act(...).
      
      When testing, code that causes React state updates should be wrapped into act(...):
      
      act(() => {
        /* fire events that update state */
      });
      /* assert on the output */
      
      This ensures that you're testing the behavior the user would see in the browser. Learn more at https://reactjs.org/link/wrap-tests-with-act
          at Contact (/workspaces/netsanet-portfolio/src/components/Contact/Contact.tsx:17:44)

      30 |
      31 |   const handleInputChange = (field: keyof ContactFormData, value: string) => {
    > 32 |     setFormState(prev => ({
         |     ^
      33 |       ...prev,
      34 |       data: {
      35 |         ...prev.data,

      at printWarning (node_modules/react-dom/cjs/react-dom.development.js:86:30)
      at error (node_modules/react-dom/cjs/react-dom.development.js:60:7)
      at warnIfUpdatesNotWrappedWithActDEV (node_modules/react-dom/cjs/react-dom.development.js:27628:9)
      at scheduleUpdateOnFiber (node_modules/react-dom/cjs/react-dom.development.js:25547:5)
      at dispatchSetState (node_modules/react-dom/cjs/react-dom.development.js:16708:7)
      at handleInputChange (src/components/Contact/Contact.tsx:32:5)
      at onChange (src/components/Contact/Contact.tsx:301:34)
      at HTMLUnknownElement.callCallback (node_modules/react-dom/cjs/react-dom.development.js:4164:14)
      at HTMLUnknownElement.callTheUserObjectsOperation (node_modules/jsdom/lib/jsdom/living/generated/EventListener.js:26:30)
      at innerInvokeEventListeners (node_modules/jsdom/lib/jsdom/living/events/EventTarget-impl.js:350:25)
      at invokeEventListeners (node_modules/jsdom/lib/jsdom/living/events/EventTarget-impl.js:286:3)
      at HTMLUnknownElementImpl._dispatch (node_modules/jsdom/lib/jsdom/living/events/EventTarget-impl.js:233:9)
      at HTMLUnknownElementImpl.dispatchEvent (node_modules/jsdom/lib/jsdom/living/events/EventTarget-impl.js:104:17)
      at HTMLUnknownElement.dispatchEvent (node_modules/jsdom/lib/jsdom/living/generated/EventTarget.js:241:34)
      at Object.invokeGuardedCallbackDev (node_modules/react-dom/cjs/react-dom.development.js:4213:16)
      at invokeGuardedCallback (node_modules/react-dom/cjs/react-dom.development.js:4277:31)
      at invokeGuardedCallbackAndCatchFirstError (node_modules/react-dom/cjs/react-dom.development.js:4291:25)
      at executeDispatch (node_modules/react-dom/cjs/react-dom.development.js:9041:3)
      at processDispatchQueueItemsInOrder (node_modules/react-dom/cjs/react-dom.development.js:9073:7)
      at processDispatchQueue (node_modules/react-dom/cjs/react-dom.development.js:9086:5)
      at dispatchEventsForPlugins (node_modules/react-dom/cjs/react-dom.development.js:9097:3)
      at node_modules/react-dom/cjs/react-dom.development.js:9288:12
      at batchedUpdates$1 (node_modules/react-dom/cjs/react-dom.development.js:26179:12)
      at batchedUpdates (node_modules/react-dom/cjs/react-dom.development.js:3991:12)
      at dispatchEventForPluginEventSystem (node_modules/react-dom/cjs/react-dom.development.js:9287:3)
      at dispatchEventWithEnableCapturePhaseSelectiveHydrationWithoutDiscreteEventReplay (node_modules/react-dom/cjs/react-dom.development.js:6465:5)
      at dispatchEvent (node_modules/react-dom/cjs/react-dom.development.js:6457:5)
      at dispatchDiscreteEvent (node_modules/react-dom/cjs/react-dom.development.js:6430:5)
      at HTMLDivElement.callTheUserObjectsOperation (node_modules/jsdom/lib/jsdom/living/generated/EventListener.js:26:30)
      at innerInvokeEventListeners (node_modules/jsdom/lib/jsdom/living/events/EventTarget-impl.js:350:25)
      at invokeEventListeners (node_modules/jsdom/lib/jsdom/living/events/EventTarget-impl.js:286:3)
      at HTMLTextAreaElementImpl._dispatch (node_modules/jsdom/lib/jsdom/living/events/EventTarget-impl.js:233:9)
      at HTMLTextAreaElementImpl.dispatchEvent (node_modules/jsdom/lib/jsdom/living/events/EventTarget-impl.js:104:17)
      at HTMLTextAreaElement.dispatchEvent (node_modules/jsdom/lib/jsdom/living/generated/EventTarget.js:241:34)
      at node_modules/@testing-library/user-event/dist/cjs/event/dispatchEvent.js:45:43
      at Object.eventWrapper (node_modules/@testing-library/dom/dist/config.js:25:23)
      at Object.wrapEvent (node_modules/@testing-library/user-event/dist/cjs/event/wrapEvent.js:6:28)
      at Object.dispatchEvent (node_modules/@testing-library/user-event/dist/cjs/event/dispatchEvent.js:45:22)
      at Object.dispatchUIEvent (node_modules/@testing-library/user-event/dist/cjs/event/dispatchEvent.js:22:26)
      at commitInput (node_modules/@testing-library/user-event/dist/cjs/event/input.js:145:14)
      at editInputElement (node_modules/@testing-library/user-event/dist/cjs/event/input.js:115:9)
      at Object.input (node_modules/@testing-library/user-event/dist/cjs/event/input.js:37:9)
      at node_modules/@testing-library/user-event/dist/cjs/event/behavior/keypress.js:31:26
      at Object.dispatchEvent (node_modules/@testing-library/user-event/dist/cjs/event/dispatchEvent.js:41:13)
      at Object.dispatchUIEvent (node_modules/@testing-library/user-event/dist/cjs/event/dispatchEvent.js:22:26)
      at KeyboardHost.keydown (node_modules/@testing-library/user-event/dist/cjs/system/keyboard.js:76:22)
      at keyboardAction (node_modules/@testing-library/user-event/dist/cjs/keyboard/index.js:22:35)
      at Object.keyboard (node_modules/@testing-library/user-event/dist/cjs/keyboard/index.js:11:15)
      at Object.type (node_modules/@testing-library/user-event/dist/cjs/utility/type.js:17:5)
      at src/components/Contact/Contact.test.tsx:78:15
      at AsyncProperty.run (node_modules/fast-check/lib/check/property/AsyncProperty.generic.js:49:28)
      at asyncRunIt (node_modules/fast-check/lib/check/runner/Runner.js:37:21)
      at Object.<anonymous> (src/components/Contact/Contact.test.tsx:39:5)

    console.error
      Warning: An update to Contact inside a test was not wrapped in act(...).
      
      When testing, code that causes React state updates should be wrapped into act(...):
      
      act(() => {
        /* fire events that update state */
      });
      /* assert on the output */
      
      This ensures that you're testing the behavior the user would see in the browser. Learn more at https://reactjs.org/link/wrap-tests-with-act
          at Contact (/workspaces/netsanet-portfolio/src/components/Contact/Contact.tsx:17:44)

      51 |     
      52 |     if (!validation.isValid) {
    > 53 |       setFormState(prev => ({
         |       ^
      54 |         ...prev,
      55 |         errors: validation.fieldErrors
      56 |       }));

      at printWarning (node_modules/react-dom/cjs/react-dom.development.js:86:30)
      at error (node_modules/react-dom/cjs/react-dom.development.js:60:7)
      at warnIfUpdatesNotWrappedWithActDEV (node_modules/react-dom/cjs/react-dom.development.js:27628:9)
      at scheduleUpdateOnFiber (node_modules/react-dom/cjs/react-dom.development.js:25547:5)
      at dispatchSetState (node_modules/react-dom/cjs/react-dom.development.js:16708:7)
      at handleSubmit (src/components/Contact/Contact.tsx:53:7)
      at HTMLUnknownElement.callCallback (node_modules/react-dom/cjs/react-dom.development.js:4164:14)
      at HTMLUnknownElement.callTheUserObjectsOperation (node_modules/jsdom/lib/jsdom/living/generated/EventListener.js:26:30)
      at innerInvokeEventListeners (node_modules/jsdom/lib/jsdom/living/events/EventTarget-impl.js:350:25)
      at invokeEventListeners (node_modules/jsdom/lib/jsdom/living/events/EventTarget-impl.js:286:3)
      at HTMLUnknownElementImpl._dispatch (node_modules/jsdom/lib/jsdom/living/events/EventTarget-impl.js:233:9)
      at HTMLUnknownElementImpl.dispatchEvent (node_modules/jsdom/lib/jsdom/living/events/EventTarget-impl.js:104:17)
      at HTMLUnknownElement.dispatchEvent (node_modules/jsdom/lib/jsdom/living/generated/EventTarget.js:241:34)
      at Object.invokeGuardedCallbackDev (node_modules/react-dom/cjs/react-dom.development.js:4213:16)
      at invokeGuardedCallback (node_modules/react-dom/cjs/react-dom.development.js:4277:31)
      at invokeGuardedCallbackAndCatchFirstError (node_modules/react-dom/cjs/react-dom.development.js:4291:25)
      at executeDispatch (node_modules/react-dom/cjs/react-dom.development.js:9041:3)
      at processDispatchQueueItemsInOrder (node_modules/react-dom/cjs/react-dom.development.js:9073:7)
      at processDispatchQueue (node_modules/react-dom/cjs/react-dom.development.js:9086:5)
      at dispatchEventsForPlugins (node_modules/react-dom/cjs/react-dom.development.js:9097:3)
      at node_modules/react-dom/cjs/react-dom.development.js:9288:12
      at batchedUpdates$1 (node_modules/react-dom/cjs/react-dom.development.js:26179:12)
      at batchedUpdates (node_modules/react-dom/cjs/react-dom.development.js:3991:12)
      at dispatchEventForPluginEventSystem (node_modules/react-dom/cjs/react-dom.development.js:9287:3)
      at dispatchEventWithEnableCapturePhaseSelectiveHydrationWithoutDiscreteEventReplay (node_modules/react-dom/cjs/react-dom.development.js:6465:5)
      at dispatchEvent (node_modules/react-dom/cjs/react-dom.development.js:6457:5)
      at dispatchDiscreteEvent (node_modules/react-dom/cjs/react-dom.development.js:6430:5)
      at HTMLDivElement.callTheUserObjectsOperation (node_modules/jsdom/lib/jsdom/living/generated/EventListener.js:26:30)
      at innerInvokeEventListeners (node_modules/jsdom/lib/jsdom/living/events/EventTarget-impl.js:350:25)
      at invokeEventListeners (node_modules/jsdom/lib/jsdom/living/events/EventTarget-impl.js:286:3)
      at HTMLFormElementImpl._dispatch (node_modules/jsdom/lib/jsdom/living/events/EventTarget-impl.js:233:9)
      at fireAnEvent (node_modules/jsdom/lib/jsdom/living/helpers/events.js:18:36)
      at HTMLFormElementImpl.requestSubmit (node_modules/jsdom/lib/jsdom/living/nodes/HTMLFormElement-impl.js:109:10)
      at HTMLFormElementImpl._doRequestSubmit (node_modules/jsdom/lib/jsdom/living/nodes/HTMLFormElement-impl.js:79:10)
      at HTMLButtonElementImpl._activationBehavior (node_modules/jsdom/lib/jsdom/living/nodes/HTMLButtonElement-impl.js:23:14)
      at HTMLButtonElementImpl._dispatch (node_modules/jsdom/lib/jsdom/living/events/EventTarget-impl.js:252:26)
      at HTMLButtonElementImpl.dispatchEvent (node_modules/jsdom/lib/jsdom/living/events/EventTarget-impl.js:104:17)
      at HTMLButtonElement.dispatchEvent (node_modules/jsdom/lib/jsdom/living/generated/EventTarget.js:241:34)
      at node_modules/@testing-library/user-event/dist/cjs/event/dispatchEvent.js:45:43
      at Object.eventWrapper (node_modules/@testing-library/dom/dist/config.js:25:23)
      at Object.wrapEvent (node_modules/@testing-library/user-event/dist/cjs/event/wrapEvent.js:6:28)
      at Object.dispatchEvent (node_modules/@testing-library/user-event/dist/cjs/event/dispatchEvent.js:45:22)
      at Object.dispatchUIEvent (node_modules/@testing-library/user-event/dist/cjs/event/dispatchEvent.js:22:26)
      at Mouse.up (node_modules/@testing-library/user-event/dist/cjs/system/pointer/mouse.js:100:30)
      at PointerHost.release (node_modules/@testing-library/user-event/dist/cjs/system/pointer/index.js:87:24)
      at pointerAction (node_modules/@testing-library/user-event/dist/cjs/pointer/index.js:54:47)
      at Object.pointer (node_modules/@testing-library/user-event/dist/cjs/pointer/index.js:27:9)
      at src/components/Contact/Contact.test.tsx:82:13
      at AsyncProperty.run (node_modules/fast-check/lib/check/property/AsyncProperty.generic.js:49:28)
      at asyncRunIt (node_modules/fast-check/lib/check/runner/Runner.js:37:21)
      at Object.<anonymous> (src/components/Contact/Contact.test.tsx:39:5)

    console.error
      Warning: An update to Contact inside a test was not wrapped in act(...).
      
      When testing, code that causes React state updates should be wrapped into act(...):
      
      act(() => {
        /* fire events that update state */
      });
      /* assert on the output */
      
      This ensures that you're testing the behavior the user would see in the browser. Learn more at https://reactjs.org/link/wrap-tests-with-act
          at Contact (/workspaces/netsanet-portfolio/src/components/Contact/Contact.tsx:17:44)

      30 |
      31 |   const handleInputChange = (field: keyof ContactFormData, value: string) => {
    > 32 |     setFormState(prev => ({
         |     ^
      33 |       ...prev,
      34 |       data: {
      35 |         ...prev.data,

      at printWarning (node_modules/react-dom/cjs/react-dom.development.js:86:30)
      at error (node_modules/react-dom/cjs/react-dom.development.js:60:7)
      at warnIfUpdatesNotWrappedWithActDEV (node_modules/react-dom/cjs/react-dom.development.js:27628:9)
      at scheduleUpdateOnFiber (node_modules/react-dom/cjs/react-dom.development.js:25547:5)
      at dispatchSetState (node_modules/react-dom/cjs/react-dom.development.js:16708:7)
      at handleInputChange (src/components/Contact/Contact.tsx:32:5)
      at onChange (src/components/Contact/Contact.tsx:301:34)
      at HTMLUnknownElement.callCallback (node_modules/react-dom/cjs/react-dom.development.js:4164:14)
      at HTMLUnknownElement.callTheUserObjectsOperation (node_modules/jsdom/lib/jsdom/living/generated/EventListener.js:26:30)
      at innerInvokeEventListeners (node_modules/jsdom/lib/jsdom/living/events/EventTarget-impl.js:350:25)
      at invokeEventListeners (node_modules/jsdom/lib/jsdom/living/events/EventTarget-impl.js:286:3)
      at HTMLUnknownElementImpl._dispatch (node_modules/jsdom/lib/jsdom/living/events/EventTarget-impl.js:233:9)
      at HTMLUnknownElementImpl.dispatchEvent (node_modules/jsdom/lib/jsdom/living/events/EventTarget-impl.js:104:17)
      at HTMLUnknownElement.dispatchEvent (node_modules/jsdom/lib/jsdom/living/generated/EventTarget.js:241:34)
      at Object.invokeGuardedCallbackDev (node_modules/react-dom/cjs/react-dom.development.js:4213:16)
      at invokeGuardedCallback (node_modules/react-dom/cjs/react-dom.development.js:4277:31)
      at invokeGuardedCallbackAndCatchFirstError (node_modules/react-dom/cjs/react-dom.development.js:4291:25)
      at executeDispatch (node_modules/react-dom/cjs/react-dom.development.js:9041:3)
      at processDispatchQueueItemsInOrder (node_modules/react-dom/cjs/react-dom.development.js:9073:7)
      at processDispatchQueue (node_modules/react-dom/cjs/react-dom.development.js:9086:5)
      at dispatchEventsForPlugins (node_modules/react-dom/cjs/react-dom.development.js:9097:3)
      at node_modules/react-dom/cjs/react-dom.development.js:9288:12
      at batchedUpdates$1 (node_modules/react-dom/cjs/react-dom.development.js:26179:12)
      at batchedUpdates (node_modules/react-dom/cjs/react-dom.development.js:3991:12)
      at dispatchEventForPluginEventSystem (node_modules/react-dom/cjs/react-dom.development.js:9287:3)
      at dispatchEventWithEnableCapturePhaseSelectiveHydrationWithoutDiscreteEventReplay (node_modules/react-dom/cjs/react-dom.development.js:6465:5)
      at dispatchEvent (node_modules/react-dom/cjs/react-dom.development.js:6457:5)
      at dispatchDiscreteEvent (node_modules/react-dom/cjs/react-dom.development.js:6430:5)
      at HTMLDivElement.callTheUserObjectsOperation (node_modules/jsdom/lib/jsdom/living/generated/EventListener.js:26:30)
      at innerInvokeEventListeners (node_modules/jsdom/lib/jsdom/living/events/EventTarget-impl.js:350:25)
      at invokeEventListeners (node_modules/jsdom/lib/jsdom/living/events/EventTarget-impl.js:286:3)
      at HTMLTextAreaElementImpl._dispatch (node_modules/jsdom/lib/jsdom/living/events/EventTarget-impl.js:233:9)
      at HTMLTextAreaElementImpl.dispatchEvent (node_modules/jsdom/lib/jsdom/living/events/EventTarget-impl.js:104:17)
      at HTMLTextAreaElement.dispatchEvent (node_modules/jsdom/lib/jsdom/living/generated/EventTarget.js:241:34)
      at node_modules/@testing-library/user-event/dist/cjs/event/dispatchEvent.js:45:43
      at Object.eventWrapper (node_modules/@testing-library/dom/dist/config.js:25:23)
      at Object.wrapEvent (node_modules/@testing-library/user-event/dist/cjs/event/wrapEvent.js:6:28)
      at Object.dispatchEvent (node_modules/@testing-library/user-event/dist/cjs/event/dispatchEvent.js:45:22)
      at Object.dispatchUIEvent (node_modules/@testing-library/user-event/dist/cjs/event/dispatchEvent.js:22:26)
      at commitInput (node_modules/@testing-library/user-event/dist/cjs/event/input.js:145:14)
      at editInputElement (node_modules/@testing-library/user-event/dist/cjs/event/input.js:115:9)
      at Object.input (node_modules/@testing-library/user-event/dist/cjs/event/input.js:37:9)
      at node_modules/@testing-library/user-event/dist/cjs/event/behavior/keypress.js:31:26
      at Object.dispatchEvent (node_modules/@testing-library/user-event/dist/cjs/event/dispatchEvent.js:41:13)
      at Object.dispatchUIEvent (node_modules/@testing-library/user-event/dist/cjs/event/dispatchEvent.js:22:26)
      at KeyboardHost.keydown (node_modules/@testing-library/user-event/dist/cjs/system/keyboard.js:76:22)
      at keyboardAction (node_modules/@testing-library/user-event/dist/cjs/keyboard/index.js:22:35)
      at Object.keyboard (node_modules/@testing-library/user-event/dist/cjs/keyboard/index.js:11:15)
      at Object.type (node_modules/@testing-library/user-event/dist/cjs/utility/type.js:17:5)
      at src/components/Contact/Contact.test.tsx:78:15
      at AsyncProperty.run (node_modules/fast-check/lib/check/property/AsyncProperty.generic.js:49:28)
      at asyncRunIt (node_modules/fast-check/lib/check/runner/Runner.js:37:21)
      at Object.<anonymous> (src/components/Contact/Contact.test.tsx:39:5)

    console.error
      Warning: An update to Contact inside a test was not wrapped in act(...).
      
      When testing, code that causes React state updates should be wrapped into act(...):
      
      act(() => {
        /* fire events that update state */
      });
      /* assert on the output */
      
      This ensures that you're testing the behavior the user would see in the browser. Learn more at https://reactjs.org/link/wrap-tests-with-act
          at Contact (/workspaces/netsanet-portfolio/src/components/Contact/Contact.tsx:17:44)

      30 |
      31 |   const handleInputChange = (field: keyof ContactFormData, value: string) => {
    > 32 |     setFormState(prev => ({
         |     ^
      33 |       ...prev,
      34 |       data: {
      35 |         ...prev.data,

      at printWarning (node_modules/react-dom/cjs/react-dom.development.js:86:30)
      at error (node_modules/react-dom/cjs/react-dom.development.js:60:7)
      at warnIfUpdatesNotWrappedWithActDEV (node_modules/react-dom/cjs/react-dom.development.js:27628:9)
      at scheduleUpdateOnFiber (node_modules/react-dom/cjs/react-dom.development.js:25547:5)
      at dispatchSetState (node_modules/react-dom/cjs/react-dom.development.js:16708:7)
      at handleInputChange (src/components/Contact/Contact.tsx:32:5)
      at onChange (src/components/Contact/Contact.tsx:301:34)
      at HTMLUnknownElement.callCallback (node_modules/react-dom/cjs/react-dom.development.js:4164:14)
      at HTMLUnknownElement.callTheUserObjectsOperation (node_modules/jsdom/lib/jsdom/living/generated/EventListener.js:26:30)
      at innerInvokeEventListeners (node_modules/jsdom/lib/jsdom/living/events/EventTarget-impl.js:350:25)
      at invokeEventListeners (node_modules/jsdom/lib/jsdom/living/events/EventTarget-impl.js:286:3)
      at HTMLUnknownElementImpl._dispatch (node_modules/jsdom/lib/jsdom/living/events/EventTarget-impl.js:233:9)
      at HTMLUnknownElementImpl.dispatchEvent (node_modules/jsdom/lib/jsdom/living/events/EventTarget-impl.js:104:17)
      at HTMLUnknownElement.dispatchEvent (node_modules/jsdom/lib/jsdom/living/generated/EventTarget.js:241:34)
      at Object.invokeGuardedCallbackDev (node_modules/react-dom/cjs/react-dom.development.js:4213:16)
      at invokeGuardedCallback (node_modules/react-dom/cjs/react-dom.development.js:4277:31)
      at invokeGuardedCallbackAndCatchFirstError (node_modules/react-dom/cjs/react-dom.development.js:4291:25)
      at executeDispatch (node_modules/react-dom/cjs/react-dom.development.js:9041:3)
      at processDispatchQueueItemsInOrder (node_modules/react-dom/cjs/react-dom.development.js:9073:7)
      at processDispatchQueue (node_modules/react-dom/cjs/react-dom.development.js:9086:5)
      at dispatchEventsForPlugins (node_modules/react-dom/cjs/react-dom.development.js:9097:3)
      at node_modules/react-dom/cjs/react-dom.development.js:9288:12
      at batchedUpdates$1 (node_modules/react-dom/cjs/react-dom.development.js:26179:12)
      at batchedUpdates (node_modules/react-dom/cjs/react-dom.development.js:3991:12)
      at dispatchEventForPluginEventSystem (node_modules/react-dom/cjs/react-dom.development.js:9287:3)
      at dispatchEventWithEnableCapturePhaseSelectiveHydrationWithoutDiscreteEventReplay (node_modules/react-dom/cjs/react-dom.development.js:6465:5)
      at dispatchEvent (node_modules/react-dom/cjs/react-dom.development.js:6457:5)
      at dispatchDiscreteEvent (node_modules/react-dom/cjs/react-dom.development.js:6430:5)
      at HTMLDivElement.callTheUserObjectsOperation (node_modules/jsdom/lib/jsdom/living/generated/EventListener.js:26:30)
      at innerInvokeEventListeners (node_modules/jsdom/lib/jsdom/living/events/EventTarget-impl.js:350:25)
      at invokeEventListeners (node_modules/jsdom/lib/jsdom/living/events/EventTarget-impl.js:286:3)
      at HTMLTextAreaElementImpl._dispatch (node_modules/jsdom/lib/jsdom/living/events/EventTarget-impl.js:233:9)
      at HTMLTextAreaElementImpl.dispatchEvent (node_modules/jsdom/lib/jsdom/living/events/EventTarget-impl.js:104:17)
      at HTMLTextAreaElement.dispatchEvent (node_modules/jsdom/lib/jsdom/living/generated/EventTarget.js:241:34)
      at node_modules/@testing-library/user-event/dist/cjs/event/dispatchEvent.js:45:43
      at Object.eventWrapper (node_modules/@testing-library/dom/dist/config.js:25:23)
      at Object.wrapEvent (node_modules/@testing-library/user-event/dist/cjs/event/wrapEvent.js:6:28)
      at Object.dispatchEvent (node_modules/@testing-library/user-event/dist/cjs/event/dispatchEvent.js:45:22)
      at Object.dispatchUIEvent (node_modules/@testing-library/user-event/dist/cjs/event/dispatchEvent.js:22:26)
      at commitInput (node_modules/@testing-library/user-event/dist/cjs/event/input.js:145:14)
      at editInputElement (node_modules/@testing-library/user-event/dist/cjs/event/input.js:115:9)
      at Object.input (node_modules/@testing-library/user-event/dist/cjs/event/input.js:37:9)
      at node_modules/@testing-library/user-event/dist/cjs/event/behavior/keypress.js:31:26
      at Object.dispatchEvent (node_modules/@testing-library/user-event/dist/cjs/event/dispatchEvent.js:41:13)
      at Object.dispatchUIEvent (node_modules/@testing-library/user-event/dist/cjs/event/dispatchEvent.js:22:26)
      at KeyboardHost.keydown (node_modules/@testing-library/user-event/dist/cjs/system/keyboard.js:76:22)
      at keyboardAction (node_modules/@testing-library/user-event/dist/cjs/keyboard/index.js:22:35)
      at Object.keyboard (node_modules/@testing-library/user-event/dist/cjs/keyboard/index.js:11:15)
      at Object.type (node_modules/@testing-library/user-event/dist/cjs/utility/type.js:17:5)
      at src/components/Contact/Contact.test.tsx:78:15
      at AsyncProperty.run (node_modules/fast-check/lib/check/property/AsyncProperty.generic.js:49:28)
      at asyncRunIt (node_modules/fast-check/lib/check/runner/Runner.js:37:21)
      at Object.<anonymous> (src/components/Contact/Contact.test.tsx:39:5)

    console.error
      Warning: An update to Contact inside a test was not wrapped in act(...).
      
      When testing, code that causes React state updates should be wrapped into act(...):
      
      act(() => {
        /* fire events that update state */
      });
      /* assert on the output */
      
      This ensures that you're testing the behavior the user would see in the browser. Learn more at https://reactjs.org/link/wrap-tests-with-act
          at Contact (/workspaces/netsanet-portfolio/src/components/Contact/Contact.tsx:17:44)

      51 |     
      52 |     if (!validation.isValid) {
    > 53 |       setFormState(prev => ({
         |       ^
      54 |         ...prev,
      55 |         errors: validation.fieldErrors
      56 |       }));

      at printWarning (node_modules/react-dom/cjs/react-dom.development.js:86:30)
      at error (node_modules/react-dom/cjs/react-dom.development.js:60:7)
      at warnIfUpdatesNotWrappedWithActDEV (node_modules/react-dom/cjs/react-dom.development.js:27628:9)
      at scheduleUpdateOnFiber (node_modules/react-dom/cjs/react-dom.development.js:25547:5)
      at dispatchSetState (node_modules/react-dom/cjs/react-dom.development.js:16708:7)
      at handleSubmit (src/components/Contact/Contact.tsx:53:7)
      at HTMLUnknownElement.callCallback (node_modules/react-dom/cjs/react-dom.development.js:4164:14)
      at HTMLUnknownElement.callTheUserObjectsOperation (node_modules/jsdom/lib/jsdom/living/generated/EventListener.js:26:30)
      at innerInvokeEventListeners (node_modules/jsdom/lib/jsdom/living/events/EventTarget-impl.js:350:25)
      at invokeEventListeners (node_modules/jsdom/lib/jsdom/living/events/EventTarget-impl.js:286:3)
      at HTMLUnknownElementImpl._dispatch (node_modules/jsdom/lib/jsdom/living/events/EventTarget-impl.js:233:9)
      at HTMLUnknownElementImpl.dispatchEvent (node_modules/jsdom/lib/jsdom/living/events/EventTarget-impl.js:104:17)
      at HTMLUnknownElement.dispatchEvent (node_modules/jsdom/lib/jsdom/living/generated/EventTarget.js:241:34)
      at Object.invokeGuardedCallbackDev (node_modules/react-dom/cjs/react-dom.development.js:4213:16)
      at invokeGuardedCallback (node_modules/react-dom/cjs/react-dom.development.js:4277:31)
      at invokeGuardedCallbackAndCatchFirstError (node_modules/react-dom/cjs/react-dom.development.js:4291:25)
      at executeDispatch (node_modules/react-dom/cjs/react-dom.development.js:9041:3)
      at processDispatchQueueItemsInOrder (node_modules/react-dom/cjs/react-dom.development.js:9073:7)
      at processDispatchQueue (node_modules/react-dom/cjs/react-dom.development.js:9086:5)
      at dispatchEventsForPlugins (node_modules/react-dom/cjs/react-dom.development.js:9097:3)
      at node_modules/react-dom/cjs/react-dom.development.js:9288:12
      at batchedUpdates$1 (node_modules/react-dom/cjs/react-dom.development.js:26179:12)
      at batchedUpdates (node_modules/react-dom/cjs/react-dom.development.js:3991:12)
      at dispatchEventForPluginEventSystem (node_modules/react-dom/cjs/react-dom.development.js:9287:3)
      at dispatchEventWithEnableCapturePhaseSelectiveHydrationWithoutDiscreteEventReplay (node_modules/react-dom/cjs/react-dom.development.js:6465:5)
      at dispatchEvent (node_modules/react-dom/cjs/react-dom.development.js:6457:5)
      at dispatchDiscreteEvent (node_modules/react-dom/cjs/react-dom.development.js:6430:5)
      at HTMLDivElement.callTheUserObjectsOperation (node_modules/jsdom/lib/jsdom/living/generated/EventListener.js:26:30)
      at innerInvokeEventListeners (node_modules/jsdom/lib/jsdom/living/events/EventTarget-impl.js:350:25)
      at invokeEventListeners (node_modules/jsdom/lib/jsdom/living/events/EventTarget-impl.js:286:3)
      at HTMLFormElementImpl._dispatch (node_modules/jsdom/lib/jsdom/living/events/EventTarget-impl.js:233:9)
      at fireAnEvent (node_modules/jsdom/lib/jsdom/living/helpers/events.js:18:36)
      at HTMLFormElementImpl.requestSubmit (node_modules/jsdom/lib/jsdom/living/nodes/HTMLFormElement-impl.js:109:10)
      at HTMLFormElementImpl._doRequestSubmit (node_modules/jsdom/lib/jsdom/living/nodes/HTMLFormElement-impl.js:79:10)
      at HTMLButtonElementImpl._activationBehavior (node_modules/jsdom/lib/jsdom/living/nodes/HTMLButtonElement-impl.js:23:14)
      at HTMLButtonElementImpl._dispatch (node_modules/jsdom/lib/jsdom/living/events/EventTarget-impl.js:252:26)
      at HTMLButtonElementImpl.dispatchEvent (node_modules/jsdom/lib/jsdom/living/events/EventTarget-impl.js:104:17)
      at HTMLButtonElement.dispatchEvent (node_modules/jsdom/lib/jsdom/living/generated/EventTarget.js:241:34)
      at node_modules/@testing-library/user-event/dist/cjs/event/dispatchEvent.js:45:43
      at Object.eventWrapper (node_modules/@testing-library/dom/dist/config.js:25:23)
      at Object.wrapEvent (node_modules/@testing-library/user-event/dist/cjs/event/wrapEvent.js:6:28)
      at Object.dispatchEvent (node_modules/@testing-library/user-event/dist/cjs/event/dispatchEvent.js:45:22)
      at Object.dispatchUIEvent (node_modules/@testing-library/user-event/dist/cjs/event/dispatchEvent.js:22:26)
      at Mouse.up (node_modules/@testing-library/user-event/dist/cjs/system/pointer/mouse.js:100:30)
      at PointerHost.release (node_modules/@testing-library/user-event/dist/cjs/system/pointer/index.js:87:24)
      at pointerAction (node_modules/@testing-library/user-event/dist/cjs/pointer/index.js:54:47)
      at Object.pointer (node_modules/@testing-library/user-event/dist/cjs/pointer/index.js:27:9)
      at src/components/Contact/Contact.test.tsx:82:13
      at AsyncProperty.run (node_modules/fast-check/lib/check/property/AsyncProperty.generic.js:49:28)
      at asyncRunIt (node_modules/fast-check/lib/check/runner/Runner.js:37:21)
      at Object.<anonymous> (src/components/Contact/Contact.test.tsx:39:5)

    console.error
      Warning: An update to Contact inside a test was not wrapped in act(...).
      
      When testing, code that causes React state updates should be wrapped into act(...):
      
      act(() => {
        /* fire events that update state */
      });
      /* assert on the output */
      
      This ensures that you're testing the behavior the user would see in the browser. Learn more at https://reactjs.org/link/wrap-tests-with-act
          at Contact (/workspaces/netsanet-portfolio/src/components/Contact/Contact.tsx:17:44)

      30 |
      31 |   const handleInputChange = (field: keyof ContactFormData, value: string) => {
    > 32 |     setFormState(prev => ({
         |     ^
      33 |       ...prev,
      34 |       data: {
      35 |         ...prev.data,

      at printWarning (node_modules/react-dom/cjs/react-dom.development.js:86:30)
      at error (node_modules/react-dom/cjs/react-dom.development.js:60:7)
      at warnIfUpdatesNotWrappedWithActDEV (node_modules/react-dom/cjs/react-dom.development.js:27628:9)
      at scheduleUpdateOnFiber (node_modules/react-dom/cjs/react-dom.development.js:25547:5)
      at dispatchSetState (node_modules/react-dom/cjs/react-dom.development.js:16708:7)
      at handleInputChange (src/components/Contact/Contact.tsx:32:5)
      at onChange (src/components/Contact/Contact.tsx:301:34)
      at HTMLUnknownElement.callCallback (node_modules/react-dom/cjs/react-dom.development.js:4164:14)
      at HTMLUnknownElement.callTheUserObjectsOperation (node_modules/jsdom/lib/jsdom/living/generated/EventListener.js:26:30)
      at innerInvokeEventListeners (node_modules/jsdom/lib/jsdom/living/events/EventTarget-impl.js:350:25)
      at invokeEventListeners (node_modules/jsdom/lib/jsdom/living/events/EventTarget-impl.js:286:3)
      at HTMLUnknownElementImpl._dispatch (node_modules/jsdom/lib/jsdom/living/events/EventTarget-impl.js:233:9)
      at HTMLUnknownElementImpl.dispatchEvent (node_modules/jsdom/lib/jsdom/living/events/EventTarget-impl.js:104:17)
      at HTMLUnknownElement.dispatchEvent (node_modules/jsdom/lib/jsdom/living/generated/EventTarget.js:241:34)
      at Object.invokeGuardedCallbackDev (node_modules/react-dom/cjs/react-dom.development.js:4213:16)
      at invokeGuardedCallback (node_modules/react-dom/cjs/react-dom.development.js:4277:31)
      at invokeGuardedCallbackAndCatchFirstError (node_modules/react-dom/cjs/react-dom.development.js:4291:25)
      at executeDispatch (node_modules/react-dom/cjs/react-dom.development.js:9041:3)
      at processDispatchQueueItemsInOrder (node_modules/react-dom/cjs/react-dom.development.js:9073:7)
      at processDispatchQueue (node_modules/react-dom/cjs/react-dom.development.js:9086:5)
      at dispatchEventsForPlugins (node_modules/react-dom/cjs/react-dom.development.js:9097:3)
      at node_modules/react-dom/cjs/react-dom.development.js:9288:12
      at batchedUpdates$1 (node_modules/react-dom/cjs/react-dom.development.js:26179:12)
      at batchedUpdates (node_modules/react-dom/cjs/react-dom.development.js:3991:12)
      at dispatchEventForPluginEventSystem (node_modules/react-dom/cjs/react-dom.development.js:9287:3)
      at dispatchEventWithEnableCapturePhaseSelectiveHydrationWithoutDiscreteEventReplay (node_modules/react-dom/cjs/react-dom.development.js:6465:5)
      at dispatchEvent (node_modules/react-dom/cjs/react-dom.development.js:6457:5)
      at dispatchDiscreteEvent (node_modules/react-dom/cjs/react-dom.development.js:6430:5)
      at HTMLDivElement.callTheUserObjectsOperation (node_modules/jsdom/lib/jsdom/living/generated/EventListener.js:26:30)
      at innerInvokeEventListeners (node_modules/jsdom/lib/jsdom/living/events/EventTarget-impl.js:350:25)
      at invokeEventListeners (node_modules/jsdom/lib/jsdom/living/events/EventTarget-impl.js:286:3)
      at HTMLTextAreaElementImpl._dispatch (node_modules/jsdom/lib/jsdom/living/events/EventTarget-impl.js:233:9)
      at HTMLTextAreaElementImpl.dispatchEvent (node_modules/jsdom/lib/jsdom/living/events/EventTarget-impl.js:104:17)
      at HTMLTextAreaElement.dispatchEvent (node_modules/jsdom/lib/jsdom/living/generated/EventTarget.js:241:34)
      at node_modules/@testing-library/user-event/dist/cjs/event/dispatchEvent.js:45:43
      at Object.eventWrapper (node_modules/@testing-library/dom/dist/config.js:25:23)
      at Object.wrapEvent (node_modules/@testing-library/user-event/dist/cjs/event/wrapEvent.js:6:28)
      at Object.dispatchEvent (node_modules/@testing-library/user-event/dist/cjs/event/dispatchEvent.js:45:22)
      at Object.dispatchUIEvent (node_modules/@testing-library/user-event/dist/cjs/event/dispatchEvent.js:22:26)
      at commitInput (node_modules/@testing-library/user-event/dist/cjs/event/input.js:145:14)
      at editInputElement (node_modules/@testing-library/user-event/dist/cjs/event/input.js:115:9)
      at Object.input (node_modules/@testing-library/user-event/dist/cjs/event/input.js:37:9)
      at node_modules/@testing-library/user-event/dist/cjs/event/behavior/keypress.js:31:26
      at Object.dispatchEvent (node_modules/@testing-library/user-event/dist/cjs/event/dispatchEvent.js:41:13)
      at Object.dispatchUIEvent (node_modules/@testing-library/user-event/dist/cjs/event/dispatchEvent.js:22:26)
      at KeyboardHost.keydown (node_modules/@testing-library/user-event/dist/cjs/system/keyboard.js:76:22)
      at keyboardAction (node_modules/@testing-library/user-event/dist/cjs/keyboard/index.js:22:35)
      at Object.keyboard (node_modules/@testing-library/user-event/dist/cjs/keyboard/index.js:11:15)
      at Object.type (node_modules/@testing-library/user-event/dist/cjs/utility/type.js:17:5)
      at src/components/Contact/Contact.test.tsx:78:15
      at AsyncProperty.run (node_modules/fast-check/lib/check/property/AsyncProperty.generic.js:49:28)
      at asyncRunIt (node_modules/fast-check/lib/check/runner/Runner.js:37:21)
      at Object.<anonymous> (src/components/Contact/Contact.test.tsx:39:5)

    console.error
      Warning: An update to Contact inside a test was not wrapped in act(...).
      
      When testing, code that causes React state updates should be wrapped into act(...):
      
      act(() => {
        /* fire events that update state */
      });
      /* assert on the output */
      
      This ensures that you're testing the behavior the user would see in the browser. Learn more at https://reactjs.org/link/wrap-tests-with-act
          at Contact (/workspaces/netsanet-portfolio/src/components/Contact/Contact.tsx:17:44)

      30 |
      31 |   const handleInputChange = (field: keyof ContactFormData, value: string) => {
    > 32 |     setFormState(prev => ({
         |     ^
      33 |       ...prev,
      34 |       data: {
      35 |         ...prev.data,

      at printWarning (node_modules/react-dom/cjs/react-dom.development.js:86:30)
      at error (node_modules/react-dom/cjs/react-dom.development.js:60:7)
      at warnIfUpdatesNotWrappedWithActDEV (node_modules/react-dom/cjs/react-dom.development.js:27628:9)
      at scheduleUpdateOnFiber (node_modules/react-dom/cjs/react-dom.development.js:25547:5)
      at dispatchSetState (node_modules/react-dom/cjs/react-dom.development.js:16708:7)
      at handleInputChange (src/components/Contact/Contact.tsx:32:5)
      at onChange (src/components/Contact/Contact.tsx:301:34)
      at HTMLUnknownElement.callCallback (node_modules/react-dom/cjs/react-dom.development.js:4164:14)
      at HTMLUnknownElement.callTheUserObjectsOperation (node_modules/jsdom/lib/jsdom/living/generated/EventListener.js:26:30)
      at innerInvokeEventListeners (node_modules/jsdom/lib/jsdom/living/events/EventTarget-impl.js:350:25)
      at invokeEventListeners (node_modules/jsdom/lib/jsdom/living/events/EventTarget-impl.js:286:3)
      at HTMLUnknownElementImpl._dispatch (node_modules/jsdom/lib/jsdom/living/events/EventTarget-impl.js:233:9)
      at HTMLUnknownElementImpl.dispatchEvent (node_modules/jsdom/lib/jsdom/living/events/EventTarget-impl.js:104:17)
      at HTMLUnknownElement.dispatchEvent (node_modules/jsdom/lib/jsdom/living/generated/EventTarget.js:241:34)
      at Object.invokeGuardedCallbackDev (node_modules/react-dom/cjs/react-dom.development.js:4213:16)
      at invokeGuardedCallback (node_modules/react-dom/cjs/react-dom.development.js:4277:31)
      at invokeGuardedCallbackAndCatchFirstError (node_modules/react-dom/cjs/react-dom.development.js:4291:25)
      at executeDispatch (node_modules/react-dom/cjs/react-dom.development.js:9041:3)
      at processDispatchQueueItemsInOrder (node_modules/react-dom/cjs/react-dom.development.js:9073:7)
      at processDispatchQueue (node_modules/react-dom/cjs/react-dom.development.js:9086:5)
      at dispatchEventsForPlugins (node_modules/react-dom/cjs/react-dom.development.js:9097:3)
      at node_modules/react-dom/cjs/react-dom.development.js:9288:12
      at batchedUpdates$1 (node_modules/react-dom/cjs/react-dom.development.js:26179:12)
      at batchedUpdates (node_modules/react-dom/cjs/react-dom.development.js:3991:12)
      at dispatchEventForPluginEventSystem (node_modules/react-dom/cjs/react-dom.development.js:9287:3)
      at dispatchEventWithEnableCapturePhaseSelectiveHydrationWithoutDiscreteEventReplay (node_modules/react-dom/cjs/react-dom.development.js:6465:5)
      at dispatchEvent (node_modules/react-dom/cjs/react-dom.development.js:6457:5)
      at dispatchDiscreteEvent (node_modules/react-dom/cjs/react-dom.development.js:6430:5)
      at HTMLDivElement.callTheUserObjectsOperation (node_modules/jsdom/lib/jsdom/living/generated/EventListener.js:26:30)
      at innerInvokeEventListeners (node_modules/jsdom/lib/jsdom/living/events/EventTarget-impl.js:350:25)
      at invokeEventListeners (node_modules/jsdom/lib/jsdom/living/events/EventTarget-impl.js:286:3)
      at HTMLTextAreaElementImpl._dispatch (node_modules/jsdom/lib/jsdom/living/events/EventTarget-impl.js:233:9)
      at HTMLTextAreaElementImpl.dispatchEvent (node_modules/jsdom/lib/jsdom/living/events/EventTarget-impl.js:104:17)
      at HTMLTextAreaElement.dispatchEvent (node_modules/jsdom/lib/jsdom/living/generated/EventTarget.js:241:34)
      at node_modules/@testing-library/user-event/dist/cjs/event/dispatchEvent.js:45:43
      at Object.eventWrapper (node_modules/@testing-library/dom/dist/config.js:25:23)
      at Object.wrapEvent (node_modules/@testing-library/user-event/dist/cjs/event/wrapEvent.js:6:28)
      at Object.dispatchEvent (node_modules/@testing-library/user-event/dist/cjs/event/dispatchEvent.js:45:22)
      at Object.dispatchUIEvent (node_modules/@testing-library/user-event/dist/cjs/event/dispatchEvent.js:22:26)
      at commitInput (node_modules/@testing-library/user-event/dist/cjs/event/input.js:145:14)
      at editInputElement (node_modules/@testing-library/user-event/dist/cjs/event/input.js:115:9)
      at Object.input (node_modules/@testing-library/user-event/dist/cjs/event/input.js:37:9)
      at node_modules/@testing-library/user-event/dist/cjs/event/behavior/keypress.js:31:26
      at Object.dispatchEvent (node_modules/@testing-library/user-event/dist/cjs/event/dispatchEvent.js:41:13)
      at Object.dispatchUIEvent (node_modules/@testing-library/user-event/dist/cjs/event/dispatchEvent.js:22:26)
      at KeyboardHost.keydown (node_modules/@testing-library/user-event/dist/cjs/system/keyboard.js:76:22)
      at keyboardAction (node_modules/@testing-library/user-event/dist/cjs/keyboard/index.js:22:35)
      at Object.keyboard (node_modules/@testing-library/user-event/dist/cjs/keyboard/index.js:11:15)
      at Object.type (node_modules/@testing-library/user-event/dist/cjs/utility/type.js:17:5)
      at src/components/Contact/Contact.test.tsx:78:15
      at AsyncProperty.run (node_modules/fast-check/lib/check/property/AsyncProperty.generic.js:49:28)
      at asyncRunIt (node_modules/fast-check/lib/check/runner/Runner.js:37:21)
      at Object.<anonymous> (src/components/Contact/Contact.test.tsx:39:5)

    console.error
      Warning: An update to Contact inside a test was not wrapped in act(...).
      
      When testing, code that causes React state updates should be wrapped into act(...):
      
      act(() => {
        /* fire events that update state */
      });
      /* assert on the output */
      
      This ensures that you're testing the behavior the user would see in the browser. Learn more at https://reactjs.org/link/wrap-tests-with-act
          at Contact (/workspaces/netsanet-portfolio/src/components/Contact/Contact.tsx:17:44)

      51 |     
      52 |     if (!validation.isValid) {
    > 53 |       setFormState(prev => ({
         |       ^
      54 |         ...prev,
      55 |         errors: validation.fieldErrors
      56 |       }));

      at printWarning (node_modules/react-dom/cjs/react-dom.development.js:86:30)
      at error (node_modules/react-dom/cjs/react-dom.development.js:60:7)
      at warnIfUpdatesNotWrappedWithActDEV (node_modules/react-dom/cjs/react-dom.development.js:27628:9)
      at scheduleUpdateOnFiber (node_modules/react-dom/cjs/react-dom.development.js:25547:5)
      at dispatchSetState (node_modules/react-dom/cjs/react-dom.development.js:16708:7)
      at handleSubmit (src/components/Contact/Contact.tsx:53:7)
      at HTMLUnknownElement.callCallback (node_modules/react-dom/cjs/react-dom.development.js:4164:14)
      at HTMLUnknownElement.callTheUserObjectsOperation (node_modules/jsdom/lib/jsdom/living/generated/EventListener.js:26:30)
      at innerInvokeEventListeners (node_modules/jsdom/lib/jsdom/living/events/EventTarget-impl.js:350:25)
      at invokeEventListeners (node_modules/jsdom/lib/jsdom/living/events/EventTarget-impl.js:286:3)
      at HTMLUnknownElementImpl._dispatch (node_modules/jsdom/lib/jsdom/living/events/EventTarget-impl.js:233:9)
      at HTMLUnknownElementImpl.dispatchEvent (node_modules/jsdom/lib/jsdom/living/events/EventTarget-impl.js:104:17)
      at HTMLUnknownElement.dispatchEvent (node_modules/jsdom/lib/jsdom/living/generated/EventTarget.js:241:34)
      at Object.invokeGuardedCallbackDev (node_modules/react-dom/cjs/react-dom.development.js:4213:16)
      at invokeGuardedCallback (node_modules/react-dom/cjs/react-dom.development.js:4277:31)
      at invokeGuardedCallbackAndCatchFirstError (node_modules/react-dom/cjs/react-dom.development.js:4291:25)
      at executeDispatch (node_modules/react-dom/cjs/react-dom.development.js:9041:3)
      at processDispatchQueueItemsInOrder (node_modules/react-dom/cjs/react-dom.development.js:9073:7)
      at processDispatchQueue (node_modules/react-dom/cjs/react-dom.development.js:9086:5)
      at dispatchEventsForPlugins (node_modules/react-dom/cjs/react-dom.development.js:9097:3)
      at node_modules/react-dom/cjs/react-dom.development.js:9288:12
      at batchedUpdates$1 (node_modules/react-dom/cjs/react-dom.development.js:26179:12)
      at batchedUpdates (node_modules/react-dom/cjs/react-dom.development.js:3991:12)
      at dispatchEventForPluginEventSystem (node_modules/react-dom/cjs/react-dom.development.js:9287:3)
      at dispatchEventWithEnableCapturePhaseSelectiveHydrationWithoutDiscreteEventReplay (node_modules/react-dom/cjs/react-dom.development.js:6465:5)
      at dispatchEvent (node_modules/react-dom/cjs/react-dom.development.js:6457:5)
      at dispatchDiscreteEvent (node_modules/react-dom/cjs/react-dom.development.js:6430:5)
      at HTMLDivElement.callTheUserObjectsOperation (node_modules/jsdom/lib/jsdom/living/generated/EventListener.js:26:30)
      at innerInvokeEventListeners (node_modules/jsdom/lib/jsdom/living/events/EventTarget-impl.js:350:25)
      at invokeEventListeners (node_modules/jsdom/lib/jsdom/living/events/EventTarget-impl.js:286:3)
      at HTMLFormElementImpl._dispatch (node_modules/jsdom/lib/jsdom/living/events/EventTarget-impl.js:233:9)
      at fireAnEvent (node_modules/jsdom/lib/jsdom/living/helpers/events.js:18:36)
      at HTMLFormElementImpl.requestSubmit (node_modules/jsdom/lib/jsdom/living/nodes/HTMLFormElement-impl.js:109:10)
      at HTMLFormElementImpl._doRequestSubmit (node_modules/jsdom/lib/jsdom/living/nodes/HTMLFormElement-impl.js:79:10)
      at HTMLButtonElementImpl._activationBehavior (node_modules/jsdom/lib/jsdom/living/nodes/HTMLButtonElement-impl.js:23:14)
      at HTMLButtonElementImpl._dispatch (node_modules/jsdom/lib/jsdom/living/events/EventTarget-impl.js:252:26)
      at HTMLButtonElementImpl.dispatchEvent (node_modules/jsdom/lib/jsdom/living/events/EventTarget-impl.js:104:17)
      at HTMLButtonElement.dispatchEvent (node_modules/jsdom/lib/jsdom/living/generated/EventTarget.js:241:34)
      at node_modules/@testing-library/user-event/dist/cjs/event/dispatchEvent.js:45:43
      at Object.eventWrapper (node_modules/@testing-library/dom/dist/config.js:25:23)
      at Object.wrapEvent (node_modules/@testing-library/user-event/dist/cjs/event/wrapEvent.js:6:28)
      at Object.dispatchEvent (node_modules/@testing-library/user-event/dist/cjs/event/dispatchEvent.js:45:22)
      at Object.dispatchUIEvent (node_modules/@testing-library/user-event/dist/cjs/event/dispatchEvent.js:22:26)
      at Mouse.up (node_modules/@testing-library/user-event/dist/cjs/system/pointer/mouse.js:100:30)
      at PointerHost.release (node_modules/@testing-library/user-event/dist/cjs/system/pointer/index.js:87:24)
      at pointerAction (node_modules/@testing-library/user-event/dist/cjs/pointer/index.js:54:47)
      at Object.pointer (node_modules/@testing-library/user-event/dist/cjs/pointer/index.js:27:9)
      at src/components/Contact/Contact.test.tsx:82:13
      at AsyncProperty.run (node_modules/fast-check/lib/check/property/AsyncProperty.generic.js:49:28)
      at asyncRunIt (node_modules/fast-check/lib/check/runner/Runner.js:37:21)
      at Object.<anonymous> (src/components/Contact/Contact.test.tsx:39:5)

    console.error
      Warning: An update to Contact inside a test was not wrapped in act(...).
      
      When testing, code that causes React state updates should be wrapped into act(...):
      
      act(() => {
        /* fire events that update state */
      });
      /* assert on the output */
      
      This ensures that you're testing the behavior the user would see in the browser. Learn more at https://reactjs.org/link/wrap-tests-with-act
          at Contact (/workspaces/netsanet-portfolio/src/components/Contact/Contact.tsx:17:44)

      30 |
      31 |   const handleInputChange = (field: keyof ContactFormData, value: string) => {
    > 32 |     setFormState(prev => ({
         |     ^
      33 |       ...prev,
      34 |       data: {
      35 |         ...prev.data,

      at printWarning (node_modules/react-dom/cjs/react-dom.development.js:86:30)
      at error (node_modules/react-dom/cjs/react-dom.development.js:60:7)
      at warnIfUpdatesNotWrappedWithActDEV (node_modules/react-dom/cjs/react-dom.development.js:27628:9)
      at scheduleUpdateOnFiber (node_modules/react-dom/cjs/react-dom.development.js:25547:5)
      at dispatchSetState (node_modules/react-dom/cjs/react-dom.development.js:16708:7)
      at handleInputChange (src/components/Contact/Contact.tsx:32:5)
      at onChange (src/components/Contact/Contact.tsx:301:34)
      at HTMLUnknownElement.callCallback (node_modules/react-dom/cjs/react-dom.development.js:4164:14)
      at HTMLUnknownElement.callTheUserObjectsOperation (node_modules/jsdom/lib/jsdom/living/generated/EventListener.js:26:30)
      at innerInvokeEventListeners (node_modules/jsdom/lib/jsdom/living/events/EventTarget-impl.js:350:25)
      at invokeEventListeners (node_modules/jsdom/lib/jsdom/living/events/EventTarget-impl.js:286:3)
      at HTMLUnknownElementImpl._dispatch (node_modules/jsdom/lib/jsdom/living/events/EventTarget-impl.js:233:9)
      at HTMLUnknownElementImpl.dispatchEvent (node_modules/jsdom/lib/jsdom/living/events/EventTarget-impl.js:104:17)
      at HTMLUnknownElement.dispatchEvent (node_modules/jsdom/lib/jsdom/living/generated/EventTarget.js:241:34)
      at Object.invokeGuardedCallbackDev (node_modules/react-dom/cjs/react-dom.development.js:4213:16)
      at invokeGuardedCallback (node_modules/react-dom/cjs/react-dom.development.js:4277:31)
      at invokeGuardedCallbackAndCatchFirstError (node_modules/react-dom/cjs/react-dom.development.js:4291:25)
      at executeDispatch (node_modules/react-dom/cjs/react-dom.development.js:9041:3)
      at processDispatchQueueItemsInOrder (node_modules/react-dom/cjs/react-dom.development.js:9073:7)
      at processDispatchQueue (node_modules/react-dom/cjs/react-dom.development.js:9086:5)
      at dispatchEventsForPlugins (node_modules/react-dom/cjs/react-dom.development.js:9097:3)
      at node_modules/react-dom/cjs/react-dom.development.js:9288:12
      at batchedUpdates$1 (node_modules/react-dom/cjs/react-dom.development.js:26179:12)
      at batchedUpdates (node_modules/react-dom/cjs/react-dom.development.js:3991:12)
      at dispatchEventForPluginEventSystem (node_modules/react-dom/cjs/react-dom.development.js:9287:3)
      at dispatchEventWithEnableCapturePhaseSelectiveHydrationWithoutDiscreteEventReplay (node_modules/react-dom/cjs/react-dom.development.js:6465:5)
      at dispatchEvent (node_modules/react-dom/cjs/react-dom.development.js:6457:5)
      at dispatchDiscreteEvent (node_modules/react-dom/cjs/react-dom.development.js:6430:5)
      at HTMLDivElement.callTheUserObjectsOperation (node_modules/jsdom/lib/jsdom/living/generated/EventListener.js:26:30)
      at innerInvokeEventListeners (node_modules/jsdom/lib/jsdom/living/events/EventTarget-impl.js:350:25)
      at invokeEventListeners (node_modules/jsdom/lib/jsdom/living/events/EventTarget-impl.js:286:3)
      at HTMLTextAreaElementImpl._dispatch (node_modules/jsdom/lib/jsdom/living/events/EventTarget-impl.js:233:9)
      at HTMLTextAreaElementImpl.dispatchEvent (node_modules/jsdom/lib/jsdom/living/events/EventTarget-impl.js:104:17)
      at HTMLTextAreaElement.dispatchEvent (node_modules/jsdom/lib/jsdom/living/generated/EventTarget.js:241:34)
      at node_modules/@testing-library/user-event/dist/cjs/event/dispatchEvent.js:45:43
      at Object.eventWrapper (node_modules/@testing-library/dom/dist/config.js:25:23)
      at Object.wrapEvent (node_modules/@testing-library/user-event/dist/cjs/event/wrapEvent.js:6:28)
      at Object.dispatchEvent (node_modules/@testing-library/user-event/dist/cjs/event/dispatchEvent.js:45:22)
      at Object.dispatchUIEvent (node_modules/@testing-library/user-event/dist/cjs/event/dispatchEvent.js:22:26)
      at commitInput (node_modules/@testing-library/user-event/dist/cjs/event/input.js:145:14)
      at editInputElement (node_modules/@testing-library/user-event/dist/cjs/event/input.js:115:9)
      at Object.input (node_modules/@testing-library/user-event/dist/cjs/event/input.js:37:9)
      at node_modules/@testing-library/user-event/dist/cjs/event/behavior/keypress.js:31:26
      at Object.dispatchEvent (node_modules/@testing-library/user-event/dist/cjs/event/dispatchEvent.js:41:13)
      at Object.dispatchUIEvent (node_modules/@testing-library/user-event/dist/cjs/event/dispatchEvent.js:22:26)
      at KeyboardHost.keydown (node_modules/@testing-library/user-event/dist/cjs/system/keyboard.js:76:22)
      at keyboardAction (node_modules/@testing-library/user-event/dist/cjs/keyboard/index.js:22:35)
      at Object.keyboard (node_modules/@testing-library/user-event/dist/cjs/keyboard/index.js:11:15)
      at Object.type (node_modules/@testing-library/user-event/dist/cjs/utility/type.js:17:5)
      at src/components/Contact/Contact.test.tsx:78:15
      at AsyncProperty.run (node_modules/fast-check/lib/check/property/AsyncProperty.generic.js:49:28)
      at asyncRunIt (node_modules/fast-check/lib/check/runner/Runner.js:37:21)
      at Object.<anonymous> (src/components/Contact/Contact.test.tsx:39:5)

    console.error
      Warning: An update to Contact inside a test was not wrapped in act(...).
      
      When testing, code that causes React state updates should be wrapped into act(...):
      
      act(() => {
        /* fire events that update state */
      });
      /* assert on the output */
      
      This ensures that you're testing the behavior the user would see in the browser. Learn more at https://reactjs.org/link/wrap-tests-with-act
          at Contact (/workspaces/netsanet-portfolio/src/components/Contact/Contact.tsx:17:44)

      30 |
      31 |   const handleInputChange = (field: keyof ContactFormData, value: string) => {
    > 32 |     setFormState(prev => ({
         |     ^
      33 |       ...prev,
      34 |       data: {
      35 |         ...prev.data,

      at printWarning (node_modules/react-dom/cjs/react-dom.development.js:86:30)
      at error (node_modules/react-dom/cjs/react-dom.development.js:60:7)
      at warnIfUpdatesNotWrappedWithActDEV (node_modules/react-dom/cjs/react-dom.development.js:27628:9)
      at scheduleUpdateOnFiber (node_modules/react-dom/cjs/react-dom.development.js:25547:5)
      at dispatchSetState (node_modules/react-dom/cjs/react-dom.development.js:16708:7)
      at handleInputChange (src/components/Contact/Contact.tsx:32:5)
      at onChange (src/components/Contact/Contact.tsx:301:34)
      at HTMLUnknownElement.callCallback (node_modules/react-dom/cjs/react-dom.development.js:4164:14)
      at HTMLUnknownElement.callTheUserObjectsOperation (node_modules/jsdom/lib/jsdom/living/generated/EventListener.js:26:30)
      at innerInvokeEventListeners (node_modules/jsdom/lib/jsdom/living/events/EventTarget-impl.js:350:25)
      at invokeEventListeners (node_modules/jsdom/lib/jsdom/living/events/EventTarget-impl.js:286:3)
      at HTMLUnknownElementImpl._dispatch (node_modules/jsdom/lib/jsdom/living/events/EventTarget-impl.js:233:9)
      at HTMLUnknownElementImpl.dispatchEvent (node_modules/jsdom/lib/jsdom/living/events/EventTarget-impl.js:104:17)
      at HTMLUnknownElement.dispatchEvent (node_modules/jsdom/lib/jsdom/living/generated/EventTarget.js:241:34)
      at Object.invokeGuardedCallbackDev (node_modules/react-dom/cjs/react-dom.development.js:4213:16)
      at invokeGuardedCallback (node_modules/react-dom/cjs/react-dom.development.js:4277:31)
      at invokeGuardedCallbackAndCatchFirstError (node_modules/react-dom/cjs/react-dom.development.js:4291:25)
      at executeDispatch (node_modules/react-dom/cjs/react-dom.development.js:9041:3)
      at processDispatchQueueItemsInOrder (node_modules/react-dom/cjs/react-dom.development.js:9073:7)
      at processDispatchQueue (node_modules/react-dom/cjs/react-dom.development.js:9086:5)
      at dispatchEventsForPlugins (node_modules/react-dom/cjs/react-dom.development.js:9097:3)
      at node_modules/react-dom/cjs/react-dom.development.js:9288:12
      at batchedUpdates$1 (node_modules/react-dom/cjs/react-dom.development.js:26179:12)
      at batchedUpdates (node_modules/react-dom/cjs/react-dom.development.js:3991:12)
      at dispatchEventForPluginEventSystem (node_modules/react-dom/cjs/react-dom.development.js:9287:3)
      at dispatchEventWithEnableCapturePhaseSelectiveHydrationWithoutDiscreteEventReplay (node_modules/react-dom/cjs/react-dom.development.js:6465:5)
      at dispatchEvent (node_modules/react-dom/cjs/react-dom.development.js:6457:5)
      at dispatchDiscreteEvent (node_modules/react-dom/cjs/react-dom.development.js:6430:5)
      at HTMLDivElement.callTheUserObjectsOperation (node_modules/jsdom/lib/jsdom/living/generated/EventListener.js:26:30)
      at innerInvokeEventListeners (node_modules/jsdom/lib/jsdom/living/events/EventTarget-impl.js:350:25)
      at invokeEventListeners (node_modules/jsdom/lib/jsdom/living/events/EventTarget-impl.js:286:3)
      at HTMLTextAreaElementImpl._dispatch (node_modules/jsdom/lib/jsdom/living/events/EventTarget-impl.js:233:9)
      at HTMLTextAreaElementImpl.dispatchEvent (node_modules/jsdom/lib/jsdom/living/events/EventTarget-impl.js:104:17)
      at HTMLTextAreaElement.dispatchEvent (node_modules/jsdom/lib/jsdom/living/generated/EventTarget.js:241:34)
      at node_modules/@testing-library/user-event/dist/cjs/event/dispatchEvent.js:45:43
      at Object.eventWrapper (node_modules/@testing-library/dom/dist/config.js:25:23)
      at Object.wrapEvent (node_modules/@testing-library/user-event/dist/cjs/event/wrapEvent.js:6:28)
      at Object.dispatchEvent (node_modules/@testing-library/user-event/dist/cjs/event/dispatchEvent.js:45:22)
      at Object.dispatchUIEvent (node_modules/@testing-library/user-event/dist/cjs/event/dispatchEvent.js:22:26)
      at commitInput (node_modules/@testing-library/user-event/dist/cjs/event/input.js:145:14)
      at editInputElement (node_modules/@testing-library/user-event/dist/cjs/event/input.js:115:9)
      at Object.input (node_modules/@testing-library/user-event/dist/cjs/event/input.js:37:9)
      at node_modules/@testing-library/user-event/dist/cjs/event/behavior/keypress.js:31:26
      at Object.dispatchEvent (node_modules/@testing-library/user-event/dist/cjs/event/dispatchEvent.js:41:13)
      at Object.dispatchUIEvent (node_modules/@testing-library/user-event/dist/cjs/event/dispatchEvent.js:22:26)
      at KeyboardHost.keydown (node_modules/@testing-library/user-event/dist/cjs/system/keyboard.js:76:22)
      at keyboardAction (node_modules/@testing-library/user-event/dist/cjs/keyboard/index.js:22:35)
      at Object.keyboard (node_modules/@testing-library/user-event/dist/cjs/keyboard/index.js:11:15)
      at Object.type (node_modules/@testing-library/user-event/dist/cjs/utility/type.js:17:5)
      at src/components/Contact/Contact.test.tsx:78:15
      at AsyncProperty.run (node_modules/fast-check/lib/check/property/AsyncProperty.generic.js:49:28)
      at asyncRunIt (node_modules/fast-check/lib/check/runner/Runner.js:37:21)
      at Object.<anonymous> (src/components/Contact/Contact.test.tsx:39:5)

    console.error
      Warning: An update to Contact inside a test was not wrapped in act(...).
      
      When testing, code that causes React state updates should be wrapped into act(...):
      
      act(() => {
        /* fire events that update state */
      });
      /* assert on the output */
      
      This ensures that you're testing the behavior the user would see in the browser. Learn more at https://reactjs.org/link/wrap-tests-with-act
          at Contact (/workspaces/netsanet-portfolio/src/components/Contact/Contact.tsx:17:44)

      51 |     
      52 |     if (!validation.isValid) {
    > 53 |       setFormState(prev => ({
         |       ^
      54 |         ...prev,
      55 |         errors: validation.fieldErrors
      56 |       }));

      at printWarning (node_modules/react-dom/cjs/react-dom.development.js:86:30)
      at error (node_modules/react-dom/cjs/react-dom.development.js:60:7)
      at warnIfUpdatesNotWrappedWithActDEV (node_modules/react-dom/cjs/react-dom.development.js:27628:9)
      at scheduleUpdateOnFiber (node_modules/react-dom/cjs/react-dom.development.js:25547:5)
      at dispatchSetState (node_modules/react-dom/cjs/react-dom.development.js:16708:7)
      at handleSubmit (src/components/Contact/Contact.tsx:53:7)
      at HTMLUnknownElement.callCallback (node_modules/react-dom/cjs/react-dom.development.js:4164:14)
      at HTMLUnknownElement.callTheUserObjectsOperation (node_modules/jsdom/lib/jsdom/living/generated/EventListener.js:26:30)
      at innerInvokeEventListeners (node_modules/jsdom/lib/jsdom/living/events/EventTarget-impl.js:350:25)
      at invokeEventListeners (node_modules/jsdom/lib/jsdom/living/events/EventTarget-impl.js:286:3)
      at HTMLUnknownElementImpl._dispatch (node_modules/jsdom/lib/jsdom/living/events/EventTarget-impl.js:233:9)
      at HTMLUnknownElementImpl.dispatchEvent (node_modules/jsdom/lib/jsdom/living/events/EventTarget-impl.js:104:17)
      at HTMLUnknownElement.dispatchEvent (node_modules/jsdom/lib/jsdom/living/generated/EventTarget.js:241:34)
      at Object.invokeGuardedCallbackDev (node_modules/react-dom/cjs/react-dom.development.js:4213:16)
      at invokeGuardedCallback (node_modules/react-dom/cjs/react-dom.development.js:4277:31)
      at invokeGuardedCallbackAndCatchFirstError (node_modules/react-dom/cjs/react-dom.development.js:4291:25)
      at executeDispatch (node_modules/react-dom/cjs/react-dom.development.js:9041:3)
      at processDispatchQueueItemsInOrder (node_modules/react-dom/cjs/react-dom.development.js:9073:7)
      at processDispatchQueue (node_modules/react-dom/cjs/react-dom.development.js:9086:5)
      at dispatchEventsForPlugins (node_modules/react-dom/cjs/react-dom.development.js:9097:3)
      at node_modules/react-dom/cjs/react-dom.development.js:9288:12
      at batchedUpdates$1 (node_modules/react-dom/cjs/react-dom.development.js:26179:12)
      at batchedUpdates (node_modules/react-dom/cjs/react-dom.development.js:3991:12)
      at dispatchEventForPluginEventSystem (node_modules/react-dom/cjs/react-dom.development.js:9287:3)
      at dispatchEventWithEnableCapturePhaseSelectiveHydrationWithoutDiscreteEventReplay (node_modules/react-dom/cjs/react-dom.development.js:6465:5)
      at dispatchEvent (node_modules/react-dom/cjs/react-dom.development.js:6457:5)
      at dispatchDiscreteEvent (node_modules/react-dom/cjs/react-dom.development.js:6430:5)
      at HTMLDivElement.callTheUserObjectsOperation (node_modules/jsdom/lib/jsdom/living/generated/EventListener.js:26:30)
      at innerInvokeEventListeners (node_modules/jsdom/lib/jsdom/living/events/EventTarget-impl.js:350:25)
      at invokeEventListeners (node_modules/jsdom/lib/jsdom/living/events/EventTarget-impl.js:286:3)
      at HTMLFormElementImpl._dispatch (node_modules/jsdom/lib/jsdom/living/events/EventTarget-impl.js:233:9)
      at fireAnEvent (node_modules/jsdom/lib/jsdom/living/helpers/events.js:18:36)
      at HTMLFormElementImpl.requestSubmit (node_modules/jsdom/lib/jsdom/living/nodes/HTMLFormElement-impl.js:109:10)
      at HTMLFormElementImpl._doRequestSubmit (node_modules/jsdom/lib/jsdom/living/nodes/HTMLFormElement-impl.js:79:10)
      at HTMLButtonElementImpl._activationBehavior (node_modules/jsdom/lib/jsdom/living/nodes/HTMLButtonElement-impl.js:23:14)
      at HTMLButtonElementImpl._dispatch (node_modules/jsdom/lib/jsdom/living/events/EventTarget-impl.js:252:26)
      at HTMLButtonElementImpl.dispatchEvent (node_modules/jsdom/lib/jsdom/living/events/EventTarget-impl.js:104:17)
      at HTMLButtonElement.dispatchEvent (node_modules/jsdom/lib/jsdom/living/generated/EventTarget.js:241:34)
      at node_modules/@testing-library/user-event/dist/cjs/event/dispatchEvent.js:45:43
      at Object.eventWrapper (node_modules/@testing-library/dom/dist/config.js:25:23)
      at Object.wrapEvent (node_modules/@testing-library/user-event/dist/cjs/event/wrapEvent.js:6:28)
      at Object.dispatchEvent (node_modules/@testing-library/user-event/dist/cjs/event/dispatchEvent.js:45:22)
      at Object.dispatchUIEvent (node_modules/@testing-library/user-event/dist/cjs/event/dispatchEvent.js:22:26)
      at Mouse.up (node_modules/@testing-library/user-event/dist/cjs/system/pointer/mouse.js:100:30)
      at PointerHost.release (node_modules/@testing-library/user-event/dist/cjs/system/pointer/index.js:87:24)
      at pointerAction (node_modules/@testing-library/user-event/dist/cjs/pointer/index.js:54:47)
      at Object.pointer (node_modules/@testing-library/user-event/dist/cjs/pointer/index.js:27:9)
      at src/components/Contact/Contact.test.tsx:82:13
      at AsyncProperty.run (node_modules/fast-check/lib/check/property/AsyncProperty.generic.js:49:28)
      at asyncRunIt (node_modules/fast-check/lib/check/runner/Runner.js:37:21)
      at Object.<anonymous> (src/components/Contact/Contact.test.tsx:39:5)

    console.error
      Warning: An update to Contact inside a test was not wrapped in act(...).
      
      When testing, code that causes React state updates should be wrapped into act(...):
      
      act(() => {
        /* fire events that update state */
      });
      /* assert on the output */
      
      This ensures that you're testing the behavior the user would see in the browser. Learn more at https://reactjs.org/link/wrap-tests-with-act
          at Contact (/workspaces/netsanet-portfolio/src/components/Contact/Contact.tsx:17:44)

      30 |
      31 |   const handleInputChange = (field: keyof ContactFormData, value: string) => {
    > 32 |     setFormState(prev => ({
         |     ^
      33 |       ...prev,
      34 |       data: {
      35 |         ...prev.data,

      at printWarning (node_modules/react-dom/cjs/react-dom.development.js:86:30)
      at error (node_modules/react-dom/cjs/react-dom.development.js:60:7)
      at warnIfUpdatesNotWrappedWithActDEV (node_modules/react-dom/cjs/react-dom.development.js:27628:9)
      at scheduleUpdateOnFiber (node_modules/react-dom/cjs/react-dom.development.js:25547:5)
      at dispatchSetState (node_modules/react-dom/cjs/react-dom.development.js:16708:7)
      at handleInputChange (src/components/Contact/Contact.tsx:32:5)
      at onChange (src/components/Contact/Contact.tsx:301:34)
      at HTMLUnknownElement.callCallback (node_modules/react-dom/cjs/react-dom.development.js:4164:14)
      at HTMLUnknownElement.callTheUserObjectsOperation (node_modules/jsdom/lib/jsdom/living/generated/EventListener.js:26:30)
      at innerInvokeEventListeners (node_modules/jsdom/lib/jsdom/living/events/EventTarget-impl.js:350:25)
      at invokeEventListeners (node_modules/jsdom/lib/jsdom/living/events/EventTarget-impl.js:286:3)
      at HTMLUnknownElementImpl._dispatch (node_modules/jsdom/lib/jsdom/living/events/EventTarget-impl.js:233:9)
      at HTMLUnknownElementImpl.dispatchEvent (node_modules/jsdom/lib/jsdom/living/events/EventTarget-impl.js:104:17)
      at HTMLUnknownElement.dispatchEvent (node_modules/jsdom/lib/jsdom/living/generated/EventTarget.js:241:34)
      at Object.invokeGuardedCallbackDev (node_modules/react-dom/cjs/react-dom.development.js:4213:16)
      at invokeGuardedCallback (node_modules/react-dom/cjs/react-dom.development.js:4277:31)
      at invokeGuardedCallbackAndCatchFirstError (node_modules/react-dom/cjs/react-dom.development.js:4291:25)
      at executeDispatch (node_modules/react-dom/cjs/react-dom.development.js:9041:3)
      at processDispatchQueueItemsInOrder (node_modules/react-dom/cjs/react-dom.development.js:9073:7)
      at processDispatchQueue (node_modules/react-dom/cjs/react-dom.development.js:9086:5)
      at dispatchEventsForPlugins (node_modules/react-dom/cjs/react-dom.development.js:9097:3)
      at node_modules/react-dom/cjs/react-dom.development.js:9288:12
      at batchedUpdates$1 (node_modules/react-dom/cjs/react-dom.development.js:26179:12)
      at batchedUpdates (node_modules/react-dom/cjs/react-dom.development.js:3991:12)
      at dispatchEventForPluginEventSystem (node_modules/react-dom/cjs/react-dom.development.js:9287:3)
      at dispatchEventWithEnableCapturePhaseSelectiveHydrationWithoutDiscreteEventReplay (node_modules/react-dom/cjs/react-dom.development.js:6465:5)
      at dispatchEvent (node_modules/react-dom/cjs/react-dom.development.js:6457:5)
      at dispatchDiscreteEvent (node_modules/react-dom/cjs/react-dom.development.js:6430:5)
      at HTMLDivElement.callTheUserObjectsOperation (node_modules/jsdom/lib/jsdom/living/generated/EventListener.js:26:30)
      at innerInvokeEventListeners (node_modules/jsdom/lib/jsdom/living/events/EventTarget-impl.js:350:25)
      at invokeEventListeners (node_modules/jsdom/lib/jsdom/living/events/EventTarget-impl.js:286:3)
      at HTMLTextAreaElementImpl._dispatch (node_modules/jsdom/lib/jsdom/living/events/EventTarget-impl.js:233:9)
      at HTMLTextAreaElementImpl.dispatchEvent (node_modules/jsdom/lib/jsdom/living/events/EventTarget-impl.js:104:17)
      at HTMLTextAreaElement.dispatchEvent (node_modules/jsdom/lib/jsdom/living/generated/EventTarget.js:241:34)
      at node_modules/@testing-library/user-event/dist/cjs/event/dispatchEvent.js:45:43
      at Object.eventWrapper (node_modules/@testing-library/dom/dist/config.js:25:23)
      at Object.wrapEvent (node_modules/@testing-library/user-event/dist/cjs/event/wrapEvent.js:6:28)
      at Object.dispatchEvent (node_modules/@testing-library/user-event/dist/cjs/event/dispatchEvent.js:45:22)
      at Object.dispatchUIEvent (node_modules/@testing-library/user-event/dist/cjs/event/dispatchEvent.js:22:26)
      at commitInput (node_modules/@testing-library/user-event/dist/cjs/event/input.js:145:14)
      at editInputElement (node_modules/@testing-library/user-event/dist/cjs/event/input.js:115:9)
      at Object.input (node_modules/@testing-library/user-event/dist/cjs/event/input.js:37:9)
      at node_modules/@testing-library/user-event/dist/cjs/event/behavior/keypress.js:31:26
      at Object.dispatchEvent (node_modules/@testing-library/user-event/dist/cjs/event/dispatchEvent.js:41:13)
      at Object.dispatchUIEvent (node_modules/@testing-library/user-event/dist/cjs/event/dispatchEvent.js:22:26)
      at KeyboardHost.keydown (node_modules/@testing-library/user-event/dist/cjs/system/keyboard.js:76:22)
      at keyboardAction (node_modules/@testing-library/user-event/dist/cjs/keyboard/index.js:22:35)
      at Object.keyboard (node_modules/@testing-library/user-event/dist/cjs/keyboard/index.js:11:15)
      at Object.type (node_modules/@testing-library/user-event/dist/cjs/utility/type.js:17:5)
      at src/components/Contact/Contact.test.tsx:78:15
      at AsyncProperty.run (node_modules/fast-check/lib/check/property/AsyncProperty.generic.js:49:28)
      at asyncRunIt (node_modules/fast-check/lib/check/runner/Runner.js:37:21)
      at Object.<anonymous> (src/components/Contact/Contact.test.tsx:39:5)

    console.error
      Warning: An update to Contact inside a test was not wrapped in act(...).
      
      When testing, code that causes React state updates should be wrapped into act(...):
      
      act(() => {
        /* fire events that update state */
      });
      /* assert on the output */
      
      This ensures that you're testing the behavior the user would see in the browser. Learn more at https://reactjs.org/link/wrap-tests-with-act
          at Contact (/workspaces/netsanet-portfolio/src/components/Contact/Contact.tsx:17:44)

      30 |
      31 |   const handleInputChange = (field: keyof ContactFormData, value: string) => {
    > 32 |     setFormState(prev => ({
         |     ^
      33 |       ...prev,
      34 |       data: {
      35 |         ...prev.data,

      at printWarning (node_modules/react-dom/cjs/react-dom.development.js:86:30)
      at error (node_modules/react-dom/cjs/react-dom.development.js:60:7)
      at warnIfUpdatesNotWrappedWithActDEV (node_modules/react-dom/cjs/react-dom.development.js:27628:9)
      at scheduleUpdateOnFiber (node_modules/react-dom/cjs/react-dom.development.js:25547:5)
      at dispatchSetState (node_modules/react-dom/cjs/react-dom.development.js:16708:7)
      at handleInputChange (src/components/Contact/Contact.tsx:32:5)
      at onChange (src/components/Contact/Contact.tsx:301:34)
      at HTMLUnknownElement.callCallback (node_modules/react-dom/cjs/react-dom.development.js:4164:14)
      at HTMLUnknownElement.callTheUserObjectsOperation (node_modules/jsdom/lib/jsdom/living/generated/EventListener.js:26:30)
      at innerInvokeEventListeners (node_modules/jsdom/lib/jsdom/living/events/EventTarget-impl.js:350:25)
      at invokeEventListeners (node_modules/jsdom/lib/jsdom/living/events/EventTarget-impl.js:286:3)
      at HTMLUnknownElementImpl._dispatch (node_modules/jsdom/lib/jsdom/living/events/EventTarget-impl.js:233:9)
      at HTMLUnknownElementImpl.dispatchEvent (node_modules/jsdom/lib/jsdom/living/events/EventTarget-impl.js:104:17)
      at HTMLUnknownElement.dispatchEvent (node_modules/jsdom/lib/jsdom/living/generated/EventTarget.js:241:34)
      at Object.invokeGuardedCallbackDev (node_modules/react-dom/cjs/react-dom.development.js:4213:16)
      at invokeGuardedCallback (node_modules/react-dom/cjs/react-dom.development.js:4277:31)
      at invokeGuardedCallbackAndCatchFirstError (node_modules/react-dom/cjs/react-dom.development.js:4291:25)
      at executeDispatch (node_modules/react-dom/cjs/react-dom.development.js:9041:3)
      at processDispatchQueueItemsInOrder (node_modules/react-dom/cjs/react-dom.development.js:9073:7)
      at processDispatchQueue (node_modules/react-dom/cjs/react-dom.development.js:9086:5)
      at dispatchEventsForPlugins (node_modules/react-dom/cjs/react-dom.development.js:9097:3)
      at node_modules/react-dom/cjs/react-dom.development.js:9288:12
      at batchedUpdates$1 (node_modules/react-dom/cjs/react-dom.development.js:26179:12)
      at batchedUpdates (node_modules/react-dom/cjs/react-dom.development.js:3991:12)
      at dispatchEventForPluginEventSystem (node_modules/react-dom/cjs/react-dom.development.js:9287:3)
      at dispatchEventWithEnableCapturePhaseSelectiveHydrationWithoutDiscreteEventReplay (node_modules/react-dom/cjs/react-dom.development.js:6465:5)
      at dispatchEvent (node_modules/react-dom/cjs/react-dom.development.js:6457:5)
      at dispatchDiscreteEvent (node_modules/react-dom/cjs/react-dom.development.js:6430:5)
      at HTMLDivElement.callTheUserObjectsOperation (node_modules/jsdom/lib/jsdom/living/generated/EventListener.js:26:30)
      at innerInvokeEventListeners (node_modules/jsdom/lib/jsdom/living/events/EventTarget-impl.js:350:25)
      at invokeEventListeners (node_modules/jsdom/lib/jsdom/living/events/EventTarget-impl.js:286:3)
      at HTMLTextAreaElementImpl._dispatch (node_modules/jsdom/lib/jsdom/living/events/EventTarget-impl.js:233:9)
      at HTMLTextAreaElementImpl.dispatchEvent (node_modules/jsdom/lib/jsdom/living/events/EventTarget-impl.js:104:17)
      at HTMLTextAreaElement.dispatchEvent (node_modules/jsdom/lib/jsdom/living/generated/EventTarget.js:241:34)
      at node_modules/@testing-library/user-event/dist/cjs/event/dispatchEvent.js:45:43
      at Object.eventWrapper (node_modules/@testing-library/dom/dist/config.js:25:23)
      at Object.wrapEvent (node_modules/@testing-library/user-event/dist/cjs/event/wrapEvent.js:6:28)
      at Object.dispatchEvent (node_modules/@testing-library/user-event/dist/cjs/event/dispatchEvent.js:45:22)
      at Object.dispatchUIEvent (node_modules/@testing-library/user-event/dist/cjs/event/dispatchEvent.js:22:26)
      at commitInput (node_modules/@testing-library/user-event/dist/cjs/event/input.js:145:14)
      at editInputElement (node_modules/@testing-library/user-event/dist/cjs/event/input.js:115:9)
      at Object.input (node_modules/@testing-library/user-event/dist/cjs/event/input.js:37:9)
      at node_modules/@testing-library/user-event/dist/cjs/event/behavior/keypress.js:31:26
      at Object.dispatchEvent (node_modules/@testing-library/user-event/dist/cjs/event/dispatchEvent.js:41:13)
      at Object.dispatchUIEvent (node_modules/@testing-library/user-event/dist/cjs/event/dispatchEvent.js:22:26)
      at KeyboardHost.keydown (node_modules/@testing-library/user-event/dist/cjs/system/keyboard.js:76:22)
      at keyboardAction (node_modules/@testing-library/user-event/dist/cjs/keyboard/index.js:22:35)
      at Object.keyboard (node_modules/@testing-library/user-event/dist/cjs/keyboard/index.js:11:15)
      at Object.type (node_modules/@testing-library/user-event/dist/cjs/utility/type.js:17:5)
      at src/components/Contact/Contact.test.tsx:78:15
      at AsyncProperty.run (node_modules/fast-check/lib/check/property/AsyncProperty.generic.js:49:28)
      at asyncRunIt (node_modules/fast-check/lib/check/runner/Runner.js:37:21)
      at Object.<anonymous> (src/components/Contact/Contact.test.tsx:39:5)

    console.error
      Warning: An update to Contact inside a test was not wrapped in act(...).
      
      When testing, code that causes React state updates should be wrapped into act(...):
      
      act(() => {
        /* fire events that update state */
      });
      /* assert on the output */
      
      This ensures that you're testing the behavior the user would see in the browser. Learn more at https://reactjs.org/link/wrap-tests-with-act
          at Contact (/workspaces/netsanet-portfolio/src/components/Contact/Contact.tsx:17:44)

      51 |     
      52 |     if (!validation.isValid) {
    > 53 |       setFormState(prev => ({
         |       ^
      54 |         ...prev,
      55 |         errors: validation.fieldErrors
      56 |       }));

      at printWarning (node_modules/react-dom/cjs/react-dom.development.js:86:30)
      at error (node_modules/react-dom/cjs/react-dom.development.js:60:7)
      at warnIfUpdatesNotWrappedWithActDEV (node_modules/react-dom/cjs/react-dom.development.js:27628:9)
      at scheduleUpdateOnFiber (node_modules/react-dom/cjs/react-dom.development.js:25547:5)
      at dispatchSetState (node_modules/react-dom/cjs/react-dom.development.js:16708:7)
      at handleSubmit (src/components/Contact/Contact.tsx:53:7)
      at HTMLUnknownElement.callCallback (node_modules/react-dom/cjs/react-dom.development.js:4164:14)
      at HTMLUnknownElement.callTheUserObjectsOperation (node_modules/jsdom/lib/jsdom/living/generated/EventListener.js:26:30)
      at innerInvokeEventListeners (node_modules/jsdom/lib/jsdom/living/events/EventTarget-impl.js:350:25)
      at invokeEventListeners (node_modules/jsdom/lib/jsdom/living/events/EventTarget-impl.js:286:3)
      at HTMLUnknownElementImpl._dispatch (node_modules/jsdom/lib/jsdom/living/events/EventTarget-impl.js:233:9)
      at HTMLUnknownElementImpl.dispatchEvent (node_modules/jsdom/lib/jsdom/living/events/EventTarget-impl.js:104:17)
      at HTMLUnknownElement.dispatchEvent (node_modules/jsdom/lib/jsdom/living/generated/EventTarget.js:241:34)
      at Object.invokeGuardedCallbackDev (node_modules/react-dom/cjs/react-dom.development.js:4213:16)
      at invokeGuardedCallback (node_modules/react-dom/cjs/react-dom.development.js:4277:31)
      at invokeGuardedCallbackAndCatchFirstError (node_modules/react-dom/cjs/react-dom.development.js:4291:25)
      at executeDispatch (node_modules/react-dom/cjs/react-dom.development.js:9041:3)
      at processDispatchQueueItemsInOrder (node_modules/react-dom/cjs/react-dom.development.js:9073:7)
      at processDispatchQueue (node_modules/react-dom/cjs/react-dom.development.js:9086:5)
      at dispatchEventsForPlugins (node_modules/react-dom/cjs/react-dom.development.js:9097:3)
      at node_modules/react-dom/cjs/react-dom.development.js:9288:12
      at batchedUpdates$1 (node_modules/react-dom/cjs/react-dom.development.js:26179:12)
      at batchedUpdates (node_modules/react-dom/cjs/react-dom.development.js:3991:12)
      at dispatchEventForPluginEventSystem (node_modules/react-dom/cjs/react-dom.development.js:9287:3)
      at dispatchEventWithEnableCapturePhaseSelectiveHydrationWithoutDiscreteEventReplay (node_modules/react-dom/cjs/react-dom.development.js:6465:5)
      at dispatchEvent (node_modules/react-dom/cjs/react-dom.development.js:6457:5)
      at dispatchDiscreteEvent (node_modules/react-dom/cjs/react-dom.development.js:6430:5)
      at HTMLDivElement.callTheUserObjectsOperation (node_modules/jsdom/lib/jsdom/living/generated/EventListener.js:26:30)
      at innerInvokeEventListeners (node_modules/jsdom/lib/jsdom/living/events/EventTarget-impl.js:350:25)
      at invokeEventListeners (node_modules/jsdom/lib/jsdom/living/events/EventTarget-impl.js:286:3)
      at HTMLFormElementImpl._dispatch (node_modules/jsdom/lib/jsdom/living/events/EventTarget-impl.js:233:9)
      at fireAnEvent (node_modules/jsdom/lib/jsdom/living/helpers/events.js:18:36)
      at HTMLFormElementImpl.requestSubmit (node_modules/jsdom/lib/jsdom/living/nodes/HTMLFormElement-impl.js:109:10)
      at HTMLFormElementImpl._doRequestSubmit (node_modules/jsdom/lib/jsdom/living/nodes/HTMLFormElement-impl.js:79:10)
      at HTMLButtonElementImpl._activationBehavior (node_modules/jsdom/lib/jsdom/living/nodes/HTMLButtonElement-impl.js:23:14)
      at HTMLButtonElementImpl._dispatch (node_modules/jsdom/lib/jsdom/living/events/EventTarget-impl.js:252:26)
      at HTMLButtonElementImpl.dispatchEvent (node_modules/jsdom/lib/jsdom/living/events/EventTarget-impl.js:104:17)
      at HTMLButtonElement.dispatchEvent (node_modules/jsdom/lib/jsdom/living/generated/EventTarget.js:241:34)
      at node_modules/@testing-library/user-event/dist/cjs/event/dispatchEvent.js:45:43
      at Object.eventWrapper (node_modules/@testing-library/dom/dist/config.js:25:23)
      at Object.wrapEvent (node_modules/@testing-library/user-event/dist/cjs/event/wrapEvent.js:6:28)
      at Object.dispatchEvent (node_modules/@testing-library/user-event/dist/cjs/event/dispatchEvent.js:45:22)
      at Object.dispatchUIEvent (node_modules/@testing-library/user-event/dist/cjs/event/dispatchEvent.js:22:26)
      at Mouse.up (node_modules/@testing-library/user-event/dist/cjs/system/pointer/mouse.js:100:30)
      at PointerHost.release (node_modules/@testing-library/user-event/dist/cjs/system/pointer/index.js:87:24)
      at pointerAction (node_modules/@testing-library/user-event/dist/cjs/pointer/index.js:54:47)
      at Object.pointer (node_modules/@testing-library/user-event/dist/cjs/pointer/index.js:27:9)
      at src/components/Contact/Contact.test.tsx:82:13
      at AsyncProperty.run (node_modules/fast-check/lib/check/property/AsyncProperty.generic.js:49:28)
      at asyncRunIt (node_modules/fast-check/lib/check/runner/Runner.js:37:21)
      at Object.<anonymous> (src/components/Contact/Contact.test.tsx:39:5)

    console.error
      Warning: An update to Contact inside a test was not wrapped in act(...).
      
      When testing, code that causes React state updates should be wrapped into act(...):
      
      act(() => {
        /* fire events that update state */
      });
      /* assert on the output */
      
      This ensures that you're testing the behavior the user would see in the browser. Learn more at https://reactjs.org/link/wrap-tests-with-act
          at Contact (/workspaces/netsanet-portfolio/src/components/Contact/Contact.tsx:17:44)

      51 |     
      52 |     if (!validation.isValid) {
    > 53 |       setFormState(prev => ({
         |       ^
      54 |         ...prev,
      55 |         errors: validation.fieldErrors
      56 |       }));

      at printWarning (node_modules/react-dom/cjs/react-dom.development.js:86:30)
      at error (node_modules/react-dom/cjs/react-dom.development.js:60:7)
      at warnIfUpdatesNotWrappedWithActDEV (node_modules/react-dom/cjs/react-dom.development.js:27628:9)
      at scheduleUpdateOnFiber (node_modules/react-dom/cjs/react-dom.development.js:25547:5)
      at dispatchSetState (node_modules/react-dom/cjs/react-dom.development.js:16708:7)
      at handleSubmit (src/components/Contact/Contact.tsx:53:7)
      at HTMLUnknownElement.callCallback (node_modules/react-dom/cjs/react-dom.development.js:4164:14)
      at HTMLUnknownElement.callTheUserObjectsOperation (node_modules/jsdom/lib/jsdom/living/generated/EventListener.js:26:30)
      at innerInvokeEventListeners (node_modules/jsdom/lib/jsdom/living/events/EventTarget-impl.js:350:25)
      at invokeEventListeners (node_modules/jsdom/lib/jsdom/living/events/EventTarget-impl.js:286:3)
      at HTMLUnknownElementImpl._dispatch (node_modules/jsdom/lib/jsdom/living/events/EventTarget-impl.js:233:9)
      at HTMLUnknownElementImpl.dispatchEvent (node_modules/jsdom/lib/jsdom/living/events/EventTarget-impl.js:104:17)
      at HTMLUnknownElement.dispatchEvent (node_modules/jsdom/lib/jsdom/living/generated/EventTarget.js:241:34)
      at Object.invokeGuardedCallbackDev (node_modules/react-dom/cjs/react-dom.development.js:4213:16)
      at invokeGuardedCallback (node_modules/react-dom/cjs/react-dom.development.js:4277:31)
      at invokeGuardedCallbackAndCatchFirstError (node_modules/react-dom/cjs/react-dom.development.js:4291:25)
      at executeDispatch (node_modules/react-dom/cjs/react-dom.development.js:9041:3)
      at processDispatchQueueItemsInOrder (node_modules/react-dom/cjs/react-dom.development.js:9073:7)
      at processDispatchQueue (node_modules/react-dom/cjs/react-dom.development.js:9086:5)
      at dispatchEventsForPlugins (node_modules/react-dom/cjs/react-dom.development.js:9097:3)
      at node_modules/react-dom/cjs/react-dom.development.js:9288:12
      at batchedUpdates$1 (node_modules/react-dom/cjs/react-dom.development.js:26179:12)
      at batchedUpdates (node_modules/react-dom/cjs/react-dom.development.js:3991:12)
      at dispatchEventForPluginEventSystem (node_modules/react-dom/cjs/react-dom.development.js:9287:3)
      at dispatchEventWithEnableCapturePhaseSelectiveHydrationWithoutDiscreteEventReplay (node_modules/react-dom/cjs/react-dom.development.js:6465:5)
      at dispatchEvent (node_modules/react-dom/cjs/react-dom.development.js:6457:5)
      at dispatchDiscreteEvent (node_modules/react-dom/cjs/react-dom.development.js:6430:5)
      at HTMLDivElement.callTheUserObjectsOperation (node_modules/jsdom/lib/jsdom/living/generated/EventListener.js:26:30)
      at innerInvokeEventListeners (node_modules/jsdom/lib/jsdom/living/events/EventTarget-impl.js:350:25)
      at invokeEventListeners (node_modules/jsdom/lib/jsdom/living/events/EventTarget-impl.js:286:3)
      at HTMLFormElementImpl._dispatch (node_modules/jsdom/lib/jsdom/living/events/EventTarget-impl.js:233:9)
      at fireAnEvent (node_modules/jsdom/lib/jsdom/living/helpers/events.js:18:36)
      at HTMLFormElementImpl.requestSubmit (node_modules/jsdom/lib/jsdom/living/nodes/HTMLFormElement-impl.js:109:10)
      at HTMLFormElementImpl._doRequestSubmit (node_modules/jsdom/lib/jsdom/living/nodes/HTMLFormElement-impl.js:79:10)
      at HTMLButtonElementImpl._activationBehavior (node_modules/jsdom/lib/jsdom/living/nodes/HTMLButtonElement-impl.js:23:14)
      at HTMLButtonElementImpl._dispatch (node_modules/jsdom/lib/jsdom/living/events/EventTarget-impl.js:252:26)
      at HTMLButtonElementImpl.dispatchEvent (node_modules/jsdom/lib/jsdom/living/events/EventTarget-impl.js:104:17)
      at HTMLButtonElement.dispatchEvent (node_modules/jsdom/lib/jsdom/living/generated/EventTarget.js:241:34)
      at node_modules/@testing-library/user-event/dist/cjs/event/dispatchEvent.js:45:43
      at Object.eventWrapper (node_modules/@testing-library/dom/dist/config.js:25:23)
      at Object.wrapEvent (node_modules/@testing-library/user-event/dist/cjs/event/wrapEvent.js:6:28)
      at Object.dispatchEvent (node_modules/@testing-library/user-event/dist/cjs/event/dispatchEvent.js:45:22)
      at Object.dispatchUIEvent (node_modules/@testing-library/user-event/dist/cjs/event/dispatchEvent.js:22:26)
      at Mouse.up (node_modules/@testing-library/user-event/dist/cjs/system/pointer/mouse.js:100:30)
      at PointerHost.release (node_modules/@testing-library/user-event/dist/cjs/system/pointer/index.js:87:24)
      at pointerAction (node_modules/@testing-library/user-event/dist/cjs/pointer/index.js:54:47)
      at Object.pointer (node_modules/@testing-library/user-event/dist/cjs/pointer/index.js:27:9)
      at src/components/Contact/Contact.test.tsx:82:13
      at AsyncProperty.run (node_modules/fast-check/lib/check/property/AsyncProperty.generic.js:49:28)
      at asyncRunIt (node_modules/fast-check/lib/check/runner/Runner.js:37:21)
      at Object.<anonymous> (src/components/Contact/Contact.test.tsx:39:5)

    console.error
      Warning: An update to Contact inside a test was not wrapped in act(...).
      
      When testing, code that causes React state updates should be wrapped into act(...):
      
      act(() => {
        /* fire events that update state */
      });
      /* assert on the output */
      
      This ensures that you're testing the behavior the user would see in the browser. Learn more at https://reactjs.org/link/wrap-tests-with-act
          at Contact (/workspaces/netsanet-portfolio/src/components/Contact/Contact.tsx:17:44)

      30 |
      31 |   const handleInputChange = (field: keyof ContactFormData, value: string) => {
    > 32 |     setFormState(prev => ({
         |     ^
      33 |       ...prev,
      34 |       data: {
      35 |         ...prev.data,

      at printWarning (node_modules/react-dom/cjs/react-dom.development.js:86:30)
      at error (node_modules/react-dom/cjs/react-dom.development.js:60:7)
      at warnIfUpdatesNotWrappedWithActDEV (node_modules/react-dom/cjs/react-dom.development.js:27628:9)
      at scheduleUpdateOnFiber (node_modules/react-dom/cjs/react-dom.development.js:25547:5)
      at dispatchSetState (node_modules/react-dom/cjs/react-dom.development.js:16708:7)
      at handleInputChange (src/components/Contact/Contact.tsx:32:5)
      at onChange (src/components/Contact/Contact.tsx:301:34)
      at HTMLUnknownElement.callCallback (node_modules/react-dom/cjs/react-dom.development.js:4164:14)
      at HTMLUnknownElement.callTheUserObjectsOperation (node_modules/jsdom/lib/jsdom/living/generated/EventListener.js:26:30)
      at innerInvokeEventListeners (node_modules/jsdom/lib/jsdom/living/events/EventTarget-impl.js:350:25)
      at invokeEventListeners (node_modules/jsdom/lib/jsdom/living/events/EventTarget-impl.js:286:3)
      at HTMLUnknownElementImpl._dispatch (node_modules/jsdom/lib/jsdom/living/events/EventTarget-impl.js:233:9)
      at HTMLUnknownElementImpl.dispatchEvent (node_modules/jsdom/lib/jsdom/living/events/EventTarget-impl.js:104:17)
      at HTMLUnknownElement.dispatchEvent (node_modules/jsdom/lib/jsdom/living/generated/EventTarget.js:241:34)
      at Object.invokeGuardedCallbackDev (node_modules/react-dom/cjs/react-dom.development.js:4213:16)
      at invokeGuardedCallback (node_modules/react-dom/cjs/react-dom.development.js:4277:31)
      at invokeGuardedCallbackAndCatchFirstError (node_modules/react-dom/cjs/react-dom.development.js:4291:25)
      at executeDispatch (node_modules/react-dom/cjs/react-dom.development.js:9041:3)
      at processDispatchQueueItemsInOrder (node_modules/react-dom/cjs/react-dom.development.js:9073:7)
      at processDispatchQueue (node_modules/react-dom/cjs/react-dom.development.js:9086:5)
      at dispatchEventsForPlugins (node_modules/react-dom/cjs/react-dom.development.js:9097:3)
      at node_modules/react-dom/cjs/react-dom.development.js:9288:12
      at batchedUpdates$1 (node_modules/react-dom/cjs/react-dom.development.js:26179:12)
      at batchedUpdates (node_modules/react-dom/cjs/react-dom.development.js:3991:12)
      at dispatchEventForPluginEventSystem (node_modules/react-dom/cjs/react-dom.development.js:9287:3)
      at dispatchEventWithEnableCapturePhaseSelectiveHydrationWithoutDiscreteEventReplay (node_modules/react-dom/cjs/react-dom.development.js:6465:5)
      at dispatchEvent (node_modules/react-dom/cjs/react-dom.development.js:6457:5)
      at dispatchDiscreteEvent (node_modules/react-dom/cjs/react-dom.development.js:6430:5)
      at HTMLDivElement.callTheUserObjectsOperation (node_modules/jsdom/lib/jsdom/living/generated/EventListener.js:26:30)
      at innerInvokeEventListeners (node_modules/jsdom/lib/jsdom/living/events/EventTarget-impl.js:350:25)
      at invokeEventListeners (node_modules/jsdom/lib/jsdom/living/events/EventTarget-impl.js:286:3)
      at HTMLTextAreaElementImpl._dispatch (node_modules/jsdom/lib/jsdom/living/events/EventTarget-impl.js:233:9)
      at HTMLTextAreaElementImpl.dispatchEvent (node_modules/jsdom/lib/jsdom/living/events/EventTarget-impl.js:104:17)
      at HTMLTextAreaElement.dispatchEvent (node_modules/jsdom/lib/jsdom/living/generated/EventTarget.js:241:34)
      at node_modules/@testing-library/user-event/dist/cjs/event/dispatchEvent.js:45:43
      at Object.eventWrapper (node_modules/@testing-library/dom/dist/config.js:25:23)
      at Object.wrapEvent (node_modules/@testing-library/user-event/dist/cjs/event/wrapEvent.js:6:28)
      at Object.dispatchEvent (node_modules/@testing-library/user-event/dist/cjs/event/dispatchEvent.js:45:22)
      at Object.dispatchUIEvent (node_modules/@testing-library/user-event/dist/cjs/event/dispatchEvent.js:22:26)
      at commitInput (node_modules/@testing-library/user-event/dist/cjs/event/input.js:145:14)
      at editInputElement (node_modules/@testing-library/user-event/dist/cjs/event/input.js:115:9)
      at Object.input (node_modules/@testing-library/user-event/dist/cjs/event/input.js:37:9)
      at node_modules/@testing-library/user-event/dist/cjs/event/behavior/keypress.js:31:26
      at Object.dispatchEvent (node_modules/@testing-library/user-event/dist/cjs/event/dispatchEvent.js:41:13)
      at Object.dispatchUIEvent (node_modules/@testing-library/user-event/dist/cjs/event/dispatchEvent.js:22:26)
      at KeyboardHost.keydown (node_modules/@testing-library/user-event/dist/cjs/system/keyboard.js:76:22)
      at keyboardAction (node_modules/@testing-library/user-event/dist/cjs/keyboard/index.js:22:35)
      at Object.keyboard (node_modules/@testing-library/user-event/dist/cjs/keyboard/index.js:11:15)
      at Object.type (node_modules/@testing-library/user-event/dist/cjs/utility/type.js:17:5)
      at src/components/Contact/Contact.test.tsx:78:15
      at AsyncProperty.run (node_modules/fast-check/lib/check/property/AsyncProperty.generic.js:49:28)
      at asyncRunIt (node_modules/fast-check/lib/check/runner/Runner.js:37:21)
      at Object.<anonymous> (src/components/Contact/Contact.test.tsx:39:5)

    console.error
      Warning: An update to Contact inside a test was not wrapped in act(...).
      
      When testing, code that causes React state updates should be wrapped into act(...):
      
      act(() => {
        /* fire events that update state */
      });
      /* assert on the output */
      
      This ensures that you're testing the behavior the user would see in the browser. Learn more at https://reactjs.org/link/wrap-tests-with-act
          at Contact (/workspaces/netsanet-portfolio/src/components/Contact/Contact.tsx:17:44)

      51 |     
      52 |     if (!validation.isValid) {
    > 53 |       setFormState(prev => ({
         |       ^
      54 |         ...prev,
      55 |         errors: validation.fieldErrors
      56 |       }));

      at printWarning (node_modules/react-dom/cjs/react-dom.development.js:86:30)
      at error (node_modules/react-dom/cjs/react-dom.development.js:60:7)
      at warnIfUpdatesNotWrappedWithActDEV (node_modules/react-dom/cjs/react-dom.development.js:27628:9)
      at scheduleUpdateOnFiber (node_modules/react-dom/cjs/react-dom.development.js:25547:5)
      at dispatchSetState (node_modules/react-dom/cjs/react-dom.development.js:16708:7)
      at handleSubmit (src/components/Contact/Contact.tsx:53:7)
      at HTMLUnknownElement.callCallback (node_modules/react-dom/cjs/react-dom.development.js:4164:14)
      at HTMLUnknownElement.callTheUserObjectsOperation (node_modules/jsdom/lib/jsdom/living/generated/EventListener.js:26:30)
      at innerInvokeEventListeners (node_modules/jsdom/lib/jsdom/living/events/EventTarget-impl.js:350:25)
      at invokeEventListeners (node_modules/jsdom/lib/jsdom/living/events/EventTarget-impl.js:286:3)
      at HTMLUnknownElementImpl._dispatch (node_modules/jsdom/lib/jsdom/living/events/EventTarget-impl.js:233:9)
      at HTMLUnknownElementImpl.dispatchEvent (node_modules/jsdom/lib/jsdom/living/events/EventTarget-impl.js:104:17)
      at HTMLUnknownElement.dispatchEvent (node_modules/jsdom/lib/jsdom/living/generated/EventTarget.js:241:34)
      at Object.invokeGuardedCallbackDev (node_modules/react-dom/cjs/react-dom.development.js:4213:16)
      at invokeGuardedCallback (node_modules/react-dom/cjs/react-dom.development.js:4277:31)
      at invokeGuardedCallbackAndCatchFirstError (node_modules/react-dom/cjs/react-dom.development.js:4291:25)
      at executeDispatch (node_modules/react-dom/cjs/react-dom.development.js:9041:3)
      at processDispatchQueueItemsInOrder (node_modules/react-dom/cjs/react-dom.development.js:9073:7)
      at processDispatchQueue (node_modules/react-dom/cjs/react-dom.development.js:9086:5)
      at dispatchEventsForPlugins (node_modules/react-dom/cjs/react-dom.development.js:9097:3)
      at node_modules/react-dom/cjs/react-dom.development.js:9288:12
      at batchedUpdates$1 (node_modules/react-dom/cjs/react-dom.development.js:26179:12)
      at batchedUpdates (node_modules/react-dom/cjs/react-dom.development.js:3991:12)
      at dispatchEventForPluginEventSystem (node_modules/react-dom/cjs/react-dom.development.js:9287:3)
      at dispatchEventWithEnableCapturePhaseSelectiveHydrationWithoutDiscreteEventReplay (node_modules/react-dom/cjs/react-dom.development.js:6465:5)
      at dispatchEvent (node_modules/react-dom/cjs/react-dom.development.js:6457:5)
      at dispatchDiscreteEvent (node_modules/react-dom/cjs/react-dom.development.js:6430:5)
      at HTMLDivElement.callTheUserObjectsOperation (node_modules/jsdom/lib/jsdom/living/generated/EventListener.js:26:30)
      at innerInvokeEventListeners (node_modules/jsdom/lib/jsdom/living/events/EventTarget-impl.js:350:25)
      at invokeEventListeners (node_modules/jsdom/lib/jsdom/living/events/EventTarget-impl.js:286:3)
      at HTMLFormElementImpl._dispatch (node_modules/jsdom/lib/jsdom/living/events/EventTarget-impl.js:233:9)
      at fireAnEvent (node_modules/jsdom/lib/jsdom/living/helpers/events.js:18:36)
      at HTMLFormElementImpl.requestSubmit (node_modules/jsdom/lib/jsdom/living/nodes/HTMLFormElement-impl.js:109:10)
      at HTMLFormElementImpl._doRequestSubmit (node_modules/jsdom/lib/jsdom/living/nodes/HTMLFormElement-impl.js:79:10)
      at HTMLButtonElementImpl._activationBehavior (node_modules/jsdom/lib/jsdom/living/nodes/HTMLButtonElement-impl.js:23:14)
      at HTMLButtonElementImpl._dispatch (node_modules/jsdom/lib/jsdom/living/events/EventTarget-impl.js:252:26)
      at HTMLButtonElementImpl.dispatchEvent (node_modules/jsdom/lib/jsdom/living/events/EventTarget-impl.js:104:17)
      at HTMLButtonElement.dispatchEvent (node_modules/jsdom/lib/jsdom/living/generated/EventTarget.js:241:34)
      at node_modules/@testing-library/user-event/dist/cjs/event/dispatchEvent.js:45:43
      at Object.eventWrapper (node_modules/@testing-library/dom/dist/config.js:25:23)
      at Object.wrapEvent (node_modules/@testing-library/user-event/dist/cjs/event/wrapEvent.js:6:28)
      at Object.dispatchEvent (node_modules/@testing-library/user-event/dist/cjs/event/dispatchEvent.js:45:22)
      at Object.dispatchUIEvent (node_modules/@testing-library/user-event/dist/cjs/event/dispatchEvent.js:22:26)
      at Mouse.up (node_modules/@testing-library/user-event/dist/cjs/system/pointer/mouse.js:100:30)
      at PointerHost.release (node_modules/@testing-library/user-event/dist/cjs/system/pointer/index.js:87:24)
      at pointerAction (node_modules/@testing-library/user-event/dist/cjs/pointer/index.js:54:47)
      at Object.pointer (node_modules/@testing-library/user-event/dist/cjs/pointer/index.js:27:9)
      at src/components/Contact/Contact.test.tsx:82:13
      at AsyncProperty.run (node_modules/fast-check/lib/check/property/AsyncProperty.generic.js:49:28)
      at asyncRunIt (node_modules/fast-check/lib/check/runner/Runner.js:37:21)
      at Object.<anonymous> (src/components/Contact/Contact.test.tsx:39:5)

    console.error
      Warning: An update to Contact inside a test was not wrapped in act(...).
      
      When testing, code that causes React state updates should be wrapped into act(...):
      
      act(() => {
        /* fire events that update state */
      });
      /* assert on the output */
      
      This ensures that you're testing the behavior the user would see in the browser. Learn more at https://reactjs.org/link/wrap-tests-with-act
          at Contact (/workspaces/netsanet-portfolio/src/components/Contact/Contact.tsx:17:44)

      30 |
      31 |   const handleInputChange = (field: keyof ContactFormData, value: string) => {
    > 32 |     setFormState(prev => ({
         |     ^
      33 |       ...prev,
      34 |       data: {
      35 |         ...prev.data,

      at printWarning (node_modules/react-dom/cjs/react-dom.development.js:86:30)
      at error (node_modules/react-dom/cjs/react-dom.development.js:60:7)
      at warnIfUpdatesNotWrappedWithActDEV (node_modules/react-dom/cjs/react-dom.development.js:27628:9)
      at scheduleUpdateOnFiber (node_modules/react-dom/cjs/react-dom.development.js:25547:5)
      at dispatchSetState (node_modules/react-dom/cjs/react-dom.development.js:16708:7)
      at handleInputChange (src/components/Contact/Contact.tsx:32:5)
      at onChange (src/components/Contact/Contact.tsx:301:34)
      at HTMLUnknownElement.callCallback (node_modules/react-dom/cjs/react-dom.development.js:4164:14)
      at HTMLUnknownElement.callTheUserObjectsOperation (node_modules/jsdom/lib/jsdom/living/generated/EventListener.js:26:30)
      at innerInvokeEventListeners (node_modules/jsdom/lib/jsdom/living/events/EventTarget-impl.js:350:25)
      at invokeEventListeners (node_modules/jsdom/lib/jsdom/living/events/EventTarget-impl.js:286:3)
      at HTMLUnknownElementImpl._dispatch (node_modules/jsdom/lib/jsdom/living/events/EventTarget-impl.js:233:9)
      at HTMLUnknownElementImpl.dispatchEvent (node_modules/jsdom/lib/jsdom/living/events/EventTarget-impl.js:104:17)
      at HTMLUnknownElement.dispatchEvent (node_modules/jsdom/lib/jsdom/living/generated/EventTarget.js:241:34)
      at Object.invokeGuardedCallbackDev (node_modules/react-dom/cjs/react-dom.development.js:4213:16)
      at invokeGuardedCallback (node_modules/react-dom/cjs/react-dom.development.js:4277:31)
      at invokeGuardedCallbackAndCatchFirstError (node_modules/react-dom/cjs/react-dom.development.js:4291:25)
      at executeDispatch (node_modules/react-dom/cjs/react-dom.development.js:9041:3)
      at processDispatchQueueItemsInOrder (node_modules/react-dom/cjs/react-dom.development.js:9073:7)
      at processDispatchQueue (node_modules/react-dom/cjs/react-dom.development.js:9086:5)
      at dispatchEventsForPlugins (node_modules/react-dom/cjs/react-dom.development.js:9097:3)
      at node_modules/react-dom/cjs/react-dom.development.js:9288:12
      at batchedUpdates$1 (node_modules/react-dom/cjs/react-dom.development.js:26179:12)
      at batchedUpdates (node_modules/react-dom/cjs/react-dom.development.js:3991:12)
      at dispatchEventForPluginEventSystem (node_modules/react-dom/cjs/react-dom.development.js:9287:3)
      at dispatchEventWithEnableCapturePhaseSelectiveHydrationWithoutDiscreteEventReplay (node_modules/react-dom/cjs/react-dom.development.js:6465:5)
      at dispatchEvent (node_modules/react-dom/cjs/react-dom.development.js:6457:5)
      at dispatchDiscreteEvent (node_modules/react-dom/cjs/react-dom.development.js:6430:5)
      at HTMLDivElement.callTheUserObjectsOperation (node_modules/jsdom/lib/jsdom/living/generated/EventListener.js:26:30)
      at innerInvokeEventListeners (node_modules/jsdom/lib/jsdom/living/events/EventTarget-impl.js:350:25)
      at invokeEventListeners (node_modules/jsdom/lib/jsdom/living/events/EventTarget-impl.js:286:3)
      at HTMLTextAreaElementImpl._dispatch (node_modules/jsdom/lib/jsdom/living/events/EventTarget-impl.js:233:9)
      at HTMLTextAreaElementImpl.dispatchEvent (node_modules/jsdom/lib/jsdom/living/events/EventTarget-impl.js:104:17)
      at HTMLTextAreaElement.dispatchEvent (node_modules/jsdom/lib/jsdom/living/generated/EventTarget.js:241:34)
      at node_modules/@testing-library/user-event/dist/cjs/event/dispatchEvent.js:45:43
      at Object.eventWrapper (node_modules/@testing-library/dom/dist/config.js:25:23)
      at Object.wrapEvent (node_modules/@testing-library/user-event/dist/cjs/event/wrapEvent.js:6:28)
      at Object.dispatchEvent (node_modules/@testing-library/user-event/dist/cjs/event/dispatchEvent.js:45:22)
      at Object.dispatchUIEvent (node_modules/@testing-library/user-event/dist/cjs/event/dispatchEvent.js:22:26)
      at commitInput (node_modules/@testing-library/user-event/dist/cjs/event/input.js:145:14)
      at editInputElement (node_modules/@testing-library/user-event/dist/cjs/event/input.js:115:9)
      at Object.input (node_modules/@testing-library/user-event/dist/cjs/event/input.js:37:9)
      at node_modules/@testing-library/user-event/dist/cjs/event/behavior/keypress.js:31:26
      at Object.dispatchEvent (node_modules/@testing-library/user-event/dist/cjs/event/dispatchEvent.js:41:13)
      at Object.dispatchUIEvent (node_modules/@testing-library/user-event/dist/cjs/event/dispatchEvent.js:22:26)
      at KeyboardHost.keydown (node_modules/@testing-library/user-event/dist/cjs/system/keyboard.js:76:22)
      at keyboardAction (node_modules/@testing-library/user-event/dist/cjs/keyboard/index.js:22:35)
      at Object.keyboard (node_modules/@testing-library/user-event/dist/cjs/keyboard/index.js:11:15)
      at Object.type (node_modules/@testing-library/user-event/dist/cjs/utility/type.js:17:5)
      at src/components/Contact/Contact.test.tsx:78:15
      at AsyncProperty.run (node_modules/fast-check/lib/check/property/AsyncProperty.generic.js:49:28)
      at asyncRunIt (node_modules/fast-check/lib/check/runner/Runner.js:37:21)
      at Object.<anonymous> (src/components/Contact/Contact.test.tsx:39:5)

    console.error
      Warning: An update to Contact inside a test was not wrapped in act(...).
      
      When testing, code that causes React state updates should be wrapped into act(...):
      
      act(() => {
        /* fire events that update state */
      });
      /* assert on the output */
      
      This ensures that you're testing the behavior the user would see in the browser. Learn more at https://reactjs.org/link/wrap-tests-with-act
          at Contact (/workspaces/netsanet-portfolio/src/components/Contact/Contact.tsx:17:44)

      51 |     
      52 |     if (!validation.isValid) {
    > 53 |       setFormState(prev => ({
         |       ^
      54 |         ...prev,
      55 |         errors: validation.fieldErrors
      56 |       }));

      at printWarning (node_modules/react-dom/cjs/react-dom.development.js:86:30)
      at error (node_modules/react-dom/cjs/react-dom.development.js:60:7)
      at warnIfUpdatesNotWrappedWithActDEV (node_modules/react-dom/cjs/react-dom.development.js:27628:9)
      at scheduleUpdateOnFiber (node_modules/react-dom/cjs/react-dom.development.js:25547:5)
      at dispatchSetState (node_modules/react-dom/cjs/react-dom.development.js:16708:7)
      at handleSubmit (src/components/Contact/Contact.tsx:53:7)
      at HTMLUnknownElement.callCallback (node_modules/react-dom/cjs/react-dom.development.js:4164:14)
      at HTMLUnknownElement.callTheUserObjectsOperation (node_modules/jsdom/lib/jsdom/living/generated/EventListener.js:26:30)
      at innerInvokeEventListeners (node_modules/jsdom/lib/jsdom/living/events/EventTarget-impl.js:350:25)
      at invokeEventListeners (node_modules/jsdom/lib/jsdom/living/events/EventTarget-impl.js:286:3)
      at HTMLUnknownElementImpl._dispatch (node_modules/jsdom/lib/jsdom/living/events/EventTarget-impl.js:233:9)
      at HTMLUnknownElementImpl.dispatchEvent (node_modules/jsdom/lib/jsdom/living/events/EventTarget-impl.js:104:17)
      at HTMLUnknownElement.dispatchEvent (node_modules/jsdom/lib/jsdom/living/generated/EventTarget.js:241:34)
      at Object.invokeGuardedCallbackDev (node_modules/react-dom/cjs/react-dom.development.js:4213:16)
      at invokeGuardedCallback (node_modules/react-dom/cjs/react-dom.development.js:4277:31)
      at invokeGuardedCallbackAndCatchFirstError (node_modules/react-dom/cjs/react-dom.development.js:4291:25)
      at executeDispatch (node_modules/react-dom/cjs/react-dom.development.js:9041:3)
      at processDispatchQueueItemsInOrder (node_modules/react-dom/cjs/react-dom.development.js:9073:7)
      at processDispatchQueue (node_modules/react-dom/cjs/react-dom.development.js:9086:5)
      at dispatchEventsForPlugins (node_modules/react-dom/cjs/react-dom.development.js:9097:3)
      at node_modules/react-dom/cjs/react-dom.development.js:9288:12
      at batchedUpdates$1 (node_modules/react-dom/cjs/react-dom.development.js:26179:12)
      at batchedUpdates (node_modules/react-dom/cjs/react-dom.development.js:3991:12)
      at dispatchEventForPluginEventSystem (node_modules/react-dom/cjs/react-dom.development.js:9287:3)
      at dispatchEventWithEnableCapturePhaseSelectiveHydrationWithoutDiscreteEventReplay (node_modules/react-dom/cjs/react-dom.development.js:6465:5)
      at dispatchEvent (node_modules/react-dom/cjs/react-dom.development.js:6457:5)
      at dispatchDiscreteEvent (node_modules/react-dom/cjs/react-dom.development.js:6430:5)
      at HTMLDivElement.callTheUserObjectsOperation (node_modules/jsdom/lib/jsdom/living/generated/EventListener.js:26:30)
      at innerInvokeEventListeners (node_modules/jsdom/lib/jsdom/living/events/EventTarget-impl.js:350:25)
      at invokeEventListeners (node_modules/jsdom/lib/jsdom/living/events/EventTarget-impl.js:286:3)
      at HTMLFormElementImpl._dispatch (node_modules/jsdom/lib/jsdom/living/events/EventTarget-impl.js:233:9)
      at fireAnEvent (node_modules/jsdom/lib/jsdom/living/helpers/events.js:18:36)
      at HTMLFormElementImpl.requestSubmit (node_modules/jsdom/lib/jsdom/living/nodes/HTMLFormElement-impl.js:109:10)
      at HTMLFormElementImpl._doRequestSubmit (node_modules/jsdom/lib/jsdom/living/nodes/HTMLFormElement-impl.js:79:10)
      at HTMLButtonElementImpl._activationBehavior (node_modules/jsdom/lib/jsdom/living/nodes/HTMLButtonElement-impl.js:23:14)
      at HTMLButtonElementImpl._dispatch (node_modules/jsdom/lib/jsdom/living/events/EventTarget-impl.js:252:26)
      at HTMLButtonElementImpl.dispatchEvent (node_modules/jsdom/lib/jsdom/living/events/EventTarget-impl.js:104:17)
      at HTMLButtonElement.dispatchEvent (node_modules/jsdom/lib/jsdom/living/generated/EventTarget.js:241:34)
      at node_modules/@testing-library/user-event/dist/cjs/event/dispatchEvent.js:45:43
      at Object.eventWrapper (node_modules/@testing-library/dom/dist/config.js:25:23)
      at Object.wrapEvent (node_modules/@testing-library/user-event/dist/cjs/event/wrapEvent.js:6:28)
      at Object.dispatchEvent (node_modules/@testing-library/user-event/dist/cjs/event/dispatchEvent.js:45:22)
      at Object.dispatchUIEvent (node_modules/@testing-library/user-event/dist/cjs/event/dispatchEvent.js:22:26)
      at Mouse.up (node_modules/@testing-library/user-event/dist/cjs/system/pointer/mouse.js:100:30)
      at PointerHost.release (node_modules/@testing-library/user-event/dist/cjs/system/pointer/index.js:87:24)
      at pointerAction (node_modules/@testing-library/user-event/dist/cjs/pointer/index.js:54:47)
      at Object.pointer (node_modules/@testing-library/user-event/dist/cjs/pointer/index.js:27:9)
      at src/components/Contact/Contact.test.tsx:82:13
      at AsyncProperty.run (node_modules/fast-check/lib/check/property/AsyncProperty.generic.js:49:28)
      at asyncRunIt (node_modules/fast-check/lib/check/runner/Runner.js:37:21)
      at Object.<anonymous> (src/components/Contact/Contact.test.tsx:39:5)

    console.error
      Warning: An update to Contact inside a test was not wrapped in act(...).
      
      When testing, code that causes React state updates should be wrapped into act(...):
      
      act(() => {
        /* fire events that update state */
      });
      /* assert on the output */
      
      This ensures that you're testing the behavior the user would see in the browser. Learn more at https://reactjs.org/link/wrap-tests-with-act
          at Contact (/workspaces/netsanet-portfolio/src/components/Contact/Contact.tsx:17:44)

      30 |
      31 |   const handleInputChange = (field: keyof ContactFormData, value: string) => {
    > 32 |     setFormState(prev => ({
         |     ^
      33 |       ...prev,
      34 |       data: {
      35 |         ...prev.data,

      at printWarning (node_modules/react-dom/cjs/react-dom.development.js:86:30)
      at error (node_modules/react-dom/cjs/react-dom.development.js:60:7)
      at warnIfUpdatesNotWrappedWithActDEV (node_modules/react-dom/cjs/react-dom.development.js:27628:9)
      at scheduleUpdateOnFiber (node_modules/react-dom/cjs/react-dom.development.js:25547:5)
      at dispatchSetState (node_modules/react-dom/cjs/react-dom.development.js:16708:7)
      at handleInputChange (src/components/Contact/Contact.tsx:32:5)
      at onChange (src/components/Contact/Contact.tsx:301:34)
      at HTMLUnknownElement.callCallback (node_modules/react-dom/cjs/react-dom.development.js:4164:14)
      at HTMLUnknownElement.callTheUserObjectsOperation (node_modules/jsdom/lib/jsdom/living/generated/EventListener.js:26:30)
      at innerInvokeEventListeners (node_modules/jsdom/lib/jsdom/living/events/EventTarget-impl.js:350:25)
      at invokeEventListeners (node_modules/jsdom/lib/jsdom/living/events/EventTarget-impl.js:286:3)
      at HTMLUnknownElementImpl._dispatch (node_modules/jsdom/lib/jsdom/living/events/EventTarget-impl.js:233:9)
      at HTMLUnknownElementImpl.dispatchEvent (node_modules/jsdom/lib/jsdom/living/events/EventTarget-impl.js:104:17)
      at HTMLUnknownElement.dispatchEvent (node_modules/jsdom/lib/jsdom/living/generated/EventTarget.js:241:34)
      at Object.invokeGuardedCallbackDev (node_modules/react-dom/cjs/react-dom.development.js:4213:16)
      at invokeGuardedCallback (node_modules/react-dom/cjs/react-dom.development.js:4277:31)
      at invokeGuardedCallbackAndCatchFirstError (node_modules/react-dom/cjs/react-dom.development.js:4291:25)
      at executeDispatch (node_modules/react-dom/cjs/react-dom.development.js:9041:3)
      at processDispatchQueueItemsInOrder (node_modules/react-dom/cjs/react-dom.development.js:9073:7)
      at processDispatchQueue (node_modules/react-dom/cjs/react-dom.development.js:9086:5)
      at dispatchEventsForPlugins (node_modules/react-dom/cjs/react-dom.development.js:9097:3)
      at node_modules/react-dom/cjs/react-dom.development.js:9288:12
      at batchedUpdates$1 (node_modules/react-dom/cjs/react-dom.development.js:26179:12)
      at batchedUpdates (node_modules/react-dom/cjs/react-dom.development.js:3991:12)
      at dispatchEventForPluginEventSystem (node_modules/react-dom/cjs/react-dom.development.js:9287:3)
      at dispatchEventWithEnableCapturePhaseSelectiveHydrationWithoutDiscreteEventReplay (node_modules/react-dom/cjs/react-dom.development.js:6465:5)
      at dispatchEvent (node_modules/react-dom/cjs/react-dom.development.js:6457:5)
      at dispatchDiscreteEvent (node_modules/react-dom/cjs/react-dom.development.js:6430:5)
      at HTMLDivElement.callTheUserObjectsOperation (node_modules/jsdom/lib/jsdom/living/generated/EventListener.js:26:30)
      at innerInvokeEventListeners (node_modules/jsdom/lib/jsdom/living/events/EventTarget-impl.js:350:25)
      at invokeEventListeners (node_modules/jsdom/lib/jsdom/living/events/EventTarget-impl.js:286:3)
      at HTMLTextAreaElementImpl._dispatch (node_modules/jsdom/lib/jsdom/living/events/EventTarget-impl.js:233:9)
      at HTMLTextAreaElementImpl.dispatchEvent (node_modules/jsdom/lib/jsdom/living/events/EventTarget-impl.js:104:17)
      at HTMLTextAreaElement.dispatchEvent (node_modules/jsdom/lib/jsdom/living/generated/EventTarget.js:241:34)
      at node_modules/@testing-library/user-event/dist/cjs/event/dispatchEvent.js:45:43
      at Object.eventWrapper (node_modules/@testing-library/dom/dist/config.js:25:23)
      at Object.wrapEvent (node_modules/@testing-library/user-event/dist/cjs/event/wrapEvent.js:6:28)
      at Object.dispatchEvent (node_modules/@testing-library/user-event/dist/cjs/event/dispatchEvent.js:45:22)
      at Object.dispatchUIEvent (node_modules/@testing-library/user-event/dist/cjs/event/dispatchEvent.js:22:26)
      at commitInput (node_modules/@testing-library/user-event/dist/cjs/event/input.js:145:14)
      at editInputElement (node_modules/@testing-library/user-event/dist/cjs/event/input.js:115:9)
      at Object.input (node_modules/@testing-library/user-event/dist/cjs/event/input.js:37:9)
      at node_modules/@testing-library/user-event/dist/cjs/event/behavior/keypress.js:31:26
      at Object.dispatchEvent (node_modules/@testing-library/user-event/dist/cjs/event/dispatchEvent.js:41:13)
      at Object.dispatchUIEvent (node_modules/@testing-library/user-event/dist/cjs/event/dispatchEvent.js:22:26)
      at KeyboardHost.keydown (node_modules/@testing-library/user-event/dist/cjs/system/keyboard.js:76:22)
      at keyboardAction (node_modules/@testing-library/user-event/dist/cjs/keyboard/index.js:22:35)
      at Object.keyboard (node_modules/@testing-library/user-event/dist/cjs/keyboard/index.js:11:15)
      at Object.type (node_modules/@testing-library/user-event/dist/cjs/utility/type.js:17:5)
      at src/components/Contact/Contact.test.tsx:78:15
      at AsyncProperty.run (node_modules/fast-check/lib/check/property/AsyncProperty.generic.js:49:28)
      at asyncRunIt (node_modules/fast-check/lib/check/runner/Runner.js:37:21)
      at Object.<anonymous> (src/components/Contact/Contact.test.tsx:39:5)

    console.error
      Warning: An update to Contact inside a test was not wrapped in act(...).
      
      When testing, code that causes React state updates should be wrapped into act(...):
      
      act(() => {
        /* fire events that update state */
      });
      /* assert on the output */
      
      This ensures that you're testing the behavior the user would see in the browser. Learn more at https://reactjs.org/link/wrap-tests-with-act
          at Contact (/workspaces/netsanet-portfolio/src/components/Contact/Contact.tsx:17:44)

      51 |     
      52 |     if (!validation.isValid) {
    > 53 |       setFormState(prev => ({
         |       ^
      54 |         ...prev,
      55 |         errors: validation.fieldErrors
      56 |       }));

      at printWarning (node_modules/react-dom/cjs/react-dom.development.js:86:30)
      at error (node_modules/react-dom/cjs/react-dom.development.js:60:7)
      at warnIfUpdatesNotWrappedWithActDEV (node_modules/react-dom/cjs/react-dom.development.js:27628:9)
      at scheduleUpdateOnFiber (node_modules/react-dom/cjs/react-dom.development.js:25547:5)
      at dispatchSetState (node_modules/react-dom/cjs/react-dom.development.js:16708:7)
      at handleSubmit (src/components/Contact/Contact.tsx:53:7)
      at HTMLUnknownElement.callCallback (node_modules/react-dom/cjs/react-dom.development.js:4164:14)
      at HTMLUnknownElement.callTheUserObjectsOperation (node_modules/jsdom/lib/jsdom/living/generated/EventListener.js:26:30)
      at innerInvokeEventListeners (node_modules/jsdom/lib/jsdom/living/events/EventTarget-impl.js:350:25)
      at invokeEventListeners (node_modules/jsdom/lib/jsdom/living/events/EventTarget-impl.js:286:3)
      at HTMLUnknownElementImpl._dispatch (node_modules/jsdom/lib/jsdom/living/events/EventTarget-impl.js:233:9)
      at HTMLUnknownElementImpl.dispatchEvent (node_modules/jsdom/lib/jsdom/living/events/EventTarget-impl.js:104:17)
      at HTMLUnknownElement.dispatchEvent (node_modules/jsdom/lib/jsdom/living/generated/EventTarget.js:241:34)
      at Object.invokeGuardedCallbackDev (node_modules/react-dom/cjs/react-dom.development.js:4213:16)
      at invokeGuardedCallback (node_modules/react-dom/cjs/react-dom.development.js:4277:31)
      at invokeGuardedCallbackAndCatchFirstError (node_modules/react-dom/cjs/react-dom.development.js:4291:25)
      at executeDispatch (node_modules/react-dom/cjs/react-dom.development.js:9041:3)
      at processDispatchQueueItemsInOrder (node_modules/react-dom/cjs/react-dom.development.js:9073:7)
      at processDispatchQueue (node_modules/react-dom/cjs/react-dom.development.js:9086:5)
      at dispatchEventsForPlugins (node_modules/react-dom/cjs/react-dom.development.js:9097:3)
      at node_modules/react-dom/cjs/react-dom.development.js:9288:12
      at batchedUpdates$1 (node_modules/react-dom/cjs/react-dom.development.js:26179:12)
      at batchedUpdates (node_modules/react-dom/cjs/react-dom.development.js:3991:12)
      at dispatchEventForPluginEventSystem (node_modules/react-dom/cjs/react-dom.development.js:9287:3)
      at dispatchEventWithEnableCapturePhaseSelectiveHydrationWithoutDiscreteEventReplay (node_modules/react-dom/cjs/react-dom.development.js:6465:5)
      at dispatchEvent (node_modules/react-dom/cjs/react-dom.development.js:6457:5)
      at dispatchDiscreteEvent (node_modules/react-dom/cjs/react-dom.development.js:6430:5)
      at HTMLDivElement.callTheUserObjectsOperation (node_modules/jsdom/lib/jsdom/living/generated/EventListener.js:26:30)
      at innerInvokeEventListeners (node_modules/jsdom/lib/jsdom/living/events/EventTarget-impl.js:350:25)
      at invokeEventListeners (node_modules/jsdom/lib/jsdom/living/events/EventTarget-impl.js:286:3)
      at HTMLFormElementImpl._dispatch (node_modules/jsdom/lib/jsdom/living/events/EventTarget-impl.js:233:9)
      at fireAnEvent (node_modules/jsdom/lib/jsdom/living/helpers/events.js:18:36)
      at HTMLFormElementImpl.requestSubmit (node_modules/jsdom/lib/jsdom/living/nodes/HTMLFormElement-impl.js:109:10)
      at HTMLFormElementImpl._doRequestSubmit (node_modules/jsdom/lib/jsdom/living/nodes/HTMLFormElement-impl.js:79:10)
      at HTMLButtonElementImpl._activationBehavior (node_modules/jsdom/lib/jsdom/living/nodes/HTMLButtonElement-impl.js:23:14)
      at HTMLButtonElementImpl._dispatch (node_modules/jsdom/lib/jsdom/living/events/EventTarget-impl.js:252:26)
      at HTMLButtonElementImpl.dispatchEvent (node_modules/jsdom/lib/jsdom/living/events/EventTarget-impl.js:104:17)
      at HTMLButtonElement.dispatchEvent (node_modules/jsdom/lib/jsdom/living/generated/EventTarget.js:241:34)
      at node_modules/@testing-library/user-event/dist/cjs/event/dispatchEvent.js:45:43
      at Object.eventWrapper (node_modules/@testing-library/dom/dist/config.js:25:23)
      at Object.wrapEvent (node_modules/@testing-library/user-event/dist/cjs/event/wrapEvent.js:6:28)
      at Object.dispatchEvent (node_modules/@testing-library/user-event/dist/cjs/event/dispatchEvent.js:45:22)
      at Object.dispatchUIEvent (node_modules/@testing-library/user-event/dist/cjs/event/dispatchEvent.js:22:26)
      at Mouse.up (node_modules/@testing-library/user-event/dist/cjs/system/pointer/mouse.js:100:30)
      at PointerHost.release (node_modules/@testing-library/user-event/dist/cjs/system/pointer/index.js:87:24)
      at pointerAction (node_modules/@testing-library/user-event/dist/cjs/pointer/index.js:54:47)
      at Object.pointer (node_modules/@testing-library/user-event/dist/cjs/pointer/index.js:27:9)
      at src/components/Contact/Contact.test.tsx:82:13
      at AsyncProperty.run (node_modules/fast-check/lib/check/property/AsyncProperty.generic.js:49:28)
      at asyncRunIt (node_modules/fast-check/lib/check/runner/Runner.js:37:21)
      at Object.<anonymous> (src/components/Contact/Contact.test.tsx:39:5)

    console.error
      Warning: An update to Contact inside a test was not wrapped in act(...).
      
      When testing, code that causes React state updates should be wrapped into act(...):
      
      act(() => {
        /* fire events that update state */
      });
      /* assert on the output */
      
      This ensures that you're testing the behavior the user would see in the browser. Learn more at https://reactjs.org/link/wrap-tests-with-act
          at Contact (/workspaces/netsanet-portfolio/src/components/Contact/Contact.tsx:17:44)

      30 |
      31 |   const handleInputChange = (field: keyof ContactFormData, value: string) => {
    > 32 |     setFormState(prev => ({
         |     ^
      33 |       ...prev,
      34 |       data: {
      35 |         ...prev.data,

      at printWarning (node_modules/react-dom/cjs/react-dom.development.js:86:30)
      at error (node_modules/react-dom/cjs/react-dom.development.js:60:7)
      at warnIfUpdatesNotWrappedWithActDEV (node_modules/react-dom/cjs/react-dom.development.js:27628:9)
      at scheduleUpdateOnFiber (node_modules/react-dom/cjs/react-dom.development.js:25547:5)
      at dispatchSetState (node_modules/react-dom/cjs/react-dom.development.js:16708:7)
      at handleInputChange (src/components/Contact/Contact.tsx:32:5)
      at onChange (src/components/Contact/Contact.tsx:301:34)
      at HTMLUnknownElement.callCallback (node_modules/react-dom/cjs/react-dom.development.js:4164:14)
      at HTMLUnknownElement.callTheUserObjectsOperation (node_modules/jsdom/lib/jsdom/living/generated/EventListener.js:26:30)
      at innerInvokeEventListeners (node_modules/jsdom/lib/jsdom/living/events/EventTarget-impl.js:350:25)
      at invokeEventListeners (node_modules/jsdom/lib/jsdom/living/events/EventTarget-impl.js:286:3)
      at HTMLUnknownElementImpl._dispatch (node_modules/jsdom/lib/jsdom/living/events/EventTarget-impl.js:233:9)
      at HTMLUnknownElementImpl.dispatchEvent (node_modules/jsdom/lib/jsdom/living/events/EventTarget-impl.js:104:17)
      at HTMLUnknownElement.dispatchEvent (node_modules/jsdom/lib/jsdom/living/generated/EventTarget.js:241:34)
      at Object.invokeGuardedCallbackDev (node_modules/react-dom/cjs/react-dom.development.js:4213:16)
      at invokeGuardedCallback (node_modules/react-dom/cjs/react-dom.development.js:4277:31)
      at invokeGuardedCallbackAndCatchFirstError (node_modules/react-dom/cjs/react-dom.development.js:4291:25)
      at executeDispatch (node_modules/react-dom/cjs/react-dom.development.js:9041:3)
      at processDispatchQueueItemsInOrder (node_modules/react-dom/cjs/react-dom.development.js:9073:7)
      at processDispatchQueue (node_modules/react-dom/cjs/react-dom.development.js:9086:5)
      at dispatchEventsForPlugins (node_modules/react-dom/cjs/react-dom.development.js:9097:3)
      at node_modules/react-dom/cjs/react-dom.development.js:9288:12
      at batchedUpdates$1 (node_modules/react-dom/cjs/react-dom.development.js:26179:12)
      at batchedUpdates (node_modules/react-dom/cjs/react-dom.development.js:3991:12)
      at dispatchEventForPluginEventSystem (node_modules/react-dom/cjs/react-dom.development.js:9287:3)
      at dispatchEventWithEnableCapturePhaseSelectiveHydrationWithoutDiscreteEventReplay (node_modules/react-dom/cjs/react-dom.development.js:6465:5)
      at dispatchEvent (node_modules/react-dom/cjs/react-dom.development.js:6457:5)
      at dispatchDiscreteEvent (node_modules/react-dom/cjs/react-dom.development.js:6430:5)
      at HTMLDivElement.callTheUserObjectsOperation (node_modules/jsdom/lib/jsdom/living/generated/EventListener.js:26:30)
      at innerInvokeEventListeners (node_modules/jsdom/lib/jsdom/living/events/EventTarget-impl.js:350:25)
      at invokeEventListeners (node_modules/jsdom/lib/jsdom/living/events/EventTarget-impl.js:286:3)
      at HTMLTextAreaElementImpl._dispatch (node_modules/jsdom/lib/jsdom/living/events/EventTarget-impl.js:233:9)
      at HTMLTextAreaElementImpl.dispatchEvent (node_modules/jsdom/lib/jsdom/living/events/EventTarget-impl.js:104:17)
      at HTMLTextAreaElement.dispatchEvent (node_modules/jsdom/lib/jsdom/living/generated/EventTarget.js:241:34)
      at node_modules/@testing-library/user-event/dist/cjs/event/dispatchEvent.js:45:43
      at Object.eventWrapper (node_modules/@testing-library/dom/dist/config.js:25:23)
      at Object.wrapEvent (node_modules/@testing-library/user-event/dist/cjs/event/wrapEvent.js:6:28)
      at Object.dispatchEvent (node_modules/@testing-library/user-event/dist/cjs/event/dispatchEvent.js:45:22)
      at Object.dispatchUIEvent (node_modules/@testing-library/user-event/dist/cjs/event/dispatchEvent.js:22:26)
      at commitInput (node_modules/@testing-library/user-event/dist/cjs/event/input.js:145:14)
      at editInputElement (node_modules/@testing-library/user-event/dist/cjs/event/input.js:115:9)
      at Object.input (node_modules/@testing-library/user-event/dist/cjs/event/input.js:37:9)
      at node_modules/@testing-library/user-event/dist/cjs/event/behavior/keypress.js:31:26
      at Object.dispatchEvent (node_modules/@testing-library/user-event/dist/cjs/event/dispatchEvent.js:41:13)
      at Object.dispatchUIEvent (node_modules/@testing-library/user-event/dist/cjs/event/dispatchEvent.js:22:26)
      at KeyboardHost.keydown (node_modules/@testing-library/user-event/dist/cjs/system/keyboard.js:76:22)
      at keyboardAction (node_modules/@testing-library/user-event/dist/cjs/keyboard/index.js:22:35)
      at Object.keyboard (node_modules/@testing-library/user-event/dist/cjs/keyboard/index.js:11:15)
      at Object.type (node_modules/@testing-library/user-event/dist/cjs/utility/type.js:17:5)
      at src/components/Contact/Contact.test.tsx:78:15
      at AsyncProperty.run (node_modules/fast-check/lib/check/property/AsyncProperty.generic.js:49:28)
      at asyncRunIt (node_modules/fast-check/lib/check/runner/Runner.js:37:21)
      at Object.<anonymous> (src/components/Contact/Contact.test.tsx:39:5)

    console.error
      Warning: An update to Contact inside a test was not wrapped in act(...).
      
      When testing, code that causes React state updates should be wrapped into act(...):
      
      act(() => {
        /* fire events that update state */
      });
      /* assert on the output */
      
      This ensures that you're testing the behavior the user would see in the browser. Learn more at https://reactjs.org/link/wrap-tests-with-act
          at Contact (/workspaces/netsanet-portfolio/src/components/Contact/Contact.tsx:17:44)

      51 |     
      52 |     if (!validation.isValid) {
    > 53 |       setFormState(prev => ({
         |       ^
      54 |         ...prev,
      55 |         errors: validation.fieldErrors
      56 |       }));

      at printWarning (node_modules/react-dom/cjs/react-dom.development.js:86:30)
      at error (node_modules/react-dom/cjs/react-dom.development.js:60:7)
      at warnIfUpdatesNotWrappedWithActDEV (node_modules/react-dom/cjs/react-dom.development.js:27628:9)
      at scheduleUpdateOnFiber (node_modules/react-dom/cjs/react-dom.development.js:25547:5)
      at dispatchSetState (node_modules/react-dom/cjs/react-dom.development.js:16708:7)
      at handleSubmit (src/components/Contact/Contact.tsx:53:7)
      at HTMLUnknownElement.callCallback (node_modules/react-dom/cjs/react-dom.development.js:4164:14)
      at HTMLUnknownElement.callTheUserObjectsOperation (node_modules/jsdom/lib/jsdom/living/generated/EventListener.js:26:30)
      at innerInvokeEventListeners (node_modules/jsdom/lib/jsdom/living/events/EventTarget-impl.js:350:25)
      at invokeEventListeners (node_modules/jsdom/lib/jsdom/living/events/EventTarget-impl.js:286:3)
      at HTMLUnknownElementImpl._dispatch (node_modules/jsdom/lib/jsdom/living/events/EventTarget-impl.js:233:9)
      at HTMLUnknownElementImpl.dispatchEvent (node_modules/jsdom/lib/jsdom/living/events/EventTarget-impl.js:104:17)
      at HTMLUnknownElement.dispatchEvent (node_modules/jsdom/lib/jsdom/living/generated/EventTarget.js:241:34)
      at Object.invokeGuardedCallbackDev (node_modules/react-dom/cjs/react-dom.development.js:4213:16)
      at invokeGuardedCallback (node_modules/react-dom/cjs/react-dom.development.js:4277:31)
      at invokeGuardedCallbackAndCatchFirstError (node_modules/react-dom/cjs/react-dom.development.js:4291:25)
      at executeDispatch (node_modules/react-dom/cjs/react-dom.development.js:9041:3)
      at processDispatchQueueItemsInOrder (node_modules/react-dom/cjs/react-dom.development.js:9073:7)
      at processDispatchQueue (node_modules/react-dom/cjs/react-dom.development.js:9086:5)
      at dispatchEventsForPlugins (node_modules/react-dom/cjs/react-dom.development.js:9097:3)
      at node_modules/react-dom/cjs/react-dom.development.js:9288:12
      at batchedUpdates$1 (node_modules/react-dom/cjs/react-dom.development.js:26179:12)
      at batchedUpdates (node_modules/react-dom/cjs/react-dom.development.js:3991:12)
      at dispatchEventForPluginEventSystem (node_modules/react-dom/cjs/react-dom.development.js:9287:3)
      at dispatchEventWithEnableCapturePhaseSelectiveHydrationWithoutDiscreteEventReplay (node_modules/react-dom/cjs/react-dom.development.js:6465:5)
      at dispatchEvent (node_modules/react-dom/cjs/react-dom.development.js:6457:5)
      at dispatchDiscreteEvent (node_modules/react-dom/cjs/react-dom.development.js:6430:5)
      at HTMLDivElement.callTheUserObjectsOperation (node_modules/jsdom/lib/jsdom/living/generated/EventListener.js:26:30)
      at innerInvokeEventListeners (node_modules/jsdom/lib/jsdom/living/events/EventTarget-impl.js:350:25)
      at invokeEventListeners (node_modules/jsdom/lib/jsdom/living/events/EventTarget-impl.js:286:3)
      at HTMLFormElementImpl._dispatch (node_modules/jsdom/lib/jsdom/living/events/EventTarget-impl.js:233:9)
      at fireAnEvent (node_modules/jsdom/lib/jsdom/living/helpers/events.js:18:36)
      at HTMLFormElementImpl.requestSubmit (node_modules/jsdom/lib/jsdom/living/nodes/HTMLFormElement-impl.js:109:10)
      at HTMLFormElementImpl._doRequestSubmit (node_modules/jsdom/lib/jsdom/living/nodes/HTMLFormElement-impl.js:79:10)
      at HTMLButtonElementImpl._activationBehavior (node_modules/jsdom/lib/jsdom/living/nodes/HTMLButtonElement-impl.js:23:14)
      at HTMLButtonElementImpl._dispatch (node_modules/jsdom/lib/jsdom/living/events/EventTarget-impl.js:252:26)
      at HTMLButtonElementImpl.dispatchEvent (node_modules/jsdom/lib/jsdom/living/events/EventTarget-impl.js:104:17)
      at HTMLButtonElement.dispatchEvent (node_modules/jsdom/lib/jsdom/living/generated/EventTarget.js:241:34)
      at node_modules/@testing-library/user-event/dist/cjs/event/dispatchEvent.js:45:43
      at Object.eventWrapper (node_modules/@testing-library/dom/dist/config.js:25:23)
      at Object.wrapEvent (node_modules/@testing-library/user-event/dist/cjs/event/wrapEvent.js:6:28)
      at Object.dispatchEvent (node_modules/@testing-library/user-event/dist/cjs/event/dispatchEvent.js:45:22)
      at Object.dispatchUIEvent (node_modules/@testing-library/user-event/dist/cjs/event/dispatchEvent.js:22:26)
      at Mouse.up (node_modules/@testing-library/user-event/dist/cjs/system/pointer/mouse.js:100:30)
      at PointerHost.release (node_modules/@testing-library/user-event/dist/cjs/system/pointer/index.js:87:24)
      at pointerAction (node_modules/@testing-library/user-event/dist/cjs/pointer/index.js:54:47)
      at Object.pointer (node_modules/@testing-library/user-event/dist/cjs/pointer/index.js:27:9)
      at src/components/Contact/Contact.test.tsx:82:13
      at AsyncProperty.run (node_modules/fast-check/lib/check/property/AsyncProperty.generic.js:49:28)
      at asyncRunIt (node_modules/fast-check/lib/check/runner/Runner.js:37:21)
      at Object.<anonymous> (src/components/Contact/Contact.test.tsx:39:5)

    console.error
      Warning: An update to Contact inside a test was not wrapped in act(...).
      
      When testing, code that causes React state updates should be wrapped into act(...):
      
      act(() => {
        /* fire events that update state */
      });
      /* assert on the output */
      
      This ensures that you're testing the behavior the user would see in the browser. Learn more at https://reactjs.org/link/wrap-tests-with-act
          at Contact (/workspaces/netsanet-portfolio/src/components/Contact/Contact.tsx:17:44)

      30 |
      31 |   const handleInputChange = (field: keyof ContactFormData, value: string) => {
    > 32 |     setFormState(prev => ({
         |     ^
      33 |       ...prev,
      34 |       data: {
      35 |         ...prev.data,

      at printWarning (node_modules/react-dom/cjs/react-dom.development.js:86:30)
      at error (node_modules/react-dom/cjs/react-dom.development.js:60:7)
      at warnIfUpdatesNotWrappedWithActDEV (node_modules/react-dom/cjs/react-dom.development.js:27628:9)
      at scheduleUpdateOnFiber (node_modules/react-dom/cjs/react-dom.development.js:25547:5)
      at dispatchSetState (node_modules/react-dom/cjs/react-dom.development.js:16708:7)
      at handleInputChange (src/components/Contact/Contact.tsx:32:5)
      at onChange (src/components/Contact/Contact.tsx:301:34)
      at HTMLUnknownElement.callCallback (node_modules/react-dom/cjs/react-dom.development.js:4164:14)
      at HTMLUnknownElement.callTheUserObjectsOperation (node_modules/jsdom/lib/jsdom/living/generated/EventListener.js:26:30)
      at innerInvokeEventListeners (node_modules/jsdom/lib/jsdom/living/events/EventTarget-impl.js:350:25)
      at invokeEventListeners (node_modules/jsdom/lib/jsdom/living/events/EventTarget-impl.js:286:3)
      at HTMLUnknownElementImpl._dispatch (node_modules/jsdom/lib/jsdom/living/events/EventTarget-impl.js:233:9)
      at HTMLUnknownElementImpl.dispatchEvent (node_modules/jsdom/lib/jsdom/living/events/EventTarget-impl.js:104:17)
      at HTMLUnknownElement.dispatchEvent (node_modules/jsdom/lib/jsdom/living/generated/EventTarget.js:241:34)
      at Object.invokeGuardedCallbackDev (node_modules/react-dom/cjs/react-dom.development.js:4213:16)
      at invokeGuardedCallback (node_modules/react-dom/cjs/react-dom.development.js:4277:31)
      at invokeGuardedCallbackAndCatchFirstError (node_modules/react-dom/cjs/react-dom.development.js:4291:25)
      at executeDispatch (node_modules/react-dom/cjs/react-dom.development.js:9041:3)
      at processDispatchQueueItemsInOrder (node_modules/react-dom/cjs/react-dom.development.js:9073:7)
      at processDispatchQueue (node_modules/react-dom/cjs/react-dom.development.js:9086:5)
      at dispatchEventsForPlugins (node_modules/react-dom/cjs/react-dom.development.js:9097:3)
      at node_modules/react-dom/cjs/react-dom.development.js:9288:12
      at batchedUpdates$1 (node_modules/react-dom/cjs/react-dom.development.js:26179:12)
      at batchedUpdates (node_modules/react-dom/cjs/react-dom.development.js:3991:12)
      at dispatchEventForPluginEventSystem (node_modules/react-dom/cjs/react-dom.development.js:9287:3)
      at dispatchEventWithEnableCapturePhaseSelectiveHydrationWithoutDiscreteEventReplay (node_modules/react-dom/cjs/react-dom.development.js:6465:5)
      at dispatchEvent (node_modules/react-dom/cjs/react-dom.development.js:6457:5)
      at dispatchDiscreteEvent (node_modules/react-dom/cjs/react-dom.development.js:6430:5)
      at HTMLDivElement.callTheUserObjectsOperation (node_modules/jsdom/lib/jsdom/living/generated/EventListener.js:26:30)
      at innerInvokeEventListeners (node_modules/jsdom/lib/jsdom/living/events/EventTarget-impl.js:350:25)
      at invokeEventListeners (node_modules/jsdom/lib/jsdom/living/events/EventTarget-impl.js:286:3)
      at HTMLTextAreaElementImpl._dispatch (node_modules/jsdom/lib/jsdom/living/events/EventTarget-impl.js:233:9)
      at HTMLTextAreaElementImpl.dispatchEvent (node_modules/jsdom/lib/jsdom/living/events/EventTarget-impl.js:104:17)
      at HTMLTextAreaElement.dispatchEvent (node_modules/jsdom/lib/jsdom/living/generated/EventTarget.js:241:34)
      at node_modules/@testing-library/user-event/dist/cjs/event/dispatchEvent.js:45:43
      at Object.eventWrapper (node_modules/@testing-library/dom/dist/config.js:25:23)
      at Object.wrapEvent (node_modules/@testing-library/user-event/dist/cjs/event/wrapEvent.js:6:28)
      at Object.dispatchEvent (node_modules/@testing-library/user-event/dist/cjs/event/dispatchEvent.js:45:22)
      at Object.dispatchUIEvent (node_modules/@testing-library/user-event/dist/cjs/event/dispatchEvent.js:22:26)
      at commitInput (node_modules/@testing-library/user-event/dist/cjs/event/input.js:145:14)
      at editInputElement (node_modules/@testing-library/user-event/dist/cjs/event/input.js:115:9)
      at Object.input (node_modules/@testing-library/user-event/dist/cjs/event/input.js:37:9)
      at node_modules/@testing-library/user-event/dist/cjs/event/behavior/keypress.js:31:26
      at Object.dispatchEvent (node_modules/@testing-library/user-event/dist/cjs/event/dispatchEvent.js:41:13)
      at Object.dispatchUIEvent (node_modules/@testing-library/user-event/dist/cjs/event/dispatchEvent.js:22:26)
      at KeyboardHost.keydown (node_modules/@testing-library/user-event/dist/cjs/system/keyboard.js:76:22)
      at keyboardAction (node_modules/@testing-library/user-event/dist/cjs/keyboard/index.js:22:35)
      at Object.keyboard (node_modules/@testing-library/user-event/dist/cjs/keyboard/index.js:11:15)
      at Object.type (node_modules/@testing-library/user-event/dist/cjs/utility/type.js:17:5)
      at src/components/Contact/Contact.test.tsx:78:15
      at AsyncProperty.run (node_modules/fast-check/lib/check/property/AsyncProperty.generic.js:49:28)
      at asyncRunIt (node_modules/fast-check/lib/check/runner/Runner.js:37:21)
      at Object.<anonymous> (src/components/Contact/Contact.test.tsx:39:5)

    console.error
      Warning: An update to Contact inside a test was not wrapped in act(...).
      
      When testing, code that causes React state updates should be wrapped into act(...):
      
      act(() => {
        /* fire events that update state */
      });
      /* assert on the output */
      
      This ensures that you're testing the behavior the user would see in the browser. Learn more at https://reactjs.org/link/wrap-tests-with-act
          at Contact (/workspaces/netsanet-portfolio/src/components/Contact/Contact.tsx:17:44)

      51 |     
      52 |     if (!validation.isValid) {
    > 53 |       setFormState(prev => ({
         |       ^
      54 |         ...prev,
      55 |         errors: validation.fieldErrors
      56 |       }));

      at printWarning (node_modules/react-dom/cjs/react-dom.development.js:86:30)
      at error (node_modules/react-dom/cjs/react-dom.development.js:60:7)
      at warnIfUpdatesNotWrappedWithActDEV (node_modules/react-dom/cjs/react-dom.development.js:27628:9)
      at scheduleUpdateOnFiber (node_modules/react-dom/cjs/react-dom.development.js:25547:5)
      at dispatchSetState (node_modules/react-dom/cjs/react-dom.development.js:16708:7)
      at handleSubmit (src/components/Contact/Contact.tsx:53:7)
      at HTMLUnknownElement.callCallback (node_modules/react-dom/cjs/react-dom.development.js:4164:14)
      at HTMLUnknownElement.callTheUserObjectsOperation (node_modules/jsdom/lib/jsdom/living/generated/EventListener.js:26:30)
      at innerInvokeEventListeners (node_modules/jsdom/lib/jsdom/living/events/EventTarget-impl.js:350:25)
      at invokeEventListeners (node_modules/jsdom/lib/jsdom/living/events/EventTarget-impl.js:286:3)
      at HTMLUnknownElementImpl._dispatch (node_modules/jsdom/lib/jsdom/living/events/EventTarget-impl.js:233:9)
      at HTMLUnknownElementImpl.dispatchEvent (node_modules/jsdom/lib/jsdom/living/events/EventTarget-impl.js:104:17)
      at HTMLUnknownElement.dispatchEvent (node_modules/jsdom/lib/jsdom/living/generated/EventTarget.js:241:34)
      at Object.invokeGuardedCallbackDev (node_modules/react-dom/cjs/react-dom.development.js:4213:16)
      at invokeGuardedCallback (node_modules/react-dom/cjs/react-dom.development.js:4277:31)
      at invokeGuardedCallbackAndCatchFirstError (node_modules/react-dom/cjs/react-dom.development.js:4291:25)
      at executeDispatch (node_modules/react-dom/cjs/react-dom.development.js:9041:3)
      at processDispatchQueueItemsInOrder (node_modules/react-dom/cjs/react-dom.development.js:9073:7)
      at processDispatchQueue (node_modules/react-dom/cjs/react-dom.development.js:9086:5)
      at dispatchEventsForPlugins (node_modules/react-dom/cjs/react-dom.development.js:9097:3)
      at node_modules/react-dom/cjs/react-dom.development.js:9288:12
      at batchedUpdates$1 (node_modules/react-dom/cjs/react-dom.development.js:26179:12)
      at batchedUpdates (node_modules/react-dom/cjs/react-dom.development.js:3991:12)
      at dispatchEventForPluginEventSystem (node_modules/react-dom/cjs/react-dom.development.js:9287:3)
      at dispatchEventWithEnableCapturePhaseSelectiveHydrationWithoutDiscreteEventReplay (node_modules/react-dom/cjs/react-dom.development.js:6465:5)
      at dispatchEvent (node_modules/react-dom/cjs/react-dom.development.js:6457:5)
      at dispatchDiscreteEvent (node_modules/react-dom/cjs/react-dom.development.js:6430:5)
      at HTMLDivElement.callTheUserObjectsOperation (node_modules/jsdom/lib/jsdom/living/generated/EventListener.js:26:30)
      at innerInvokeEventListeners (node_modules/jsdom/lib/jsdom/living/events/EventTarget-impl.js:350:25)
      at invokeEventListeners (node_modules/jsdom/lib/jsdom/living/events/EventTarget-impl.js:286:3)
      at HTMLFormElementImpl._dispatch (node_modules/jsdom/lib/jsdom/living/events/EventTarget-impl.js:233:9)
      at fireAnEvent (node_modules/jsdom/lib/jsdom/living/helpers/events.js:18:36)
      at HTMLFormElementImpl.requestSubmit (node_modules/jsdom/lib/jsdom/living/nodes/HTMLFormElement-impl.js:109:10)
      at HTMLFormElementImpl._doRequestSubmit (node_modules/jsdom/lib/jsdom/living/nodes/HTMLFormElement-impl.js:79:10)
      at HTMLButtonElementImpl._activationBehavior (node_modules/jsdom/lib/jsdom/living/nodes/HTMLButtonElement-impl.js:23:14)
      at HTMLButtonElementImpl._dispatch (node_modules/jsdom/lib/jsdom/living/events/EventTarget-impl.js:252:26)
      at HTMLButtonElementImpl.dispatchEvent (node_modules/jsdom/lib/jsdom/living/events/EventTarget-impl.js:104:17)
      at HTMLButtonElement.dispatchEvent (node_modules/jsdom/lib/jsdom/living/generated/EventTarget.js:241:34)
      at node_modules/@testing-library/user-event/dist/cjs/event/dispatchEvent.js:45:43
      at Object.eventWrapper (node_modules/@testing-library/dom/dist/config.js:25:23)
      at Object.wrapEvent (node_modules/@testing-library/user-event/dist/cjs/event/wrapEvent.js:6:28)
      at Object.dispatchEvent (node_modules/@testing-library/user-event/dist/cjs/event/dispatchEvent.js:45:22)
      at Object.dispatchUIEvent (node_modules/@testing-library/user-event/dist/cjs/event/dispatchEvent.js:22:26)
      at Mouse.up (node_modules/@testing-library/user-event/dist/cjs/system/pointer/mouse.js:100:30)
      at PointerHost.release (node_modules/@testing-library/user-event/dist/cjs/system/pointer/index.js:87:24)
      at pointerAction (node_modules/@testing-library/user-event/dist/cjs/pointer/index.js:54:47)
      at Object.pointer (node_modules/@testing-library/user-event/dist/cjs/pointer/index.js:27:9)
      at src/components/Contact/Contact.test.tsx:82:13
      at AsyncProperty.run (node_modules/fast-check/lib/check/property/AsyncProperty.generic.js:49:28)
      at asyncRunIt (node_modules/fast-check/lib/check/runner/Runner.js:37:21)
      at Object.<anonymous> (src/components/Contact/Contact.test.tsx:39:5)

    console.error
      Warning: An update to Contact inside a test was not wrapped in act(...).
      
      When testing, code that causes React state updates should be wrapped into act(...):
      
      act(() => {
        /* fire events that update state */
      });
      /* assert on the output */
      
      This ensures that you're testing the behavior the user would see in the browser. Learn more at https://reactjs.org/link/wrap-tests-with-act
          at Contact (/workspaces/netsanet-portfolio/src/components/Contact/Contact.tsx:17:44)

      30 |
      31 |   const handleInputChange = (field: keyof ContactFormData, value: string) => {
    > 32 |     setFormState(prev => ({
         |     ^
      33 |       ...prev,
      34 |       data: {
      35 |         ...prev.data,

      at printWarning (node_modules/react-dom/cjs/react-dom.development.js:86:30)
      at error (node_modules/react-dom/cjs/react-dom.development.js:60:7)
      at warnIfUpdatesNotWrappedWithActDEV (node_modules/react-dom/cjs/react-dom.development.js:27628:9)
      at scheduleUpdateOnFiber (node_modules/react-dom/cjs/react-dom.development.js:25547:5)
      at dispatchSetState (node_modules/react-dom/cjs/react-dom.development.js:16708:7)
      at handleInputChange (src/components/Contact/Contact.tsx:32:5)
      at onChange (src/components/Contact/Contact.tsx:301:34)
      at HTMLUnknownElement.callCallback (node_modules/react-dom/cjs/react-dom.development.js:4164:14)
      at HTMLUnknownElement.callTheUserObjectsOperation (node_modules/jsdom/lib/jsdom/living/generated/EventListener.js:26:30)
      at innerInvokeEventListeners (node_modules/jsdom/lib/jsdom/living/events/EventTarget-impl.js:350:25)
      at invokeEventListeners (node_modules/jsdom/lib/jsdom/living/events/EventTarget-impl.js:286:3)
      at HTMLUnknownElementImpl._dispatch (node_modules/jsdom/lib/jsdom/living/events/EventTarget-impl.js:233:9)
      at HTMLUnknownElementImpl.dispatchEvent (node_modules/jsdom/lib/jsdom/living/events/EventTarget-impl.js:104:17)
      at HTMLUnknownElement.dispatchEvent (node_modules/jsdom/lib/jsdom/living/generated/EventTarget.js:241:34)
      at Object.invokeGuardedCallbackDev (node_modules/react-dom/cjs/react-dom.development.js:4213:16)
      at invokeGuardedCallback (node_modules/react-dom/cjs/react-dom.development.js:4277:31)
      at invokeGuardedCallbackAndCatchFirstError (node_modules/react-dom/cjs/react-dom.development.js:4291:25)
      at executeDispatch (node_modules/react-dom/cjs/react-dom.development.js:9041:3)
      at processDispatchQueueItemsInOrder (node_modules/react-dom/cjs/react-dom.development.js:9073:7)
      at processDispatchQueue (node_modules/react-dom/cjs/react-dom.development.js:9086:5)
      at dispatchEventsForPlugins (node_modules/react-dom/cjs/react-dom.development.js:9097:3)
      at node_modules/react-dom/cjs/react-dom.development.js:9288:12
      at batchedUpdates$1 (node_modules/react-dom/cjs/react-dom.development.js:26179:12)
      at batchedUpdates (node_modules/react-dom/cjs/react-dom.development.js:3991:12)
      at dispatchEventForPluginEventSystem (node_modules/react-dom/cjs/react-dom.development.js:9287:3)
      at dispatchEventWithEnableCapturePhaseSelectiveHydrationWithoutDiscreteEventReplay (node_modules/react-dom/cjs/react-dom.development.js:6465:5)
      at dispatchEvent (node_modules/react-dom/cjs/react-dom.development.js:6457:5)
      at dispatchDiscreteEvent (node_modules/react-dom/cjs/react-dom.development.js:6430:5)
      at HTMLDivElement.callTheUserObjectsOperation (node_modules/jsdom/lib/jsdom/living/generated/EventListener.js:26:30)
      at innerInvokeEventListeners (node_modules/jsdom/lib/jsdom/living/events/EventTarget-impl.js:350:25)
      at invokeEventListeners (node_modules/jsdom/lib/jsdom/living/events/EventTarget-impl.js:286:3)
      at HTMLTextAreaElementImpl._dispatch (node_modules/jsdom/lib/jsdom/living/events/EventTarget-impl.js:233:9)
      at HTMLTextAreaElementImpl.dispatchEvent (node_modules/jsdom/lib/jsdom/living/events/EventTarget-impl.js:104:17)
      at HTMLTextAreaElement.dispatchEvent (node_modules/jsdom/lib/jsdom/living/generated/EventTarget.js:241:34)
      at node_modules/@testing-library/user-event/dist/cjs/event/dispatchEvent.js:45:43
      at Object.eventWrapper (node_modules/@testing-library/dom/dist/config.js:25:23)
      at Object.wrapEvent (node_modules/@testing-library/user-event/dist/cjs/event/wrapEvent.js:6:28)
      at Object.dispatchEvent (node_modules/@testing-library/user-event/dist/cjs/event/dispatchEvent.js:45:22)
      at Object.dispatchUIEvent (node_modules/@testing-library/user-event/dist/cjs/event/dispatchEvent.js:22:26)
      at commitInput (node_modules/@testing-library/user-event/dist/cjs/event/input.js:145:14)
      at editInputElement (node_modules/@testing-library/user-event/dist/cjs/event/input.js:115:9)
      at Object.input (node_modules/@testing-library/user-event/dist/cjs/event/input.js:37:9)
      at node_modules/@testing-library/user-event/dist/cjs/event/behavior/keypress.js:31:26
      at Object.dispatchEvent (node_modules/@testing-library/user-event/dist/cjs/event/dispatchEvent.js:41:13)
      at Object.dispatchUIEvent (node_modules/@testing-library/user-event/dist/cjs/event/dispatchEvent.js:22:26)
      at KeyboardHost.keydown (node_modules/@testing-library/user-event/dist/cjs/system/keyboard.js:76:22)
      at keyboardAction (node_modules/@testing-library/user-event/dist/cjs/keyboard/index.js:22:35)
      at Object.keyboard (node_modules/@testing-library/user-event/dist/cjs/keyboard/index.js:11:15)
      at Object.type (node_modules/@testing-library/user-event/dist/cjs/utility/type.js:17:5)
      at src/components/Contact/Contact.test.tsx:78:15
      at AsyncProperty.run (node_modules/fast-check/lib/check/property/AsyncProperty.generic.js:49:28)
      at asyncRunIt (node_modules/fast-check/lib/check/runner/Runner.js:37:21)
      at Object.<anonymous> (src/components/Contact/Contact.test.tsx:39:5)

    console.error
      Warning: An update to Contact inside a test was not wrapped in act(...).
      
      When testing, code that causes React state updates should be wrapped into act(...):
      
      act(() => {
        /* fire events that update state */
      });
      /* assert on the output */
      
      This ensures that you're testing the behavior the user would see in the browser. Learn more at https://reactjs.org/link/wrap-tests-with-act
          at Contact (/workspaces/netsanet-portfolio/src/components/Contact/Contact.tsx:17:44)

      51 |     
      52 |     if (!validation.isValid) {
    > 53 |       setFormState(prev => ({
         |       ^
      54 |         ...prev,
      55 |         errors: validation.fieldErrors
      56 |       }));

      at printWarning (node_modules/react-dom/cjs/react-dom.development.js:86:30)
      at error (node_modules/react-dom/cjs/react-dom.development.js:60:7)
      at warnIfUpdatesNotWrappedWithActDEV (node_modules/react-dom/cjs/react-dom.development.js:27628:9)
      at scheduleUpdateOnFiber (node_modules/react-dom/cjs/react-dom.development.js:25547:5)
      at dispatchSetState (node_modules/react-dom/cjs/react-dom.development.js:16708:7)
      at handleSubmit (src/components/Contact/Contact.tsx:53:7)
      at HTMLUnknownElement.callCallback (node_modules/react-dom/cjs/react-dom.development.js:4164:14)
      at HTMLUnknownElement.callTheUserObjectsOperation (node_modules/jsdom/lib/jsdom/living/generated/EventListener.js:26:30)
      at innerInvokeEventListeners (node_modules/jsdom/lib/jsdom/living/events/EventTarget-impl.js:350:25)
      at invokeEventListeners (node_modules/jsdom/lib/jsdom/living/events/EventTarget-impl.js:286:3)
      at HTMLUnknownElementImpl._dispatch (node_modules/jsdom/lib/jsdom/living/events/EventTarget-impl.js:233:9)
      at HTMLUnknownElementImpl.dispatchEvent (node_modules/jsdom/lib/jsdom/living/events/EventTarget-impl.js:104:17)
      at HTMLUnknownElement.dispatchEvent (node_modules/jsdom/lib/jsdom/living/generated/EventTarget.js:241:34)
      at Object.invokeGuardedCallbackDev (node_modules/react-dom/cjs/react-dom.development.js:4213:16)
      at invokeGuardedCallback (node_modules/react-dom/cjs/react-dom.development.js:4277:31)
      at invokeGuardedCallbackAndCatchFirstError (node_modules/react-dom/cjs/react-dom.development.js:4291:25)
      at executeDispatch (node_modules/react-dom/cjs/react-dom.development.js:9041:3)
      at processDispatchQueueItemsInOrder (node_modules/react-dom/cjs/react-dom.development.js:9073:7)
      at processDispatchQueue (node_modules/react-dom/cjs/react-dom.development.js:9086:5)
      at dispatchEventsForPlugins (node_modules/react-dom/cjs/react-dom.development.js:9097:3)
      at node_modules/react-dom/cjs/react-dom.development.js:9288:12
      at batchedUpdates$1 (node_modules/react-dom/cjs/react-dom.development.js:26179:12)
      at batchedUpdates (node_modules/react-dom/cjs/react-dom.development.js:3991:12)
      at dispatchEventForPluginEventSystem (node_modules/react-dom/cjs/react-dom.development.js:9287:3)
      at dispatchEventWithEnableCapturePhaseSelectiveHydrationWithoutDiscreteEventReplay (node_modules/react-dom/cjs/react-dom.development.js:6465:5)
      at dispatchEvent (node_modules/react-dom/cjs/react-dom.development.js:6457:5)
      at dispatchDiscreteEvent (node_modules/react-dom/cjs/react-dom.development.js:6430:5)
      at HTMLDivElement.callTheUserObjectsOperation (node_modules/jsdom/lib/jsdom/living/generated/EventListener.js:26:30)
      at innerInvokeEventListeners (node_modules/jsdom/lib/jsdom/living/events/EventTarget-impl.js:350:25)
      at invokeEventListeners (node_modules/jsdom/lib/jsdom/living/events/EventTarget-impl.js:286:3)
      at HTMLFormElementImpl._dispatch (node_modules/jsdom/lib/jsdom/living/events/EventTarget-impl.js:233:9)
      at fireAnEvent (node_modules/jsdom/lib/jsdom/living/helpers/events.js:18:36)
      at HTMLFormElementImpl.requestSubmit (node_modules/jsdom/lib/jsdom/living/nodes/HTMLFormElement-impl.js:109:10)
      at HTMLFormElementImpl._doRequestSubmit (node_modules/jsdom/lib/jsdom/living/nodes/HTMLFormElement-impl.js:79:10)
      at HTMLButtonElementImpl._activationBehavior (node_modules/jsdom/lib/jsdom/living/nodes/HTMLButtonElement-impl.js:23:14)
      at HTMLButtonElementImpl._dispatch (node_modules/jsdom/lib/jsdom/living/events/EventTarget-impl.js:252:26)
      at HTMLButtonElementImpl.dispatchEvent (node_modules/jsdom/lib/jsdom/living/events/EventTarget-impl.js:104:17)
      at HTMLButtonElement.dispatchEvent (node_modules/jsdom/lib/jsdom/living/generated/EventTarget.js:241:34)
      at node_modules/@testing-library/user-event/dist/cjs/event/dispatchEvent.js:45:43
      at Object.eventWrapper (node_modules/@testing-library/dom/dist/config.js:25:23)
      at Object.wrapEvent (node_modules/@testing-library/user-event/dist/cjs/event/wrapEvent.js:6:28)
      at Object.dispatchEvent (node_modules/@testing-library/user-event/dist/cjs/event/dispatchEvent.js:45:22)
      at Object.dispatchUIEvent (node_modules/@testing-library/user-event/dist/cjs/event/dispatchEvent.js:22:26)
      at Mouse.up (node_modules/@testing-library/user-event/dist/cjs/system/pointer/mouse.js:100:30)
      at PointerHost.release (node_modules/@testing-library/user-event/dist/cjs/system/pointer/index.js:87:24)
      at pointerAction (node_modules/@testing-library/user-event/dist/cjs/pointer/index.js:54:47)
      at Object.pointer (node_modules/@testing-library/user-event/dist/cjs/pointer/index.js:27:9)
      at src/components/Contact/Contact.test.tsx:82:13
      at AsyncProperty.run (node_modules/fast-check/lib/check/property/AsyncProperty.generic.js:49:28)
      at asyncRunIt (node_modules/fast-check/lib/check/runner/Runner.js:37:21)
      at Object.<anonymous> (src/components/Contact/Contact.test.tsx:39:5)

    console.error
      Warning: An update to Contact inside a test was not wrapped in act(...).
      
      When testing, code that causes React state updates should be wrapped into act(...):
      
      act(() => {
        /* fire events that update state */
      });
      /* assert on the output */
      
      This ensures that you're testing the behavior the user would see in the browser. Learn more at https://reactjs.org/link/wrap-tests-with-act
          at Contact (/workspaces/netsanet-portfolio/src/components/Contact/Contact.tsx:17:44)

      30 |
      31 |   const handleInputChange = (field: keyof ContactFormData, value: string) => {
    > 32 |     setFormState(prev => ({
         |     ^
      33 |       ...prev,
      34 |       data: {
      35 |         ...prev.data,

      at printWarning (node_modules/react-dom/cjs/react-dom.development.js:86:30)
      at error (node_modules/react-dom/cjs/react-dom.development.js:60:7)
      at warnIfUpdatesNotWrappedWithActDEV (node_modules/react-dom/cjs/react-dom.development.js:27628:9)
      at scheduleUpdateOnFiber (node_modules/react-dom/cjs/react-dom.development.js:25547:5)
      at dispatchSetState (node_modules/react-dom/cjs/react-dom.development.js:16708:7)
      at handleInputChange (src/components/Contact/Contact.tsx:32:5)
      at onChange (src/components/Contact/Contact.tsx:301:34)
      at HTMLUnknownElement.callCallback (node_modules/react-dom/cjs/react-dom.development.js:4164:14)
      at HTMLUnknownElement.callTheUserObjectsOperation (node_modules/jsdom/lib/jsdom/living/generated/EventListener.js:26:30)
      at innerInvokeEventListeners (node_modules/jsdom/lib/jsdom/living/events/EventTarget-impl.js:350:25)
      at invokeEventListeners (node_modules/jsdom/lib/jsdom/living/events/EventTarget-impl.js:286:3)
      at HTMLUnknownElementImpl._dispatch (node_modules/jsdom/lib/jsdom/living/events/EventTarget-impl.js:233:9)
      at HTMLUnknownElementImpl.dispatchEvent (node_modules/jsdom/lib/jsdom/living/events/EventTarget-impl.js:104:17)
      at HTMLUnknownElement.dispatchEvent (node_modules/jsdom/lib/jsdom/living/generated/EventTarget.js:241:34)
      at Object.invokeGuardedCallbackDev (node_modules/react-dom/cjs/react-dom.development.js:4213:16)
      at invokeGuardedCallback (node_modules/react-dom/cjs/react-dom.development.js:4277:31)
      at invokeGuardedCallbackAndCatchFirstError (node_modules/react-dom/cjs/react-dom.development.js:4291:25)
      at executeDispatch (node_modules/react-dom/cjs/react-dom.development.js:9041:3)
      at processDispatchQueueItemsInOrder (node_modules/react-dom/cjs/react-dom.development.js:9073:7)
      at processDispatchQueue (node_modules/react-dom/cjs/react-dom.development.js:9086:5)
      at dispatchEventsForPlugins (node_modules/react-dom/cjs/react-dom.development.js:9097:3)
      at node_modules/react-dom/cjs/react-dom.development.js:9288:12
      at batchedUpdates$1 (node_modules/react-dom/cjs/react-dom.development.js:26179:12)
      at batchedUpdates (node_modules/react-dom/cjs/react-dom.development.js:3991:12)
      at dispatchEventForPluginEventSystem (node_modules/react-dom/cjs/react-dom.development.js:9287:3)
      at dispatchEventWithEnableCapturePhaseSelectiveHydrationWithoutDiscreteEventReplay (node_modules/react-dom/cjs/react-dom.development.js:6465:5)
      at dispatchEvent (node_modules/react-dom/cjs/react-dom.development.js:6457:5)
      at dispatchDiscreteEvent (node_modules/react-dom/cjs/react-dom.development.js:6430:5)
      at HTMLDivElement.callTheUserObjectsOperation (node_modules/jsdom/lib/jsdom/living/generated/EventListener.js:26:30)
      at innerInvokeEventListeners (node_modules/jsdom/lib/jsdom/living/events/EventTarget-impl.js:350:25)
      at invokeEventListeners (node_modules/jsdom/lib/jsdom/living/events/EventTarget-impl.js:286:3)
      at HTMLTextAreaElementImpl._dispatch (node_modules/jsdom/lib/jsdom/living/events/EventTarget-impl.js:233:9)
      at HTMLTextAreaElementImpl.dispatchEvent (node_modules/jsdom/lib/jsdom/living/events/EventTarget-impl.js:104:17)
      at HTMLTextAreaElement.dispatchEvent (node_modules/jsdom/lib/jsdom/living/generated/EventTarget.js:241:34)
      at node_modules/@testing-library/user-event/dist/cjs/event/dispatchEvent.js:45:43
      at Object.eventWrapper (node_modules/@testing-library/dom/dist/config.js:25:23)
      at Object.wrapEvent (node_modules/@testing-library/user-event/dist/cjs/event/wrapEvent.js:6:28)
      at Object.dispatchEvent (node_modules/@testing-library/user-event/dist/cjs/event/dispatchEvent.js:45:22)
      at Object.dispatchUIEvent (node_modules/@testing-library/user-event/dist/cjs/event/dispatchEvent.js:22:26)
      at commitInput (node_modules/@testing-library/user-event/dist/cjs/event/input.js:145:14)
      at editInputElement (node_modules/@testing-library/user-event/dist/cjs/event/input.js:115:9)
      at Object.input (node_modules/@testing-library/user-event/dist/cjs/event/input.js:37:9)
      at node_modules/@testing-library/user-event/dist/cjs/event/behavior/keypress.js:31:26
      at Object.dispatchEvent (node_modules/@testing-library/user-event/dist/cjs/event/dispatchEvent.js:41:13)
      at Object.dispatchUIEvent (node_modules/@testing-library/user-event/dist/cjs/event/dispatchEvent.js:22:26)
      at KeyboardHost.keydown (node_modules/@testing-library/user-event/dist/cjs/system/keyboard.js:76:22)
      at keyboardAction (node_modules/@testing-library/user-event/dist/cjs/keyboard/index.js:22:35)
      at Object.keyboard (node_modules/@testing-library/user-event/dist/cjs/keyboard/index.js:11:15)
      at Object.type (node_modules/@testing-library/user-event/dist/cjs/utility/type.js:17:5)
      at src/components/Contact/Contact.test.tsx:78:15
      at AsyncProperty.run (node_modules/fast-check/lib/check/property/AsyncProperty.generic.js:49:28)
      at asyncRunIt (node_modules/fast-check/lib/check/runner/Runner.js:37:21)
      at Object.<anonymous> (src/components/Contact/Contact.test.tsx:39:5)

    console.error
      Warning: An update to Contact inside a test was not wrapped in act(...).
      
      When testing, code that causes React state updates should be wrapped into act(...):
      
      act(() => {
        /* fire events that update state */
      });
      /* assert on the output */
      
      This ensures that you're testing the behavior the user would see in the browser. Learn more at https://reactjs.org/link/wrap-tests-with-act
          at Contact (/workspaces/netsanet-portfolio/src/components/Contact/Contact.tsx:17:44)

      51 |     
      52 |     if (!validation.isValid) {
    > 53 |       setFormState(prev => ({
         |       ^
      54 |         ...prev,
      55 |         errors: validation.fieldErrors
      56 |       }));

      at printWarning (node_modules/react-dom/cjs/react-dom.development.js:86:30)
      at error (node_modules/react-dom/cjs/react-dom.development.js:60:7)
      at warnIfUpdatesNotWrappedWithActDEV (node_modules/react-dom/cjs/react-dom.development.js:27628:9)
      at scheduleUpdateOnFiber (node_modules/react-dom/cjs/react-dom.development.js:25547:5)
      at dispatchSetState (node_modules/react-dom/cjs/react-dom.development.js:16708:7)
      at handleSubmit (src/components/Contact/Contact.tsx:53:7)
      at HTMLUnknownElement.callCallback (node_modules/react-dom/cjs/react-dom.development.js:4164:14)
      at HTMLUnknownElement.callTheUserObjectsOperation (node_modules/jsdom/lib/jsdom/living/generated/EventListener.js:26:30)
      at innerInvokeEventListeners (node_modules/jsdom/lib/jsdom/living/events/EventTarget-impl.js:350:25)
      at invokeEventListeners (node_modules/jsdom/lib/jsdom/living/events/EventTarget-impl.js:286:3)
      at HTMLUnknownElementImpl._dispatch (node_modules/jsdom/lib/jsdom/living/events/EventTarget-impl.js:233:9)
      at HTMLUnknownElementImpl.dispatchEvent (node_modules/jsdom/lib/jsdom/living/events/EventTarget-impl.js:104:17)
      at HTMLUnknownElement.dispatchEvent (node_modules/jsdom/lib/jsdom/living/generated/EventTarget.js:241:34)
      at Object.invokeGuardedCallbackDev (node_modules/react-dom/cjs/react-dom.development.js:4213:16)
      at invokeGuardedCallback (node_modules/react-dom/cjs/react-dom.development.js:4277:31)
      at invokeGuardedCallbackAndCatchFirstError (node_modules/react-dom/cjs/react-dom.development.js:4291:25)
      at executeDispatch (node_modules/react-dom/cjs/react-dom.development.js:9041:3)
      at processDispatchQueueItemsInOrder (node_modules/react-dom/cjs/react-dom.development.js:9073:7)
      at processDispatchQueue (node_modules/react-dom/cjs/react-dom.development.js:9086:5)
      at dispatchEventsForPlugins (node_modules/react-dom/cjs/react-dom.development.js:9097:3)
      at node_modules/react-dom/cjs/react-dom.development.js:9288:12
      at batchedUpdates$1 (node_modules/react-dom/cjs/react-dom.development.js:26179:12)
      at batchedUpdates (node_modules/react-dom/cjs/react-dom.development.js:3991:12)
      at dispatchEventForPluginEventSystem (node_modules/react-dom/cjs/react-dom.development.js:9287:3)
      at dispatchEventWithEnableCapturePhaseSelectiveHydrationWithoutDiscreteEventReplay (node_modules/react-dom/cjs/react-dom.development.js:6465:5)
      at dispatchEvent (node_modules/react-dom/cjs/react-dom.development.js:6457:5)
      at dispatchDiscreteEvent (node_modules/react-dom/cjs/react-dom.development.js:6430:5)
      at HTMLDivElement.callTheUserObjectsOperation (node_modules/jsdom/lib/jsdom/living/generated/EventListener.js:26:30)
      at innerInvokeEventListeners (node_modules/jsdom/lib/jsdom/living/events/EventTarget-impl.js:350:25)
      at invokeEventListeners (node_modules/jsdom/lib/jsdom/living/events/EventTarget-impl.js:286:3)
      at HTMLFormElementImpl._dispatch (node_modules/jsdom/lib/jsdom/living/events/EventTarget-impl.js:233:9)
      at fireAnEvent (node_modules/jsdom/lib/jsdom/living/helpers/events.js:18:36)
      at HTMLFormElementImpl.requestSubmit (node_modules/jsdom/lib/jsdom/living/nodes/HTMLFormElement-impl.js:109:10)
      at HTMLFormElementImpl._doRequestSubmit (node_modules/jsdom/lib/jsdom/living/nodes/HTMLFormElement-impl.js:79:10)
      at HTMLButtonElementImpl._activationBehavior (node_modules/jsdom/lib/jsdom/living/nodes/HTMLButtonElement-impl.js:23:14)
      at HTMLButtonElementImpl._dispatch (node_modules/jsdom/lib/jsdom/living/events/EventTarget-impl.js:252:26)
      at HTMLButtonElementImpl.dispatchEvent (node_modules/jsdom/lib/jsdom/living/events/EventTarget-impl.js:104:17)
      at HTMLButtonElement.dispatchEvent (node_modules/jsdom/lib/jsdom/living/generated/EventTarget.js:241:34)
      at node_modules/@testing-library/user-event/dist/cjs/event/dispatchEvent.js:45:43
      at Object.eventWrapper (node_modules/@testing-library/dom/dist/config.js:25:23)
      at Object.wrapEvent (node_modules/@testing-library/user-event/dist/cjs/event/wrapEvent.js:6:28)
      at Object.dispatchEvent (node_modules/@testing-library/user-event/dist/cjs/event/dispatchEvent.js:45:22)
      at Object.dispatchUIEvent (node_modules/@testing-library/user-event/dist/cjs/event/dispatchEvent.js:22:26)
      at Mouse.up (node_modules/@testing-library/user-event/dist/cjs/system/pointer/mouse.js:100:30)
      at PointerHost.release (node_modules/@testing-library/user-event/dist/cjs/system/pointer/index.js:87:24)
      at pointerAction (node_modules/@testing-library/user-event/dist/cjs/pointer/index.js:54:47)
      at Object.pointer (node_modules/@testing-library/user-event/dist/cjs/pointer/index.js:27:9)
      at src/components/Contact/Contact.test.tsx:82:13
      at AsyncProperty.run (node_modules/fast-check/lib/check/property/AsyncProperty.generic.js:49:28)
      at asyncRunIt (node_modules/fast-check/lib/check/runner/Runner.js:37:21)
      at Object.<anonymous> (src/components/Contact/Contact.test.tsx:39:5)

    console.error
      Warning: An update to Contact inside a test was not wrapped in act(...).
      
      When testing, code that causes React state updates should be wrapped into act(...):
      
      act(() => {
        /* fire events that update state */
      });
      /* assert on the output */
      
      This ensures that you're testing the behavior the user would see in the browser. Learn more at https://reactjs.org/link/wrap-tests-with-act
          at Contact (/workspaces/netsanet-portfolio/src/components/Contact/Contact.tsx:17:44)

      30 |
      31 |   const handleInputChange = (field: keyof ContactFormData, value: string) => {
    > 32 |     setFormState(prev => ({
         |     ^
      33 |       ...prev,
      34 |       data: {
      35 |         ...prev.data,

      at printWarning (node_modules/react-dom/cjs/react-dom.development.js:86:30)
      at error (node_modules/react-dom/cjs/react-dom.development.js:60:7)
      at warnIfUpdatesNotWrappedWithActDEV (node_modules/react-dom/cjs/react-dom.development.js:27628:9)
      at scheduleUpdateOnFiber (node_modules/react-dom/cjs/react-dom.development.js:25547:5)
      at dispatchSetState (node_modules/react-dom/cjs/react-dom.development.js:16708:7)
      at handleInputChange (src/components/Contact/Contact.tsx:32:5)
      at onChange (src/components/Contact/Contact.tsx:236:34)
      at HTMLUnknownElement.callCallback (node_modules/react-dom/cjs/react-dom.development.js:4164:14)
      at HTMLUnknownElement.callTheUserObjectsOperation (node_modules/jsdom/lib/jsdom/living/generated/EventListener.js:26:30)
      at innerInvokeEventListeners (node_modules/jsdom/lib/jsdom/living/events/EventTarget-impl.js:350:25)
      at invokeEventListeners (node_modules/jsdom/lib/jsdom/living/events/EventTarget-impl.js:286:3)
      at HTMLUnknownElementImpl._dispatch (node_modules/jsdom/lib/jsdom/living/events/EventTarget-impl.js:233:9)
      at HTMLUnknownElementImpl.dispatchEvent (node_modules/jsdom/lib/jsdom/living/events/EventTarget-impl.js:104:17)
      at HTMLUnknownElement.dispatchEvent (node_modules/jsdom/lib/jsdom/living/generated/EventTarget.js:241:34)
      at Object.invokeGuardedCallbackDev (node_modules/react-dom/cjs/react-dom.development.js:4213:16)
      at invokeGuardedCallback (node_modules/react-dom/cjs/react-dom.development.js:4277:31)
      at invokeGuardedCallbackAndCatchFirstError (node_modules/react-dom/cjs/react-dom.development.js:4291:25)
      at executeDispatch (node_modules/react-dom/cjs/react-dom.development.js:9041:3)
      at processDispatchQueueItemsInOrder (node_modules/react-dom/cjs/react-dom.development.js:9073:7)
      at processDispatchQueue (node_modules/react-dom/cjs/react-dom.development.js:9086:5)
      at dispatchEventsForPlugins (node_modules/react-dom/cjs/react-dom.development.js:9097:3)
      at node_modules/react-dom/cjs/react-dom.development.js:9288:12
      at batchedUpdates$1 (node_modules/react-dom/cjs/react-dom.development.js:26179:12)
      at batchedUpdates (node_modules/react-dom/cjs/react-dom.development.js:3991:12)
      at dispatchEventForPluginEventSystem (node_modules/react-dom/cjs/react-dom.development.js:9287:3)
      at dispatchEventWithEnableCapturePhaseSelectiveHydrationWithoutDiscreteEventReplay (node_modules/react-dom/cjs/react-dom.development.js:6465:5)
      at dispatchEvent (node_modules/react-dom/cjs/react-dom.development.js:6457:5)
      at dispatchDiscreteEvent (node_modules/react-dom/cjs/react-dom.development.js:6430:5)
      at HTMLDivElement.callTheUserObjectsOperation (node_modules/jsdom/lib/jsdom/living/generated/EventListener.js:26:30)
      at innerInvokeEventListeners (node_modules/jsdom/lib/jsdom/living/events/EventTarget-impl.js:350:25)
      at invokeEventListeners (node_modules/jsdom/lib/jsdom/living/events/EventTarget-impl.js:286:3)
      at HTMLInputElementImpl._dispatch (node_modules/jsdom/lib/jsdom/living/events/EventTarget-impl.js:233:9)
      at HTMLInputElementImpl.dispatchEvent (node_modules/jsdom/lib/jsdom/living/events/EventTarget-impl.js:104:17)
      at HTMLInputElement.dispatchEvent (node_modules/jsdom/lib/jsdom/living/generated/EventTarget.js:241:34)
      at node_modules/@testing-library/user-event/dist/cjs/event/dispatchEvent.js:45:43
      at Object.eventWrapper (node_modules/@testing-library/dom/dist/config.js:25:23)
      at Object.wrapEvent (node_modules/@testing-library/user-event/dist/cjs/event/wrapEvent.js:6:28)
      at Object.dispatchEvent (node_modules/@testing-library/user-event/dist/cjs/event/dispatchEvent.js:45:22)
      at Object.dispatchUIEvent (node_modules/@testing-library/user-event/dist/cjs/event/dispatchEvent.js:22:26)
      at commitInput (node_modules/@testing-library/user-event/dist/cjs/event/input.js:145:14)
      at editInputElement (node_modules/@testing-library/user-event/dist/cjs/event/input.js:115:9)
      at Object.input (node_modules/@testing-library/user-event/dist/cjs/event/input.js:37:9)
      at node_modules/@testing-library/user-event/dist/cjs/event/behavior/keypress.js:31:26
      at Object.dispatchEvent (node_modules/@testing-library/user-event/dist/cjs/event/dispatchEvent.js:41:13)
      at Object.dispatchUIEvent (node_modules/@testing-library/user-event/dist/cjs/event/dispatchEvent.js:22:26)
      at KeyboardHost.keydown (node_modules/@testing-library/user-event/dist/cjs/system/keyboard.js:76:22)
      at keyboardAction (node_modules/@testing-library/user-event/dist/cjs/keyboard/index.js:22:35)
      at Object.keyboard (node_modules/@testing-library/user-event/dist/cjs/keyboard/index.js:11:15)
      at Object.type (node_modules/@testing-library/user-event/dist/cjs/utility/type.js:17:5)
      at src/components/Contact/Contact.test.tsx:134:13
      at AsyncProperty.run (node_modules/fast-check/lib/check/property/AsyncProperty.generic.js:49:28)
      at asyncRunIt (node_modules/fast-check/lib/check/runner/Runner.js:37:21)
      at Object.<anonymous> (src/components/Contact/Contact.test.tsx:122:5)

    console.error
      Warning: An update to Contact inside a test was not wrapped in act(...).
      
      When testing, code that causes React state updates should be wrapped into act(...):
      
      act(() => {
        /* fire events that update state */
      });
      /* assert on the output */
      
      This ensures that you're testing the behavior the user would see in the browser. Learn more at https://reactjs.org/link/wrap-tests-with-act
          at Contact (/workspaces/netsanet-portfolio/src/components/Contact/Contact.tsx:17:44)

      51 |     
      52 |     if (!validation.isValid) {
    > 53 |       setFormState(prev => ({
         |       ^
      54 |         ...prev,
      55 |         errors: validation.fieldErrors
      56 |       }));

      at printWarning (node_modules/react-dom/cjs/react-dom.development.js:86:30)
      at error (node_modules/react-dom/cjs/react-dom.development.js:60:7)
      at warnIfUpdatesNotWrappedWithActDEV (node_modules/react-dom/cjs/react-dom.development.js:27628:9)
      at scheduleUpdateOnFiber (node_modules/react-dom/cjs/react-dom.development.js:25547:5)
      at dispatchSetState (node_modules/react-dom/cjs/react-dom.development.js:16708:7)
      at handleSubmit (src/components/Contact/Contact.tsx:53:7)
      at HTMLUnknownElement.callCallback (node_modules/react-dom/cjs/react-dom.development.js:4164:14)
      at HTMLUnknownElement.callTheUserObjectsOperation (node_modules/jsdom/lib/jsdom/living/generated/EventListener.js:26:30)
      at innerInvokeEventListeners (node_modules/jsdom/lib/jsdom/living/events/EventTarget-impl.js:350:25)
      at invokeEventListeners (node_modules/jsdom/lib/jsdom/living/events/EventTarget-impl.js:286:3)
      at HTMLUnknownElementImpl._dispatch (node_modules/jsdom/lib/jsdom/living/events/EventTarget-impl.js:233:9)
      at HTMLUnknownElementImpl.dispatchEvent (node_modules/jsdom/lib/jsdom/living/events/EventTarget-impl.js:104:17)
      at HTMLUnknownElement.dispatchEvent (node_modules/jsdom/lib/jsdom/living/generated/EventTarget.js:241:34)
      at Object.invokeGuardedCallbackDev (node_modules/react-dom/cjs/react-dom.development.js:4213:16)
      at invokeGuardedCallback (node_modules/react-dom/cjs/react-dom.development.js:4277:31)
      at invokeGuardedCallbackAndCatchFirstError (node_modules/react-dom/cjs/react-dom.development.js:4291:25)
      at executeDispatch (node_modules/react-dom/cjs/react-dom.development.js:9041:3)
      at processDispatchQueueItemsInOrder (node_modules/react-dom/cjs/react-dom.development.js:9073:7)
      at processDispatchQueue (node_modules/react-dom/cjs/react-dom.development.js:9086:5)
      at dispatchEventsForPlugins (node_modules/react-dom/cjs/react-dom.development.js:9097:3)
      at node_modules/react-dom/cjs/react-dom.development.js:9288:12
      at batchedUpdates$1 (node_modules/react-dom/cjs/react-dom.development.js:26179:12)
      at batchedUpdates (node_modules/react-dom/cjs/react-dom.development.js:3991:12)
      at dispatchEventForPluginEventSystem (node_modules/react-dom/cjs/react-dom.development.js:9287:3)
      at dispatchEventWithEnableCapturePhaseSelectiveHydrationWithoutDiscreteEventReplay (node_modules/react-dom/cjs/react-dom.development.js:6465:5)
      at dispatchEvent (node_modules/react-dom/cjs/react-dom.development.js:6457:5)
      at dispatchDiscreteEvent (node_modules/react-dom/cjs/react-dom.development.js:6430:5)
      at HTMLDivElement.callTheUserObjectsOperation (node_modules/jsdom/lib/jsdom/living/generated/EventListener.js:26:30)
      at innerInvokeEventListeners (node_modules/jsdom/lib/jsdom/living/events/EventTarget-impl.js:350:25)
      at invokeEventListeners (node_modules/jsdom/lib/jsdom/living/events/EventTarget-impl.js:286:3)
      at HTMLFormElementImpl._dispatch (node_modules/jsdom/lib/jsdom/living/events/EventTarget-impl.js:233:9)
      at fireAnEvent (node_modules/jsdom/lib/jsdom/living/helpers/events.js:18:36)
      at HTMLFormElementImpl.requestSubmit (node_modules/jsdom/lib/jsdom/living/nodes/HTMLFormElement-impl.js:109:10)
      at HTMLFormElementImpl._doRequestSubmit (node_modules/jsdom/lib/jsdom/living/nodes/HTMLFormElement-impl.js:79:10)
      at HTMLButtonElementImpl._activationBehavior (node_modules/jsdom/lib/jsdom/living/nodes/HTMLButtonElement-impl.js:23:14)
      at HTMLButtonElementImpl._dispatch (node_modules/jsdom/lib/jsdom/living/events/EventTarget-impl.js:252:26)
      at HTMLButtonElementImpl.dispatchEvent (node_modules/jsdom/lib/jsdom/living/events/EventTarget-impl.js:104:17)
      at HTMLButtonElement.dispatchEvent (node_modules/jsdom/lib/jsdom/living/generated/EventTarget.js:241:34)
      at node_modules/@testing-library/user-event/dist/cjs/event/dispatchEvent.js:45:43
      at Object.eventWrapper (node_modules/@testing-library/dom/dist/config.js:25:23)
      at Object.wrapEvent (node_modules/@testing-library/user-event/dist/cjs/event/wrapEvent.js:6:28)
      at Object.dispatchEvent (node_modules/@testing-library/user-event/dist/cjs/event/dispatchEvent.js:45:22)
      at Object.dispatchUIEvent (node_modules/@testing-library/user-event/dist/cjs/event/dispatchEvent.js:22:26)
      at Mouse.up (node_modules/@testing-library/user-event/dist/cjs/system/pointer/mouse.js:100:30)
      at PointerHost.release (node_modules/@testing-library/user-event/dist/cjs/system/pointer/index.js:87:24)
      at pointerAction (node_modules/@testing-library/user-event/dist/cjs/pointer/index.js:54:47)
      at Object.pointer (node_modules/@testing-library/user-event/dist/cjs/pointer/index.js:27:9)
      at src/components/Contact/Contact.test.tsx:135:13
      at AsyncProperty.run (node_modules/fast-check/lib/check/property/AsyncProperty.generic.js:49:28)
      at asyncRunIt (node_modules/fast-check/lib/check/runner/Runner.js:37:21)
      at Object.<anonymous> (src/components/Contact/Contact.test.tsx:122:5)

    console.error
      Warning: An update to Contact inside a test was not wrapped in act(...).
      
      When testing, code that causes React state updates should be wrapped into act(...):
      
      act(() => {
        /* fire events that update state */
      });
      /* assert on the output */
      
      This ensures that you're testing the behavior the user would see in the browser. Learn more at https://reactjs.org/link/wrap-tests-with-act
          at Contact (/workspaces/netsanet-portfolio/src/components/Contact/Contact.tsx:17:44)

      30 |
      31 |   const handleInputChange = (field: keyof ContactFormData, value: string) => {
    > 32 |     setFormState(prev => ({
         |     ^
      33 |       ...prev,
      34 |       data: {
      35 |         ...prev.data,

      at printWarning (node_modules/react-dom/cjs/react-dom.development.js:86:30)
      at error (node_modules/react-dom/cjs/react-dom.development.js:60:7)
      at warnIfUpdatesNotWrappedWithActDEV (node_modules/react-dom/cjs/react-dom.development.js:27628:9)
      at scheduleUpdateOnFiber (node_modules/react-dom/cjs/react-dom.development.js:25547:5)
      at dispatchSetState (node_modules/react-dom/cjs/react-dom.development.js:16708:7)
      at handleInputChange (src/components/Contact/Contact.tsx:32:5)
      at onChange (src/components/Contact/Contact.tsx:236:34)
      at HTMLUnknownElement.callCallback (node_modules/react-dom/cjs/react-dom.development.js:4164:14)
      at HTMLUnknownElement.callTheUserObjectsOperation (node_modules/jsdom/lib/jsdom/living/generated/EventListener.js:26:30)
      at innerInvokeEventListeners (node_modules/jsdom/lib/jsdom/living/events/EventTarget-impl.js:350:25)
      at invokeEventListeners (node_modules/jsdom/lib/jsdom/living/events/EventTarget-impl.js:286:3)
      at HTMLUnknownElementImpl._dispatch (node_modules/jsdom/lib/jsdom/living/events/EventTarget-impl.js:233:9)
      at HTMLUnknownElementImpl.dispatchEvent (node_modules/jsdom/lib/jsdom/living/events/EventTarget-impl.js:104:17)
      at HTMLUnknownElement.dispatchEvent (node_modules/jsdom/lib/jsdom/living/generated/EventTarget.js:241:34)
      at Object.invokeGuardedCallbackDev (node_modules/react-dom/cjs/react-dom.development.js:4213:16)
      at invokeGuardedCallback (node_modules/react-dom/cjs/react-dom.development.js:4277:31)
      at invokeGuardedCallbackAndCatchFirstError (node_modules/react-dom/cjs/react-dom.development.js:4291:25)
      at executeDispatch (node_modules/react-dom/cjs/react-dom.development.js:9041:3)
      at processDispatchQueueItemsInOrder (node_modules/react-dom/cjs/react-dom.development.js:9073:7)
      at processDispatchQueue (node_modules/react-dom/cjs/react-dom.development.js:9086:5)
      at dispatchEventsForPlugins (node_modules/react-dom/cjs/react-dom.development.js:9097:3)
      at node_modules/react-dom/cjs/react-dom.development.js:9288:12
      at batchedUpdates$1 (node_modules/react-dom/cjs/react-dom.development.js:26179:12)
      at batchedUpdates (node_modules/react-dom/cjs/react-dom.development.js:3991:12)
      at dispatchEventForPluginEventSystem (node_modules/react-dom/cjs/react-dom.development.js:9287:3)
      at dispatchEventWithEnableCapturePhaseSelectiveHydrationWithoutDiscreteEventReplay (node_modules/react-dom/cjs/react-dom.development.js:6465:5)
      at dispatchEvent (node_modules/react-dom/cjs/react-dom.development.js:6457:5)
      at dispatchDiscreteEvent (node_modules/react-dom/cjs/react-dom.development.js:6430:5)
      at HTMLDivElement.callTheUserObjectsOperation (node_modules/jsdom/lib/jsdom/living/generated/EventListener.js:26:30)
      at innerInvokeEventListeners (node_modules/jsdom/lib/jsdom/living/events/EventTarget-impl.js:350:25)
      at invokeEventListeners (node_modules/jsdom/lib/jsdom/living/events/EventTarget-impl.js:286:3)
      at HTMLInputElementImpl._dispatch (node_modules/jsdom/lib/jsdom/living/events/EventTarget-impl.js:233:9)
      at HTMLInputElementImpl.dispatchEvent (node_modules/jsdom/lib/jsdom/living/events/EventTarget-impl.js:104:17)
      at HTMLInputElement.dispatchEvent (node_modules/jsdom/lib/jsdom/living/generated/EventTarget.js:241:34)
      at node_modules/@testing-library/user-event/dist/cjs/event/dispatchEvent.js:45:43
      at Object.eventWrapper (node_modules/@testing-library/dom/dist/config.js:25:23)
      at Object.wrapEvent (node_modules/@testing-library/user-event/dist/cjs/event/wrapEvent.js:6:28)
      at Object.dispatchEvent (node_modules/@testing-library/user-event/dist/cjs/event/dispatchEvent.js:45:22)
      at Object.dispatchUIEvent (node_modules/@testing-library/user-event/dist/cjs/event/dispatchEvent.js:22:26)
      at commitInput (node_modules/@testing-library/user-event/dist/cjs/event/input.js:145:14)
      at editInputElement (node_modules/@testing-library/user-event/dist/cjs/event/input.js:115:9)
      at Object.input (node_modules/@testing-library/user-event/dist/cjs/event/input.js:37:9)
      at node_modules/@testing-library/user-event/dist/cjs/event/behavior/keypress.js:31:26
      at Object.dispatchEvent (node_modules/@testing-library/user-event/dist/cjs/event/dispatchEvent.js:41:13)
      at Object.dispatchUIEvent (node_modules/@testing-library/user-event/dist/cjs/event/dispatchEvent.js:22:26)
      at KeyboardHost.keydown (node_modules/@testing-library/user-event/dist/cjs/system/keyboard.js:76:22)
      at keyboardAction (node_modules/@testing-library/user-event/dist/cjs/keyboard/index.js:22:35)
      at Object.keyboard (node_modules/@testing-library/user-event/dist/cjs/keyboard/index.js:11:15)
      at Object.type (node_modules/@testing-library/user-event/dist/cjs/utility/type.js:17:5)
      at src/components/Contact/Contact.test.tsx:134:13
      at AsyncProperty.run (node_modules/fast-check/lib/check/property/AsyncProperty.generic.js:49:28)
      at asyncRunIt (node_modules/fast-check/lib/check/runner/Runner.js:37:21)
      at Object.<anonymous> (src/components/Contact/Contact.test.tsx:122:5)

    console.error
      Warning: An update to Contact inside a test was not wrapped in act(...).
      
      When testing, code that causes React state updates should be wrapped into act(...):
      
      act(() => {
        /* fire events that update state */
      });
      /* assert on the output */
      
      This ensures that you're testing the behavior the user would see in the browser. Learn more at https://reactjs.org/link/wrap-tests-with-act
          at Contact (/workspaces/netsanet-portfolio/src/components/Contact/Contact.tsx:17:44)

      51 |     
      52 |     if (!validation.isValid) {
    > 53 |       setFormState(prev => ({
         |       ^
      54 |         ...prev,
      55 |         errors: validation.fieldErrors
      56 |       }));

      at printWarning (node_modules/react-dom/cjs/react-dom.development.js:86:30)
      at error (node_modules/react-dom/cjs/react-dom.development.js:60:7)
      at warnIfUpdatesNotWrappedWithActDEV (node_modules/react-dom/cjs/react-dom.development.js:27628:9)
      at scheduleUpdateOnFiber (node_modules/react-dom/cjs/react-dom.development.js:25547:5)
      at dispatchSetState (node_modules/react-dom/cjs/react-dom.development.js:16708:7)
      at handleSubmit (src/components/Contact/Contact.tsx:53:7)
      at HTMLUnknownElement.callCallback (node_modules/react-dom/cjs/react-dom.development.js:4164:14)
      at HTMLUnknownElement.callTheUserObjectsOperation (node_modules/jsdom/lib/jsdom/living/generated/EventListener.js:26:30)
      at innerInvokeEventListeners (node_modules/jsdom/lib/jsdom/living/events/EventTarget-impl.js:350:25)
      at invokeEventListeners (node_modules/jsdom/lib/jsdom/living/events/EventTarget-impl.js:286:3)
      at HTMLUnknownElementImpl._dispatch (node_modules/jsdom/lib/jsdom/living/events/EventTarget-impl.js:233:9)
      at HTMLUnknownElementImpl.dispatchEvent (node_modules/jsdom/lib/jsdom/living/events/EventTarget-impl.js:104:17)
      at HTMLUnknownElement.dispatchEvent (node_modules/jsdom/lib/jsdom/living/generated/EventTarget.js:241:34)
      at Object.invokeGuardedCallbackDev (node_modules/react-dom/cjs/react-dom.development.js:4213:16)
      at invokeGuardedCallback (node_modules/react-dom/cjs/react-dom.development.js:4277:31)
      at invokeGuardedCallbackAndCatchFirstError (node_modules/react-dom/cjs/react-dom.development.js:4291:25)
      at executeDispatch (node_modules/react-dom/cjs/react-dom.development.js:9041:3)
      at processDispatchQueueItemsInOrder (node_modules/react-dom/cjs/react-dom.development.js:9073:7)
      at processDispatchQueue (node_modules/react-dom/cjs/react-dom.development.js:9086:5)
      at dispatchEventsForPlugins (node_modules/react-dom/cjs/react-dom.development.js:9097:3)
      at node_modules/react-dom/cjs/react-dom.development.js:9288:12
      at batchedUpdates$1 (node_modules/react-dom/cjs/react-dom.development.js:26179:12)
      at batchedUpdates (node_modules/react-dom/cjs/react-dom.development.js:3991:12)
      at dispatchEventForPluginEventSystem (node_modules/react-dom/cjs/react-dom.development.js:9287:3)
      at dispatchEventWithEnableCapturePhaseSelectiveHydrationWithoutDiscreteEventReplay (node_modules/react-dom/cjs/react-dom.development.js:6465:5)
      at dispatchEvent (node_modules/react-dom/cjs/react-dom.development.js:6457:5)
      at dispatchDiscreteEvent (node_modules/react-dom/cjs/react-dom.development.js:6430:5)
      at HTMLDivElement.callTheUserObjectsOperation (node_modules/jsdom/lib/jsdom/living/generated/EventListener.js:26:30)
      at innerInvokeEventListeners (node_modules/jsdom/lib/jsdom/living/events/EventTarget-impl.js:350:25)
      at invokeEventListeners (node_modules/jsdom/lib/jsdom/living/events/EventTarget-impl.js:286:3)
      at HTMLFormElementImpl._dispatch (node_modules/jsdom/lib/jsdom/living/events/EventTarget-impl.js:233:9)
      at fireAnEvent (node_modules/jsdom/lib/jsdom/living/helpers/events.js:18:36)
      at HTMLFormElementImpl.requestSubmit (node_modules/jsdom/lib/jsdom/living/nodes/HTMLFormElement-impl.js:109:10)
      at HTMLFormElementImpl._doRequestSubmit (node_modules/jsdom/lib/jsdom/living/nodes/HTMLFormElement-impl.js:79:10)
      at HTMLButtonElementImpl._activationBehavior (node_modules/jsdom/lib/jsdom/living/nodes/HTMLButtonElement-impl.js:23:14)
      at HTMLButtonElementImpl._dispatch (node_modules/jsdom/lib/jsdom/living/events/EventTarget-impl.js:252:26)
      at HTMLButtonElementImpl.dispatchEvent (node_modules/jsdom/lib/jsdom/living/events/EventTarget-impl.js:104:17)
      at HTMLButtonElement.dispatchEvent (node_modules/jsdom/lib/jsdom/living/generated/EventTarget.js:241:34)
      at node_modules/@testing-library/user-event/dist/cjs/event/dispatchEvent.js:45:43
      at Object.eventWrapper (node_modules/@testing-library/dom/dist/config.js:25:23)
      at Object.wrapEvent (node_modules/@testing-library/user-event/dist/cjs/event/wrapEvent.js:6:28)
      at Object.dispatchEvent (node_modules/@testing-library/user-event/dist/cjs/event/dispatchEvent.js:45:22)
      at Object.dispatchUIEvent (node_modules/@testing-library/user-event/dist/cjs/event/dispatchEvent.js:22:26)
      at Mouse.up (node_modules/@testing-library/user-event/dist/cjs/system/pointer/mouse.js:100:30)
      at PointerHost.release (node_modules/@testing-library/user-event/dist/cjs/system/pointer/index.js:87:24)
      at pointerAction (node_modules/@testing-library/user-event/dist/cjs/pointer/index.js:54:47)
      at Object.pointer (node_modules/@testing-library/user-event/dist/cjs/pointer/index.js:27:9)
      at src/components/Contact/Contact.test.tsx:135:13
      at AsyncProperty.run (node_modules/fast-check/lib/check/property/AsyncProperty.generic.js:49:28)
      at asyncRunIt (node_modules/fast-check/lib/check/runner/Runner.js:37:21)
      at Object.<anonymous> (src/components/Contact/Contact.test.tsx:122:5)

    console.error
      Warning: An update to Contact inside a test was not wrapped in act(...).
      
      When testing, code that causes React state updates should be wrapped into act(...):
      
      act(() => {
        /* fire events that update state */
      });
      /* assert on the output */
      
      This ensures that you're testing the behavior the user would see in the browser. Learn more at https://reactjs.org/link/wrap-tests-with-act
          at Contact (/workspaces/netsanet-portfolio/src/components/Contact/Contact.tsx:17:44)

      30 |
      31 |   const handleInputChange = (field: keyof ContactFormData, value: string) => {
    > 32 |     setFormState(prev => ({
         |     ^
      33 |       ...prev,
      34 |       data: {
      35 |         ...prev.data,

      at printWarning (node_modules/react-dom/cjs/react-dom.development.js:86:30)
      at error (node_modules/react-dom/cjs/react-dom.development.js:60:7)
      at warnIfUpdatesNotWrappedWithActDEV (node_modules/react-dom/cjs/react-dom.development.js:27628:9)
      at scheduleUpdateOnFiber (node_modules/react-dom/cjs/react-dom.development.js:25547:5)
      at dispatchSetState (node_modules/react-dom/cjs/react-dom.development.js:16708:7)
      at handleInputChange (src/components/Contact/Contact.tsx:32:5)
      at onChange (src/components/Contact/Contact.tsx:236:34)
      at HTMLUnknownElement.callCallback (node_modules/react-dom/cjs/react-dom.development.js:4164:14)
      at HTMLUnknownElement.callTheUserObjectsOperation (node_modules/jsdom/lib/jsdom/living/generated/EventListener.js:26:30)
      at innerInvokeEventListeners (node_modules/jsdom/lib/jsdom/living/events/EventTarget-impl.js:350:25)
      at invokeEventListeners (node_modules/jsdom/lib/jsdom/living/events/EventTarget-impl.js:286:3)
      at HTMLUnknownElementImpl._dispatch (node_modules/jsdom/lib/jsdom/living/events/EventTarget-impl.js:233:9)
      at HTMLUnknownElementImpl.dispatchEvent (node_modules/jsdom/lib/jsdom/living/events/EventTarget-impl.js:104:17)
      at HTMLUnknownElement.dispatchEvent (node_modules/jsdom/lib/jsdom/living/generated/EventTarget.js:241:34)
      at Object.invokeGuardedCallbackDev (node_modules/react-dom/cjs/react-dom.development.js:4213:16)
      at invokeGuardedCallback (node_modules/react-dom/cjs/react-dom.development.js:4277:31)
      at invokeGuardedCallbackAndCatchFirstError (node_modules/react-dom/cjs/react-dom.development.js:4291:25)
      at executeDispatch (node_modules/react-dom/cjs/react-dom.development.js:9041:3)
      at processDispatchQueueItemsInOrder (node_modules/react-dom/cjs/react-dom.development.js:9073:7)
      at processDispatchQueue (node_modules/react-dom/cjs/react-dom.development.js:9086:5)
      at dispatchEventsForPlugins (node_modules/react-dom/cjs/react-dom.development.js:9097:3)
      at node_modules/react-dom/cjs/react-dom.development.js:9288:12
      at batchedUpdates$1 (node_modules/react-dom/cjs/react-dom.development.js:26179:12)
      at batchedUpdates (node_modules/react-dom/cjs/react-dom.development.js:3991:12)
      at dispatchEventForPluginEventSystem (node_modules/react-dom/cjs/react-dom.development.js:9287:3)
      at dispatchEventWithEnableCapturePhaseSelectiveHydrationWithoutDiscreteEventReplay (node_modules/react-dom/cjs/react-dom.development.js:6465:5)
      at dispatchEvent (node_modules/react-dom/cjs/react-dom.development.js:6457:5)
      at dispatchDiscreteEvent (node_modules/react-dom/cjs/react-dom.development.js:6430:5)
      at HTMLDivElement.callTheUserObjectsOperation (node_modules/jsdom/lib/jsdom/living/generated/EventListener.js:26:30)
      at innerInvokeEventListeners (node_modules/jsdom/lib/jsdom/living/events/EventTarget-impl.js:350:25)
      at invokeEventListeners (node_modules/jsdom/lib/jsdom/living/events/EventTarget-impl.js:286:3)
      at HTMLInputElementImpl._dispatch (node_modules/jsdom/lib/jsdom/living/events/EventTarget-impl.js:233:9)
      at HTMLInputElementImpl.dispatchEvent (node_modules/jsdom/lib/jsdom/living/events/EventTarget-impl.js:104:17)
      at HTMLInputElement.dispatchEvent (node_modules/jsdom/lib/jsdom/living/generated/EventTarget.js:241:34)
      at node_modules/@testing-library/user-event/dist/cjs/event/dispatchEvent.js:45:43
      at Object.eventWrapper (node_modules/@testing-library/dom/dist/config.js:25:23)
      at Object.wrapEvent (node_modules/@testing-library/user-event/dist/cjs/event/wrapEvent.js:6:28)
      at Object.dispatchEvent (node_modules/@testing-library/user-event/dist/cjs/event/dispatchEvent.js:45:22)
      at Object.dispatchUIEvent (node_modules/@testing-library/user-event/dist/cjs/event/dispatchEvent.js:22:26)
      at commitInput (node_modules/@testing-library/user-event/dist/cjs/event/input.js:145:14)
      at editInputElement (node_modules/@testing-library/user-event/dist/cjs/event/input.js:115:9)
      at Object.input (node_modules/@testing-library/user-event/dist/cjs/event/input.js:37:9)
      at node_modules/@testing-library/user-event/dist/cjs/event/behavior/keypress.js:31:26
      at Object.dispatchEvent (node_modules/@testing-library/user-event/dist/cjs/event/dispatchEvent.js:41:13)
      at Object.dispatchUIEvent (node_modules/@testing-library/user-event/dist/cjs/event/dispatchEvent.js:22:26)
      at KeyboardHost.keydown (node_modules/@testing-library/user-event/dist/cjs/system/keyboard.js:76:22)
      at keyboardAction (node_modules/@testing-library/user-event/dist/cjs/keyboard/index.js:22:35)
      at Object.keyboard (node_modules/@testing-library/user-event/dist/cjs/keyboard/index.js:11:15)
      at Object.type (node_modules/@testing-library/user-event/dist/cjs/utility/type.js:17:5)
      at src/components/Contact/Contact.test.tsx:134:13
      at AsyncProperty.run (node_modules/fast-check/lib/check/property/AsyncProperty.generic.js:49:28)
      at asyncRunIt (node_modules/fast-check/lib/check/runner/Runner.js:37:21)
      at Object.<anonymous> (src/components/Contact/Contact.test.tsx:122:5)

    console.error
      Warning: An update to Contact inside a test was not wrapped in act(...).
      
      When testing, code that causes React state updates should be wrapped into act(...):
      
      act(() => {
        /* fire events that update state */
      });
      /* assert on the output */
      
      This ensures that you're testing the behavior the user would see in the browser. Learn more at https://reactjs.org/link/wrap-tests-with-act
          at Contact (/workspaces/netsanet-portfolio/src/components/Contact/Contact.tsx:17:44)

      51 |     
      52 |     if (!validation.isValid) {
    > 53 |       setFormState(prev => ({
         |       ^
      54 |         ...prev,
      55 |         errors: validation.fieldErrors
      56 |       }));

      at printWarning (node_modules/react-dom/cjs/react-dom.development.js:86:30)
      at error (node_modules/react-dom/cjs/react-dom.development.js:60:7)
      at warnIfUpdatesNotWrappedWithActDEV (node_modules/react-dom/cjs/react-dom.development.js:27628:9)
      at scheduleUpdateOnFiber (node_modules/react-dom/cjs/react-dom.development.js:25547:5)
      at dispatchSetState (node_modules/react-dom/cjs/react-dom.development.js:16708:7)
      at handleSubmit (src/components/Contact/Contact.tsx:53:7)
      at HTMLUnknownElement.callCallback (node_modules/react-dom/cjs/react-dom.development.js:4164:14)
      at HTMLUnknownElement.callTheUserObjectsOperation (node_modules/jsdom/lib/jsdom/living/generated/EventListener.js:26:30)
      at innerInvokeEventListeners (node_modules/jsdom/lib/jsdom/living/events/EventTarget-impl.js:350:25)
      at invokeEventListeners (node_modules/jsdom/lib/jsdom/living/events/EventTarget-impl.js:286:3)
      at HTMLUnknownElementImpl._dispatch (node_modules/jsdom/lib/jsdom/living/events/EventTarget-impl.js:233:9)
      at HTMLUnknownElementImpl.dispatchEvent (node_modules/jsdom/lib/jsdom/living/events/EventTarget-impl.js:104:17)
      at HTMLUnknownElement.dispatchEvent (node_modules/jsdom/lib/jsdom/living/generated/EventTarget.js:241:34)
      at Object.invokeGuardedCallbackDev (node_modules/react-dom/cjs/react-dom.development.js:4213:16)
      at invokeGuardedCallback (node_modules/react-dom/cjs/react-dom.development.js:4277:31)
      at invokeGuardedCallbackAndCatchFirstError (node_modules/react-dom/cjs/react-dom.development.js:4291:25)
      at executeDispatch (node_modules/react-dom/cjs/react-dom.development.js:9041:3)
      at processDispatchQueueItemsInOrder (node_modules/react-dom/cjs/react-dom.development.js:9073:7)
      at processDispatchQueue (node_modules/react-dom/cjs/react-dom.development.js:9086:5)
      at dispatchEventsForPlugins (node_modules/react-dom/cjs/react-dom.development.js:9097:3)
      at node_modules/react-dom/cjs/react-dom.development.js:9288:12
      at batchedUpdates$1 (node_modules/react-dom/cjs/react-dom.development.js:26179:12)
      at batchedUpdates (node_modules/react-dom/cjs/react-dom.development.js:3991:12)
      at dispatchEventForPluginEventSystem (node_modules/react-dom/cjs/react-dom.development.js:9287:3)
      at dispatchEventWithEnableCapturePhaseSelectiveHydrationWithoutDiscreteEventReplay (node_modules/react-dom/cjs/react-dom.development.js:6465:5)
      at dispatchEvent (node_modules/react-dom/cjs/react-dom.development.js:6457:5)
      at dispatchDiscreteEvent (node_modules/react-dom/cjs/react-dom.development.js:6430:5)
      at HTMLDivElement.callTheUserObjectsOperation (node_modules/jsdom/lib/jsdom/living/generated/EventListener.js:26:30)
      at innerInvokeEventListeners (node_modules/jsdom/lib/jsdom/living/events/EventTarget-impl.js:350:25)
      at invokeEventListeners (node_modules/jsdom/lib/jsdom/living/events/EventTarget-impl.js:286:3)
      at HTMLFormElementImpl._dispatch (node_modules/jsdom/lib/jsdom/living/events/EventTarget-impl.js:233:9)
      at fireAnEvent (node_modules/jsdom/lib/jsdom/living/helpers/events.js:18:36)
      at HTMLFormElementImpl.requestSubmit (node_modules/jsdom/lib/jsdom/living/nodes/HTMLFormElement-impl.js:109:10)
      at HTMLFormElementImpl._doRequestSubmit (node_modules/jsdom/lib/jsdom/living/nodes/HTMLFormElement-impl.js:79:10)
      at HTMLButtonElementImpl._activationBehavior (node_modules/jsdom/lib/jsdom/living/nodes/HTMLButtonElement-impl.js:23:14)
      at HTMLButtonElementImpl._dispatch (node_modules/jsdom/lib/jsdom/living/events/EventTarget-impl.js:252:26)
      at HTMLButtonElementImpl.dispatchEvent (node_modules/jsdom/lib/jsdom/living/events/EventTarget-impl.js:104:17)
      at HTMLButtonElement.dispatchEvent (node_modules/jsdom/lib/jsdom/living/generated/EventTarget.js:241:34)
      at node_modules/@testing-library/user-event/dist/cjs/event/dispatchEvent.js:45:43
      at Object.eventWrapper (node_modules/@testing-library/dom/dist/config.js:25:23)
      at Object.wrapEvent (node_modules/@testing-library/user-event/dist/cjs/event/wrapEvent.js:6:28)
      at Object.dispatchEvent (node_modules/@testing-library/user-event/dist/cjs/event/dispatchEvent.js:45:22)
      at Object.dispatchUIEvent (node_modules/@testing-library/user-event/dist/cjs/event/dispatchEvent.js:22:26)
      at Mouse.up (node_modules/@testing-library/user-event/dist/cjs/system/pointer/mouse.js:100:30)
      at PointerHost.release (node_modules/@testing-library/user-event/dist/cjs/system/pointer/index.js:87:24)
      at pointerAction (node_modules/@testing-library/user-event/dist/cjs/pointer/index.js:54:47)
      at Object.pointer (node_modules/@testing-library/user-event/dist/cjs/pointer/index.js:27:9)
      at src/components/Contact/Contact.test.tsx:135:13
      at AsyncProperty.run (node_modules/fast-check/lib/check/property/AsyncProperty.generic.js:49:28)
      at asyncRunIt (node_modules/fast-check/lib/check/runner/Runner.js:37:21)
      at Object.<anonymous> (src/components/Contact/Contact.test.tsx:122:5)

    console.error
      Warning: An update to Contact inside a test was not wrapped in act(...).
      
      When testing, code that causes React state updates should be wrapped into act(...):
      
      act(() => {
        /* fire events that update state */
      });
      /* assert on the output */
      
      This ensures that you're testing the behavior the user would see in the browser. Learn more at https://reactjs.org/link/wrap-tests-with-act
          at Contact (/workspaces/netsanet-portfolio/src/components/Contact/Contact.tsx:17:44)

      30 |
      31 |   const handleInputChange = (field: keyof ContactFormData, value: string) => {
    > 32 |     setFormState(prev => ({
         |     ^
      33 |       ...prev,
      34 |       data: {
      35 |         ...prev.data,

      at printWarning (node_modules/react-dom/cjs/react-dom.development.js:86:30)
      at error (node_modules/react-dom/cjs/react-dom.development.js:60:7)
      at warnIfUpdatesNotWrappedWithActDEV (node_modules/react-dom/cjs/react-dom.development.js:27628:9)
      at scheduleUpdateOnFiber (node_modules/react-dom/cjs/react-dom.development.js:25547:5)
      at dispatchSetState (node_modules/react-dom/cjs/react-dom.development.js:16708:7)
      at handleInputChange (src/components/Contact/Contact.tsx:32:5)
      at onChange (src/components/Contact/Contact.tsx:236:34)
      at HTMLUnknownElement.callCallback (node_modules/react-dom/cjs/react-dom.development.js:4164:14)
      at HTMLUnknownElement.callTheUserObjectsOperation (node_modules/jsdom/lib/jsdom/living/generated/EventListener.js:26:30)
      at innerInvokeEventListeners (node_modules/jsdom/lib/jsdom/living/events/EventTarget-impl.js:350:25)
      at invokeEventListeners (node_modules/jsdom/lib/jsdom/living/events/EventTarget-impl.js:286:3)
      at HTMLUnknownElementImpl._dispatch (node_modules/jsdom/lib/jsdom/living/events/EventTarget-impl.js:233:9)
      at HTMLUnknownElementImpl.dispatchEvent (node_modules/jsdom/lib/jsdom/living/events/EventTarget-impl.js:104:17)
      at HTMLUnknownElement.dispatchEvent (node_modules/jsdom/lib/jsdom/living/generated/EventTarget.js:241:34)
      at Object.invokeGuardedCallbackDev (node_modules/react-dom/cjs/react-dom.development.js:4213:16)
      at invokeGuardedCallback (node_modules/react-dom/cjs/react-dom.development.js:4277:31)
      at invokeGuardedCallbackAndCatchFirstError (node_modules/react-dom/cjs/react-dom.development.js:4291:25)
      at executeDispatch (node_modules/react-dom/cjs/react-dom.development.js:9041:3)
      at processDispatchQueueItemsInOrder (node_modules/react-dom/cjs/react-dom.development.js:9073:7)
      at processDispatchQueue (node_modules/react-dom/cjs/react-dom.development.js:9086:5)
      at dispatchEventsForPlugins (node_modules/react-dom/cjs/react-dom.development.js:9097:3)
      at node_modules/react-dom/cjs/react-dom.development.js:9288:12
      at batchedUpdates$1 (node_modules/react-dom/cjs/react-dom.development.js:26179:12)
      at batchedUpdates (node_modules/react-dom/cjs/react-dom.development.js:3991:12)
      at dispatchEventForPluginEventSystem (node_modules/react-dom/cjs/react-dom.development.js:9287:3)
      at dispatchEventWithEnableCapturePhaseSelectiveHydrationWithoutDiscreteEventReplay (node_modules/react-dom/cjs/react-dom.development.js:6465:5)
      at dispatchEvent (node_modules/react-dom/cjs/react-dom.development.js:6457:5)
      at dispatchDiscreteEvent (node_modules/react-dom/cjs/react-dom.development.js:6430:5)
      at HTMLDivElement.callTheUserObjectsOperation (node_modules/jsdom/lib/jsdom/living/generated/EventListener.js:26:30)
      at innerInvokeEventListeners (node_modules/jsdom/lib/jsdom/living/events/EventTarget-impl.js:350:25)
      at invokeEventListeners (node_modules/jsdom/lib/jsdom/living/events/EventTarget-impl.js:286:3)
      at HTMLInputElementImpl._dispatch (node_modules/jsdom/lib/jsdom/living/events/EventTarget-impl.js:233:9)
      at HTMLInputElementImpl.dispatchEvent (node_modules/jsdom/lib/jsdom/living/events/EventTarget-impl.js:104:17)
      at HTMLInputElement.dispatchEvent (node_modules/jsdom/lib/jsdom/living/generated/EventTarget.js:241:34)
      at node_modules/@testing-library/user-event/dist/cjs/event/dispatchEvent.js:45:43
      at Object.eventWrapper (node_modules/@testing-library/dom/dist/config.js:25:23)
      at Object.wrapEvent (node_modules/@testing-library/user-event/dist/cjs/event/wrapEvent.js:6:28)
      at Object.dispatchEvent (node_modules/@testing-library/user-event/dist/cjs/event/dispatchEvent.js:45:22)
      at Object.dispatchUIEvent (node_modules/@testing-library/user-event/dist/cjs/event/dispatchEvent.js:22:26)
      at commitInput (node_modules/@testing-library/user-event/dist/cjs/event/input.js:145:14)
      at editInputElement (node_modules/@testing-library/user-event/dist/cjs/event/input.js:115:9)
      at Object.input (node_modules/@testing-library/user-event/dist/cjs/event/input.js:37:9)
      at node_modules/@testing-library/user-event/dist/cjs/event/behavior/keypress.js:31:26
      at Object.dispatchEvent (node_modules/@testing-library/user-event/dist/cjs/event/dispatchEvent.js:41:13)
      at Object.dispatchUIEvent (node_modules/@testing-library/user-event/dist/cjs/event/dispatchEvent.js:22:26)
      at KeyboardHost.keydown (node_modules/@testing-library/user-event/dist/cjs/system/keyboard.js:76:22)
      at keyboardAction (node_modules/@testing-library/user-event/dist/cjs/keyboard/index.js:22:35)
      at Object.keyboard (node_modules/@testing-library/user-event/dist/cjs/keyboard/index.js:11:15)
      at Object.type (node_modules/@testing-library/user-event/dist/cjs/utility/type.js:17:5)
      at src/components/Contact/Contact.test.tsx:134:13
      at AsyncProperty.run (node_modules/fast-check/lib/check/property/AsyncProperty.generic.js:49:28)
      at asyncRunIt (node_modules/fast-check/lib/check/runner/Runner.js:37:21)
      at Object.<anonymous> (src/components/Contact/Contact.test.tsx:122:5)

    console.error
      Warning: An update to Contact inside a test was not wrapped in act(...).
      
      When testing, code that causes React state updates should be wrapped into act(...):
      
      act(() => {
        /* fire events that update state */
      });
      /* assert on the output */
      
      This ensures that you're testing the behavior the user would see in the browser. Learn more at https://reactjs.org/link/wrap-tests-with-act
          at Contact (/workspaces/netsanet-portfolio/src/components/Contact/Contact.tsx:17:44)

      51 |     
      52 |     if (!validation.isValid) {
    > 53 |       setFormState(prev => ({
         |       ^
      54 |         ...prev,
      55 |         errors: validation.fieldErrors
      56 |       }));

      at printWarning (node_modules/react-dom/cjs/react-dom.development.js:86:30)
      at error (node_modules/react-dom/cjs/react-dom.development.js:60:7)
      at warnIfUpdatesNotWrappedWithActDEV (node_modules/react-dom/cjs/react-dom.development.js:27628:9)
      at scheduleUpdateOnFiber (node_modules/react-dom/cjs/react-dom.development.js:25547:5)
      at dispatchSetState (node_modules/react-dom/cjs/react-dom.development.js:16708:7)
      at handleSubmit (src/components/Contact/Contact.tsx:53:7)
      at HTMLUnknownElement.callCallback (node_modules/react-dom/cjs/react-dom.development.js:4164:14)
      at HTMLUnknownElement.callTheUserObjectsOperation (node_modules/jsdom/lib/jsdom/living/generated/EventListener.js:26:30)
      at innerInvokeEventListeners (node_modules/jsdom/lib/jsdom/living/events/EventTarget-impl.js:350:25)
      at invokeEventListeners (node_modules/jsdom/lib/jsdom/living/events/EventTarget-impl.js:286:3)
      at HTMLUnknownElementImpl._dispatch (node_modules/jsdom/lib/jsdom/living/events/EventTarget-impl.js:233:9)
      at HTMLUnknownElementImpl.dispatchEvent (node_modules/jsdom/lib/jsdom/living/events/EventTarget-impl.js:104:17)
      at HTMLUnknownElement.dispatchEvent (node_modules/jsdom/lib/jsdom/living/generated/EventTarget.js:241:34)
      at Object.invokeGuardedCallbackDev (node_modules/react-dom/cjs/react-dom.development.js:4213:16)
      at invokeGuardedCallback (node_modules/react-dom/cjs/react-dom.development.js:4277:31)
      at invokeGuardedCallbackAndCatchFirstError (node_modules/react-dom/cjs/react-dom.development.js:4291:25)
      at executeDispatch (node_modules/react-dom/cjs/react-dom.development.js:9041:3)
      at processDispatchQueueItemsInOrder (node_modules/react-dom/cjs/react-dom.development.js:9073:7)
      at processDispatchQueue (node_modules/react-dom/cjs/react-dom.development.js:9086:5)
      at dispatchEventsForPlugins (node_modules/react-dom/cjs/react-dom.development.js:9097:3)
      at node_modules/react-dom/cjs/react-dom.development.js:9288:12
      at batchedUpdates$1 (node_modules/react-dom/cjs/react-dom.development.js:26179:12)
      at batchedUpdates (node_modules/react-dom/cjs/react-dom.development.js:3991:12)
      at dispatchEventForPluginEventSystem (node_modules/react-dom/cjs/react-dom.development.js:9287:3)
      at dispatchEventWithEnableCapturePhaseSelectiveHydrationWithoutDiscreteEventReplay (node_modules/react-dom/cjs/react-dom.development.js:6465:5)
      at dispatchEvent (node_modules/react-dom/cjs/react-dom.development.js:6457:5)
      at dispatchDiscreteEvent (node_modules/react-dom/cjs/react-dom.development.js:6430:5)
      at HTMLDivElement.callTheUserObjectsOperation (node_modules/jsdom/lib/jsdom/living/generated/EventListener.js:26:30)
      at innerInvokeEventListeners (node_modules/jsdom/lib/jsdom/living/events/EventTarget-impl.js:350:25)
      at invokeEventListeners (node_modules/jsdom/lib/jsdom/living/events/EventTarget-impl.js:286:3)
      at HTMLFormElementImpl._dispatch (node_modules/jsdom/lib/jsdom/living/events/EventTarget-impl.js:233:9)
      at fireAnEvent (node_modules/jsdom/lib/jsdom/living/helpers/events.js:18:36)
      at HTMLFormElementImpl.requestSubmit (node_modules/jsdom/lib/jsdom/living/nodes/HTMLFormElement-impl.js:109:10)
      at HTMLFormElementImpl._doRequestSubmit (node_modules/jsdom/lib/jsdom/living/nodes/HTMLFormElement-impl.js:79:10)
      at HTMLButtonElementImpl._activationBehavior (node_modules/jsdom/lib/jsdom/living/nodes/HTMLButtonElement-impl.js:23:14)
      at HTMLButtonElementImpl._dispatch (node_modules/jsdom/lib/jsdom/living/events/EventTarget-impl.js:252:26)
      at HTMLButtonElementImpl.dispatchEvent (node_modules/jsdom/lib/jsdom/living/events/EventTarget-impl.js:104:17)
      at HTMLButtonElement.dispatchEvent (node_modules/jsdom/lib/jsdom/living/generated/EventTarget.js:241:34)
      at node_modules/@testing-library/user-event/dist/cjs/event/dispatchEvent.js:45:43
      at Object.eventWrapper (node_modules/@testing-library/dom/dist/config.js:25:23)
      at Object.wrapEvent (node_modules/@testing-library/user-event/dist/cjs/event/wrapEvent.js:6:28)
      at Object.dispatchEvent (node_modules/@testing-library/user-event/dist/cjs/event/dispatchEvent.js:45:22)
      at Object.dispatchUIEvent (node_modules/@testing-library/user-event/dist/cjs/event/dispatchEvent.js:22:26)
      at Mouse.up (node_modules/@testing-library/user-event/dist/cjs/system/pointer/mouse.js:100:30)
      at PointerHost.release (node_modules/@testing-library/user-event/dist/cjs/system/pointer/index.js:87:24)
      at pointerAction (node_modules/@testing-library/user-event/dist/cjs/pointer/index.js:54:47)
      at Object.pointer (node_modules/@testing-library/user-event/dist/cjs/pointer/index.js:27:9)
      at src/components/Contact/Contact.test.tsx:135:13
      at AsyncProperty.run (node_modules/fast-check/lib/check/property/AsyncProperty.generic.js:49:28)
      at asyncRunIt (node_modules/fast-check/lib/check/runner/Runner.js:37:21)
      at Object.<anonymous> (src/components/Contact/Contact.test.tsx:122:5)

    console.error
      Warning: An update to Contact inside a test was not wrapped in act(...).
      
      When testing, code that causes React state updates should be wrapped into act(...):
      
      act(() => {
        /* fire events that update state */
      });
      /* assert on the output */
      
      This ensures that you're testing the behavior the user would see in the browser. Learn more at https://reactjs.org/link/wrap-tests-with-act
          at Contact (/workspaces/netsanet-portfolio/src/components/Contact/Contact.tsx:17:44)

      30 |
      31 |   const handleInputChange = (field: keyof ContactFormData, value: string) => {
    > 32 |     setFormState(prev => ({
         |     ^
      33 |       ...prev,
      34 |       data: {
      35 |         ...prev.data,

      at printWarning (node_modules/react-dom/cjs/react-dom.development.js:86:30)
      at error (node_modules/react-dom/cjs/react-dom.development.js:60:7)
      at warnIfUpdatesNotWrappedWithActDEV (node_modules/react-dom/cjs/react-dom.development.js:27628:9)
      at scheduleUpdateOnFiber (node_modules/react-dom/cjs/react-dom.development.js:25547:5)
      at dispatchSetState (node_modules/react-dom/cjs/react-dom.development.js:16708:7)
      at handleInputChange (src/components/Contact/Contact.tsx:32:5)
      at onChange (src/components/Contact/Contact.tsx:236:34)
      at HTMLUnknownElement.callCallback (node_modules/react-dom/cjs/react-dom.development.js:4164:14)
      at HTMLUnknownElement.callTheUserObjectsOperation (node_modules/jsdom/lib/jsdom/living/generated/EventListener.js:26:30)
      at innerInvokeEventListeners (node_modules/jsdom/lib/jsdom/living/events/EventTarget-impl.js:350:25)
      at invokeEventListeners (node_modules/jsdom/lib/jsdom/living/events/EventTarget-impl.js:286:3)
      at HTMLUnknownElementImpl._dispatch (node_modules/jsdom/lib/jsdom/living/events/EventTarget-impl.js:233:9)
      at HTMLUnknownElementImpl.dispatchEvent (node_modules/jsdom/lib/jsdom/living/events/EventTarget-impl.js:104:17)
      at HTMLUnknownElement.dispatchEvent (node_modules/jsdom/lib/jsdom/living/generated/EventTarget.js:241:34)
      at Object.invokeGuardedCallbackDev (node_modules/react-dom/cjs/react-dom.development.js:4213:16)
      at invokeGuardedCallback (node_modules/react-dom/cjs/react-dom.development.js:4277:31)
      at invokeGuardedCallbackAndCatchFirstError (node_modules/react-dom/cjs/react-dom.development.js:4291:25)
      at executeDispatch (node_modules/react-dom/cjs/react-dom.development.js:9041:3)
      at processDispatchQueueItemsInOrder (node_modules/react-dom/cjs/react-dom.development.js:9073:7)
      at processDispatchQueue (node_modules/react-dom/cjs/react-dom.development.js:9086:5)
      at dispatchEventsForPlugins (node_modules/react-dom/cjs/react-dom.development.js:9097:3)
      at node_modules/react-dom/cjs/react-dom.development.js:9288:12
      at batchedUpdates$1 (node_modules/react-dom/cjs/react-dom.development.js:26179:12)
      at batchedUpdates (node_modules/react-dom/cjs/react-dom.development.js:3991:12)
      at dispatchEventForPluginEventSystem (node_modules/react-dom/cjs/react-dom.development.js:9287:3)
      at dispatchEventWithEnableCapturePhaseSelectiveHydrationWithoutDiscreteEventReplay (node_modules/react-dom/cjs/react-dom.development.js:6465:5)
      at dispatchEvent (node_modules/react-dom/cjs/react-dom.development.js:6457:5)
      at dispatchDiscreteEvent (node_modules/react-dom/cjs/react-dom.development.js:6430:5)
      at HTMLDivElement.callTheUserObjectsOperation (node_modules/jsdom/lib/jsdom/living/generated/EventListener.js:26:30)
      at innerInvokeEventListeners (node_modules/jsdom/lib/jsdom/living/events/EventTarget-impl.js:350:25)
      at invokeEventListeners (node_modules/jsdom/lib/jsdom/living/events/EventTarget-impl.js:286:3)
      at HTMLInputElementImpl._dispatch (node_modules/jsdom/lib/jsdom/living/events/EventTarget-impl.js:233:9)
      at HTMLInputElementImpl.dispatchEvent (node_modules/jsdom/lib/jsdom/living/events/EventTarget-impl.js:104:17)
      at HTMLInputElement.dispatchEvent (node_modules/jsdom/lib/jsdom/living/generated/EventTarget.js:241:34)
      at node_modules/@testing-library/user-event/dist/cjs/event/dispatchEvent.js:45:43
      at Object.eventWrapper (node_modules/@testing-library/dom/dist/config.js:25:23)
      at Object.wrapEvent (node_modules/@testing-library/user-event/dist/cjs/event/wrapEvent.js:6:28)
      at Object.dispatchEvent (node_modules/@testing-library/user-event/dist/cjs/event/dispatchEvent.js:45:22)
      at Object.dispatchUIEvent (node_modules/@testing-library/user-event/dist/cjs/event/dispatchEvent.js:22:26)
      at commitInput (node_modules/@testing-library/user-event/dist/cjs/event/input.js:145:14)
      at editInputElement (node_modules/@testing-library/user-event/dist/cjs/event/input.js:115:9)
      at Object.input (node_modules/@testing-library/user-event/dist/cjs/event/input.js:37:9)
      at node_modules/@testing-library/user-event/dist/cjs/event/behavior/keypress.js:31:26
      at Object.dispatchEvent (node_modules/@testing-library/user-event/dist/cjs/event/dispatchEvent.js:41:13)
      at Object.dispatchUIEvent (node_modules/@testing-library/user-event/dist/cjs/event/dispatchEvent.js:22:26)
      at KeyboardHost.keydown (node_modules/@testing-library/user-event/dist/cjs/system/keyboard.js:76:22)
      at keyboardAction (node_modules/@testing-library/user-event/dist/cjs/keyboard/index.js:22:35)
      at Object.keyboard (node_modules/@testing-library/user-event/dist/cjs/keyboard/index.js:11:15)
      at Object.type (node_modules/@testing-library/user-event/dist/cjs/utility/type.js:17:5)
      at src/components/Contact/Contact.test.tsx:134:13
      at AsyncProperty.run (node_modules/fast-check/lib/check/property/AsyncProperty.generic.js:49:28)
      at asyncRunIt (node_modules/fast-check/lib/check/runner/Runner.js:37:21)
      at Object.<anonymous> (src/components/Contact/Contact.test.tsx:122:5)

    console.error
      Warning: An update to Contact inside a test was not wrapped in act(...).
      
      When testing, code that causes React state updates should be wrapped into act(...):
      
      act(() => {
        /* fire events that update state */
      });
      /* assert on the output */
      
      This ensures that you're testing the behavior the user would see in the browser. Learn more at https://reactjs.org/link/wrap-tests-with-act
          at Contact (/workspaces/netsanet-portfolio/src/components/Contact/Contact.tsx:17:44)

      51 |     
      52 |     if (!validation.isValid) {
    > 53 |       setFormState(prev => ({
         |       ^
      54 |         ...prev,
      55 |         errors: validation.fieldErrors
      56 |       }));

      at printWarning (node_modules/react-dom/cjs/react-dom.development.js:86:30)
      at error (node_modules/react-dom/cjs/react-dom.development.js:60:7)
      at warnIfUpdatesNotWrappedWithActDEV (node_modules/react-dom/cjs/react-dom.development.js:27628:9)
      at scheduleUpdateOnFiber (node_modules/react-dom/cjs/react-dom.development.js:25547:5)
      at dispatchSetState (node_modules/react-dom/cjs/react-dom.development.js:16708:7)
      at handleSubmit (src/components/Contact/Contact.tsx:53:7)
      at HTMLUnknownElement.callCallback (node_modules/react-dom/cjs/react-dom.development.js:4164:14)
      at HTMLUnknownElement.callTheUserObjectsOperation (node_modules/jsdom/lib/jsdom/living/generated/EventListener.js:26:30)
      at innerInvokeEventListeners (node_modules/jsdom/lib/jsdom/living/events/EventTarget-impl.js:350:25)
      at invokeEventListeners (node_modules/jsdom/lib/jsdom/living/events/EventTarget-impl.js:286:3)
      at HTMLUnknownElementImpl._dispatch (node_modules/jsdom/lib/jsdom/living/events/EventTarget-impl.js:233:9)
      at HTMLUnknownElementImpl.dispatchEvent (node_modules/jsdom/lib/jsdom/living/events/EventTarget-impl.js:104:17)
      at HTMLUnknownElement.dispatchEvent (node_modules/jsdom/lib/jsdom/living/generated/EventTarget.js:241:34)
      at Object.invokeGuardedCallbackDev (node_modules/react-dom/cjs/react-dom.development.js:4213:16)
      at invokeGuardedCallback (node_modules/react-dom/cjs/react-dom.development.js:4277:31)
      at invokeGuardedCallbackAndCatchFirstError (node_modules/react-dom/cjs/react-dom.development.js:4291:25)
      at executeDispatch (node_modules/react-dom/cjs/react-dom.development.js:9041:3)
      at processDispatchQueueItemsInOrder (node_modules/react-dom/cjs/react-dom.development.js:9073:7)
      at processDispatchQueue (node_modules/react-dom/cjs/react-dom.development.js:9086:5)
      at dispatchEventsForPlugins (node_modules/react-dom/cjs/react-dom.development.js:9097:3)
      at node_modules/react-dom/cjs/react-dom.development.js:9288:12
      at batchedUpdates$1 (node_modules/react-dom/cjs/react-dom.development.js:26179:12)
      at batchedUpdates (node_modules/react-dom/cjs/react-dom.development.js:3991:12)
      at dispatchEventForPluginEventSystem (node_modules/react-dom/cjs/react-dom.development.js:9287:3)
      at dispatchEventWithEnableCapturePhaseSelectiveHydrationWithoutDiscreteEventReplay (node_modules/react-dom/cjs/react-dom.development.js:6465:5)
      at dispatchEvent (node_modules/react-dom/cjs/react-dom.development.js:6457:5)
      at dispatchDiscreteEvent (node_modules/react-dom/cjs/react-dom.development.js:6430:5)
      at HTMLDivElement.callTheUserObjectsOperation (node_modules/jsdom/lib/jsdom/living/generated/EventListener.js:26:30)
      at innerInvokeEventListeners (node_modules/jsdom/lib/jsdom/living/events/EventTarget-impl.js:350:25)
      at invokeEventListeners (node_modules/jsdom/lib/jsdom/living/events/EventTarget-impl.js:286:3)
      at HTMLFormElementImpl._dispatch (node_modules/jsdom/lib/jsdom/living/events/EventTarget-impl.js:233:9)
      at fireAnEvent (node_modules/jsdom/lib/jsdom/living/helpers/events.js:18:36)
      at HTMLFormElementImpl.requestSubmit (node_modules/jsdom/lib/jsdom/living/nodes/HTMLFormElement-impl.js:109:10)
      at HTMLFormElementImpl._doRequestSubmit (node_modules/jsdom/lib/jsdom/living/nodes/HTMLFormElement-impl.js:79:10)
      at HTMLButtonElementImpl._activationBehavior (node_modules/jsdom/lib/jsdom/living/nodes/HTMLButtonElement-impl.js:23:14)
      at HTMLButtonElementImpl._dispatch (node_modules/jsdom/lib/jsdom/living/events/EventTarget-impl.js:252:26)
      at HTMLButtonElementImpl.dispatchEvent (node_modules/jsdom/lib/jsdom/living/events/EventTarget-impl.js:104:17)
      at HTMLButtonElement.dispatchEvent (node_modules/jsdom/lib/jsdom/living/generated/EventTarget.js:241:34)
      at node_modules/@testing-library/user-event/dist/cjs/event/dispatchEvent.js:45:43
      at Object.eventWrapper (node_modules/@testing-library/dom/dist/config.js:25:23)
      at Object.wrapEvent (node_modules/@testing-library/user-event/dist/cjs/event/wrapEvent.js:6:28)
      at Object.dispatchEvent (node_modules/@testing-library/user-event/dist/cjs/event/dispatchEvent.js:45:22)
      at Object.dispatchUIEvent (node_modules/@testing-library/user-event/dist/cjs/event/dispatchEvent.js:22:26)
      at Mouse.up (node_modules/@testing-library/user-event/dist/cjs/system/pointer/mouse.js:100:30)
      at PointerHost.release (node_modules/@testing-library/user-event/dist/cjs/system/pointer/index.js:87:24)
      at pointerAction (node_modules/@testing-library/user-event/dist/cjs/pointer/index.js:54:47)
      at Object.pointer (node_modules/@testing-library/user-event/dist/cjs/pointer/index.js:27:9)
      at src/components/Contact/Contact.test.tsx:135:13
      at AsyncProperty.run (node_modules/fast-check/lib/check/property/AsyncProperty.generic.js:49:28)
      at asyncRunIt (node_modules/fast-check/lib/check/runner/Runner.js:37:21)
      at Object.<anonymous> (src/components/Contact/Contact.test.tsx:122:5)

    console.error
      Warning: An update to Contact inside a test was not wrapped in act(...).
      
      When testing, code that causes React state updates should be wrapped into act(...):
      
      act(() => {
        /* fire events that update state */
      });
      /* assert on the output */
      
      This ensures that you're testing the behavior the user would see in the browser. Learn more at https://reactjs.org/link/wrap-tests-with-act
          at Contact (/workspaces/netsanet-portfolio/src/components/Contact/Contact.tsx:17:44)

      30 |
      31 |   const handleInputChange = (field: keyof ContactFormData, value: string) => {
    > 32 |     setFormState(prev => ({
         |     ^
      33 |       ...prev,
      34 |       data: {
      35 |         ...prev.data,

      at printWarning (node_modules/react-dom/cjs/react-dom.development.js:86:30)
      at error (node_modules/react-dom/cjs/react-dom.development.js:60:7)
      at warnIfUpdatesNotWrappedWithActDEV (node_modules/react-dom/cjs/react-dom.development.js:27628:9)
      at scheduleUpdateOnFiber (node_modules/react-dom/cjs/react-dom.development.js:25547:5)
      at dispatchSetState (node_modules/react-dom/cjs/react-dom.development.js:16708:7)
      at handleInputChange (src/components/Contact/Contact.tsx:32:5)
      at onChange (src/components/Contact/Contact.tsx:280:34)
      at HTMLUnknownElement.callCallback (node_modules/react-dom/cjs/react-dom.development.js:4164:14)
      at HTMLUnknownElement.callTheUserObjectsOperation (node_modules/jsdom/lib/jsdom/living/generated/EventListener.js:26:30)
      at innerInvokeEventListeners (node_modules/jsdom/lib/jsdom/living/events/EventTarget-impl.js:350:25)
      at invokeEventListeners (node_modules/jsdom/lib/jsdom/living/events/EventTarget-impl.js:286:3)
      at HTMLUnknownElementImpl._dispatch (node_modules/jsdom/lib/jsdom/living/events/EventTarget-impl.js:233:9)
      at HTMLUnknownElementImpl.dispatchEvent (node_modules/jsdom/lib/jsdom/living/events/EventTarget-impl.js:104:17)
      at HTMLUnknownElement.dispatchEvent (node_modules/jsdom/lib/jsdom/living/generated/EventTarget.js:241:34)
      at Object.invokeGuardedCallbackDev (node_modules/react-dom/cjs/react-dom.development.js:4213:16)
      at invokeGuardedCallback (node_modules/react-dom/cjs/react-dom.development.js:4277:31)
      at invokeGuardedCallbackAndCatchFirstError (node_modules/react-dom/cjs/react-dom.development.js:4291:25)
      at executeDispatch (node_modules/react-dom/cjs/react-dom.development.js:9041:3)
      at processDispatchQueueItemsInOrder (node_modules/react-dom/cjs/react-dom.development.js:9073:7)
      at processDispatchQueue (node_modules/react-dom/cjs/react-dom.development.js:9086:5)
      at dispatchEventsForPlugins (node_modules/react-dom/cjs/react-dom.development.js:9097:3)
      at node_modules/react-dom/cjs/react-dom.development.js:9288:12
      at batchedUpdates$1 (node_modules/react-dom/cjs/react-dom.development.js:26179:12)
      at batchedUpdates (node_modules/react-dom/cjs/react-dom.development.js:3991:12)
      at dispatchEventForPluginEventSystem (node_modules/react-dom/cjs/react-dom.development.js:9287:3)
      at dispatchEventWithEnableCapturePhaseSelectiveHydrationWithoutDiscreteEventReplay (node_modules/react-dom/cjs/react-dom.development.js:6465:5)
      at dispatchEvent (node_modules/react-dom/cjs/react-dom.development.js:6457:5)
      at dispatchDiscreteEvent (node_modules/react-dom/cjs/react-dom.development.js:6430:5)
      at HTMLDivElement.callTheUserObjectsOperation (node_modules/jsdom/lib/jsdom/living/generated/EventListener.js:26:30)
      at innerInvokeEventListeners (node_modules/jsdom/lib/jsdom/living/events/EventTarget-impl.js:350:25)
      at invokeEventListeners (node_modules/jsdom/lib/jsdom/living/events/EventTarget-impl.js:286:3)
      at HTMLInputElementImpl._dispatch (node_modules/jsdom/lib/jsdom/living/events/EventTarget-impl.js:233:9)
      at HTMLInputElementImpl.dispatchEvent (node_modules/jsdom/lib/jsdom/living/events/EventTarget-impl.js:104:17)
      at HTMLInputElement.dispatchEvent (node_modules/jsdom/lib/jsdom/living/generated/EventTarget.js:241:34)
      at node_modules/@testing-library/user-event/dist/cjs/event/dispatchEvent.js:45:43
      at Object.eventWrapper (node_modules/@testing-library/dom/dist/config.js:25:23)
      at Object.wrapEvent (node_modules/@testing-library/user-event/dist/cjs/event/wrapEvent.js:6:28)
      at Object.dispatchEvent (node_modules/@testing-library/user-event/dist/cjs/event/dispatchEvent.js:45:22)
      at Object.dispatchUIEvent (node_modules/@testing-library/user-event/dist/cjs/event/dispatchEvent.js:22:26)
      at commitInput (node_modules/@testing-library/user-event/dist/cjs/event/input.js:145:14)
      at editInputElement (node_modules/@testing-library/user-event/dist/cjs/event/input.js:115:9)
      at Object.input (node_modules/@testing-library/user-event/dist/cjs/event/input.js:37:9)
      at node_modules/@testing-library/user-event/dist/cjs/event/behavior/keypress.js:31:26
      at Object.dispatchEvent (node_modules/@testing-library/user-event/dist/cjs/event/dispatchEvent.js:41:13)
      at Object.dispatchUIEvent (node_modules/@testing-library/user-event/dist/cjs/event/dispatchEvent.js:22:26)
      at KeyboardHost.keydown (node_modules/@testing-library/user-event/dist/cjs/system/keyboard.js:76:22)
      at keyboardAction (node_modules/@testing-library/user-event/dist/cjs/keyboard/index.js:22:35)
      at Object.keyboard (node_modules/@testing-library/user-event/dist/cjs/keyboard/index.js:11:15)
      at Object.type (node_modules/@testing-library/user-event/dist/cjs/utility/type.js:17:5)
      at Object.<anonymous> (src/components/Contact/Contact.test.tsx:169:5)

    console.error
      Warning: An update to Contact inside a test was not wrapped in act(...).
      
      When testing, code that causes React state updates should be wrapped into act(...):
      
      act(() => {
        /* fire events that update state */
      });
      /* assert on the output */
      
      This ensures that you're testing the behavior the user would see in the browser. Learn more at https://reactjs.org/link/wrap-tests-with-act
          at Contact (/workspaces/netsanet-portfolio/src/components/Contact/Contact.tsx:17:44)

      30 |
      31 |   const handleInputChange = (field: keyof ContactFormData, value: string) => {
    > 32 |     setFormState(prev => ({
         |     ^
      33 |       ...prev,
      34 |       data: {
      35 |         ...prev.data,

      at printWarning (node_modules/react-dom/cjs/react-dom.development.js:86:30)
      at error (node_modules/react-dom/cjs/react-dom.development.js:60:7)
      at warnIfUpdatesNotWrappedWithActDEV (node_modules/react-dom/cjs/react-dom.development.js:27628:9)
      at scheduleUpdateOnFiber (node_modules/react-dom/cjs/react-dom.development.js:25547:5)
      at dispatchSetState (node_modules/react-dom/cjs/react-dom.development.js:16708:7)
      at handleInputChange (src/components/Contact/Contact.tsx:32:5)
      at onChange (src/components/Contact/Contact.tsx:280:34)
      at HTMLUnknownElement.callCallback (node_modules/react-dom/cjs/react-dom.development.js:4164:14)
      at HTMLUnknownElement.callTheUserObjectsOperation (node_modules/jsdom/lib/jsdom/living/generated/EventListener.js:26:30)
      at innerInvokeEventListeners (node_modules/jsdom/lib/jsdom/living/events/EventTarget-impl.js:350:25)
      at invokeEventListeners (node_modules/jsdom/lib/jsdom/living/events/EventTarget-impl.js:286:3)
      at HTMLUnknownElementImpl._dispatch (node_modules/jsdom/lib/jsdom/living/events/EventTarget-impl.js:233:9)
      at HTMLUnknownElementImpl.dispatchEvent (node_modules/jsdom/lib/jsdom/living/events/EventTarget-impl.js:104:17)
      at HTMLUnknownElement.dispatchEvent (node_modules/jsdom/lib/jsdom/living/generated/EventTarget.js:241:34)
      at Object.invokeGuardedCallbackDev (node_modules/react-dom/cjs/react-dom.development.js:4213:16)
      at invokeGuardedCallback (node_modules/react-dom/cjs/react-dom.development.js:4277:31)
      at invokeGuardedCallbackAndCatchFirstError (node_modules/react-dom/cjs/react-dom.development.js:4291:25)
      at executeDispatch (node_modules/react-dom/cjs/react-dom.development.js:9041:3)
      at processDispatchQueueItemsInOrder (node_modules/react-dom/cjs/react-dom.development.js:9073:7)
      at processDispatchQueue (node_modules/react-dom/cjs/react-dom.development.js:9086:5)
      at dispatchEventsForPlugins (node_modules/react-dom/cjs/react-dom.development.js:9097:3)
      at node_modules/react-dom/cjs/react-dom.development.js:9288:12
      at batchedUpdates$1 (node_modules/react-dom/cjs/react-dom.development.js:26179:12)
      at batchedUpdates (node_modules/react-dom/cjs/react-dom.development.js:3991:12)
      at dispatchEventForPluginEventSystem (node_modules/react-dom/cjs/react-dom.development.js:9287:3)
      at dispatchEventWithEnableCapturePhaseSelectiveHydrationWithoutDiscreteEventReplay (node_modules/react-dom/cjs/react-dom.development.js:6465:5)
      at dispatchEvent (node_modules/react-dom/cjs/react-dom.development.js:6457:5)
      at dispatchDiscreteEvent (node_modules/react-dom/cjs/react-dom.development.js:6430:5)
      at HTMLDivElement.callTheUserObjectsOperation (node_modules/jsdom/lib/jsdom/living/generated/EventListener.js:26:30)
      at innerInvokeEventListeners (node_modules/jsdom/lib/jsdom/living/events/EventTarget-impl.js:350:25)
      at invokeEventListeners (node_modules/jsdom/lib/jsdom/living/events/EventTarget-impl.js:286:3)
      at HTMLInputElementImpl._dispatch (node_modules/jsdom/lib/jsdom/living/events/EventTarget-impl.js:233:9)
      at HTMLInputElementImpl.dispatchEvent (node_modules/jsdom/lib/jsdom/living/events/EventTarget-impl.js:104:17)
      at HTMLInputElement.dispatchEvent (node_modules/jsdom/lib/jsdom/living/generated/EventTarget.js:241:34)
      at node_modules/@testing-library/user-event/dist/cjs/event/dispatchEvent.js:45:43
      at Object.eventWrapper (node_modules/@testing-library/dom/dist/config.js:25:23)
      at Object.wrapEvent (node_modules/@testing-library/user-event/dist/cjs/event/wrapEvent.js:6:28)
      at Object.dispatchEvent (node_modules/@testing-library/user-event/dist/cjs/event/dispatchEvent.js:45:22)
      at Object.dispatchUIEvent (node_modules/@testing-library/user-event/dist/cjs/event/dispatchEvent.js:22:26)
      at commitInput (node_modules/@testing-library/user-event/dist/cjs/event/input.js:145:14)
      at editInputElement (node_modules/@testing-library/user-event/dist/cjs/event/input.js:115:9)
      at Object.input (node_modules/@testing-library/user-event/dist/cjs/event/input.js:37:9)
      at node_modules/@testing-library/user-event/dist/cjs/event/behavior/keypress.js:31:26
      at Object.dispatchEvent (node_modules/@testing-library/user-event/dist/cjs/event/dispatchEvent.js:41:13)
      at Object.dispatchUIEvent (node_modules/@testing-library/user-event/dist/cjs/event/dispatchEvent.js:22:26)
      at KeyboardHost.keydown (node_modules/@testing-library/user-event/dist/cjs/system/keyboard.js:76:22)
      at keyboardAction (node_modules/@testing-library/user-event/dist/cjs/keyboard/index.js:22:35)
      at Object.keyboard (node_modules/@testing-library/user-event/dist/cjs/keyboard/index.js:11:15)
      at Object.type (node_modules/@testing-library/user-event/dist/cjs/utility/type.js:17:5)
      at Object.<anonymous> (src/components/Contact/Contact.test.tsx:169:5)

    console.error
      Warning: An update to Contact inside a test was not wrapped in act(...).
      
      When testing, code that causes React state updates should be wrapped into act(...):
      
      act(() => {
        /* fire events that update state */
      });
      /* assert on the output */
      
      This ensures that you're testing the behavior the user would see in the browser. Learn more at https://reactjs.org/link/wrap-tests-with-act
          at Contact (/workspaces/netsanet-portfolio/src/components/Contact/Contact.tsx:17:44)

      30 |
      31 |   const handleInputChange = (field: keyof ContactFormData, value: string) => {
    > 32 |     setFormState(prev => ({
         |     ^
      33 |       ...prev,
      34 |       data: {
      35 |         ...prev.data,

      at printWarning (node_modules/react-dom/cjs/react-dom.development.js:86:30)
      at error (node_modules/react-dom/cjs/react-dom.development.js:60:7)
      at warnIfUpdatesNotWrappedWithActDEV (node_modules/react-dom/cjs/react-dom.development.js:27628:9)
      at scheduleUpdateOnFiber (node_modules/react-dom/cjs/react-dom.development.js:25547:5)
      at dispatchSetState (node_modules/react-dom/cjs/react-dom.development.js:16708:7)
      at handleInputChange (src/components/Contact/Contact.tsx:32:5)
      at onChange (src/components/Contact/Contact.tsx:280:34)
      at HTMLUnknownElement.callCallback (node_modules/react-dom/cjs/react-dom.development.js:4164:14)
      at HTMLUnknownElement.callTheUserObjectsOperation (node_modules/jsdom/lib/jsdom/living/generated/EventListener.js:26:30)
      at innerInvokeEventListeners (node_modules/jsdom/lib/jsdom/living/events/EventTarget-impl.js:350:25)
      at invokeEventListeners (node_modules/jsdom/lib/jsdom/living/events/EventTarget-impl.js:286:3)
      at HTMLUnknownElementImpl._dispatch (node_modules/jsdom/lib/jsdom/living/events/EventTarget-impl.js:233:9)
      at HTMLUnknownElementImpl.dispatchEvent (node_modules/jsdom/lib/jsdom/living/events/EventTarget-impl.js:104:17)
      at HTMLUnknownElement.dispatchEvent (node_modules/jsdom/lib/jsdom/living/generated/EventTarget.js:241:34)
      at Object.invokeGuardedCallbackDev (node_modules/react-dom/cjs/react-dom.development.js:4213:16)
      at invokeGuardedCallback (node_modules/react-dom/cjs/react-dom.development.js:4277:31)
      at invokeGuardedCallbackAndCatchFirstError (node_modules/react-dom/cjs/react-dom.development.js:4291:25)
      at executeDispatch (node_modules/react-dom/cjs/react-dom.development.js:9041:3)
      at processDispatchQueueItemsInOrder (node_modules/react-dom/cjs/react-dom.development.js:9073:7)
      at processDispatchQueue (node_modules/react-dom/cjs/react-dom.development.js:9086:5)
      at dispatchEventsForPlugins (node_modules/react-dom/cjs/react-dom.development.js:9097:3)
      at node_modules/react-dom/cjs/react-dom.development.js:9288:12
      at batchedUpdates$1 (node_modules/react-dom/cjs/react-dom.development.js:26179:12)
      at batchedUpdates (node_modules/react-dom/cjs/react-dom.development.js:3991:12)
      at dispatchEventForPluginEventSystem (node_modules/react-dom/cjs/react-dom.development.js:9287:3)
      at dispatchEventWithEnableCapturePhaseSelectiveHydrationWithoutDiscreteEventReplay (node_modules/react-dom/cjs/react-dom.development.js:6465:5)
      at dispatchEvent (node_modules/react-dom/cjs/react-dom.development.js:6457:5)
      at dispatchDiscreteEvent (node_modules/react-dom/cjs/react-dom.development.js:6430:5)
      at HTMLDivElement.callTheUserObjectsOperation (node_modules/jsdom/lib/jsdom/living/generated/EventListener.js:26:30)
      at innerInvokeEventListeners (node_modules/jsdom/lib/jsdom/living/events/EventTarget-impl.js:350:25)
      at invokeEventListeners (node_modules/jsdom/lib/jsdom/living/events/EventTarget-impl.js:286:3)
      at HTMLInputElementImpl._dispatch (node_modules/jsdom/lib/jsdom/living/events/EventTarget-impl.js:233:9)
      at HTMLInputElementImpl.dispatchEvent (node_modules/jsdom/lib/jsdom/living/events/EventTarget-impl.js:104:17)
      at HTMLInputElement.dispatchEvent (node_modules/jsdom/lib/jsdom/living/generated/EventTarget.js:241:34)
      at node_modules/@testing-library/user-event/dist/cjs/event/dispatchEvent.js:45:43
      at Object.eventWrapper (node_modules/@testing-library/dom/dist/config.js:25:23)
      at Object.wrapEvent (node_modules/@testing-library/user-event/dist/cjs/event/wrapEvent.js:6:28)
      at Object.dispatchEvent (node_modules/@testing-library/user-event/dist/cjs/event/dispatchEvent.js:45:22)
      at Object.dispatchUIEvent (node_modules/@testing-library/user-event/dist/cjs/event/dispatchEvent.js:22:26)
      at commitInput (node_modules/@testing-library/user-event/dist/cjs/event/input.js:145:14)
      at editInputElement (node_modules/@testing-library/user-event/dist/cjs/event/input.js:115:9)
      at Object.input (node_modules/@testing-library/user-event/dist/cjs/event/input.js:37:9)
      at node_modules/@testing-library/user-event/dist/cjs/event/behavior/keypress.js:31:26
      at Object.dispatchEvent (node_modules/@testing-library/user-event/dist/cjs/event/dispatchEvent.js:41:13)
      at Object.dispatchUIEvent (node_modules/@testing-library/user-event/dist/cjs/event/dispatchEvent.js:22:26)
      at KeyboardHost.keydown (node_modules/@testing-library/user-event/dist/cjs/system/keyboard.js:76:22)
      at keyboardAction (node_modules/@testing-library/user-event/dist/cjs/keyboard/index.js:22:35)
      at Object.keyboard (node_modules/@testing-library/user-event/dist/cjs/keyboard/index.js:11:15)
      at Object.type (node_modules/@testing-library/user-event/dist/cjs/utility/type.js:17:5)
      at Object.<anonymous> (src/components/Contact/Contact.test.tsx:169:5)

    console.error
      Warning: An update to Contact inside a test was not wrapped in act(...).
      
      When testing, code that causes React state updates should be wrapped into act(...):
      
      act(() => {
        /* fire events that update state */
      });
      /* assert on the output */
      
      This ensures that you're testing the behavior the user would see in the browser. Learn more at https://reactjs.org/link/wrap-tests-with-act
          at Contact (/workspaces/netsanet-portfolio/src/components/Contact/Contact.tsx:17:44)

      30 |
      31 |   const handleInputChange = (field: keyof ContactFormData, value: string) => {
    > 32 |     setFormState(prev => ({
         |     ^
      33 |       ...prev,
      34 |       data: {
      35 |         ...prev.data,

      at printWarning (node_modules/react-dom/cjs/react-dom.development.js:86:30)
      at error (node_modules/react-dom/cjs/react-dom.development.js:60:7)
      at warnIfUpdatesNotWrappedWithActDEV (node_modules/react-dom/cjs/react-dom.development.js:27628:9)
      at scheduleUpdateOnFiber (node_modules/react-dom/cjs/react-dom.development.js:25547:5)
      at dispatchSetState (node_modules/react-dom/cjs/react-dom.development.js:16708:7)
      at handleInputChange (src/components/Contact/Contact.tsx:32:5)
      at onChange (src/components/Contact/Contact.tsx:280:34)
      at HTMLUnknownElement.callCallback (node_modules/react-dom/cjs/react-dom.development.js:4164:14)
      at HTMLUnknownElement.callTheUserObjectsOperation (node_modules/jsdom/lib/jsdom/living/generated/EventListener.js:26:30)
      at innerInvokeEventListeners (node_modules/jsdom/lib/jsdom/living/events/EventTarget-impl.js:350:25)
      at invokeEventListeners (node_modules/jsdom/lib/jsdom/living/events/EventTarget-impl.js:286:3)
      at HTMLUnknownElementImpl._dispatch (node_modules/jsdom/lib/jsdom/living/events/EventTarget-impl.js:233:9)
      at HTMLUnknownElementImpl.dispatchEvent (node_modules/jsdom/lib/jsdom/living/events/EventTarget-impl.js:104:17)
      at HTMLUnknownElement.dispatchEvent (node_modules/jsdom/lib/jsdom/living/generated/EventTarget.js:241:34)
      at Object.invokeGuardedCallbackDev (node_modules/react-dom/cjs/react-dom.development.js:4213:16)
      at invokeGuardedCallback (node_modules/react-dom/cjs/react-dom.development.js:4277:31)
      at invokeGuardedCallbackAndCatchFirstError (node_modules/react-dom/cjs/react-dom.development.js:4291:25)
      at executeDispatch (node_modules/react-dom/cjs/react-dom.development.js:9041:3)
      at processDispatchQueueItemsInOrder (node_modules/react-dom/cjs/react-dom.development.js:9073:7)
      at processDispatchQueue (node_modules/react-dom/cjs/react-dom.development.js:9086:5)
      at dispatchEventsForPlugins (node_modules/react-dom/cjs/react-dom.development.js:9097:3)
      at node_modules/react-dom/cjs/react-dom.development.js:9288:12
      at batchedUpdates$1 (node_modules/react-dom/cjs/react-dom.development.js:26179:12)
      at batchedUpdates (node_modules/react-dom/cjs/react-dom.development.js:3991:12)
      at dispatchEventForPluginEventSystem (node_modules/react-dom/cjs/react-dom.development.js:9287:3)
      at dispatchEventWithEnableCapturePhaseSelectiveHydrationWithoutDiscreteEventReplay (node_modules/react-dom/cjs/react-dom.development.js:6465:5)
      at dispatchEvent (node_modules/react-dom/cjs/react-dom.development.js:6457:5)
      at dispatchDiscreteEvent (node_modules/react-dom/cjs/react-dom.development.js:6430:5)
      at HTMLDivElement.callTheUserObjectsOperation (node_modules/jsdom/lib/jsdom/living/generated/EventListener.js:26:30)
      at innerInvokeEventListeners (node_modules/jsdom/lib/jsdom/living/events/EventTarget-impl.js:350:25)
      at invokeEventListeners (node_modules/jsdom/lib/jsdom/living/events/EventTarget-impl.js:286:3)
      at HTMLInputElementImpl._dispatch (node_modules/jsdom/lib/jsdom/living/events/EventTarget-impl.js:233:9)
      at HTMLInputElementImpl.dispatchEvent (node_modules/jsdom/lib/jsdom/living/events/EventTarget-impl.js:104:17)
      at HTMLInputElement.dispatchEvent (node_modules/jsdom/lib/jsdom/living/generated/EventTarget.js:241:34)
      at node_modules/@testing-library/user-event/dist/cjs/event/dispatchEvent.js:45:43
      at Object.eventWrapper (node_modules/@testing-library/dom/dist/config.js:25:23)
      at Object.wrapEvent (node_modules/@testing-library/user-event/dist/cjs/event/wrapEvent.js:6:28)
      at Object.dispatchEvent (node_modules/@testing-library/user-event/dist/cjs/event/dispatchEvent.js:45:22)
      at Object.dispatchUIEvent (node_modules/@testing-library/user-event/dist/cjs/event/dispatchEvent.js:22:26)
      at commitInput (node_modules/@testing-library/user-event/dist/cjs/event/input.js:145:14)
      at editInputElement (node_modules/@testing-library/user-event/dist/cjs/event/input.js:115:9)
      at Object.input (node_modules/@testing-library/user-event/dist/cjs/event/input.js:37:9)
      at node_modules/@testing-library/user-event/dist/cjs/event/behavior/keypress.js:31:26
      at Object.dispatchEvent (node_modules/@testing-library/user-event/dist/cjs/event/dispatchEvent.js:41:13)
      at Object.dispatchUIEvent (node_modules/@testing-library/user-event/dist/cjs/event/dispatchEvent.js:22:26)
      at KeyboardHost.keydown (node_modules/@testing-library/user-event/dist/cjs/system/keyboard.js:76:22)
      at keyboardAction (node_modules/@testing-library/user-event/dist/cjs/keyboard/index.js:22:35)
      at Object.keyboard (node_modules/@testing-library/user-event/dist/cjs/keyboard/index.js:11:15)
      at Object.type (node_modules/@testing-library/user-event/dist/cjs/utility/type.js:17:5)
      at Object.<anonymous> (src/components/Contact/Contact.test.tsx:169:5)

    console.error
      Warning: An update to Contact inside a test was not wrapped in act(...).
      
      When testing, code that causes React state updates should be wrapped into act(...):
      
      act(() => {
        /* fire events that update state */
      });
      /* assert on the output */
      
      This ensures that you're testing the behavior the user would see in the browser. Learn more at https://reactjs.org/link/wrap-tests-with-act
          at Contact (/workspaces/netsanet-portfolio/src/components/Contact/Contact.tsx:17:44)

      30 |
      31 |   const handleInputChange = (field: keyof ContactFormData, value: string) => {
    > 32 |     setFormState(prev => ({
         |     ^
      33 |       ...prev,
      34 |       data: {
      35 |         ...prev.data,

      at printWarning (node_modules/react-dom/cjs/react-dom.development.js:86:30)
      at error (node_modules/react-dom/cjs/react-dom.development.js:60:7)
      at warnIfUpdatesNotWrappedWithActDEV (node_modules/react-dom/cjs/react-dom.development.js:27628:9)
      at scheduleUpdateOnFiber (node_modules/react-dom/cjs/react-dom.development.js:25547:5)
      at dispatchSetState (node_modules/react-dom/cjs/react-dom.development.js:16708:7)
      at handleInputChange (src/components/Contact/Contact.tsx:32:5)
      at onChange (src/components/Contact/Contact.tsx:280:34)
      at HTMLUnknownElement.callCallback (node_modules/react-dom/cjs/react-dom.development.js:4164:14)
      at HTMLUnknownElement.callTheUserObjectsOperation (node_modules/jsdom/lib/jsdom/living/generated/EventListener.js:26:30)
      at innerInvokeEventListeners (node_modules/jsdom/lib/jsdom/living/events/EventTarget-impl.js:350:25)
      at invokeEventListeners (node_modules/jsdom/lib/jsdom/living/events/EventTarget-impl.js:286:3)
      at HTMLUnknownElementImpl._dispatch (node_modules/jsdom/lib/jsdom/living/events/EventTarget-impl.js:233:9)
      at HTMLUnknownElementImpl.dispatchEvent (node_modules/jsdom/lib/jsdom/living/events/EventTarget-impl.js:104:17)
      at HTMLUnknownElement.dispatchEvent (node_modules/jsdom/lib/jsdom/living/generated/EventTarget.js:241:34)
      at Object.invokeGuardedCallbackDev (node_modules/react-dom/cjs/react-dom.development.js:4213:16)
      at invokeGuardedCallback (node_modules/react-dom/cjs/react-dom.development.js:4277:31)
      at invokeGuardedCallbackAndCatchFirstError (node_modules/react-dom/cjs/react-dom.development.js:4291:25)
      at executeDispatch (node_modules/react-dom/cjs/react-dom.development.js:9041:3)
      at processDispatchQueueItemsInOrder (node_modules/react-dom/cjs/react-dom.development.js:9073:7)
      at processDispatchQueue (node_modules/react-dom/cjs/react-dom.development.js:9086:5)
      at dispatchEventsForPlugins (node_modules/react-dom/cjs/react-dom.development.js:9097:3)
      at node_modules/react-dom/cjs/react-dom.development.js:9288:12
      at batchedUpdates$1 (node_modules/react-dom/cjs/react-dom.development.js:26179:12)
      at batchedUpdates (node_modules/react-dom/cjs/react-dom.development.js:3991:12)
      at dispatchEventForPluginEventSystem (node_modules/react-dom/cjs/react-dom.development.js:9287:3)
      at dispatchEventWithEnableCapturePhaseSelectiveHydrationWithoutDiscreteEventReplay (node_modules/react-dom/cjs/react-dom.development.js:6465:5)
      at dispatchEvent (node_modules/react-dom/cjs/react-dom.development.js:6457:5)
      at dispatchDiscreteEvent (node_modules/react-dom/cjs/react-dom.development.js:6430:5)
      at HTMLDivElement.callTheUserObjectsOperation (node_modules/jsdom/lib/jsdom/living/generated/EventListener.js:26:30)
      at innerInvokeEventListeners (node_modules/jsdom/lib/jsdom/living/events/EventTarget-impl.js:350:25)
      at invokeEventListeners (node_modules/jsdom/lib/jsdom/living/events/EventTarget-impl.js:286:3)
      at HTMLInputElementImpl._dispatch (node_modules/jsdom/lib/jsdom/living/events/EventTarget-impl.js:233:9)
      at HTMLInputElementImpl.dispatchEvent (node_modules/jsdom/lib/jsdom/living/events/EventTarget-impl.js:104:17)
      at HTMLInputElement.dispatchEvent (node_modules/jsdom/lib/jsdom/living/generated/EventTarget.js:241:34)
      at node_modules/@testing-library/user-event/dist/cjs/event/dispatchEvent.js:45:43
      at Object.eventWrapper (node_modules/@testing-library/dom/dist/config.js:25:23)
      at Object.wrapEvent (node_modules/@testing-library/user-event/dist/cjs/event/wrapEvent.js:6:28)
      at Object.dispatchEvent (node_modules/@testing-library/user-event/dist/cjs/event/dispatchEvent.js:45:22)
      at Object.dispatchUIEvent (node_modules/@testing-library/user-event/dist/cjs/event/dispatchEvent.js:22:26)
      at commitInput (node_modules/@testing-library/user-event/dist/cjs/event/input.js:145:14)
      at editInputElement (node_modules/@testing-library/user-event/dist/cjs/event/input.js:115:9)
      at Object.input (node_modules/@testing-library/user-event/dist/cjs/event/input.js:37:9)
      at node_modules/@testing-library/user-event/dist/cjs/event/behavior/keypress.js:31:26
      at Object.dispatchEvent (node_modules/@testing-library/user-event/dist/cjs/event/dispatchEvent.js:41:13)
      at Object.dispatchUIEvent (node_modules/@testing-library/user-event/dist/cjs/event/dispatchEvent.js:22:26)
      at KeyboardHost.keydown (node_modules/@testing-library/user-event/dist/cjs/system/keyboard.js:76:22)
      at keyboardAction (node_modules/@testing-library/user-event/dist/cjs/keyboard/index.js:22:35)
      at Object.keyboard (node_modules/@testing-library/user-event/dist/cjs/keyboard/index.js:11:15)
      at Object.type (node_modules/@testing-library/user-event/dist/cjs/utility/type.js:17:5)
      at Object.<anonymous> (src/components/Contact/Contact.test.tsx:169:5)

    console.error
      Warning: An update to Contact inside a test was not wrapped in act(...).
      
      When testing, code that causes React state updates should be wrapped into act(...):
      
      act(() => {
        /* fire events that update state */
      });
      /* assert on the output */
      
      This ensures that you're testing the behavior the user would see in the browser. Learn more at https://reactjs.org/link/wrap-tests-with-act
          at Contact (/workspaces/netsanet-portfolio/src/components/Contact/Contact.tsx:17:44)

      30 |
      31 |   const handleInputChange = (field: keyof ContactFormData, value: string) => {
    > 32 |     setFormState(prev => ({
         |     ^
      33 |       ...prev,
      34 |       data: {
      35 |         ...prev.data,

      at printWarning (node_modules/react-dom/cjs/react-dom.development.js:86:30)
      at error (node_modules/react-dom/cjs/react-dom.development.js:60:7)
      at warnIfUpdatesNotWrappedWithActDEV (node_modules/react-dom/cjs/react-dom.development.js:27628:9)
      at scheduleUpdateOnFiber (node_modules/react-dom/cjs/react-dom.development.js:25547:5)
      at dispatchSetState (node_modules/react-dom/cjs/react-dom.development.js:16708:7)
      at handleInputChange (src/components/Contact/Contact.tsx:32:5)
      at onChange (src/components/Contact/Contact.tsx:280:34)
      at HTMLUnknownElement.callCallback (node_modules/react-dom/cjs/react-dom.development.js:4164:14)
      at HTMLUnknownElement.callTheUserObjectsOperation (node_modules/jsdom/lib/jsdom/living/generated/EventListener.js:26:30)
      at innerInvokeEventListeners (node_modules/jsdom/lib/jsdom/living/events/EventTarget-impl.js:350:25)
      at invokeEventListeners (node_modules/jsdom/lib/jsdom/living/events/EventTarget-impl.js:286:3)
      at HTMLUnknownElementImpl._dispatch (node_modules/jsdom/lib/jsdom/living/events/EventTarget-impl.js:233:9)
      at HTMLUnknownElementImpl.dispatchEvent (node_modules/jsdom/lib/jsdom/living/events/EventTarget-impl.js:104:17)
      at HTMLUnknownElement.dispatchEvent (node_modules/jsdom/lib/jsdom/living/generated/EventTarget.js:241:34)
      at Object.invokeGuardedCallbackDev (node_modules/react-dom/cjs/react-dom.development.js:4213:16)
      at invokeGuardedCallback (node_modules/react-dom/cjs/react-dom.development.js:4277:31)
      at invokeGuardedCallbackAndCatchFirstError (node_modules/react-dom/cjs/react-dom.development.js:4291:25)
      at executeDispatch (node_modules/react-dom/cjs/react-dom.development.js:9041:3)
      at processDispatchQueueItemsInOrder (node_modules/react-dom/cjs/react-dom.development.js:9073:7)
      at processDispatchQueue (node_modules/react-dom/cjs/react-dom.development.js:9086:5)
      at dispatchEventsForPlugins (node_modules/react-dom/cjs/react-dom.development.js:9097:3)
      at node_modules/react-dom/cjs/react-dom.development.js:9288:12
      at batchedUpdates$1 (node_modules/react-dom/cjs/react-dom.development.js:26179:12)
      at batchedUpdates (node_modules/react-dom/cjs/react-dom.development.js:3991:12)
      at dispatchEventForPluginEventSystem (node_modules/react-dom/cjs/react-dom.development.js:9287:3)
      at dispatchEventWithEnableCapturePhaseSelectiveHydrationWithoutDiscreteEventReplay (node_modules/react-dom/cjs/react-dom.development.js:6465:5)
      at dispatchEvent (node_modules/react-dom/cjs/react-dom.development.js:6457:5)
      at dispatchDiscreteEvent (node_modules/react-dom/cjs/react-dom.development.js:6430:5)
      at HTMLDivElement.callTheUserObjectsOperation (node_modules/jsdom/lib/jsdom/living/generated/EventListener.js:26:30)
      at innerInvokeEventListeners (node_modules/jsdom/lib/jsdom/living/events/EventTarget-impl.js:350:25)
      at invokeEventListeners (node_modules/jsdom/lib/jsdom/living/events/EventTarget-impl.js:286:3)
      at HTMLInputElementImpl._dispatch (node_modules/jsdom/lib/jsdom/living/events/EventTarget-impl.js:233:9)
      at HTMLInputElementImpl.dispatchEvent (node_modules/jsdom/lib/jsdom/living/events/EventTarget-impl.js:104:17)
      at HTMLInputElement.dispatchEvent (node_modules/jsdom/lib/jsdom/living/generated/EventTarget.js:241:34)
      at node_modules/@testing-library/user-event/dist/cjs/event/dispatchEvent.js:45:43
      at Object.eventWrapper (node_modules/@testing-library/dom/dist/config.js:25:23)
      at Object.wrapEvent (node_modules/@testing-library/user-event/dist/cjs/event/wrapEvent.js:6:28)
      at Object.dispatchEvent (node_modules/@testing-library/user-event/dist/cjs/event/dispatchEvent.js:45:22)
      at Object.dispatchUIEvent (node_modules/@testing-library/user-event/dist/cjs/event/dispatchEvent.js:22:26)
      at commitInput (node_modules/@testing-library/user-event/dist/cjs/event/input.js:145:14)
      at editInputElement (node_modules/@testing-library/user-event/dist/cjs/event/input.js:115:9)
      at Object.input (node_modules/@testing-library/user-event/dist/cjs/event/input.js:37:9)
      at node_modules/@testing-library/user-event/dist/cjs/event/behavior/keypress.js:31:26
      at Object.dispatchEvent (node_modules/@testing-library/user-event/dist/cjs/event/dispatchEvent.js:41:13)
      at Object.dispatchUIEvent (node_modules/@testing-library/user-event/dist/cjs/event/dispatchEvent.js:22:26)
      at KeyboardHost.keydown (node_modules/@testing-library/user-event/dist/cjs/system/keyboard.js:76:22)
      at keyboardAction (node_modules/@testing-library/user-event/dist/cjs/keyboard/index.js:22:35)
      at Object.keyboard (node_modules/@testing-library/user-event/dist/cjs/keyboard/index.js:11:15)
      at Object.type (node_modules/@testing-library/user-event/dist/cjs/utility/type.js:17:5)
      at Object.<anonymous> (src/components/Contact/Contact.test.tsx:169:5)

    console.error
      Warning: An update to Contact inside a test was not wrapped in act(...).
      
      When testing, code that causes React state updates should be wrapped into act(...):
      
      act(() => {
        /* fire events that update state */
      });
      /* assert on the output */
      
      This ensures that you're testing the behavior the user would see in the browser. Learn more at https://reactjs.org/link/wrap-tests-with-act
          at Contact (/workspaces/netsanet-portfolio/src/components/Contact/Contact.tsx:17:44)

      30 |
      31 |   const handleInputChange = (field: keyof ContactFormData, value: string) => {
    > 32 |     setFormState(prev => ({
         |     ^
      33 |       ...prev,
      34 |       data: {
      35 |         ...prev.data,

      at printWarning (node_modules/react-dom/cjs/react-dom.development.js:86:30)
      at error (node_modules/react-dom/cjs/react-dom.development.js:60:7)
      at warnIfUpdatesNotWrappedWithActDEV (node_modules/react-dom/cjs/react-dom.development.js:27628:9)
      at scheduleUpdateOnFiber (node_modules/react-dom/cjs/react-dom.development.js:25547:5)
      at dispatchSetState (node_modules/react-dom/cjs/react-dom.development.js:16708:7)
      at handleInputChange (src/components/Contact/Contact.tsx:32:5)
      at onChange (src/components/Contact/Contact.tsx:280:34)
      at HTMLUnknownElement.callCallback (node_modules/react-dom/cjs/react-dom.development.js:4164:14)
      at HTMLUnknownElement.callTheUserObjectsOperation (node_modules/jsdom/lib/jsdom/living/generated/EventListener.js:26:30)
      at innerInvokeEventListeners (node_modules/jsdom/lib/jsdom/living/events/EventTarget-impl.js:350:25)
      at invokeEventListeners (node_modules/jsdom/lib/jsdom/living/events/EventTarget-impl.js:286:3)
      at HTMLUnknownElementImpl._dispatch (node_modules/jsdom/lib/jsdom/living/events/EventTarget-impl.js:233:9)
      at HTMLUnknownElementImpl.dispatchEvent (node_modules/jsdom/lib/jsdom/living/events/EventTarget-impl.js:104:17)
      at HTMLUnknownElement.dispatchEvent (node_modules/jsdom/lib/jsdom/living/generated/EventTarget.js:241:34)
      at Object.invokeGuardedCallbackDev (node_modules/react-dom/cjs/react-dom.development.js:4213:16)
      at invokeGuardedCallback (node_modules/react-dom/cjs/react-dom.development.js:4277:31)
      at invokeGuardedCallbackAndCatchFirstError (node_modules/react-dom/cjs/react-dom.development.js:4291:25)
      at executeDispatch (node_modules/react-dom/cjs/react-dom.development.js:9041:3)
      at processDispatchQueueItemsInOrder (node_modules/react-dom/cjs/react-dom.development.js:9073:7)
      at processDispatchQueue (node_modules/react-dom/cjs/react-dom.development.js:9086:5)
      at dispatchEventsForPlugins (node_modules/react-dom/cjs/react-dom.development.js:9097:3)
      at node_modules/react-dom/cjs/react-dom.development.js:9288:12
      at batchedUpdates$1 (node_modules/react-dom/cjs/react-dom.development.js:26179:12)
      at batchedUpdates (node_modules/react-dom/cjs/react-dom.development.js:3991:12)
      at dispatchEventForPluginEventSystem (node_modules/react-dom/cjs/react-dom.development.js:9287:3)
      at dispatchEventWithEnableCapturePhaseSelectiveHydrationWithoutDiscreteEventReplay (node_modules/react-dom/cjs/react-dom.development.js:6465:5)
      at dispatchEvent (node_modules/react-dom/cjs/react-dom.development.js:6457:5)
      at dispatchDiscreteEvent (node_modules/react-dom/cjs/react-dom.development.js:6430:5)
      at HTMLDivElement.callTheUserObjectsOperation (node_modules/jsdom/lib/jsdom/living/generated/EventListener.js:26:30)
      at innerInvokeEventListeners (node_modules/jsdom/lib/jsdom/living/events/EventTarget-impl.js:350:25)
      at invokeEventListeners (node_modules/jsdom/lib/jsdom/living/events/EventTarget-impl.js:286:3)
      at HTMLInputElementImpl._dispatch (node_modules/jsdom/lib/jsdom/living/events/EventTarget-impl.js:233:9)
      at HTMLInputElementImpl.dispatchEvent (node_modules/jsdom/lib/jsdom/living/events/EventTarget-impl.js:104:17)
      at HTMLInputElement.dispatchEvent (node_modules/jsdom/lib/jsdom/living/generated/EventTarget.js:241:34)
      at node_modules/@testing-library/user-event/dist/cjs/event/dispatchEvent.js:45:43
      at Object.eventWrapper (node_modules/@testing-library/dom/dist/config.js:25:23)
      at Object.wrapEvent (node_modules/@testing-library/user-event/dist/cjs/event/wrapEvent.js:6:28)
      at Object.dispatchEvent (node_modules/@testing-library/user-event/dist/cjs/event/dispatchEvent.js:45:22)
      at Object.dispatchUIEvent (node_modules/@testing-library/user-event/dist/cjs/event/dispatchEvent.js:22:26)
      at commitInput (node_modules/@testing-library/user-event/dist/cjs/event/input.js:145:14)
      at editInputElement (node_modules/@testing-library/user-event/dist/cjs/event/input.js:115:9)
      at Object.input (node_modules/@testing-library/user-event/dist/cjs/event/input.js:37:9)
      at node_modules/@testing-library/user-event/dist/cjs/event/behavior/keypress.js:31:26
      at Object.dispatchEvent (node_modules/@testing-library/user-event/dist/cjs/event/dispatchEvent.js:41:13)
      at Object.dispatchUIEvent (node_modules/@testing-library/user-event/dist/cjs/event/dispatchEvent.js:22:26)
      at KeyboardHost.keydown (node_modules/@testing-library/user-event/dist/cjs/system/keyboard.js:76:22)
      at keyboardAction (node_modules/@testing-library/user-event/dist/cjs/keyboard/index.js:22:35)
      at Object.keyboard (node_modules/@testing-library/user-event/dist/cjs/keyboard/index.js:11:15)
      at Object.type (node_modules/@testing-library/user-event/dist/cjs/utility/type.js:17:5)
      at Object.<anonymous> (src/components/Contact/Contact.test.tsx:169:5)

    console.error
      Warning: An update to Contact inside a test was not wrapped in act(...).
      
      When testing, code that causes React state updates should be wrapped into act(...):
      
      act(() => {
        /* fire events that update state */
      });
      /* assert on the output */
      
      This ensures that you're testing the behavior the user would see in the browser. Learn more at https://reactjs.org/link/wrap-tests-with-act
          at Contact (/workspaces/netsanet-portfolio/src/components/Contact/Contact.tsx:17:44)

      30 |
      31 |   const handleInputChange = (field: keyof ContactFormData, value: string) => {
    > 32 |     setFormState(prev => ({
         |     ^
      33 |       ...prev,
      34 |       data: {
      35 |         ...prev.data,

      at printWarning (node_modules/react-dom/cjs/react-dom.development.js:86:30)
      at error (node_modules/react-dom/cjs/react-dom.development.js:60:7)
      at warnIfUpdatesNotWrappedWithActDEV (node_modules/react-dom/cjs/react-dom.development.js:27628:9)
      at scheduleUpdateOnFiber (node_modules/react-dom/cjs/react-dom.development.js:25547:5)
      at dispatchSetState (node_modules/react-dom/cjs/react-dom.development.js:16708:7)
      at handleInputChange (src/components/Contact/Contact.tsx:32:5)
      at onChange (src/components/Contact/Contact.tsx:280:34)
      at HTMLUnknownElement.callCallback (node_modules/react-dom/cjs/react-dom.development.js:4164:14)
      at HTMLUnknownElement.callTheUserObjectsOperation (node_modules/jsdom/lib/jsdom/living/generated/EventListener.js:26:30)
      at innerInvokeEventListeners (node_modules/jsdom/lib/jsdom/living/events/EventTarget-impl.js:350:25)
      at invokeEventListeners (node_modules/jsdom/lib/jsdom/living/events/EventTarget-impl.js:286:3)
      at HTMLUnknownElementImpl._dispatch (node_modules/jsdom/lib/jsdom/living/events/EventTarget-impl.js:233:9)
      at HTMLUnknownElementImpl.dispatchEvent (node_modules/jsdom/lib/jsdom/living/events/EventTarget-impl.js:104:17)
      at HTMLUnknownElement.dispatchEvent (node_modules/jsdom/lib/jsdom/living/generated/EventTarget.js:241:34)
      at Object.invokeGuardedCallbackDev (node_modules/react-dom/cjs/react-dom.development.js:4213:16)
      at invokeGuardedCallback (node_modules/react-dom/cjs/react-dom.development.js:4277:31)
      at invokeGuardedCallbackAndCatchFirstError (node_modules/react-dom/cjs/react-dom.development.js:4291:25)
      at executeDispatch (node_modules/react-dom/cjs/react-dom.development.js:9041:3)
      at processDispatchQueueItemsInOrder (node_modules/react-dom/cjs/react-dom.development.js:9073:7)
      at processDispatchQueue (node_modules/react-dom/cjs/react-dom.development.js:9086:5)
      at dispatchEventsForPlugins (node_modules/react-dom/cjs/react-dom.development.js:9097:3)
      at node_modules/react-dom/cjs/react-dom.development.js:9288:12
      at batchedUpdates$1 (node_modules/react-dom/cjs/react-dom.development.js:26179:12)
      at batchedUpdates (node_modules/react-dom/cjs/react-dom.development.js:3991:12)
      at dispatchEventForPluginEventSystem (node_modules/react-dom/cjs/react-dom.development.js:9287:3)
      at dispatchEventWithEnableCapturePhaseSelectiveHydrationWithoutDiscreteEventReplay (node_modules/react-dom/cjs/react-dom.development.js:6465:5)
      at dispatchEvent (node_modules/react-dom/cjs/react-dom.development.js:6457:5)
      at dispatchDiscreteEvent (node_modules/react-dom/cjs/react-dom.development.js:6430:5)
      at HTMLDivElement.callTheUserObjectsOperation (node_modules/jsdom/lib/jsdom/living/generated/EventListener.js:26:30)
      at innerInvokeEventListeners (node_modules/jsdom/lib/jsdom/living/events/EventTarget-impl.js:350:25)
      at invokeEventListeners (node_modules/jsdom/lib/jsdom/living/events/EventTarget-impl.js:286:3)
      at HTMLInputElementImpl._dispatch (node_modules/jsdom/lib/jsdom/living/events/EventTarget-impl.js:233:9)
      at HTMLInputElementImpl.dispatchEvent (node_modules/jsdom/lib/jsdom/living/events/EventTarget-impl.js:104:17)
      at HTMLInputElement.dispatchEvent (node_modules/jsdom/lib/jsdom/living/generated/EventTarget.js:241:34)
      at node_modules/@testing-library/user-event/dist/cjs/event/dispatchEvent.js:45:43
      at Object.eventWrapper (node_modules/@testing-library/dom/dist/config.js:25:23)
      at Object.wrapEvent (node_modules/@testing-library/user-event/dist/cjs/event/wrapEvent.js:6:28)
      at Object.dispatchEvent (node_modules/@testing-library/user-event/dist/cjs/event/dispatchEvent.js:45:22)
      at Object.dispatchUIEvent (node_modules/@testing-library/user-event/dist/cjs/event/dispatchEvent.js:22:26)
      at commitInput (node_modules/@testing-library/user-event/dist/cjs/event/input.js:145:14)
      at editInputElement (node_modules/@testing-library/user-event/dist/cjs/event/input.js:115:9)
      at Object.input (node_modules/@testing-library/user-event/dist/cjs/event/input.js:37:9)
      at node_modules/@testing-library/user-event/dist/cjs/event/behavior/keypress.js:31:26
      at Object.dispatchEvent (node_modules/@testing-library/user-event/dist/cjs/event/dispatchEvent.js:41:13)
      at Object.dispatchUIEvent (node_modules/@testing-library/user-event/dist/cjs/event/dispatchEvent.js:22:26)
      at KeyboardHost.keydown (node_modules/@testing-library/user-event/dist/cjs/system/keyboard.js:76:22)
      at keyboardAction (node_modules/@testing-library/user-event/dist/cjs/keyboard/index.js:22:35)
      at Object.keyboard (node_modules/@testing-library/user-event/dist/cjs/keyboard/index.js:11:15)
      at Object.type (node_modules/@testing-library/user-event/dist/cjs/utility/type.js:17:5)
      at Object.<anonymous> (src/components/Contact/Contact.test.tsx:169:5)

    console.error
      Warning: An update to Contact inside a test was not wrapped in act(...).
      
      When testing, code that causes React state updates should be wrapped into act(...):
      
      act(() => {
        /* fire events that update state */
      });
      /* assert on the output */
      
      This ensures that you're testing the behavior the user would see in the browser. Learn more at https://reactjs.org/link/wrap-tests-with-act
          at Contact (/workspaces/netsanet-portfolio/src/components/Contact/Contact.tsx:17:44)

      30 |
      31 |   const handleInputChange = (field: keyof ContactFormData, value: string) => {
    > 32 |     setFormState(prev => ({
         |     ^
      33 |       ...prev,
      34 |       data: {
      35 |         ...prev.data,

      at printWarning (node_modules/react-dom/cjs/react-dom.development.js:86:30)
      at error (node_modules/react-dom/cjs/react-dom.development.js:60:7)
      at warnIfUpdatesNotWrappedWithActDEV (node_modules/react-dom/cjs/react-dom.development.js:27628:9)
      at scheduleUpdateOnFiber (node_modules/react-dom/cjs/react-dom.development.js:25547:5)
      at dispatchSetState (node_modules/react-dom/cjs/react-dom.development.js:16708:7)
      at handleInputChange (src/components/Contact/Contact.tsx:32:5)
      at onChange (src/components/Contact/Contact.tsx:280:34)
      at HTMLUnknownElement.callCallback (node_modules/react-dom/cjs/react-dom.development.js:4164:14)
      at HTMLUnknownElement.callTheUserObjectsOperation (node_modules/jsdom/lib/jsdom/living/generated/EventListener.js:26:30)
      at innerInvokeEventListeners (node_modules/jsdom/lib/jsdom/living/events/EventTarget-impl.js:350:25)
      at invokeEventListeners (node_modules/jsdom/lib/jsdom/living/events/EventTarget-impl.js:286:3)
      at HTMLUnknownElementImpl._dispatch (node_modules/jsdom/lib/jsdom/living/events/EventTarget-impl.js:233:9)
      at HTMLUnknownElementImpl.dispatchEvent (node_modules/jsdom/lib/jsdom/living/events/EventTarget-impl.js:104:17)
      at HTMLUnknownElement.dispatchEvent (node_modules/jsdom/lib/jsdom/living/generated/EventTarget.js:241:34)
      at Object.invokeGuardedCallbackDev (node_modules/react-dom/cjs/react-dom.development.js:4213:16)
      at invokeGuardedCallback (node_modules/react-dom/cjs/react-dom.development.js:4277:31)
      at invokeGuardedCallbackAndCatchFirstError (node_modules/react-dom/cjs/react-dom.development.js:4291:25)
      at executeDispatch (node_modules/react-dom/cjs/react-dom.development.js:9041:3)
      at processDispatchQueueItemsInOrder (node_modules/react-dom/cjs/react-dom.development.js:9073:7)
      at processDispatchQueue (node_modules/react-dom/cjs/react-dom.development.js:9086:5)
      at dispatchEventsForPlugins (node_modules/react-dom/cjs/react-dom.development.js:9097:3)
      at node_modules/react-dom/cjs/react-dom.development.js:9288:12
      at batchedUpdates$1 (node_modules/react-dom/cjs/react-dom.development.js:26179:12)
      at batchedUpdates (node_modules/react-dom/cjs/react-dom.development.js:3991:12)
      at dispatchEventForPluginEventSystem (node_modules/react-dom/cjs/react-dom.development.js:9287:3)
      at dispatchEventWithEnableCapturePhaseSelectiveHydrationWithoutDiscreteEventReplay (node_modules/react-dom/cjs/react-dom.development.js:6465:5)
      at dispatchEvent (node_modules/react-dom/cjs/react-dom.development.js:6457:5)
      at dispatchDiscreteEvent (node_modules/react-dom/cjs/react-dom.development.js:6430:5)
      at HTMLDivElement.callTheUserObjectsOperation (node_modules/jsdom/lib/jsdom/living/generated/EventListener.js:26:30)
      at innerInvokeEventListeners (node_modules/jsdom/lib/jsdom/living/events/EventTarget-impl.js:350:25)
      at invokeEventListeners (node_modules/jsdom/lib/jsdom/living/events/EventTarget-impl.js:286:3)
      at HTMLInputElementImpl._dispatch (node_modules/jsdom/lib/jsdom/living/events/EventTarget-impl.js:233:9)
      at HTMLInputElementImpl.dispatchEvent (node_modules/jsdom/lib/jsdom/living/events/EventTarget-impl.js:104:17)
      at HTMLInputElement.dispatchEvent (node_modules/jsdom/lib/jsdom/living/generated/EventTarget.js:241:34)
      at node_modules/@testing-library/user-event/dist/cjs/event/dispatchEvent.js:45:43
      at Object.eventWrapper (node_modules/@testing-library/dom/dist/config.js:25:23)
      at Object.wrapEvent (node_modules/@testing-library/user-event/dist/cjs/event/wrapEvent.js:6:28)
      at Object.dispatchEvent (node_modules/@testing-library/user-event/dist/cjs/event/dispatchEvent.js:45:22)
      at Object.dispatchUIEvent (node_modules/@testing-library/user-event/dist/cjs/event/dispatchEvent.js:22:26)
      at commitInput (node_modules/@testing-library/user-event/dist/cjs/event/input.js:145:14)
      at editInputElement (node_modules/@testing-library/user-event/dist/cjs/event/input.js:115:9)
      at Object.input (node_modules/@testing-library/user-event/dist/cjs/event/input.js:37:9)
      at node_modules/@testing-library/user-event/dist/cjs/event/behavior/keypress.js:31:26
      at Object.dispatchEvent (node_modules/@testing-library/user-event/dist/cjs/event/dispatchEvent.js:41:13)
      at Object.dispatchUIEvent (node_modules/@testing-library/user-event/dist/cjs/event/dispatchEvent.js:22:26)
      at KeyboardHost.keydown (node_modules/@testing-library/user-event/dist/cjs/system/keyboard.js:76:22)
      at keyboardAction (node_modules/@testing-library/user-event/dist/cjs/keyboard/index.js:22:35)
      at Object.keyboard (node_modules/@testing-library/user-event/dist/cjs/keyboard/index.js:11:15)
      at Object.type (node_modules/@testing-library/user-event/dist/cjs/utility/type.js:17:5)
      at Object.<anonymous> (src/components/Contact/Contact.test.tsx:169:5)

    console.error
      Warning: An update to Contact inside a test was not wrapped in act(...).
      
      When testing, code that causes React state updates should be wrapped into act(...):
      
      act(() => {
        /* fire events that update state */
      });
      /* assert on the output */
      
      This ensures that you're testing the behavior the user would see in the browser. Learn more at https://reactjs.org/link/wrap-tests-with-act
          at Contact (/workspaces/netsanet-portfolio/src/components/Contact/Contact.tsx:17:44)

      30 |
      31 |   const handleInputChange = (field: keyof ContactFormData, value: string) => {
    > 32 |     setFormState(prev => ({
         |     ^
      33 |       ...prev,
      34 |       data: {
      35 |         ...prev.data,

      at printWarning (node_modules/react-dom/cjs/react-dom.development.js:86:30)
      at error (node_modules/react-dom/cjs/react-dom.development.js:60:7)
      at warnIfUpdatesNotWrappedWithActDEV (node_modules/react-dom/cjs/react-dom.development.js:27628:9)
      at scheduleUpdateOnFiber (node_modules/react-dom/cjs/react-dom.development.js:25547:5)
      at dispatchSetState (node_modules/react-dom/cjs/react-dom.development.js:16708:7)
      at handleInputChange (src/components/Contact/Contact.tsx:32:5)
      at onChange (src/components/Contact/Contact.tsx:280:34)
      at HTMLUnknownElement.callCallback (node_modules/react-dom/cjs/react-dom.development.js:4164:14)
      at HTMLUnknownElement.callTheUserObjectsOperation (node_modules/jsdom/lib/jsdom/living/generated/EventListener.js:26:30)
      at innerInvokeEventListeners (node_modules/jsdom/lib/jsdom/living/events/EventTarget-impl.js:350:25)
      at invokeEventListeners (node_modules/jsdom/lib/jsdom/living/events/EventTarget-impl.js:286:3)
      at HTMLUnknownElementImpl._dispatch (node_modules/jsdom/lib/jsdom/living/events/EventTarget-impl.js:233:9)
      at HTMLUnknownElementImpl.dispatchEvent (node_modules/jsdom/lib/jsdom/living/events/EventTarget-impl.js:104:17)
      at HTMLUnknownElement.dispatchEvent (node_modules/jsdom/lib/jsdom/living/generated/EventTarget.js:241:34)
      at Object.invokeGuardedCallbackDev (node_modules/react-dom/cjs/react-dom.development.js:4213:16)
      at invokeGuardedCallback (node_modules/react-dom/cjs/react-dom.development.js:4277:31)
      at invokeGuardedCallbackAndCatchFirstError (node_modules/react-dom/cjs/react-dom.development.js:4291:25)
      at executeDispatch (node_modules/react-dom/cjs/react-dom.development.js:9041:3)
      at processDispatchQueueItemsInOrder (node_modules/react-dom/cjs/react-dom.development.js:9073:7)
      at processDispatchQueue (node_modules/react-dom/cjs/react-dom.development.js:9086:5)
      at dispatchEventsForPlugins (node_modules/react-dom/cjs/react-dom.development.js:9097:3)
      at node_modules/react-dom/cjs/react-dom.development.js:9288:12
      at batchedUpdates$1 (node_modules/react-dom/cjs/react-dom.development.js:26179:12)
      at batchedUpdates (node_modules/react-dom/cjs/react-dom.development.js:3991:12)
      at dispatchEventForPluginEventSystem (node_modules/react-dom/cjs/react-dom.development.js:9287:3)
      at dispatchEventWithEnableCapturePhaseSelectiveHydrationWithoutDiscreteEventReplay (node_modules/react-dom/cjs/react-dom.development.js:6465:5)
      at dispatchEvent (node_modules/react-dom/cjs/react-dom.development.js:6457:5)
      at dispatchDiscreteEvent (node_modules/react-dom/cjs/react-dom.development.js:6430:5)
      at HTMLDivElement.callTheUserObjectsOperation (node_modules/jsdom/lib/jsdom/living/generated/EventListener.js:26:30)
      at innerInvokeEventListeners (node_modules/jsdom/lib/jsdom/living/events/EventTarget-impl.js:350:25)
      at invokeEventListeners (node_modules/jsdom/lib/jsdom/living/events/EventTarget-impl.js:286:3)
      at HTMLInputElementImpl._dispatch (node_modules/jsdom/lib/jsdom/living/events/EventTarget-impl.js:233:9)
      at HTMLInputElementImpl.dispatchEvent (node_modules/jsdom/lib/jsdom/living/events/EventTarget-impl.js:104:17)
      at HTMLInputElement.dispatchEvent (node_modules/jsdom/lib/jsdom/living/generated/EventTarget.js:241:34)
      at node_modules/@testing-library/user-event/dist/cjs/event/dispatchEvent.js:45:43
      at Object.eventWrapper (node_modules/@testing-library/dom/dist/config.js:25:23)
      at Object.wrapEvent (node_modules/@testing-library/user-event/dist/cjs/event/wrapEvent.js:6:28)
      at Object.dispatchEvent (node_modules/@testing-library/user-event/dist/cjs/event/dispatchEvent.js:45:22)
      at Object.dispatchUIEvent (node_modules/@testing-library/user-event/dist/cjs/event/dispatchEvent.js:22:26)
      at commitInput (node_modules/@testing-library/user-event/dist/cjs/event/input.js:145:14)
      at editInputElement (node_modules/@testing-library/user-event/dist/cjs/event/input.js:115:9)
      at Object.input (node_modules/@testing-library/user-event/dist/cjs/event/input.js:37:9)
      at node_modules/@testing-library/user-event/dist/cjs/event/behavior/keypress.js:31:26
      at Object.dispatchEvent (node_modules/@testing-library/user-event/dist/cjs/event/dispatchEvent.js:41:13)
      at Object.dispatchUIEvent (node_modules/@testing-library/user-event/dist/cjs/event/dispatchEvent.js:22:26)
      at KeyboardHost.keydown (node_modules/@testing-library/user-event/dist/cjs/system/keyboard.js:76:22)
      at keyboardAction (node_modules/@testing-library/user-event/dist/cjs/keyboard/index.js:22:35)
      at Object.keyboard (node_modules/@testing-library/user-event/dist/cjs/keyboard/index.js:11:15)
      at Object.type (node_modules/@testing-library/user-event/dist/cjs/utility/type.js:17:5)
      at Object.<anonymous> (src/components/Contact/Contact.test.tsx:169:5)

    console.error
      Warning: An update to Contact inside a test was not wrapped in act(...).
      
      When testing, code that causes React state updates should be wrapped into act(...):
      
      act(() => {
        /* fire events that update state */
      });
      /* assert on the output */
      
      This ensures that you're testing the behavior the user would see in the browser. Learn more at https://reactjs.org/link/wrap-tests-with-act
          at Contact (/workspaces/netsanet-portfolio/src/components/Contact/Contact.tsx:17:44)

      30 |
      31 |   const handleInputChange = (field: keyof ContactFormData, value: string) => {
    > 32 |     setFormState(prev => ({
         |     ^
      33 |       ...prev,
      34 |       data: {
      35 |         ...prev.data,

      at printWarning (node_modules/react-dom/cjs/react-dom.development.js:86:30)
      at error (node_modules/react-dom/cjs/react-dom.development.js:60:7)
      at warnIfUpdatesNotWrappedWithActDEV (node_modules/react-dom/cjs/react-dom.development.js:27628:9)
      at scheduleUpdateOnFiber (node_modules/react-dom/cjs/react-dom.development.js:25547:5)
      at dispatchSetState (node_modules/react-dom/cjs/react-dom.development.js:16708:7)
      at handleInputChange (src/components/Contact/Contact.tsx:32:5)
      at onChange (src/components/Contact/Contact.tsx:280:34)
      at HTMLUnknownElement.callCallback (node_modules/react-dom/cjs/react-dom.development.js:4164:14)
      at HTMLUnknownElement.callTheUserObjectsOperation (node_modules/jsdom/lib/jsdom/living/generated/EventListener.js:26:30)
      at innerInvokeEventListeners (node_modules/jsdom/lib/jsdom/living/events/EventTarget-impl.js:350:25)
      at invokeEventListeners (node_modules/jsdom/lib/jsdom/living/events/EventTarget-impl.js:286:3)
      at HTMLUnknownElementImpl._dispatch (node_modules/jsdom/lib/jsdom/living/events/EventTarget-impl.js:233:9)
      at HTMLUnknownElementImpl.dispatchEvent (node_modules/jsdom/lib/jsdom/living/events/EventTarget-impl.js:104:17)
      at HTMLUnknownElement.dispatchEvent (node_modules/jsdom/lib/jsdom/living/generated/EventTarget.js:241:34)
      at Object.invokeGuardedCallbackDev (node_modules/react-dom/cjs/react-dom.development.js:4213:16)
      at invokeGuardedCallback (node_modules/react-dom/cjs/react-dom.development.js:4277:31)
      at invokeGuardedCallbackAndCatchFirstError (node_modules/react-dom/cjs/react-dom.development.js:4291:25)
      at executeDispatch (node_modules/react-dom/cjs/react-dom.development.js:9041:3)
      at processDispatchQueueItemsInOrder (node_modules/react-dom/cjs/react-dom.development.js:9073:7)
      at processDispatchQueue (node_modules/react-dom/cjs/react-dom.development.js:9086:5)
      at dispatchEventsForPlugins (node_modules/react-dom/cjs/react-dom.development.js:9097:3)
      at node_modules/react-dom/cjs/react-dom.development.js:9288:12
      at batchedUpdates$1 (node_modules/react-dom/cjs/react-dom.development.js:26179:12)
      at batchedUpdates (node_modules/react-dom/cjs/react-dom.development.js:3991:12)
      at dispatchEventForPluginEventSystem (node_modules/react-dom/cjs/react-dom.development.js:9287:3)
      at dispatchEventWithEnableCapturePhaseSelectiveHydrationWithoutDiscreteEventReplay (node_modules/react-dom/cjs/react-dom.development.js:6465:5)
      at dispatchEvent (node_modules/react-dom/cjs/react-dom.development.js:6457:5)
      at dispatchDiscreteEvent (node_modules/react-dom/cjs/react-dom.development.js:6430:5)
      at HTMLDivElement.callTheUserObjectsOperation (node_modules/jsdom/lib/jsdom/living/generated/EventListener.js:26:30)
      at innerInvokeEventListeners (node_modules/jsdom/lib/jsdom/living/events/EventTarget-impl.js:350:25)
      at invokeEventListeners (node_modules/jsdom/lib/jsdom/living/events/EventTarget-impl.js:286:3)
      at HTMLInputElementImpl._dispatch (node_modules/jsdom/lib/jsdom/living/events/EventTarget-impl.js:233:9)
      at HTMLInputElementImpl.dispatchEvent (node_modules/jsdom/lib/jsdom/living/events/EventTarget-impl.js:104:17)
      at HTMLInputElement.dispatchEvent (node_modules/jsdom/lib/jsdom/living/generated/EventTarget.js:241:34)
      at node_modules/@testing-library/user-event/dist/cjs/event/dispatchEvent.js:45:43
      at Object.eventWrapper (node_modules/@testing-library/dom/dist/config.js:25:23)
      at Object.wrapEvent (node_modules/@testing-library/user-event/dist/cjs/event/wrapEvent.js:6:28)
      at Object.dispatchEvent (node_modules/@testing-library/user-event/dist/cjs/event/dispatchEvent.js:45:22)
      at Object.dispatchUIEvent (node_modules/@testing-library/user-event/dist/cjs/event/dispatchEvent.js:22:26)
      at commitInput (node_modules/@testing-library/user-event/dist/cjs/event/input.js:145:14)
      at editInputElement (node_modules/@testing-library/user-event/dist/cjs/event/input.js:115:9)
      at Object.input (node_modules/@testing-library/user-event/dist/cjs/event/input.js:37:9)
      at node_modules/@testing-library/user-event/dist/cjs/event/behavior/keypress.js:31:26
      at Object.dispatchEvent (node_modules/@testing-library/user-event/dist/cjs/event/dispatchEvent.js:41:13)
      at Object.dispatchUIEvent (node_modules/@testing-library/user-event/dist/cjs/event/dispatchEvent.js:22:26)
      at KeyboardHost.keydown (node_modules/@testing-library/user-event/dist/cjs/system/keyboard.js:76:22)
      at keyboardAction (node_modules/@testing-library/user-event/dist/cjs/keyboard/index.js:22:35)
      at Object.keyboard (node_modules/@testing-library/user-event/dist/cjs/keyboard/index.js:11:15)
      at Object.type (node_modules/@testing-library/user-event/dist/cjs/utility/type.js:17:5)
      at Object.<anonymous> (src/components/Contact/Contact.test.tsx:169:5)

    console.error
      Warning: An update to Contact inside a test was not wrapped in act(...).
      
      When testing, code that causes React state updates should be wrapped into act(...):
      
      act(() => {
        /* fire events that update state */
      });
      /* assert on the output */
      
      This ensures that you're testing the behavior the user would see in the browser. Learn more at https://reactjs.org/link/wrap-tests-with-act
          at Contact (/workspaces/netsanet-portfolio/src/components/Contact/Contact.tsx:17:44)

      30 |
      31 |   const handleInputChange = (field: keyof ContactFormData, value: string) => {
    > 32 |     setFormState(prev => ({
         |     ^
      33 |       ...prev,
      34 |       data: {
      35 |         ...prev.data,

      at printWarning (node_modules/react-dom/cjs/react-dom.development.js:86:30)
      at error (node_modules/react-dom/cjs/react-dom.development.js:60:7)
      at warnIfUpdatesNotWrappedWithActDEV (node_modules/react-dom/cjs/react-dom.development.js:27628:9)
      at scheduleUpdateOnFiber (node_modules/react-dom/cjs/react-dom.development.js:25547:5)
      at dispatchSetState (node_modules/react-dom/cjs/react-dom.development.js:16708:7)
      at handleInputChange (src/components/Contact/Contact.tsx:32:5)
      at onChange (src/components/Contact/Contact.tsx:280:34)
      at HTMLUnknownElement.callCallback (node_modules/react-dom/cjs/react-dom.development.js:4164:14)
      at HTMLUnknownElement.callTheUserObjectsOperation (node_modules/jsdom/lib/jsdom/living/generated/EventListener.js:26:30)
      at innerInvokeEventListeners (node_modules/jsdom/lib/jsdom/living/events/EventTarget-impl.js:350:25)
      at invokeEventListeners (node_modules/jsdom/lib/jsdom/living/events/EventTarget-impl.js:286:3)
      at HTMLUnknownElementImpl._dispatch (node_modules/jsdom/lib/jsdom/living/events/EventTarget-impl.js:233:9)
      at HTMLUnknownElementImpl.dispatchEvent (node_modules/jsdom/lib/jsdom/living/events/EventTarget-impl.js:104:17)
      at HTMLUnknownElement.dispatchEvent (node_modules/jsdom/lib/jsdom/living/generated/EventTarget.js:241:34)
      at Object.invokeGuardedCallbackDev (node_modules/react-dom/cjs/react-dom.development.js:4213:16)
      at invokeGuardedCallback (node_modules/react-dom/cjs/react-dom.development.js:4277:31)
      at invokeGuardedCallbackAndCatchFirstError (node_modules/react-dom/cjs/react-dom.development.js:4291:25)
      at executeDispatch (node_modules/react-dom/cjs/react-dom.development.js:9041:3)
      at processDispatchQueueItemsInOrder (node_modules/react-dom/cjs/react-dom.development.js:9073:7)
      at processDispatchQueue (node_modules/react-dom/cjs/react-dom.development.js:9086:5)
      at dispatchEventsForPlugins (node_modules/react-dom/cjs/react-dom.development.js:9097:3)
      at node_modules/react-dom/cjs/react-dom.development.js:9288:12
      at batchedUpdates$1 (node_modules/react-dom/cjs/react-dom.development.js:26179:12)
      at batchedUpdates (node_modules/react-dom/cjs/react-dom.development.js:3991:12)
      at dispatchEventForPluginEventSystem (node_modules/react-dom/cjs/react-dom.development.js:9287:3)
      at dispatchEventWithEnableCapturePhaseSelectiveHydrationWithoutDiscreteEventReplay (node_modules/react-dom/cjs/react-dom.development.js:6465:5)
      at dispatchEvent (node_modules/react-dom/cjs/react-dom.development.js:6457:5)
      at dispatchDiscreteEvent (node_modules/react-dom/cjs/react-dom.development.js:6430:5)
      at HTMLDivElement.callTheUserObjectsOperation (node_modules/jsdom/lib/jsdom/living/generated/EventListener.js:26:30)
      at innerInvokeEventListeners (node_modules/jsdom/lib/jsdom/living/events/EventTarget-impl.js:350:25)
      at invokeEventListeners (node_modules/jsdom/lib/jsdom/living/events/EventTarget-impl.js:286:3)
      at HTMLInputElementImpl._dispatch (node_modules/jsdom/lib/jsdom/living/events/EventTarget-impl.js:233:9)
      at HTMLInputElementImpl.dispatchEvent (node_modules/jsdom/lib/jsdom/living/events/EventTarget-impl.js:104:17)
      at HTMLInputElement.dispatchEvent (node_modules/jsdom/lib/jsdom/living/generated/EventTarget.js:241:34)
      at node_modules/@testing-library/user-event/dist/cjs/event/dispatchEvent.js:45:43
      at Object.eventWrapper (node_modules/@testing-library/dom/dist/config.js:25:23)
      at Object.wrapEvent (node_modules/@testing-library/user-event/dist/cjs/event/wrapEvent.js:6:28)
      at Object.dispatchEvent (node_modules/@testing-library/user-event/dist/cjs/event/dispatchEvent.js:45:22)
      at Object.dispatchUIEvent (node_modules/@testing-library/user-event/dist/cjs/event/dispatchEvent.js:22:26)
      at commitInput (node_modules/@testing-library/user-event/dist/cjs/event/input.js:145:14)
      at editInputElement (node_modules/@testing-library/user-event/dist/cjs/event/input.js:115:9)
      at Object.input (node_modules/@testing-library/user-event/dist/cjs/event/input.js:37:9)
      at node_modules/@testing-library/user-event/dist/cjs/event/behavior/keypress.js:31:26
      at Object.dispatchEvent (node_modules/@testing-library/user-event/dist/cjs/event/dispatchEvent.js:41:13)
      at Object.dispatchUIEvent (node_modules/@testing-library/user-event/dist/cjs/event/dispatchEvent.js:22:26)
      at KeyboardHost.keydown (node_modules/@testing-library/user-event/dist/cjs/system/keyboard.js:76:22)
      at keyboardAction (node_modules/@testing-library/user-event/dist/cjs/keyboard/index.js:22:35)
      at Object.keyboard (node_modules/@testing-library/user-event/dist/cjs/keyboard/index.js:11:15)
      at Object.type (node_modules/@testing-library/user-event/dist/cjs/utility/type.js:17:5)
      at Object.<anonymous> (src/components/Contact/Contact.test.tsx:169:5)

    console.error
      Warning: An update to Contact inside a test was not wrapped in act(...).
      
      When testing, code that causes React state updates should be wrapped into act(...):
      
      act(() => {
        /* fire events that update state */
      });
      /* assert on the output */
      
      This ensures that you're testing the behavior the user would see in the browser. Learn more at https://reactjs.org/link/wrap-tests-with-act
          at Contact (/workspaces/netsanet-portfolio/src/components/Contact/Contact.tsx:17:44)

      30 |
      31 |   const handleInputChange = (field: keyof ContactFormData, value: string) => {
    > 32 |     setFormState(prev => ({
         |     ^
      33 |       ...prev,
      34 |       data: {
      35 |         ...prev.data,

      at printWarning (node_modules/react-dom/cjs/react-dom.development.js:86:30)
      at error (node_modules/react-dom/cjs/react-dom.development.js:60:7)
      at warnIfUpdatesNotWrappedWithActDEV (node_modules/react-dom/cjs/react-dom.development.js:27628:9)
      at scheduleUpdateOnFiber (node_modules/react-dom/cjs/react-dom.development.js:25547:5)
      at dispatchSetState (node_modules/react-dom/cjs/react-dom.development.js:16708:7)
      at handleInputChange (src/components/Contact/Contact.tsx:32:5)
      at onChange (src/components/Contact/Contact.tsx:301:34)
      at HTMLUnknownElement.callCallback (node_modules/react-dom/cjs/react-dom.development.js:4164:14)
      at HTMLUnknownElement.callTheUserObjectsOperation (node_modules/jsdom/lib/jsdom/living/generated/EventListener.js:26:30)
      at innerInvokeEventListeners (node_modules/jsdom/lib/jsdom/living/events/EventTarget-impl.js:350:25)
      at invokeEventListeners (node_modules/jsdom/lib/jsdom/living/events/EventTarget-impl.js:286:3)
      at HTMLUnknownElementImpl._dispatch (node_modules/jsdom/lib/jsdom/living/events/EventTarget-impl.js:233:9)
      at HTMLUnknownElementImpl.dispatchEvent (node_modules/jsdom/lib/jsdom/living/events/EventTarget-impl.js:104:17)
      at HTMLUnknownElement.dispatchEvent (node_modules/jsdom/lib/jsdom/living/generated/EventTarget.js:241:34)
      at Object.invokeGuardedCallbackDev (node_modules/react-dom/cjs/react-dom.development.js:4213:16)
      at invokeGuardedCallback (node_modules/react-dom/cjs/react-dom.development.js:4277:31)
      at invokeGuardedCallbackAndCatchFirstError (node_modules/react-dom/cjs/react-dom.development.js:4291:25)
      at executeDispatch (node_modules/react-dom/cjs/react-dom.development.js:9041:3)
      at processDispatchQueueItemsInOrder (node_modules/react-dom/cjs/react-dom.development.js:9073:7)
      at processDispatchQueue (node_modules/react-dom/cjs/react-dom.development.js:9086:5)
      at dispatchEventsForPlugins (node_modules/react-dom/cjs/react-dom.development.js:9097:3)
      at node_modules/react-dom/cjs/react-dom.development.js:9288:12
      at batchedUpdates$1 (node_modules/react-dom/cjs/react-dom.development.js:26179:12)
      at batchedUpdates (node_modules/react-dom/cjs/react-dom.development.js:3991:12)
      at dispatchEventForPluginEventSystem (node_modules/react-dom/cjs/react-dom.development.js:9287:3)
      at dispatchEventWithEnableCapturePhaseSelectiveHydrationWithoutDiscreteEventReplay (node_modules/react-dom/cjs/react-dom.development.js:6465:5)
      at dispatchEvent (node_modules/react-dom/cjs/react-dom.development.js:6457:5)
      at dispatchDiscreteEvent (node_modules/react-dom/cjs/react-dom.development.js:6430:5)
      at HTMLDivElement.callTheUserObjectsOperation (node_modules/jsdom/lib/jsdom/living/generated/EventListener.js:26:30)
      at innerInvokeEventListeners (node_modules/jsdom/lib/jsdom/living/events/EventTarget-impl.js:350:25)
      at invokeEventListeners (node_modules/jsdom/lib/jsdom/living/events/EventTarget-impl.js:286:3)
      at HTMLTextAreaElementImpl._dispatch (node_modules/jsdom/lib/jsdom/living/events/EventTarget-impl.js:233:9)
      at HTMLTextAreaElementImpl.dispatchEvent (node_modules/jsdom/lib/jsdom/living/events/EventTarget-impl.js:104:17)
      at HTMLTextAreaElement.dispatchEvent (node_modules/jsdom/lib/jsdom/living/generated/EventTarget.js:241:34)
      at node_modules/@testing-library/user-event/dist/cjs/event/dispatchEvent.js:45:43
      at Object.eventWrapper (node_modules/@testing-library/dom/dist/config.js:25:23)
      at Object.wrapEvent (node_modules/@testing-library/user-event/dist/cjs/event/wrapEvent.js:6:28)
      at Object.dispatchEvent (node_modules/@testing-library/user-event/dist/cjs/event/dispatchEvent.js:45:22)
      at Object.dispatchUIEvent (node_modules/@testing-library/user-event/dist/cjs/event/dispatchEvent.js:22:26)
      at commitInput (node_modules/@testing-library/user-event/dist/cjs/event/input.js:145:14)
      at editInputElement (node_modules/@testing-library/user-event/dist/cjs/event/input.js:115:9)
      at Object.input (node_modules/@testing-library/user-event/dist/cjs/event/input.js:37:9)
      at node_modules/@testing-library/user-event/dist/cjs/event/behavior/keypress.js:31:26
      at Object.dispatchEvent (node_modules/@testing-library/user-event/dist/cjs/event/dispatchEvent.js:41:13)
      at Object.dispatchUIEvent (node_modules/@testing-library/user-event/dist/cjs/event/dispatchEvent.js:22:26)
      at KeyboardHost.keydown (node_modules/@testing-library/user-event/dist/cjs/system/keyboard.js:76:22)
      at keyboardAction (node_modules/@testing-library/user-event/dist/cjs/keyboard/index.js:22:35)
      at Object.keyboard (node_modules/@testing-library/user-event/dist/cjs/keyboard/index.js:11:15)
      at Object.type (node_modules/@testing-library/user-event/dist/cjs/utility/type.js:17:5)
      at Object.<anonymous> (src/components/Contact/Contact.test.tsx:170:5)

    console.error
      Warning: An update to Contact inside a test was not wrapped in act(...).
      
      When testing, code that causes React state updates should be wrapped into act(...):
      
      act(() => {
        /* fire events that update state */
      });
      /* assert on the output */
      
      This ensures that you're testing the behavior the user would see in the browser. Learn more at https://reactjs.org/link/wrap-tests-with-act
          at Contact (/workspaces/netsanet-portfolio/src/components/Contact/Contact.tsx:17:44)

      30 |
      31 |   const handleInputChange = (field: keyof ContactFormData, value: string) => {
    > 32 |     setFormState(prev => ({
         |     ^
      33 |       ...prev,
      34 |       data: {
      35 |         ...prev.data,

      at printWarning (node_modules/react-dom/cjs/react-dom.development.js:86:30)
      at error (node_modules/react-dom/cjs/react-dom.development.js:60:7)
      at warnIfUpdatesNotWrappedWithActDEV (node_modules/react-dom/cjs/react-dom.development.js:27628:9)
      at scheduleUpdateOnFiber (node_modules/react-dom/cjs/react-dom.development.js:25547:5)
      at dispatchSetState (node_modules/react-dom/cjs/react-dom.development.js:16708:7)
      at handleInputChange (src/components/Contact/Contact.tsx:32:5)
      at onChange (src/components/Contact/Contact.tsx:301:34)
      at HTMLUnknownElement.callCallback (node_modules/react-dom/cjs/react-dom.development.js:4164:14)
      at HTMLUnknownElement.callTheUserObjectsOperation (node_modules/jsdom/lib/jsdom/living/generated/EventListener.js:26:30)
      at innerInvokeEventListeners (node_modules/jsdom/lib/jsdom/living/events/EventTarget-impl.js:350:25)
      at invokeEventListeners (node_modules/jsdom/lib/jsdom/living/events/EventTarget-impl.js:286:3)
      at HTMLUnknownElementImpl._dispatch (node_modules/jsdom/lib/jsdom/living/events/EventTarget-impl.js:233:9)
      at HTMLUnknownElementImpl.dispatchEvent (node_modules/jsdom/lib/jsdom/living/events/EventTarget-impl.js:104:17)
      at HTMLUnknownElement.dispatchEvent (node_modules/jsdom/lib/jsdom/living/generated/EventTarget.js:241:34)
      at Object.invokeGuardedCallbackDev (node_modules/react-dom/cjs/react-dom.development.js:4213:16)
      at invokeGuardedCallback (node_modules/react-dom/cjs/react-dom.development.js:4277:31)
      at invokeGuardedCallbackAndCatchFirstError (node_modules/react-dom/cjs/react-dom.development.js:4291:25)
      at executeDispatch (node_modules/react-dom/cjs/react-dom.development.js:9041:3)
      at processDispatchQueueItemsInOrder (node_modules/react-dom/cjs/react-dom.development.js:9073:7)
      at processDispatchQueue (node_modules/react-dom/cjs/react-dom.development.js:9086:5)
      at dispatchEventsForPlugins (node_modules/react-dom/cjs/react-dom.development.js:9097:3)
      at node_modules/react-dom/cjs/react-dom.development.js:9288:12
      at batchedUpdates$1 (node_modules/react-dom/cjs/react-dom.development.js:26179:12)
      at batchedUpdates (node_modules/react-dom/cjs/react-dom.development.js:3991:12)
      at dispatchEventForPluginEventSystem (node_modules/react-dom/cjs/react-dom.development.js:9287:3)
      at dispatchEventWithEnableCapturePhaseSelectiveHydrationWithoutDiscreteEventReplay (node_modules/react-dom/cjs/react-dom.development.js:6465:5)
      at dispatchEvent (node_modules/react-dom/cjs/react-dom.development.js:6457:5)
      at dispatchDiscreteEvent (node_modules/react-dom/cjs/react-dom.development.js:6430:5)
      at HTMLDivElement.callTheUserObjectsOperation (node_modules/jsdom/lib/jsdom/living/generated/EventListener.js:26:30)
      at innerInvokeEventListeners (node_modules/jsdom/lib/jsdom/living/events/EventTarget-impl.js:350:25)
      at invokeEventListeners (node_modules/jsdom/lib/jsdom/living/events/EventTarget-impl.js:286:3)
      at HTMLTextAreaElementImpl._dispatch (node_modules/jsdom/lib/jsdom/living/events/EventTarget-impl.js:233:9)
      at HTMLTextAreaElementImpl.dispatchEvent (node_modules/jsdom/lib/jsdom/living/events/EventTarget-impl.js:104:17)
      at HTMLTextAreaElement.dispatchEvent (node_modules/jsdom/lib/jsdom/living/generated/EventTarget.js:241:34)
      at node_modules/@testing-library/user-event/dist/cjs/event/dispatchEvent.js:45:43
      at Object.eventWrapper (node_modules/@testing-library/dom/dist/config.js:25:23)
      at Object.wrapEvent (node_modules/@testing-library/user-event/dist/cjs/event/wrapEvent.js:6:28)
      at Object.dispatchEvent (node_modules/@testing-library/user-event/dist/cjs/event/dispatchEvent.js:45:22)
      at Object.dispatchUIEvent (node_modules/@testing-library/user-event/dist/cjs/event/dispatchEvent.js:22:26)
      at commitInput (node_modules/@testing-library/user-event/dist/cjs/event/input.js:145:14)
      at editInputElement (node_modules/@testing-library/user-event/dist/cjs/event/input.js:115:9)
      at Object.input (node_modules/@testing-library/user-event/dist/cjs/event/input.js:37:9)
      at node_modules/@testing-library/user-event/dist/cjs/event/behavior/keypress.js:31:26
      at Object.dispatchEvent (node_modules/@testing-library/user-event/dist/cjs/event/dispatchEvent.js:41:13)
      at Object.dispatchUIEvent (node_modules/@testing-library/user-event/dist/cjs/event/dispatchEvent.js:22:26)
      at KeyboardHost.keydown (node_modules/@testing-library/user-event/dist/cjs/system/keyboard.js:76:22)
      at keyboardAction (node_modules/@testing-library/user-event/dist/cjs/keyboard/index.js:22:35)
      at Object.keyboard (node_modules/@testing-library/user-event/dist/cjs/keyboard/index.js:11:15)
      at Object.type (node_modules/@testing-library/user-event/dist/cjs/utility/type.js:17:5)
      at Object.<anonymous> (src/components/Contact/Contact.test.tsx:170:5)

    console.error
      Warning: An update to Contact inside a test was not wrapped in act(...).
      
      When testing, code that causes React state updates should be wrapped into act(...):
      
      act(() => {
        /* fire events that update state */
      });
      /* assert on the output */
      
      This ensures that you're testing the behavior the user would see in the browser. Learn more at https://reactjs.org/link/wrap-tests-with-act
          at Contact (/workspaces/netsanet-portfolio/src/components/Contact/Contact.tsx:17:44)

      30 |
      31 |   const handleInputChange = (field: keyof ContactFormData, value: string) => {
    > 32 |     setFormState(prev => ({
         |     ^
      33 |       ...prev,
      34 |       data: {
      35 |         ...prev.data,

      at printWarning (node_modules/react-dom/cjs/react-dom.development.js:86:30)
      at error (node_modules/react-dom/cjs/react-dom.development.js:60:7)
      at warnIfUpdatesNotWrappedWithActDEV (node_modules/react-dom/cjs/react-dom.development.js:27628:9)
      at scheduleUpdateOnFiber (node_modules/react-dom/cjs/react-dom.development.js:25547:5)
      at dispatchSetState (node_modules/react-dom/cjs/react-dom.development.js:16708:7)
      at handleInputChange (src/components/Contact/Contact.tsx:32:5)
      at onChange (src/components/Contact/Contact.tsx:301:34)
      at HTMLUnknownElement.callCallback (node_modules/react-dom/cjs/react-dom.development.js:4164:14)
      at HTMLUnknownElement.callTheUserObjectsOperation (node_modules/jsdom/lib/jsdom/living/generated/EventListener.js:26:30)
      at innerInvokeEventListeners (node_modules/jsdom/lib/jsdom/living/events/EventTarget-impl.js:350:25)
      at invokeEventListeners (node_modules/jsdom/lib/jsdom/living/events/EventTarget-impl.js:286:3)
      at HTMLUnknownElementImpl._dispatch (node_modules/jsdom/lib/jsdom/living/events/EventTarget-impl.js:233:9)
      at HTMLUnknownElementImpl.dispatchEvent (node_modules/jsdom/lib/jsdom/living/events/EventTarget-impl.js:104:17)
      at HTMLUnknownElement.dispatchEvent (node_modules/jsdom/lib/jsdom/living/generated/EventTarget.js:241:34)
      at Object.invokeGuardedCallbackDev (node_modules/react-dom/cjs/react-dom.development.js:4213:16)
      at invokeGuardedCallback (node_modules/react-dom/cjs/react-dom.development.js:4277:31)
      at invokeGuardedCallbackAndCatchFirstError (node_modules/react-dom/cjs/react-dom.development.js:4291:25)
      at executeDispatch (node_modules/react-dom/cjs/react-dom.development.js:9041:3)
      at processDispatchQueueItemsInOrder (node_modules/react-dom/cjs/react-dom.development.js:9073:7)
      at processDispatchQueue (node_modules/react-dom/cjs/react-dom.development.js:9086:5)
      at dispatchEventsForPlugins (node_modules/react-dom/cjs/react-dom.development.js:9097:3)
      at node_modules/react-dom/cjs/react-dom.development.js:9288:12
      at batchedUpdates$1 (node_modules/react-dom/cjs/react-dom.development.js:26179:12)
      at batchedUpdates (node_modules/react-dom/cjs/react-dom.development.js:3991:12)
      at dispatchEventForPluginEventSystem (node_modules/react-dom/cjs/react-dom.development.js:9287:3)
      at dispatchEventWithEnableCapturePhaseSelectiveHydrationWithoutDiscreteEventReplay (node_modules/react-dom/cjs/react-dom.development.js:6465:5)
      at dispatchEvent (node_modules/react-dom/cjs/react-dom.development.js:6457:5)
      at dispatchDiscreteEvent (node_modules/react-dom/cjs/react-dom.development.js:6430:5)
      at HTMLDivElement.callTheUserObjectsOperation (node_modules/jsdom/lib/jsdom/living/generated/EventListener.js:26:30)
      at innerInvokeEventListeners (node_modules/jsdom/lib/jsdom/living/events/EventTarget-impl.js:350:25)
      at invokeEventListeners (node_modules/jsdom/lib/jsdom/living/events/EventTarget-impl.js:286:3)
      at HTMLTextAreaElementImpl._dispatch (node_modules/jsdom/lib/jsdom/living/events/EventTarget-impl.js:233:9)
      at HTMLTextAreaElementImpl.dispatchEvent (node_modules/jsdom/lib/jsdom/living/events/EventTarget-impl.js:104:17)
      at HTMLTextAreaElement.dispatchEvent (node_modules/jsdom/lib/jsdom/living/generated/EventTarget.js:241:34)
      at node_modules/@testing-library/user-event/dist/cjs/event/dispatchEvent.js:45:43
      at Object.eventWrapper (node_modules/@testing-library/dom/dist/config.js:25:23)
      at Object.wrapEvent (node_modules/@testing-library/user-event/dist/cjs/event/wrapEvent.js:6:28)
      at Object.dispatchEvent (node_modules/@testing-library/user-event/dist/cjs/event/dispatchEvent.js:45:22)
      at Object.dispatchUIEvent (node_modules/@testing-library/user-event/dist/cjs/event/dispatchEvent.js:22:26)
      at commitInput (node_modules/@testing-library/user-event/dist/cjs/event/input.js:145:14)
      at editInputElement (node_modules/@testing-library/user-event/dist/cjs/event/input.js:115:9)
      at Object.input (node_modules/@testing-library/user-event/dist/cjs/event/input.js:37:9)
      at node_modules/@testing-library/user-event/dist/cjs/event/behavior/keypress.js:31:26
      at Object.dispatchEvent (node_modules/@testing-library/user-event/dist/cjs/event/dispatchEvent.js:41:13)
      at Object.dispatchUIEvent (node_modules/@testing-library/user-event/dist/cjs/event/dispatchEvent.js:22:26)
      at KeyboardHost.keydown (node_modules/@testing-library/user-event/dist/cjs/system/keyboard.js:76:22)
      at keyboardAction (node_modules/@testing-library/user-event/dist/cjs/keyboard/index.js:22:35)
      at Object.keyboard (node_modules/@testing-library/user-event/dist/cjs/keyboard/index.js:11:15)
      at Object.type (node_modules/@testing-library/user-event/dist/cjs/utility/type.js:17:5)
      at Object.<anonymous> (src/components/Contact/Contact.test.tsx:170:5)

    console.error
      Warning: An update to Contact inside a test was not wrapped in act(...).
      
      When testing, code that causes React state updates should be wrapped into act(...):
      
      act(() => {
        /* fire events that update state */
      });
      /* assert on the output */
      
      This ensures that you're testing the behavior the user would see in the browser. Learn more at https://reactjs.org/link/wrap-tests-with-act
          at Contact (/workspaces/netsanet-portfolio/src/components/Contact/Contact.tsx:17:44)

      30 |
      31 |   const handleInputChange = (field: keyof ContactFormData, value: string) => {
    > 32 |     setFormState(prev => ({
         |     ^
      33 |       ...prev,
      34 |       data: {
      35 |         ...prev.data,

      at printWarning (node_modules/react-dom/cjs/react-dom.development.js:86:30)
      at error (node_modules/react-dom/cjs/react-dom.development.js:60:7)
      at warnIfUpdatesNotWrappedWithActDEV (node_modules/react-dom/cjs/react-dom.development.js:27628:9)
      at scheduleUpdateOnFiber (node_modules/react-dom/cjs/react-dom.development.js:25547:5)
      at dispatchSetState (node_modules/react-dom/cjs/react-dom.development.js:16708:7)
      at handleInputChange (src/components/Contact/Contact.tsx:32:5)
      at onChange (src/components/Contact/Contact.tsx:301:34)
      at HTMLUnknownElement.callCallback (node_modules/react-dom/cjs/react-dom.development.js:4164:14)
      at HTMLUnknownElement.callTheUserObjectsOperation (node_modules/jsdom/lib/jsdom/living/generated/EventListener.js:26:30)
      at innerInvokeEventListeners (node_modules/jsdom/lib/jsdom/living/events/EventTarget-impl.js:350:25)
      at invokeEventListeners (node_modules/jsdom/lib/jsdom/living/events/EventTarget-impl.js:286:3)
      at HTMLUnknownElementImpl._dispatch (node_modules/jsdom/lib/jsdom/living/events/EventTarget-impl.js:233:9)
      at HTMLUnknownElementImpl.dispatchEvent (node_modules/jsdom/lib/jsdom/living/events/EventTarget-impl.js:104:17)
      at HTMLUnknownElement.dispatchEvent (node_modules/jsdom/lib/jsdom/living/generated/EventTarget.js:241:34)
      at Object.invokeGuardedCallbackDev (node_modules/react-dom/cjs/react-dom.development.js:4213:16)
      at invokeGuardedCallback (node_modules/react-dom/cjs/react-dom.development.js:4277:31)
      at invokeGuardedCallbackAndCatchFirstError (node_modules/react-dom/cjs/react-dom.development.js:4291:25)
      at executeDispatch (node_modules/react-dom/cjs/react-dom.development.js:9041:3)
      at processDispatchQueueItemsInOrder (node_modules/react-dom/cjs/react-dom.development.js:9073:7)
      at processDispatchQueue (node_modules/react-dom/cjs/react-dom.development.js:9086:5)
      at dispatchEventsForPlugins (node_modules/react-dom/cjs/react-dom.development.js:9097:3)
      at node_modules/react-dom/cjs/react-dom.development.js:9288:12
      at batchedUpdates$1 (node_modules/react-dom/cjs/react-dom.development.js:26179:12)
      at batchedUpdates (node_modules/react-dom/cjs/react-dom.development.js:3991:12)
      at dispatchEventForPluginEventSystem (node_modules/react-dom/cjs/react-dom.development.js:9287:3)
      at dispatchEventWithEnableCapturePhaseSelectiveHydrationWithoutDiscreteEventReplay (node_modules/react-dom/cjs/react-dom.development.js:6465:5)
      at dispatchEvent (node_modules/react-dom/cjs/react-dom.development.js:6457:5)
      at dispatchDiscreteEvent (node_modules/react-dom/cjs/react-dom.development.js:6430:5)
      at HTMLDivElement.callTheUserObjectsOperation (node_modules/jsdom/lib/jsdom/living/generated/EventListener.js:26:30)
      at innerInvokeEventListeners (node_modules/jsdom/lib/jsdom/living/events/EventTarget-impl.js:350:25)
      at invokeEventListeners (node_modules/jsdom/lib/jsdom/living/events/EventTarget-impl.js:286:3)
      at HTMLTextAreaElementImpl._dispatch (node_modules/jsdom/lib/jsdom/living/events/EventTarget-impl.js:233:9)
      at HTMLTextAreaElementImpl.dispatchEvent (node_modules/jsdom/lib/jsdom/living/events/EventTarget-impl.js:104:17)
      at HTMLTextAreaElement.dispatchEvent (node_modules/jsdom/lib/jsdom/living/generated/EventTarget.js:241:34)
      at node_modules/@testing-library/user-event/dist/cjs/event/dispatchEvent.js:45:43
      at Object.eventWrapper (node_modules/@testing-library/dom/dist/config.js:25:23)
      at Object.wrapEvent (node_modules/@testing-library/user-event/dist/cjs/event/wrapEvent.js:6:28)
      at Object.dispatchEvent (node_modules/@testing-library/user-event/dist/cjs/event/dispatchEvent.js:45:22)
      at Object.dispatchUIEvent (node_modules/@testing-library/user-event/dist/cjs/event/dispatchEvent.js:22:26)
      at commitInput (node_modules/@testing-library/user-event/dist/cjs/event/input.js:145:14)
      at editInputElement (node_modules/@testing-library/user-event/dist/cjs/event/input.js:115:9)
      at Object.input (node_modules/@testing-library/user-event/dist/cjs/event/input.js:37:9)
      at node_modules/@testing-library/user-event/dist/cjs/event/behavior/keypress.js:31:26
      at Object.dispatchEvent (node_modules/@testing-library/user-event/dist/cjs/event/dispatchEvent.js:41:13)
      at Object.dispatchUIEvent (node_modules/@testing-library/user-event/dist/cjs/event/dispatchEvent.js:22:26)
      at KeyboardHost.keydown (node_modules/@testing-library/user-event/dist/cjs/system/keyboard.js:76:22)
      at keyboardAction (node_modules/@testing-library/user-event/dist/cjs/keyboard/index.js:22:35)
      at Object.keyboard (node_modules/@testing-library/user-event/dist/cjs/keyboard/index.js:11:15)
      at Object.type (node_modules/@testing-library/user-event/dist/cjs/utility/type.js:17:5)
      at Object.<anonymous> (src/components/Contact/Contact.test.tsx:170:5)

    console.error
      Warning: An update to Contact inside a test was not wrapped in act(...).
      
      When testing, code that causes React state updates should be wrapped into act(...):
      
      act(() => {
        /* fire events that update state */
      });
      /* assert on the output */
      
      This ensures that you're testing the behavior the user would see in the browser. Learn more at https://reactjs.org/link/wrap-tests-with-act
          at Contact (/workspaces/netsanet-portfolio/src/components/Contact/Contact.tsx:17:44)

      30 |
      31 |   const handleInputChange = (field: keyof ContactFormData, value: string) => {
    > 32 |     setFormState(prev => ({
         |     ^
      33 |       ...prev,
      34 |       data: {
      35 |         ...prev.data,

      at printWarning (node_modules/react-dom/cjs/react-dom.development.js:86:30)
      at error (node_modules/react-dom/cjs/react-dom.development.js:60:7)
      at warnIfUpdatesNotWrappedWithActDEV (node_modules/react-dom/cjs/react-dom.development.js:27628:9)
      at scheduleUpdateOnFiber (node_modules/react-dom/cjs/react-dom.development.js:25547:5)
      at dispatchSetState (node_modules/react-dom/cjs/react-dom.development.js:16708:7)
      at handleInputChange (src/components/Contact/Contact.tsx:32:5)
      at onChange (src/components/Contact/Contact.tsx:301:34)
      at HTMLUnknownElement.callCallback (node_modules/react-dom/cjs/react-dom.development.js:4164:14)
      at HTMLUnknownElement.callTheUserObjectsOperation (node_modules/jsdom/lib/jsdom/living/generated/EventListener.js:26:30)
      at innerInvokeEventListeners (node_modules/jsdom/lib/jsdom/living/events/EventTarget-impl.js:350:25)
      at invokeEventListeners (node_modules/jsdom/lib/jsdom/living/events/EventTarget-impl.js:286:3)
      at HTMLUnknownElementImpl._dispatch (node_modules/jsdom/lib/jsdom/living/events/EventTarget-impl.js:233:9)
      at HTMLUnknownElementImpl.dispatchEvent (node_modules/jsdom/lib/jsdom/living/events/EventTarget-impl.js:104:17)
      at HTMLUnknownElement.dispatchEvent (node_modules/jsdom/lib/jsdom/living/generated/EventTarget.js:241:34)
      at Object.invokeGuardedCallbackDev (node_modules/react-dom/cjs/react-dom.development.js:4213:16)
      at invokeGuardedCallback (node_modules/react-dom/cjs/react-dom.development.js:4277:31)
      at invokeGuardedCallbackAndCatchFirstError (node_modules/react-dom/cjs/react-dom.development.js:4291:25)
      at executeDispatch (node_modules/react-dom/cjs/react-dom.development.js:9041:3)
      at processDispatchQueueItemsInOrder (node_modules/react-dom/cjs/react-dom.development.js:9073:7)
      at processDispatchQueue (node_modules/react-dom/cjs/react-dom.development.js:9086:5)
      at dispatchEventsForPlugins (node_modules/react-dom/cjs/react-dom.development.js:9097:3)
      at node_modules/react-dom/cjs/react-dom.development.js:9288:12
      at batchedUpdates$1 (node_modules/react-dom/cjs/react-dom.development.js:26179:12)
      at batchedUpdates (node_modules/react-dom/cjs/react-dom.development.js:3991:12)
      at dispatchEventForPluginEventSystem (node_modules/react-dom/cjs/react-dom.development.js:9287:3)
      at dispatchEventWithEnableCapturePhaseSelectiveHydrationWithoutDiscreteEventReplay (node_modules/react-dom/cjs/react-dom.development.js:6465:5)
      at dispatchEvent (node_modules/react-dom/cjs/react-dom.development.js:6457:5)
      at dispatchDiscreteEvent (node_modules/react-dom/cjs/react-dom.development.js:6430:5)
      at HTMLDivElement.callTheUserObjectsOperation (node_modules/jsdom/lib/jsdom/living/generated/EventListener.js:26:30)
      at innerInvokeEventListeners (node_modules/jsdom/lib/jsdom/living/events/EventTarget-impl.js:350:25)
      at invokeEventListeners (node_modules/jsdom/lib/jsdom/living/events/EventTarget-impl.js:286:3)
      at HTMLTextAreaElementImpl._dispatch (node_modules/jsdom/lib/jsdom/living/events/EventTarget-impl.js:233:9)
      at HTMLTextAreaElementImpl.dispatchEvent (node_modules/jsdom/lib/jsdom/living/events/EventTarget-impl.js:104:17)
      at HTMLTextAreaElement.dispatchEvent (node_modules/jsdom/lib/jsdom/living/generated/EventTarget.js:241:34)
      at node_modules/@testing-library/user-event/dist/cjs/event/dispatchEvent.js:45:43
      at Object.eventWrapper (node_modules/@testing-library/dom/dist/config.js:25:23)
      at Object.wrapEvent (node_modules/@testing-library/user-event/dist/cjs/event/wrapEvent.js:6:28)
      at Object.dispatchEvent (node_modules/@testing-library/user-event/dist/cjs/event/dispatchEvent.js:45:22)
      at Object.dispatchUIEvent (node_modules/@testing-library/user-event/dist/cjs/event/dispatchEvent.js:22:26)
      at commitInput (node_modules/@testing-library/user-event/dist/cjs/event/input.js:145:14)
      at editInputElement (node_modules/@testing-library/user-event/dist/cjs/event/input.js:115:9)
      at Object.input (node_modules/@testing-library/user-event/dist/cjs/event/input.js:37:9)
      at node_modules/@testing-library/user-event/dist/cjs/event/behavior/keypress.js:31:26
      at Object.dispatchEvent (node_modules/@testing-library/user-event/dist/cjs/event/dispatchEvent.js:41:13)
      at Object.dispatchUIEvent (node_modules/@testing-library/user-event/dist/cjs/event/dispatchEvent.js:22:26)
      at KeyboardHost.keydown (node_modules/@testing-library/user-event/dist/cjs/system/keyboard.js:76:22)
      at keyboardAction (node_modules/@testing-library/user-event/dist/cjs/keyboard/index.js:22:35)
      at Object.keyboard (node_modules/@testing-library/user-event/dist/cjs/keyboard/index.js:11:15)
      at Object.type (node_modules/@testing-library/user-event/dist/cjs/utility/type.js:17:5)
      at Object.<anonymous> (src/components/Contact/Contact.test.tsx:170:5)

    console.error
      Warning: An update to Contact inside a test was not wrapped in act(...).
      
      When testing, code that causes React state updates should be wrapped into act(...):
      
      act(() => {
        /* fire events that update state */
      });
      /* assert on the output */
      
      This ensures that you're testing the behavior the user would see in the browser. Learn more at https://reactjs.org/link/wrap-tests-with-act
          at Contact (/workspaces/netsanet-portfolio/src/components/Contact/Contact.tsx:17:44)

      30 |
      31 |   const handleInputChange = (field: keyof ContactFormData, value: string) => {
    > 32 |     setFormState(prev => ({
         |     ^
      33 |       ...prev,
      34 |       data: {
      35 |         ...prev.data,

      at printWarning (node_modules/react-dom/cjs/react-dom.development.js:86:30)
      at error (node_modules/react-dom/cjs/react-dom.development.js:60:7)
      at warnIfUpdatesNotWrappedWithActDEV (node_modules/react-dom/cjs/react-dom.development.js:27628:9)
      at scheduleUpdateOnFiber (node_modules/react-dom/cjs/react-dom.development.js:25547:5)
      at dispatchSetState (node_modules/react-dom/cjs/react-dom.development.js:16708:7)
      at handleInputChange (src/components/Contact/Contact.tsx:32:5)
      at onChange (src/components/Contact/Contact.tsx:301:34)
      at HTMLUnknownElement.callCallback (node_modules/react-dom/cjs/react-dom.development.js:4164:14)
      at HTMLUnknownElement.callTheUserObjectsOperation (node_modules/jsdom/lib/jsdom/living/generated/EventListener.js:26:30)
      at innerInvokeEventListeners (node_modules/jsdom/lib/jsdom/living/events/EventTarget-impl.js:350:25)
      at invokeEventListeners (node_modules/jsdom/lib/jsdom/living/events/EventTarget-impl.js:286:3)
      at HTMLUnknownElementImpl._dispatch (node_modules/jsdom/lib/jsdom/living/events/EventTarget-impl.js:233:9)
      at HTMLUnknownElementImpl.dispatchEvent (node_modules/jsdom/lib/jsdom/living/events/EventTarget-impl.js:104:17)
      at HTMLUnknownElement.dispatchEvent (node_modules/jsdom/lib/jsdom/living/generated/EventTarget.js:241:34)
      at Object.invokeGuardedCallbackDev (node_modules/react-dom/cjs/react-dom.development.js:4213:16)
      at invokeGuardedCallback (node_modules/react-dom/cjs/react-dom.development.js:4277:31)
      at invokeGuardedCallbackAndCatchFirstError (node_modules/react-dom/cjs/react-dom.development.js:4291:25)
      at executeDispatch (node_modules/react-dom/cjs/react-dom.development.js:9041:3)
      at processDispatchQueueItemsInOrder (node_modules/react-dom/cjs/react-dom.development.js:9073:7)
      at processDispatchQueue (node_modules/react-dom/cjs/react-dom.development.js:9086:5)
      at dispatchEventsForPlugins (node_modules/react-dom/cjs/react-dom.development.js:9097:3)
      at node_modules/react-dom/cjs/react-dom.development.js:9288:12
      at batchedUpdates$1 (node_modules/react-dom/cjs/react-dom.development.js:26179:12)
      at batchedUpdates (node_modules/react-dom/cjs/react-dom.development.js:3991:12)
      at dispatchEventForPluginEventSystem (node_modules/react-dom/cjs/react-dom.development.js:9287:3)
      at dispatchEventWithEnableCapturePhaseSelectiveHydrationWithoutDiscreteEventReplay (node_modules/react-dom/cjs/react-dom.development.js:6465:5)
      at dispatchEvent (node_modules/react-dom/cjs/react-dom.development.js:6457:5)
      at dispatchDiscreteEvent (node_modules/react-dom/cjs/react-dom.development.js:6430:5)
      at HTMLDivElement.callTheUserObjectsOperation (node_modules/jsdom/lib/jsdom/living/generated/EventListener.js:26:30)
      at innerInvokeEventListeners (node_modules/jsdom/lib/jsdom/living/events/EventTarget-impl.js:350:25)
      at invokeEventListeners (node_modules/jsdom/lib/jsdom/living/events/EventTarget-impl.js:286:3)
      at HTMLTextAreaElementImpl._dispatch (node_modules/jsdom/lib/jsdom/living/events/EventTarget-impl.js:233:9)
      at HTMLTextAreaElementImpl.dispatchEvent (node_modules/jsdom/lib/jsdom/living/events/EventTarget-impl.js:104:17)
      at HTMLTextAreaElement.dispatchEvent (node_modules/jsdom/lib/jsdom/living/generated/EventTarget.js:241:34)
      at node_modules/@testing-library/user-event/dist/cjs/event/dispatchEvent.js:45:43
      at Object.eventWrapper (node_modules/@testing-library/dom/dist/config.js:25:23)
      at Object.wrapEvent (node_modules/@testing-library/user-event/dist/cjs/event/wrapEvent.js:6:28)
      at Object.dispatchEvent (node_modules/@testing-library/user-event/dist/cjs/event/dispatchEvent.js:45:22)
      at Object.dispatchUIEvent (node_modules/@testing-library/user-event/dist/cjs/event/dispatchEvent.js:22:26)
      at commitInput (node_modules/@testing-library/user-event/dist/cjs/event/input.js:145:14)
      at editInputElement (node_modules/@testing-library/user-event/dist/cjs/event/input.js:115:9)
      at Object.input (node_modules/@testing-library/user-event/dist/cjs/event/input.js:37:9)
      at node_modules/@testing-library/user-event/dist/cjs/event/behavior/keypress.js:31:26
      at Object.dispatchEvent (node_modules/@testing-library/user-event/dist/cjs/event/dispatchEvent.js:41:13)
      at Object.dispatchUIEvent (node_modules/@testing-library/user-event/dist/cjs/event/dispatchEvent.js:22:26)
      at KeyboardHost.keydown (node_modules/@testing-library/user-event/dist/cjs/system/keyboard.js:76:22)
      at keyboardAction (node_modules/@testing-library/user-event/dist/cjs/keyboard/index.js:22:35)
      at Object.keyboard (node_modules/@testing-library/user-event/dist/cjs/keyboard/index.js:11:15)
      at Object.type (node_modules/@testing-library/user-event/dist/cjs/utility/type.js:17:5)
      at Object.<anonymous> (src/components/Contact/Contact.test.tsx:170:5)

    console.error
      Warning: An update to Contact inside a test was not wrapped in act(...).
      
      When testing, code that causes React state updates should be wrapped into act(...):
      
      act(() => {
        /* fire events that update state */
      });
      /* assert on the output */
      
      This ensures that you're testing the behavior the user would see in the browser. Learn more at https://reactjs.org/link/wrap-tests-with-act
          at Contact (/workspaces/netsanet-portfolio/src/components/Contact/Contact.tsx:17:44)

      30 |
      31 |   const handleInputChange = (field: keyof ContactFormData, value: string) => {
    > 32 |     setFormState(prev => ({
         |     ^
      33 |       ...prev,
      34 |       data: {
      35 |         ...prev.data,

      at printWarning (node_modules/react-dom/cjs/react-dom.development.js:86:30)
      at error (node_modules/react-dom/cjs/react-dom.development.js:60:7)
      at warnIfUpdatesNotWrappedWithActDEV (node_modules/react-dom/cjs/react-dom.development.js:27628:9)
      at scheduleUpdateOnFiber (node_modules/react-dom/cjs/react-dom.development.js:25547:5)
      at dispatchSetState (node_modules/react-dom/cjs/react-dom.development.js:16708:7)
      at handleInputChange (src/components/Contact/Contact.tsx:32:5)
      at onChange (src/components/Contact/Contact.tsx:301:34)
      at HTMLUnknownElement.callCallback (node_modules/react-dom/cjs/react-dom.development.js:4164:14)
      at HTMLUnknownElement.callTheUserObjectsOperation (node_modules/jsdom/lib/jsdom/living/generated/EventListener.js:26:30)
      at innerInvokeEventListeners (node_modules/jsdom/lib/jsdom/living/events/EventTarget-impl.js:350:25)
      at invokeEventListeners (node_modules/jsdom/lib/jsdom/living/events/EventTarget-impl.js:286:3)
      at HTMLUnknownElementImpl._dispatch (node_modules/jsdom/lib/jsdom/living/events/EventTarget-impl.js:233:9)
      at HTMLUnknownElementImpl.dispatchEvent (node_modules/jsdom/lib/jsdom/living/events/EventTarget-impl.js:104:17)
      at HTMLUnknownElement.dispatchEvent (node_modules/jsdom/lib/jsdom/living/generated/EventTarget.js:241:34)
      at Object.invokeGuardedCallbackDev (node_modules/react-dom/cjs/react-dom.development.js:4213:16)
      at invokeGuardedCallback (node_modules/react-dom/cjs/react-dom.development.js:4277:31)
      at invokeGuardedCallbackAndCatchFirstError (node_modules/react-dom/cjs/react-dom.development.js:4291:25)
      at executeDispatch (node_modules/react-dom/cjs/react-dom.development.js:9041:3)
      at processDispatchQueueItemsInOrder (node_modules/react-dom/cjs/react-dom.development.js:9073:7)
      at processDispatchQueue (node_modules/react-dom/cjs/react-dom.development.js:9086:5)
      at dispatchEventsForPlugins (node_modules/react-dom/cjs/react-dom.development.js:9097:3)
      at node_modules/react-dom/cjs/react-dom.development.js:9288:12
      at batchedUpdates$1 (node_modules/react-dom/cjs/react-dom.development.js:26179:12)
      at batchedUpdates (node_modules/react-dom/cjs/react-dom.development.js:3991:12)
      at dispatchEventForPluginEventSystem (node_modules/react-dom/cjs/react-dom.development.js:9287:3)
      at dispatchEventWithEnableCapturePhaseSelectiveHydrationWithoutDiscreteEventReplay (node_modules/react-dom/cjs/react-dom.development.js:6465:5)
      at dispatchEvent (node_modules/react-dom/cjs/react-dom.development.js:6457:5)
      at dispatchDiscreteEvent (node_modules/react-dom/cjs/react-dom.development.js:6430:5)
      at HTMLDivElement.callTheUserObjectsOperation (node_modules/jsdom/lib/jsdom/living/generated/EventListener.js:26:30)
      at innerInvokeEventListeners (node_modules/jsdom/lib/jsdom/living/events/EventTarget-impl.js:350:25)
      at invokeEventListeners (node_modules/jsdom/lib/jsdom/living/events/EventTarget-impl.js:286:3)
      at HTMLTextAreaElementImpl._dispatch (node_modules/jsdom/lib/jsdom/living/events/EventTarget-impl.js:233:9)
      at HTMLTextAreaElementImpl.dispatchEvent (node_modules/jsdom/lib/jsdom/living/events/EventTarget-impl.js:104:17)
      at HTMLTextAreaElement.dispatchEvent (node_modules/jsdom/lib/jsdom/living/generated/EventTarget.js:241:34)
      at node_modules/@testing-library/user-event/dist/cjs/event/dispatchEvent.js:45:43
      at Object.eventWrapper (node_modules/@testing-library/dom/dist/config.js:25:23)
      at Object.wrapEvent (node_modules/@testing-library/user-event/dist/cjs/event/wrapEvent.js:6:28)
      at Object.dispatchEvent (node_modules/@testing-library/user-event/dist/cjs/event/dispatchEvent.js:45:22)
      at Object.dispatchUIEvent (node_modules/@testing-library/user-event/dist/cjs/event/dispatchEvent.js:22:26)
      at commitInput (node_modules/@testing-library/user-event/dist/cjs/event/input.js:145:14)
      at editInputElement (node_modules/@testing-library/user-event/dist/cjs/event/input.js:115:9)
      at Object.input (node_modules/@testing-library/user-event/dist/cjs/event/input.js:37:9)
      at node_modules/@testing-library/user-event/dist/cjs/event/behavior/keypress.js:31:26
      at Object.dispatchEvent (node_modules/@testing-library/user-event/dist/cjs/event/dispatchEvent.js:41:13)
      at Object.dispatchUIEvent (node_modules/@testing-library/user-event/dist/cjs/event/dispatchEvent.js:22:26)
      at KeyboardHost.keydown (node_modules/@testing-library/user-event/dist/cjs/system/keyboard.js:76:22)
      at keyboardAction (node_modules/@testing-library/user-event/dist/cjs/keyboard/index.js:22:35)
      at Object.keyboard (node_modules/@testing-library/user-event/dist/cjs/keyboard/index.js:11:15)
      at Object.type (node_modules/@testing-library/user-event/dist/cjs/utility/type.js:17:5)
      at Object.<anonymous> (src/components/Contact/Contact.test.tsx:170:5)

    console.error
      Warning: An update to Contact inside a test was not wrapped in act(...).
      
      When testing, code that causes React state updates should be wrapped into act(...):
      
      act(() => {
        /* fire events that update state */
      });
      /* assert on the output */
      
      This ensures that you're testing the behavior the user would see in the browser. Learn more at https://reactjs.org/link/wrap-tests-with-act
          at Contact (/workspaces/netsanet-portfolio/src/components/Contact/Contact.tsx:17:44)

      30 |
      31 |   const handleInputChange = (field: keyof ContactFormData, value: string) => {
    > 32 |     setFormState(prev => ({
         |     ^
      33 |       ...prev,
      34 |       data: {
      35 |         ...prev.data,

      at printWarning (node_modules/react-dom/cjs/react-dom.development.js:86:30)
      at error (node_modules/react-dom/cjs/react-dom.development.js:60:7)
      at warnIfUpdatesNotWrappedWithActDEV (node_modules/react-dom/cjs/react-dom.development.js:27628:9)
      at scheduleUpdateOnFiber (node_modules/react-dom/cjs/react-dom.development.js:25547:5)
      at dispatchSetState (node_modules/react-dom/cjs/react-dom.development.js:16708:7)
      at handleInputChange (src/components/Contact/Contact.tsx:32:5)
      at onChange (src/components/Contact/Contact.tsx:301:34)
      at HTMLUnknownElement.callCallback (node_modules/react-dom/cjs/react-dom.development.js:4164:14)
      at HTMLUnknownElement.callTheUserObjectsOperation (node_modules/jsdom/lib/jsdom/living/generated/EventListener.js:26:30)
      at innerInvokeEventListeners (node_modules/jsdom/lib/jsdom/living/events/EventTarget-impl.js:350:25)
      at invokeEventListeners (node_modules/jsdom/lib/jsdom/living/events/EventTarget-impl.js:286:3)
      at HTMLUnknownElementImpl._dispatch (node_modules/jsdom/lib/jsdom/living/events/EventTarget-impl.js:233:9)
      at HTMLUnknownElementImpl.dispatchEvent (node_modules/jsdom/lib/jsdom/living/events/EventTarget-impl.js:104:17)
      at HTMLUnknownElement.dispatchEvent (node_modules/jsdom/lib/jsdom/living/generated/EventTarget.js:241:34)
      at Object.invokeGuardedCallbackDev (node_modules/react-dom/cjs/react-dom.development.js:4213:16)
      at invokeGuardedCallback (node_modules/react-dom/cjs/react-dom.development.js:4277:31)
      at invokeGuardedCallbackAndCatchFirstError (node_modules/react-dom/cjs/react-dom.development.js:4291:25)
      at executeDispatch (node_modules/react-dom/cjs/react-dom.development.js:9041:3)
      at processDispatchQueueItemsInOrder (node_modules/react-dom/cjs/react-dom.development.js:9073:7)
      at processDispatchQueue (node_modules/react-dom/cjs/react-dom.development.js:9086:5)
      at dispatchEventsForPlugins (node_modules/react-dom/cjs/react-dom.development.js:9097:3)
      at node_modules/react-dom/cjs/react-dom.development.js:9288:12
      at batchedUpdates$1 (node_modules/react-dom/cjs/react-dom.development.js:26179:12)
      at batchedUpdates (node_modules/react-dom/cjs/react-dom.development.js:3991:12)
      at dispatchEventForPluginEventSystem (node_modules/react-dom/cjs/react-dom.development.js:9287:3)
      at dispatchEventWithEnableCapturePhaseSelectiveHydrationWithoutDiscreteEventReplay (node_modules/react-dom/cjs/react-dom.development.js:6465:5)
      at dispatchEvent (node_modules/react-dom/cjs/react-dom.development.js:6457:5)
      at dispatchDiscreteEvent (node_modules/react-dom/cjs/react-dom.development.js:6430:5)
      at HTMLDivElement.callTheUserObjectsOperation (node_modules/jsdom/lib/jsdom/living/generated/EventListener.js:26:30)
      at innerInvokeEventListeners (node_modules/jsdom/lib/jsdom/living/events/EventTarget-impl.js:350:25)
      at invokeEventListeners (node_modules/jsdom/lib/jsdom/living/events/EventTarget-impl.js:286:3)
      at HTMLTextAreaElementImpl._dispatch (node_modules/jsdom/lib/jsdom/living/events/EventTarget-impl.js:233:9)
      at HTMLTextAreaElementImpl.dispatchEvent (node_modules/jsdom/lib/jsdom/living/events/EventTarget-impl.js:104:17)
      at HTMLTextAreaElement.dispatchEvent (node_modules/jsdom/lib/jsdom/living/generated/EventTarget.js:241:34)
      at node_modules/@testing-library/user-event/dist/cjs/event/dispatchEvent.js:45:43
      at Object.eventWrapper (node_modules/@testing-library/dom/dist/config.js:25:23)
      at Object.wrapEvent (node_modules/@testing-library/user-event/dist/cjs/event/wrapEvent.js:6:28)
      at Object.dispatchEvent (node_modules/@testing-library/user-event/dist/cjs/event/dispatchEvent.js:45:22)
      at Object.dispatchUIEvent (node_modules/@testing-library/user-event/dist/cjs/event/dispatchEvent.js:22:26)
      at commitInput (node_modules/@testing-library/user-event/dist/cjs/event/input.js:145:14)
      at editInputElement (node_modules/@testing-library/user-event/dist/cjs/event/input.js:115:9)
      at Object.input (node_modules/@testing-library/user-event/dist/cjs/event/input.js:37:9)
      at node_modules/@testing-library/user-event/dist/cjs/event/behavior/keypress.js:31:26
      at Object.dispatchEvent (node_modules/@testing-library/user-event/dist/cjs/event/dispatchEvent.js:41:13)
      at Object.dispatchUIEvent (node_modules/@testing-library/user-event/dist/cjs/event/dispatchEvent.js:22:26)
      at KeyboardHost.keydown (node_modules/@testing-library/user-event/dist/cjs/system/keyboard.js:76:22)
      at keyboardAction (node_modules/@testing-library/user-event/dist/cjs/keyboard/index.js:22:35)
      at Object.keyboard (node_modules/@testing-library/user-event/dist/cjs/keyboard/index.js:11:15)
      at Object.type (node_modules/@testing-library/user-event/dist/cjs/utility/type.js:17:5)
      at Object.<anonymous> (src/components/Contact/Contact.test.tsx:170:5)

    console.error
      Warning: An update to Contact inside a test was not wrapped in act(...).
      
      When testing, code that causes React state updates should be wrapped into act(...):
      
      act(() => {
        /* fire events that update state */
      });
      /* assert on the output */
      
      This ensures that you're testing the behavior the user would see in the browser. Learn more at https://reactjs.org/link/wrap-tests-with-act
          at Contact (/workspaces/netsanet-portfolio/src/components/Contact/Contact.tsx:17:44)

      30 |
      31 |   const handleInputChange = (field: keyof ContactFormData, value: string) => {
    > 32 |     setFormState(prev => ({
         |     ^
      33 |       ...prev,
      34 |       data: {
      35 |         ...prev.data,

      at printWarning (node_modules/react-dom/cjs/react-dom.development.js:86:30)
      at error (node_modules/react-dom/cjs/react-dom.development.js:60:7)
      at warnIfUpdatesNotWrappedWithActDEV (node_modules/react-dom/cjs/react-dom.development.js:27628:9)
      at scheduleUpdateOnFiber (node_modules/react-dom/cjs/react-dom.development.js:25547:5)
      at dispatchSetState (node_modules/react-dom/cjs/react-dom.development.js:16708:7)
      at handleInputChange (src/components/Contact/Contact.tsx:32:5)
      at onChange (src/components/Contact/Contact.tsx:301:34)
      at HTMLUnknownElement.callCallback (node_modules/react-dom/cjs/react-dom.development.js:4164:14)
      at HTMLUnknownElement.callTheUserObjectsOperation (node_modules/jsdom/lib/jsdom/living/generated/EventListener.js:26:30)
      at innerInvokeEventListeners (node_modules/jsdom/lib/jsdom/living/events/EventTarget-impl.js:350:25)
      at invokeEventListeners (node_modules/jsdom/lib/jsdom/living/events/EventTarget-impl.js:286:3)
      at HTMLUnknownElementImpl._dispatch (node_modules/jsdom/lib/jsdom/living/events/EventTarget-impl.js:233:9)
      at HTMLUnknownElementImpl.dispatchEvent (node_modules/jsdom/lib/jsdom/living/events/EventTarget-impl.js:104:17)
      at HTMLUnknownElement.dispatchEvent (node_modules/jsdom/lib/jsdom/living/generated/EventTarget.js:241:34)
      at Object.invokeGuardedCallbackDev (node_modules/react-dom/cjs/react-dom.development.js:4213:16)
      at invokeGuardedCallback (node_modules/react-dom/cjs/react-dom.development.js:4277:31)
      at invokeGuardedCallbackAndCatchFirstError (node_modules/react-dom/cjs/react-dom.development.js:4291:25)
      at executeDispatch (node_modules/react-dom/cjs/react-dom.development.js:9041:3)
      at processDispatchQueueItemsInOrder (node_modules/react-dom/cjs/react-dom.development.js:9073:7)
      at processDispatchQueue (node_modules/react-dom/cjs/react-dom.development.js:9086:5)
      at dispatchEventsForPlugins (node_modules/react-dom/cjs/react-dom.development.js:9097:3)
      at node_modules/react-dom/cjs/react-dom.development.js:9288:12
      at batchedUpdates$1 (node_modules/react-dom/cjs/react-dom.development.js:26179:12)
      at batchedUpdates (node_modules/react-dom/cjs/react-dom.development.js:3991:12)
      at dispatchEventForPluginEventSystem (node_modules/react-dom/cjs/react-dom.development.js:9287:3)
      at dispatchEventWithEnableCapturePhaseSelectiveHydrationWithoutDiscreteEventReplay (node_modules/react-dom/cjs/react-dom.development.js:6465:5)
      at dispatchEvent (node_modules/react-dom/cjs/react-dom.development.js:6457:5)
      at dispatchDiscreteEvent (node_modules/react-dom/cjs/react-dom.development.js:6430:5)
      at HTMLDivElement.callTheUserObjectsOperation (node_modules/jsdom/lib/jsdom/living/generated/EventListener.js:26:30)
      at innerInvokeEventListeners (node_modules/jsdom/lib/jsdom/living/events/EventTarget-impl.js:350:25)
      at invokeEventListeners (node_modules/jsdom/lib/jsdom/living/events/EventTarget-impl.js:286:3)
      at HTMLTextAreaElementImpl._dispatch (node_modules/jsdom/lib/jsdom/living/events/EventTarget-impl.js:233:9)
      at HTMLTextAreaElementImpl.dispatchEvent (node_modules/jsdom/lib/jsdom/living/events/EventTarget-impl.js:104:17)
      at HTMLTextAreaElement.dispatchEvent (node_modules/jsdom/lib/jsdom/living/generated/EventTarget.js:241:34)
      at node_modules/@testing-library/user-event/dist/cjs/event/dispatchEvent.js:45:43
      at Object.eventWrapper (node_modules/@testing-library/dom/dist/config.js:25:23)
      at Object.wrapEvent (node_modules/@testing-library/user-event/dist/cjs/event/wrapEvent.js:6:28)
      at Object.dispatchEvent (node_modules/@testing-library/user-event/dist/cjs/event/dispatchEvent.js:45:22)
      at Object.dispatchUIEvent (node_modules/@testing-library/user-event/dist/cjs/event/dispatchEvent.js:22:26)
      at commitInput (node_modules/@testing-library/user-event/dist/cjs/event/input.js:145:14)
      at editInputElement (node_modules/@testing-library/user-event/dist/cjs/event/input.js:115:9)
      at Object.input (node_modules/@testing-library/user-event/dist/cjs/event/input.js:37:9)
      at node_modules/@testing-library/user-event/dist/cjs/event/behavior/keypress.js:31:26
      at Object.dispatchEvent (node_modules/@testing-library/user-event/dist/cjs/event/dispatchEvent.js:41:13)
      at Object.dispatchUIEvent (node_modules/@testing-library/user-event/dist/cjs/event/dispatchEvent.js:22:26)
      at KeyboardHost.keydown (node_modules/@testing-library/user-event/dist/cjs/system/keyboard.js:76:22)
      at keyboardAction (node_modules/@testing-library/user-event/dist/cjs/keyboard/index.js:22:35)
      at Object.keyboard (node_modules/@testing-library/user-event/dist/cjs/keyboard/index.js:11:15)
      at Object.type (node_modules/@testing-library/user-event/dist/cjs/utility/type.js:17:5)
      at Object.<anonymous> (src/components/Contact/Contact.test.tsx:170:5)

    console.error
      Warning: An update to Contact inside a test was not wrapped in act(...).
      
      When testing, code that causes React state updates should be wrapped into act(...):
      
      act(() => {
        /* fire events that update state */
      });
      /* assert on the output */
      
      This ensures that you're testing the behavior the user would see in the browser. Learn more at https://reactjs.org/link/wrap-tests-with-act
          at Contact (/workspaces/netsanet-portfolio/src/components/Contact/Contact.tsx:17:44)

      30 |
      31 |   const handleInputChange = (field: keyof ContactFormData, value: string) => {
    > 32 |     setFormState(prev => ({
         |     ^
      33 |       ...prev,
      34 |       data: {
      35 |         ...prev.data,

      at printWarning (node_modules/react-dom/cjs/react-dom.development.js:86:30)
      at error (node_modules/react-dom/cjs/react-dom.development.js:60:7)
      at warnIfUpdatesNotWrappedWithActDEV (node_modules/react-dom/cjs/react-dom.development.js:27628:9)
      at scheduleUpdateOnFiber (node_modules/react-dom/cjs/react-dom.development.js:25547:5)
      at dispatchSetState (node_modules/react-dom/cjs/react-dom.development.js:16708:7)
      at handleInputChange (src/components/Contact/Contact.tsx:32:5)
      at onChange (src/components/Contact/Contact.tsx:301:34)
      at HTMLUnknownElement.callCallback (node_modules/react-dom/cjs/react-dom.development.js:4164:14)
      at HTMLUnknownElement.callTheUserObjectsOperation (node_modules/jsdom/lib/jsdom/living/generated/EventListener.js:26:30)
      at innerInvokeEventListeners (node_modules/jsdom/lib/jsdom/living/events/EventTarget-impl.js:350:25)
      at invokeEventListeners (node_modules/jsdom/lib/jsdom/living/events/EventTarget-impl.js:286:3)
      at HTMLUnknownElementImpl._dispatch (node_modules/jsdom/lib/jsdom/living/events/EventTarget-impl.js:233:9)
      at HTMLUnknownElementImpl.dispatchEvent (node_modules/jsdom/lib/jsdom/living/events/EventTarget-impl.js:104:17)
      at HTMLUnknownElement.dispatchEvent (node_modules/jsdom/lib/jsdom/living/generated/EventTarget.js:241:34)
      at Object.invokeGuardedCallbackDev (node_modules/react-dom/cjs/react-dom.development.js:4213:16)
      at invokeGuardedCallback (node_modules/react-dom/cjs/react-dom.development.js:4277:31)
      at invokeGuardedCallbackAndCatchFirstError (node_modules/react-dom/cjs/react-dom.development.js:4291:25)
      at executeDispatch (node_modules/react-dom/cjs/react-dom.development.js:9041:3)
      at processDispatchQueueItemsInOrder (node_modules/react-dom/cjs/react-dom.development.js:9073:7)
      at processDispatchQueue (node_modules/react-dom/cjs/react-dom.development.js:9086:5)
      at dispatchEventsForPlugins (node_modules/react-dom/cjs/react-dom.development.js:9097:3)
      at node_modules/react-dom/cjs/react-dom.development.js:9288:12
      at batchedUpdates$1 (node_modules/react-dom/cjs/react-dom.development.js:26179:12)
      at batchedUpdates (node_modules/react-dom/cjs/react-dom.development.js:3991:12)
      at dispatchEventForPluginEventSystem (node_modules/react-dom/cjs/react-dom.development.js:9287:3)
      at dispatchEventWithEnableCapturePhaseSelectiveHydrationWithoutDiscreteEventReplay (node_modules/react-dom/cjs/react-dom.development.js:6465:5)
      at dispatchEvent (node_modules/react-dom/cjs/react-dom.development.js:6457:5)
      at dispatchDiscreteEvent (node_modules/react-dom/cjs/react-dom.development.js:6430:5)
      at HTMLDivElement.callTheUserObjectsOperation (node_modules/jsdom/lib/jsdom/living/generated/EventListener.js:26:30)
      at innerInvokeEventListeners (node_modules/jsdom/lib/jsdom/living/events/EventTarget-impl.js:350:25)
      at invokeEventListeners (node_modules/jsdom/lib/jsdom/living/events/EventTarget-impl.js:286:3)
      at HTMLTextAreaElementImpl._dispatch (node_modules/jsdom/lib/jsdom/living/events/EventTarget-impl.js:233:9)
      at HTMLTextAreaElementImpl.dispatchEvent (node_modules/jsdom/lib/jsdom/living/events/EventTarget-impl.js:104:17)
      at HTMLTextAreaElement.dispatchEvent (node_modules/jsdom/lib/jsdom/living/generated/EventTarget.js:241:34)
      at node_modules/@testing-library/user-event/dist/cjs/event/dispatchEvent.js:45:43
      at Object.eventWrapper (node_modules/@testing-library/dom/dist/config.js:25:23)
      at Object.wrapEvent (node_modules/@testing-library/user-event/dist/cjs/event/wrapEvent.js:6:28)
      at Object.dispatchEvent (node_modules/@testing-library/user-event/dist/cjs/event/dispatchEvent.js:45:22)
      at Object.dispatchUIEvent (node_modules/@testing-library/user-event/dist/cjs/event/dispatchEvent.js:22:26)
      at commitInput (node_modules/@testing-library/user-event/dist/cjs/event/input.js:145:14)
      at editInputElement (node_modules/@testing-library/user-event/dist/cjs/event/input.js:115:9)
      at Object.input (node_modules/@testing-library/user-event/dist/cjs/event/input.js:37:9)
      at node_modules/@testing-library/user-event/dist/cjs/event/behavior/keypress.js:31:26
      at Object.dispatchEvent (node_modules/@testing-library/user-event/dist/cjs/event/dispatchEvent.js:41:13)
      at Object.dispatchUIEvent (node_modules/@testing-library/user-event/dist/cjs/event/dispatchEvent.js:22:26)
      at KeyboardHost.keydown (node_modules/@testing-library/user-event/dist/cjs/system/keyboard.js:76:22)
      at keyboardAction (node_modules/@testing-library/user-event/dist/cjs/keyboard/index.js:22:35)
      at Object.keyboard (node_modules/@testing-library/user-event/dist/cjs/keyboard/index.js:11:15)
      at Object.type (node_modules/@testing-library/user-event/dist/cjs/utility/type.js:17:5)
      at Object.<anonymous> (src/components/Contact/Contact.test.tsx:170:5)

    console.error
      Warning: An update to Contact inside a test was not wrapped in act(...).
      
      When testing, code that causes React state updates should be wrapped into act(...):
      
      act(() => {
        /* fire events that update state */
      });
      /* assert on the output */
      
      This ensures that you're testing the behavior the user would see in the browser. Learn more at https://reactjs.org/link/wrap-tests-with-act
          at Contact (/workspaces/netsanet-portfolio/src/components/Contact/Contact.tsx:17:44)

      30 |
      31 |   const handleInputChange = (field: keyof ContactFormData, value: string) => {
    > 32 |     setFormState(prev => ({
         |     ^
      33 |       ...prev,
      34 |       data: {
      35 |         ...prev.data,

      at printWarning (node_modules/react-dom/cjs/react-dom.development.js:86:30)
      at error (node_modules/react-dom/cjs/react-dom.development.js:60:7)
      at warnIfUpdatesNotWrappedWithActDEV (node_modules/react-dom/cjs/react-dom.development.js:27628:9)
      at scheduleUpdateOnFiber (node_modules/react-dom/cjs/react-dom.development.js:25547:5)
      at dispatchSetState (node_modules/react-dom/cjs/react-dom.development.js:16708:7)
      at handleInputChange (src/components/Contact/Contact.tsx:32:5)
      at onChange (src/components/Contact/Contact.tsx:301:34)
      at HTMLUnknownElement.callCallback (node_modules/react-dom/cjs/react-dom.development.js:4164:14)
      at HTMLUnknownElement.callTheUserObjectsOperation (node_modules/jsdom/lib/jsdom/living/generated/EventListener.js:26:30)
      at innerInvokeEventListeners (node_modules/jsdom/lib/jsdom/living/events/EventTarget-impl.js:350:25)
      at invokeEventListeners (node_modules/jsdom/lib/jsdom/living/events/EventTarget-impl.js:286:3)
      at HTMLUnknownElementImpl._dispatch (node_modules/jsdom/lib/jsdom/living/events/EventTarget-impl.js:233:9)
      at HTMLUnknownElementImpl.dispatchEvent (node_modules/jsdom/lib/jsdom/living/events/EventTarget-impl.js:104:17)
      at HTMLUnknownElement.dispatchEvent (node_modules/jsdom/lib/jsdom/living/generated/EventTarget.js:241:34)
      at Object.invokeGuardedCallbackDev (node_modules/react-dom/cjs/react-dom.development.js:4213:16)
      at invokeGuardedCallback (node_modules/react-dom/cjs/react-dom.development.js:4277:31)
      at invokeGuardedCallbackAndCatchFirstError (node_modules/react-dom/cjs/react-dom.development.js:4291:25)
      at executeDispatch (node_modules/react-dom/cjs/react-dom.development.js:9041:3)
      at processDispatchQueueItemsInOrder (node_modules/react-dom/cjs/react-dom.development.js:9073:7)
      at processDispatchQueue (node_modules/react-dom/cjs/react-dom.development.js:9086:5)
      at dispatchEventsForPlugins (node_modules/react-dom/cjs/react-dom.development.js:9097:3)
      at node_modules/react-dom/cjs/react-dom.development.js:9288:12
      at batchedUpdates$1 (node_modules/react-dom/cjs/react-dom.development.js:26179:12)
      at batchedUpdates (node_modules/react-dom/cjs/react-dom.development.js:3991:12)
      at dispatchEventForPluginEventSystem (node_modules/react-dom/cjs/react-dom.development.js:9287:3)
      at dispatchEventWithEnableCapturePhaseSelectiveHydrationWithoutDiscreteEventReplay (node_modules/react-dom/cjs/react-dom.development.js:6465:5)
      at dispatchEvent (node_modules/react-dom/cjs/react-dom.development.js:6457:5)
      at dispatchDiscreteEvent (node_modules/react-dom/cjs/react-dom.development.js:6430:5)
      at HTMLDivElement.callTheUserObjectsOperation (node_modules/jsdom/lib/jsdom/living/generated/EventListener.js:26:30)
      at innerInvokeEventListeners (node_modules/jsdom/lib/jsdom/living/events/EventTarget-impl.js:350:25)
      at invokeEventListeners (node_modules/jsdom/lib/jsdom/living/events/EventTarget-impl.js:286:3)
      at HTMLTextAreaElementImpl._dispatch (node_modules/jsdom/lib/jsdom/living/events/EventTarget-impl.js:233:9)
      at HTMLTextAreaElementImpl.dispatchEvent (node_modules/jsdom/lib/jsdom/living/events/EventTarget-impl.js:104:17)
      at HTMLTextAreaElement.dispatchEvent (node_modules/jsdom/lib/jsdom/living/generated/EventTarget.js:241:34)
      at node_modules/@testing-library/user-event/dist/cjs/event/dispatchEvent.js:45:43
      at Object.eventWrapper (node_modules/@testing-library/dom/dist/config.js:25:23)
      at Object.wrapEvent (node_modules/@testing-library/user-event/dist/cjs/event/wrapEvent.js:6:28)
      at Object.dispatchEvent (node_modules/@testing-library/user-event/dist/cjs/event/dispatchEvent.js:45:22)
      at Object.dispatchUIEvent (node_modules/@testing-library/user-event/dist/cjs/event/dispatchEvent.js:22:26)
      at commitInput (node_modules/@testing-library/user-event/dist/cjs/event/input.js:145:14)
      at editInputElement (node_modules/@testing-library/user-event/dist/cjs/event/input.js:115:9)
      at Object.input (node_modules/@testing-library/user-event/dist/cjs/event/input.js:37:9)
      at node_modules/@testing-library/user-event/dist/cjs/event/behavior/keypress.js:31:26
      at Object.dispatchEvent (node_modules/@testing-library/user-event/dist/cjs/event/dispatchEvent.js:41:13)
      at Object.dispatchUIEvent (node_modules/@testing-library/user-event/dist/cjs/event/dispatchEvent.js:22:26)
      at KeyboardHost.keydown (node_modules/@testing-library/user-event/dist/cjs/system/keyboard.js:76:22)
      at keyboardAction (node_modules/@testing-library/user-event/dist/cjs/keyboard/index.js:22:35)
      at Object.keyboard (node_modules/@testing-library/user-event/dist/cjs/keyboard/index.js:11:15)
      at Object.type (node_modules/@testing-library/user-event/dist/cjs/utility/type.js:17:5)
      at Object.<anonymous> (src/components/Contact/Contact.test.tsx:170:5)

    console.error
      Warning: An update to Contact inside a test was not wrapped in act(...).
      
      When testing, code that causes React state updates should be wrapped into act(...):
      
      act(() => {
        /* fire events that update state */
      });
      /* assert on the output */
      
      This ensures that you're testing the behavior the user would see in the browser. Learn more at https://reactjs.org/link/wrap-tests-with-act
          at Contact (/workspaces/netsanet-portfolio/src/components/Contact/Contact.tsx:17:44)

      30 |
      31 |   const handleInputChange = (field: keyof ContactFormData, value: string) => {
    > 32 |     setFormState(prev => ({
         |     ^
      33 |       ...prev,
      34 |       data: {
      35 |         ...prev.data,

      at printWarning (node_modules/react-dom/cjs/react-dom.development.js:86:30)
      at error (node_modules/react-dom/cjs/react-dom.development.js:60:7)
      at warnIfUpdatesNotWrappedWithActDEV (node_modules/react-dom/cjs/react-dom.development.js:27628:9)
      at scheduleUpdateOnFiber (node_modules/react-dom/cjs/react-dom.development.js:25547:5)
      at dispatchSetState (node_modules/react-dom/cjs/react-dom.development.js:16708:7)
      at handleInputChange (src/components/Contact/Contact.tsx:32:5)
      at onChange (src/components/Contact/Contact.tsx:301:34)
      at HTMLUnknownElement.callCallback (node_modules/react-dom/cjs/react-dom.development.js:4164:14)
      at HTMLUnknownElement.callTheUserObjectsOperation (node_modules/jsdom/lib/jsdom/living/generated/EventListener.js:26:30)
      at innerInvokeEventListeners (node_modules/jsdom/lib/jsdom/living/events/EventTarget-impl.js:350:25)
      at invokeEventListeners (node_modules/jsdom/lib/jsdom/living/events/EventTarget-impl.js:286:3)
      at HTMLUnknownElementImpl._dispatch (node_modules/jsdom/lib/jsdom/living/events/EventTarget-impl.js:233:9)
      at HTMLUnknownElementImpl.dispatchEvent (node_modules/jsdom/lib/jsdom/living/events/EventTarget-impl.js:104:17)
      at HTMLUnknownElement.dispatchEvent (node_modules/jsdom/lib/jsdom/living/generated/EventTarget.js:241:34)
      at Object.invokeGuardedCallbackDev (node_modules/react-dom/cjs/react-dom.development.js:4213:16)
      at invokeGuardedCallback (node_modules/react-dom/cjs/react-dom.development.js:4277:31)
      at invokeGuardedCallbackAndCatchFirstError (node_modules/react-dom/cjs/react-dom.development.js:4291:25)
      at executeDispatch (node_modules/react-dom/cjs/react-dom.development.js:9041:3)
      at processDispatchQueueItemsInOrder (node_modules/react-dom/cjs/react-dom.development.js:9073:7)
      at processDispatchQueue (node_modules/react-dom/cjs/react-dom.development.js:9086:5)
      at dispatchEventsForPlugins (node_modules/react-dom/cjs/react-dom.development.js:9097:3)
      at node_modules/react-dom/cjs/react-dom.development.js:9288:12
      at batchedUpdates$1 (node_modules/react-dom/cjs/react-dom.development.js:26179:12)
      at batchedUpdates (node_modules/react-dom/cjs/react-dom.development.js:3991:12)
      at dispatchEventForPluginEventSystem (node_modules/react-dom/cjs/react-dom.development.js:9287:3)
      at dispatchEventWithEnableCapturePhaseSelectiveHydrationWithoutDiscreteEventReplay (node_modules/react-dom/cjs/react-dom.development.js:6465:5)
      at dispatchEvent (node_modules/react-dom/cjs/react-dom.development.js:6457:5)
      at dispatchDiscreteEvent (node_modules/react-dom/cjs/react-dom.development.js:6430:5)
      at HTMLDivElement.callTheUserObjectsOperation (node_modules/jsdom/lib/jsdom/living/generated/EventListener.js:26:30)
      at innerInvokeEventListeners (node_modules/jsdom/lib/jsdom/living/events/EventTarget-impl.js:350:25)
      at invokeEventListeners (node_modules/jsdom/lib/jsdom/living/events/EventTarget-impl.js:286:3)
      at HTMLTextAreaElementImpl._dispatch (node_modules/jsdom/lib/jsdom/living/events/EventTarget-impl.js:233:9)
      at HTMLTextAreaElementImpl.dispatchEvent (node_modules/jsdom/lib/jsdom/living/events/EventTarget-impl.js:104:17)
      at HTMLTextAreaElement.dispatchEvent (node_modules/jsdom/lib/jsdom/living/generated/EventTarget.js:241:34)
      at node_modules/@testing-library/user-event/dist/cjs/event/dispatchEvent.js:45:43
      at Object.eventWrapper (node_modules/@testing-library/dom/dist/config.js:25:23)
      at Object.wrapEvent (node_modules/@testing-library/user-event/dist/cjs/event/wrapEvent.js:6:28)
      at Object.dispatchEvent (node_modules/@testing-library/user-event/dist/cjs/event/dispatchEvent.js:45:22)
      at Object.dispatchUIEvent (node_modules/@testing-library/user-event/dist/cjs/event/dispatchEvent.js:22:26)
      at commitInput (node_modules/@testing-library/user-event/dist/cjs/event/input.js:145:14)
      at editInputElement (node_modules/@testing-library/user-event/dist/cjs/event/input.js:115:9)
      at Object.input (node_modules/@testing-library/user-event/dist/cjs/event/input.js:37:9)
      at node_modules/@testing-library/user-event/dist/cjs/event/behavior/keypress.js:31:26
      at Object.dispatchEvent (node_modules/@testing-library/user-event/dist/cjs/event/dispatchEvent.js:41:13)
      at Object.dispatchUIEvent (node_modules/@testing-library/user-event/dist/cjs/event/dispatchEvent.js:22:26)
      at KeyboardHost.keydown (node_modules/@testing-library/user-event/dist/cjs/system/keyboard.js:76:22)
      at keyboardAction (node_modules/@testing-library/user-event/dist/cjs/keyboard/index.js:22:35)
      at Object.keyboard (node_modules/@testing-library/user-event/dist/cjs/keyboard/index.js:11:15)
      at Object.type (node_modules/@testing-library/user-event/dist/cjs/utility/type.js:17:5)
      at Object.<anonymous> (src/components/Contact/Contact.test.tsx:170:5)

    console.error
      Warning: An update to Contact inside a test was not wrapped in act(...).
      
      When testing, code that causes React state updates should be wrapped into act(...):
      
      act(() => {
        /* fire events that update state */
      });
      /* assert on the output */
      
      This ensures that you're testing the behavior the user would see in the browser. Learn more at https://reactjs.org/link/wrap-tests-with-act
          at Contact (/workspaces/netsanet-portfolio/src/components/Contact/Contact.tsx:17:44)

      30 |
      31 |   const handleInputChange = (field: keyof ContactFormData, value: string) => {
    > 32 |     setFormState(prev => ({
         |     ^
      33 |       ...prev,
      34 |       data: {
      35 |         ...prev.data,

      at printWarning (node_modules/react-dom/cjs/react-dom.development.js:86:30)
      at error (node_modules/react-dom/cjs/react-dom.development.js:60:7)
      at warnIfUpdatesNotWrappedWithActDEV (node_modules/react-dom/cjs/react-dom.development.js:27628:9)
      at scheduleUpdateOnFiber (node_modules/react-dom/cjs/react-dom.development.js:25547:5)
      at dispatchSetState (node_modules/react-dom/cjs/react-dom.development.js:16708:7)
      at handleInputChange (src/components/Contact/Contact.tsx:32:5)
      at onChange (src/components/Contact/Contact.tsx:301:34)
      at HTMLUnknownElement.callCallback (node_modules/react-dom/cjs/react-dom.development.js:4164:14)
      at HTMLUnknownElement.callTheUserObjectsOperation (node_modules/jsdom/lib/jsdom/living/generated/EventListener.js:26:30)
      at innerInvokeEventListeners (node_modules/jsdom/lib/jsdom/living/events/EventTarget-impl.js:350:25)
      at invokeEventListeners (node_modules/jsdom/lib/jsdom/living/events/EventTarget-impl.js:286:3)
      at HTMLUnknownElementImpl._dispatch (node_modules/jsdom/lib/jsdom/living/events/EventTarget-impl.js:233:9)
      at HTMLUnknownElementImpl.dispatchEvent (node_modules/jsdom/lib/jsdom/living/events/EventTarget-impl.js:104:17)
      at HTMLUnknownElement.dispatchEvent (node_modules/jsdom/lib/jsdom/living/generated/EventTarget.js:241:34)
      at Object.invokeGuardedCallbackDev (node_modules/react-dom/cjs/react-dom.development.js:4213:16)
      at invokeGuardedCallback (node_modules/react-dom/cjs/react-dom.development.js:4277:31)
      at invokeGuardedCallbackAndCatchFirstError (node_modules/react-dom/cjs/react-dom.development.js:4291:25)
      at executeDispatch (node_modules/react-dom/cjs/react-dom.development.js:9041:3)
      at processDispatchQueueItemsInOrder (node_modules/react-dom/cjs/react-dom.development.js:9073:7)
      at processDispatchQueue (node_modules/react-dom/cjs/react-dom.development.js:9086:5)
      at dispatchEventsForPlugins (node_modules/react-dom/cjs/react-dom.development.js:9097:3)
      at node_modules/react-dom/cjs/react-dom.development.js:9288:12
      at batchedUpdates$1 (node_modules/react-dom/cjs/react-dom.development.js:26179:12)
      at batchedUpdates (node_modules/react-dom/cjs/react-dom.development.js:3991:12)
      at dispatchEventForPluginEventSystem (node_modules/react-dom/cjs/react-dom.development.js:9287:3)
      at dispatchEventWithEnableCapturePhaseSelectiveHydrationWithoutDiscreteEventReplay (node_modules/react-dom/cjs/react-dom.development.js:6465:5)
      at dispatchEvent (node_modules/react-dom/cjs/react-dom.development.js:6457:5)
      at dispatchDiscreteEvent (node_modules/react-dom/cjs/react-dom.development.js:6430:5)
      at HTMLDivElement.callTheUserObjectsOperation (node_modules/jsdom/lib/jsdom/living/generated/EventListener.js:26:30)
      at innerInvokeEventListeners (node_modules/jsdom/lib/jsdom/living/events/EventTarget-impl.js:350:25)
      at invokeEventListeners (node_modules/jsdom/lib/jsdom/living/events/EventTarget-impl.js:286:3)
      at HTMLTextAreaElementImpl._dispatch (node_modules/jsdom/lib/jsdom/living/events/EventTarget-impl.js:233:9)
      at HTMLTextAreaElementImpl.dispatchEvent (node_modules/jsdom/lib/jsdom/living/events/EventTarget-impl.js:104:17)
      at HTMLTextAreaElement.dispatchEvent (node_modules/jsdom/lib/jsdom/living/generated/EventTarget.js:241:34)
      at node_modules/@testing-library/user-event/dist/cjs/event/dispatchEvent.js:45:43
      at Object.eventWrapper (node_modules/@testing-library/dom/dist/config.js:25:23)
      at Object.wrapEvent (node_modules/@testing-library/user-event/dist/cjs/event/wrapEvent.js:6:28)
      at Object.dispatchEvent (node_modules/@testing-library/user-event/dist/cjs/event/dispatchEvent.js:45:22)
      at Object.dispatchUIEvent (node_modules/@testing-library/user-event/dist/cjs/event/dispatchEvent.js:22:26)
      at commitInput (node_modules/@testing-library/user-event/dist/cjs/event/input.js:145:14)
      at editInputElement (node_modules/@testing-library/user-event/dist/cjs/event/input.js:115:9)
      at Object.input (node_modules/@testing-library/user-event/dist/cjs/event/input.js:37:9)
      at node_modules/@testing-library/user-event/dist/cjs/event/behavior/keypress.js:31:26
      at Object.dispatchEvent (node_modules/@testing-library/user-event/dist/cjs/event/dispatchEvent.js:41:13)
      at Object.dispatchUIEvent (node_modules/@testing-library/user-event/dist/cjs/event/dispatchEvent.js:22:26)
      at KeyboardHost.keydown (node_modules/@testing-library/user-event/dist/cjs/system/keyboard.js:76:22)
      at keyboardAction (node_modules/@testing-library/user-event/dist/cjs/keyboard/index.js:22:35)
      at Object.keyboard (node_modules/@testing-library/user-event/dist/cjs/keyboard/index.js:11:15)
      at Object.type (node_modules/@testing-library/user-event/dist/cjs/utility/type.js:17:5)
      at Object.<anonymous> (src/components/Contact/Contact.test.tsx:170:5)

    console.error
      Warning: An update to Contact inside a test was not wrapped in act(...).
      
      When testing, code that causes React state updates should be wrapped into act(...):
      
      act(() => {
        /* fire events that update state */
      });
      /* assert on the output */
      
      This ensures that you're testing the behavior the user would see in the browser. Learn more at https://reactjs.org/link/wrap-tests-with-act
          at Contact (/workspaces/netsanet-portfolio/src/components/Contact/Contact.tsx:17:44)

      30 |
      31 |   const handleInputChange = (field: keyof ContactFormData, value: string) => {
    > 32 |     setFormState(prev => ({
         |     ^
      33 |       ...prev,
      34 |       data: {
      35 |         ...prev.data,

      at printWarning (node_modules/react-dom/cjs/react-dom.development.js:86:30)
      at error (node_modules/react-dom/cjs/react-dom.development.js:60:7)
      at warnIfUpdatesNotWrappedWithActDEV (node_modules/react-dom/cjs/react-dom.development.js:27628:9)
      at scheduleUpdateOnFiber (node_modules/react-dom/cjs/react-dom.development.js:25547:5)
      at dispatchSetState (node_modules/react-dom/cjs/react-dom.development.js:16708:7)
      at handleInputChange (src/components/Contact/Contact.tsx:32:5)
      at onChange (src/components/Contact/Contact.tsx:301:34)
      at HTMLUnknownElement.callCallback (node_modules/react-dom/cjs/react-dom.development.js:4164:14)
      at HTMLUnknownElement.callTheUserObjectsOperation (node_modules/jsdom/lib/jsdom/living/generated/EventListener.js:26:30)
      at innerInvokeEventListeners (node_modules/jsdom/lib/jsdom/living/events/EventTarget-impl.js:350:25)
      at invokeEventListeners (node_modules/jsdom/lib/jsdom/living/events/EventTarget-impl.js:286:3)
      at HTMLUnknownElementImpl._dispatch (node_modules/jsdom/lib/jsdom/living/events/EventTarget-impl.js:233:9)
      at HTMLUnknownElementImpl.dispatchEvent (node_modules/jsdom/lib/jsdom/living/events/EventTarget-impl.js:104:17)
      at HTMLUnknownElement.dispatchEvent (node_modules/jsdom/lib/jsdom/living/generated/EventTarget.js:241:34)
      at Object.invokeGuardedCallbackDev (node_modules/react-dom/cjs/react-dom.development.js:4213:16)
      at invokeGuardedCallback (node_modules/react-dom/cjs/react-dom.development.js:4277:31)
      at invokeGuardedCallbackAndCatchFirstError (node_modules/react-dom/cjs/react-dom.development.js:4291:25)
      at executeDispatch (node_modules/react-dom/cjs/react-dom.development.js:9041:3)
      at processDispatchQueueItemsInOrder (node_modules/react-dom/cjs/react-dom.development.js:9073:7)
      at processDispatchQueue (node_modules/react-dom/cjs/react-dom.development.js:9086:5)
      at dispatchEventsForPlugins (node_modules/react-dom/cjs/react-dom.development.js:9097:3)
      at node_modules/react-dom/cjs/react-dom.development.js:9288:12
      at batchedUpdates$1 (node_modules/react-dom/cjs/react-dom.development.js:26179:12)
      at batchedUpdates (node_modules/react-dom/cjs/react-dom.development.js:3991:12)
      at dispatchEventForPluginEventSystem (node_modules/react-dom/cjs/react-dom.development.js:9287:3)
      at dispatchEventWithEnableCapturePhaseSelectiveHydrationWithoutDiscreteEventReplay (node_modules/react-dom/cjs/react-dom.development.js:6465:5)
      at dispatchEvent (node_modules/react-dom/cjs/react-dom.development.js:6457:5)
      at dispatchDiscreteEvent (node_modules/react-dom/cjs/react-dom.development.js:6430:5)
      at HTMLDivElement.callTheUserObjectsOperation (node_modules/jsdom/lib/jsdom/living/generated/EventListener.js:26:30)
      at innerInvokeEventListeners (node_modules/jsdom/lib/jsdom/living/events/EventTarget-impl.js:350:25)
      at invokeEventListeners (node_modules/jsdom/lib/jsdom/living/events/EventTarget-impl.js:286:3)
      at HTMLTextAreaElementImpl._dispatch (node_modules/jsdom/lib/jsdom/living/events/EventTarget-impl.js:233:9)
      at HTMLTextAreaElementImpl.dispatchEvent (node_modules/jsdom/lib/jsdom/living/events/EventTarget-impl.js:104:17)
      at HTMLTextAreaElement.dispatchEvent (node_modules/jsdom/lib/jsdom/living/generated/EventTarget.js:241:34)
      at node_modules/@testing-library/user-event/dist/cjs/event/dispatchEvent.js:45:43
      at Object.eventWrapper (node_modules/@testing-library/dom/dist/config.js:25:23)
      at Object.wrapEvent (node_modules/@testing-library/user-event/dist/cjs/event/wrapEvent.js:6:28)
      at Object.dispatchEvent (node_modules/@testing-library/user-event/dist/cjs/event/dispatchEvent.js:45:22)
      at Object.dispatchUIEvent (node_modules/@testing-library/user-event/dist/cjs/event/dispatchEvent.js:22:26)
      at commitInput (node_modules/@testing-library/user-event/dist/cjs/event/input.js:145:14)
      at editInputElement (node_modules/@testing-library/user-event/dist/cjs/event/input.js:115:9)
      at Object.input (node_modules/@testing-library/user-event/dist/cjs/event/input.js:37:9)
      at node_modules/@testing-library/user-event/dist/cjs/event/behavior/keypress.js:31:26
      at Object.dispatchEvent (node_modules/@testing-library/user-event/dist/cjs/event/dispatchEvent.js:41:13)
      at Object.dispatchUIEvent (node_modules/@testing-library/user-event/dist/cjs/event/dispatchEvent.js:22:26)
      at KeyboardHost.keydown (node_modules/@testing-library/user-event/dist/cjs/system/keyboard.js:76:22)
      at keyboardAction (node_modules/@testing-library/user-event/dist/cjs/keyboard/index.js:22:35)
      at Object.keyboard (node_modules/@testing-library/user-event/dist/cjs/keyboard/index.js:11:15)
      at Object.type (node_modules/@testing-library/user-event/dist/cjs/utility/type.js:17:5)
      at Object.<anonymous> (src/components/Contact/Contact.test.tsx:170:5)

    console.error
      Warning: An update to Contact inside a test was not wrapped in act(...).
      
      When testing, code that causes React state updates should be wrapped into act(...):
      
      act(() => {
        /* fire events that update state */
      });
      /* assert on the output */
      
      This ensures that you're testing the behavior the user would see in the browser. Learn more at https://reactjs.org/link/wrap-tests-with-act
          at Contact (/workspaces/netsanet-portfolio/src/components/Contact/Contact.tsx:17:44)

      30 |
      31 |   const handleInputChange = (field: keyof ContactFormData, value: string) => {
    > 32 |     setFormState(prev => ({
         |     ^
      33 |       ...prev,
      34 |       data: {
      35 |         ...prev.data,

      at printWarning (node_modules/react-dom/cjs/react-dom.development.js:86:30)
      at error (node_modules/react-dom/cjs/react-dom.development.js:60:7)
      at warnIfUpdatesNotWrappedWithActDEV (node_modules/react-dom/cjs/react-dom.development.js:27628:9)
      at scheduleUpdateOnFiber (node_modules/react-dom/cjs/react-dom.development.js:25547:5)
      at dispatchSetState (node_modules/react-dom/cjs/react-dom.development.js:16708:7)
      at handleInputChange (src/components/Contact/Contact.tsx:32:5)
      at onChange (src/components/Contact/Contact.tsx:301:34)
      at HTMLUnknownElement.callCallback (node_modules/react-dom/cjs/react-dom.development.js:4164:14)
      at HTMLUnknownElement.callTheUserObjectsOperation (node_modules/jsdom/lib/jsdom/living/generated/EventListener.js:26:30)
      at innerInvokeEventListeners (node_modules/jsdom/lib/jsdom/living/events/EventTarget-impl.js:350:25)
      at invokeEventListeners (node_modules/jsdom/lib/jsdom/living/events/EventTarget-impl.js:286:3)
      at HTMLUnknownElementImpl._dispatch (node_modules/jsdom/lib/jsdom/living/events/EventTarget-impl.js:233:9)
      at HTMLUnknownElementImpl.dispatchEvent (node_modules/jsdom/lib/jsdom/living/events/EventTarget-impl.js:104:17)
      at HTMLUnknownElement.dispatchEvent (node_modules/jsdom/lib/jsdom/living/generated/EventTarget.js:241:34)
      at Object.invokeGuardedCallbackDev (node_modules/react-dom/cjs/react-dom.development.js:4213:16)
      at invokeGuardedCallback (node_modules/react-dom/cjs/react-dom.development.js:4277:31)
      at invokeGuardedCallbackAndCatchFirstError (node_modules/react-dom/cjs/react-dom.development.js:4291:25)
      at executeDispatch (node_modules/react-dom/cjs/react-dom.development.js:9041:3)
      at processDispatchQueueItemsInOrder (node_modules/react-dom/cjs/react-dom.development.js:9073:7)
      at processDispatchQueue (node_modules/react-dom/cjs/react-dom.development.js:9086:5)
      at dispatchEventsForPlugins (node_modules/react-dom/cjs/react-dom.development.js:9097:3)
      at node_modules/react-dom/cjs/react-dom.development.js:9288:12
      at batchedUpdates$1 (node_modules/react-dom/cjs/react-dom.development.js:26179:12)
      at batchedUpdates (node_modules/react-dom/cjs/react-dom.development.js:3991:12)
      at dispatchEventForPluginEventSystem (node_modules/react-dom/cjs/react-dom.development.js:9287:3)
      at dispatchEventWithEnableCapturePhaseSelectiveHydrationWithoutDiscreteEventReplay (node_modules/react-dom/cjs/react-dom.development.js:6465:5)
      at dispatchEvent (node_modules/react-dom/cjs/react-dom.development.js:6457:5)
      at dispatchDiscreteEvent (node_modules/react-dom/cjs/react-dom.development.js:6430:5)
      at HTMLDivElement.callTheUserObjectsOperation (node_modules/jsdom/lib/jsdom/living/generated/EventListener.js:26:30)
      at innerInvokeEventListeners (node_modules/jsdom/lib/jsdom/living/events/EventTarget-impl.js:350:25)
      at invokeEventListeners (node_modules/jsdom/lib/jsdom/living/events/EventTarget-impl.js:286:3)
      at HTMLTextAreaElementImpl._dispatch (node_modules/jsdom/lib/jsdom/living/events/EventTarget-impl.js:233:9)
      at HTMLTextAreaElementImpl.dispatchEvent (node_modules/jsdom/lib/jsdom/living/events/EventTarget-impl.js:104:17)
      at HTMLTextAreaElement.dispatchEvent (node_modules/jsdom/lib/jsdom/living/generated/EventTarget.js:241:34)
      at node_modules/@testing-library/user-event/dist/cjs/event/dispatchEvent.js:45:43
      at Object.eventWrapper (node_modules/@testing-library/dom/dist/config.js:25:23)
      at Object.wrapEvent (node_modules/@testing-library/user-event/dist/cjs/event/wrapEvent.js:6:28)
      at Object.dispatchEvent (node_modules/@testing-library/user-event/dist/cjs/event/dispatchEvent.js:45:22)
      at Object.dispatchUIEvent (node_modules/@testing-library/user-event/dist/cjs/event/dispatchEvent.js:22:26)
      at commitInput (node_modules/@testing-library/user-event/dist/cjs/event/input.js:145:14)
      at editInputElement (node_modules/@testing-library/user-event/dist/cjs/event/input.js:115:9)
      at Object.input (node_modules/@testing-library/user-event/dist/cjs/event/input.js:37:9)
      at node_modules/@testing-library/user-event/dist/cjs/event/behavior/keypress.js:31:26
      at Object.dispatchEvent (node_modules/@testing-library/user-event/dist/cjs/event/dispatchEvent.js:41:13)
      at Object.dispatchUIEvent (node_modules/@testing-library/user-event/dist/cjs/event/dispatchEvent.js:22:26)
      at KeyboardHost.keydown (node_modules/@testing-library/user-event/dist/cjs/system/keyboard.js:76:22)
      at keyboardAction (node_modules/@testing-library/user-event/dist/cjs/keyboard/index.js:22:35)
      at Object.keyboard (node_modules/@testing-library/user-event/dist/cjs/keyboard/index.js:11:15)
      at Object.type (node_modules/@testing-library/user-event/dist/cjs/utility/type.js:17:5)
      at Object.<anonymous> (src/components/Contact/Contact.test.tsx:170:5)

    console.error
      Warning: An update to Contact inside a test was not wrapped in act(...).
      
      When testing, code that causes React state updates should be wrapped into act(...):
      
      act(() => {
        /* fire events that update state */
      });
      /* assert on the output */
      
      This ensures that you're testing the behavior the user would see in the browser. Learn more at https://reactjs.org/link/wrap-tests-with-act
          at Contact (/workspaces/netsanet-portfolio/src/components/Contact/Contact.tsx:17:44)

      30 |
      31 |   const handleInputChange = (field: keyof ContactFormData, value: string) => {
    > 32 |     setFormState(prev => ({
         |     ^
      33 |       ...prev,
      34 |       data: {
      35 |         ...prev.data,

      at printWarning (node_modules/react-dom/cjs/react-dom.development.js:86:30)
      at error (node_modules/react-dom/cjs/react-dom.development.js:60:7)
      at warnIfUpdatesNotWrappedWithActDEV (node_modules/react-dom/cjs/react-dom.development.js:27628:9)
      at scheduleUpdateOnFiber (node_modules/react-dom/cjs/react-dom.development.js:25547:5)
      at dispatchSetState (node_modules/react-dom/cjs/react-dom.development.js:16708:7)
      at handleInputChange (src/components/Contact/Contact.tsx:32:5)
      at onChange (src/components/Contact/Contact.tsx:301:34)
      at HTMLUnknownElement.callCallback (node_modules/react-dom/cjs/react-dom.development.js:4164:14)
      at HTMLUnknownElement.callTheUserObjectsOperation (node_modules/jsdom/lib/jsdom/living/generated/EventListener.js:26:30)
      at innerInvokeEventListeners (node_modules/jsdom/lib/jsdom/living/events/EventTarget-impl.js:350:25)
      at invokeEventListeners (node_modules/jsdom/lib/jsdom/living/events/EventTarget-impl.js:286:3)
      at HTMLUnknownElementImpl._dispatch (node_modules/jsdom/lib/jsdom/living/events/EventTarget-impl.js:233:9)
      at HTMLUnknownElementImpl.dispatchEvent (node_modules/jsdom/lib/jsdom/living/events/EventTarget-impl.js:104:17)
      at HTMLUnknownElement.dispatchEvent (node_modules/jsdom/lib/jsdom/living/generated/EventTarget.js:241:34)
      at Object.invokeGuardedCallbackDev (node_modules/react-dom/cjs/react-dom.development.js:4213:16)
      at invokeGuardedCallback (node_modules/react-dom/cjs/react-dom.development.js:4277:31)
      at invokeGuardedCallbackAndCatchFirstError (node_modules/react-dom/cjs/react-dom.development.js:4291:25)
      at executeDispatch (node_modules/react-dom/cjs/react-dom.development.js:9041:3)
      at processDispatchQueueItemsInOrder (node_modules/react-dom/cjs/react-dom.development.js:9073:7)
      at processDispatchQueue (node_modules/react-dom/cjs/react-dom.development.js:9086:5)
      at dispatchEventsForPlugins (node_modules/react-dom/cjs/react-dom.development.js:9097:3)
      at node_modules/react-dom/cjs/react-dom.development.js:9288:12
      at batchedUpdates$1 (node_modules/react-dom/cjs/react-dom.development.js:26179:12)
      at batchedUpdates (node_modules/react-dom/cjs/react-dom.development.js:3991:12)
      at dispatchEventForPluginEventSystem (node_modules/react-dom/cjs/react-dom.development.js:9287:3)
      at dispatchEventWithEnableCapturePhaseSelectiveHydrationWithoutDiscreteEventReplay (node_modules/react-dom/cjs/react-dom.development.js:6465:5)
      at dispatchEvent (node_modules/react-dom/cjs/react-dom.development.js:6457:5)
      at dispatchDiscreteEvent (node_modules/react-dom/cjs/react-dom.development.js:6430:5)
      at HTMLDivElement.callTheUserObjectsOperation (node_modules/jsdom/lib/jsdom/living/generated/EventListener.js:26:30)
      at innerInvokeEventListeners (node_modules/jsdom/lib/jsdom/living/events/EventTarget-impl.js:350:25)
      at invokeEventListeners (node_modules/jsdom/lib/jsdom/living/events/EventTarget-impl.js:286:3)
      at HTMLTextAreaElementImpl._dispatch (node_modules/jsdom/lib/jsdom/living/events/EventTarget-impl.js:233:9)
      at HTMLTextAreaElementImpl.dispatchEvent (node_modules/jsdom/lib/jsdom/living/events/EventTarget-impl.js:104:17)
      at HTMLTextAreaElement.dispatchEvent (node_modules/jsdom/lib/jsdom/living/generated/EventTarget.js:241:34)
      at node_modules/@testing-library/user-event/dist/cjs/event/dispatchEvent.js:45:43
      at Object.eventWrapper (node_modules/@testing-library/dom/dist/config.js:25:23)
      at Object.wrapEvent (node_modules/@testing-library/user-event/dist/cjs/event/wrapEvent.js:6:28)
      at Object.dispatchEvent (node_modules/@testing-library/user-event/dist/cjs/event/dispatchEvent.js:45:22)
      at Object.dispatchUIEvent (node_modules/@testing-library/user-event/dist/cjs/event/dispatchEvent.js:22:26)
      at commitInput (node_modules/@testing-library/user-event/dist/cjs/event/input.js:145:14)
      at editInputElement (node_modules/@testing-library/user-event/dist/cjs/event/input.js:115:9)
      at Object.input (node_modules/@testing-library/user-event/dist/cjs/event/input.js:37:9)
      at node_modules/@testing-library/user-event/dist/cjs/event/behavior/keypress.js:31:26
      at Object.dispatchEvent (node_modules/@testing-library/user-event/dist/cjs/event/dispatchEvent.js:41:13)
      at Object.dispatchUIEvent (node_modules/@testing-library/user-event/dist/cjs/event/dispatchEvent.js:22:26)
      at KeyboardHost.keydown (node_modules/@testing-library/user-event/dist/cjs/system/keyboard.js:76:22)
      at keyboardAction (node_modules/@testing-library/user-event/dist/cjs/keyboard/index.js:22:35)
      at Object.keyboard (node_modules/@testing-library/user-event/dist/cjs/keyboard/index.js:11:15)
      at Object.type (node_modules/@testing-library/user-event/dist/cjs/utility/type.js:17:5)
      at Object.<anonymous> (src/components/Contact/Contact.test.tsx:170:5)

    console.error
      Warning: An update to Contact inside a test was not wrapped in act(...).
      
      When testing, code that causes React state updates should be wrapped into act(...):
      
      act(() => {
        /* fire events that update state */
      });
      /* assert on the output */
      
      This ensures that you're testing the behavior the user would see in the browser. Learn more at https://reactjs.org/link/wrap-tests-with-act
          at Contact (/workspaces/netsanet-portfolio/src/components/Contact/Contact.tsx:17:44)

      30 |
      31 |   const handleInputChange = (field: keyof ContactFormData, value: string) => {
    > 32 |     setFormState(prev => ({
         |     ^
      33 |       ...prev,
      34 |       data: {
      35 |         ...prev.data,

      at printWarning (node_modules/react-dom/cjs/react-dom.development.js:86:30)
      at error (node_modules/react-dom/cjs/react-dom.development.js:60:7)
      at warnIfUpdatesNotWrappedWithActDEV (node_modules/react-dom/cjs/react-dom.development.js:27628:9)
      at scheduleUpdateOnFiber (node_modules/react-dom/cjs/react-dom.development.js:25547:5)
      at dispatchSetState (node_modules/react-dom/cjs/react-dom.development.js:16708:7)
      at handleInputChange (src/components/Contact/Contact.tsx:32:5)
      at onChange (src/components/Contact/Contact.tsx:301:34)
      at HTMLUnknownElement.callCallback (node_modules/react-dom/cjs/react-dom.development.js:4164:14)
      at HTMLUnknownElement.callTheUserObjectsOperation (node_modules/jsdom/lib/jsdom/living/generated/EventListener.js:26:30)
      at innerInvokeEventListeners (node_modules/jsdom/lib/jsdom/living/events/EventTarget-impl.js:350:25)
      at invokeEventListeners (node_modules/jsdom/lib/jsdom/living/events/EventTarget-impl.js:286:3)
      at HTMLUnknownElementImpl._dispatch (node_modules/jsdom/lib/jsdom/living/events/EventTarget-impl.js:233:9)
      at HTMLUnknownElementImpl.dispatchEvent (node_modules/jsdom/lib/jsdom/living/events/EventTarget-impl.js:104:17)
      at HTMLUnknownElement.dispatchEvent (node_modules/jsdom/lib/jsdom/living/generated/EventTarget.js:241:34)
      at Object.invokeGuardedCallbackDev (node_modules/react-dom/cjs/react-dom.development.js:4213:16)
      at invokeGuardedCallback (node_modules/react-dom/cjs/react-dom.development.js:4277:31)
      at invokeGuardedCallbackAndCatchFirstError (node_modules/react-dom/cjs/react-dom.development.js:4291:25)
      at executeDispatch (node_modules/react-dom/cjs/react-dom.development.js:9041:3)
      at processDispatchQueueItemsInOrder (node_modules/react-dom/cjs/react-dom.development.js:9073:7)
      at processDispatchQueue (node_modules/react-dom/cjs/react-dom.development.js:9086:5)
      at dispatchEventsForPlugins (node_modules/react-dom/cjs/react-dom.development.js:9097:3)
      at node_modules/react-dom/cjs/react-dom.development.js:9288:12
      at batchedUpdates$1 (node_modules/react-dom/cjs/react-dom.development.js:26179:12)
      at batchedUpdates (node_modules/react-dom/cjs/react-dom.development.js:3991:12)
      at dispatchEventForPluginEventSystem (node_modules/react-dom/cjs/react-dom.development.js:9287:3)
      at dispatchEventWithEnableCapturePhaseSelectiveHydrationWithoutDiscreteEventReplay (node_modules/react-dom/cjs/react-dom.development.js:6465:5)
      at dispatchEvent (node_modules/react-dom/cjs/react-dom.development.js:6457:5)
      at dispatchDiscreteEvent (node_modules/react-dom/cjs/react-dom.development.js:6430:5)
      at HTMLDivElement.callTheUserObjectsOperation (node_modules/jsdom/lib/jsdom/living/generated/EventListener.js:26:30)
      at innerInvokeEventListeners (node_modules/jsdom/lib/jsdom/living/events/EventTarget-impl.js:350:25)
      at invokeEventListeners (node_modules/jsdom/lib/jsdom/living/events/EventTarget-impl.js:286:3)
      at HTMLTextAreaElementImpl._dispatch (node_modules/jsdom/lib/jsdom/living/events/EventTarget-impl.js:233:9)
      at HTMLTextAreaElementImpl.dispatchEvent (node_modules/jsdom/lib/jsdom/living/events/EventTarget-impl.js:104:17)
      at HTMLTextAreaElement.dispatchEvent (node_modules/jsdom/lib/jsdom/living/generated/EventTarget.js:241:34)
      at node_modules/@testing-library/user-event/dist/cjs/event/dispatchEvent.js:45:43
      at Object.eventWrapper (node_modules/@testing-library/dom/dist/config.js:25:23)
      at Object.wrapEvent (node_modules/@testing-library/user-event/dist/cjs/event/wrapEvent.js:6:28)
      at Object.dispatchEvent (node_modules/@testing-library/user-event/dist/cjs/event/dispatchEvent.js:45:22)
      at Object.dispatchUIEvent (node_modules/@testing-library/user-event/dist/cjs/event/dispatchEvent.js:22:26)
      at commitInput (node_modules/@testing-library/user-event/dist/cjs/event/input.js:145:14)
      at editInputElement (node_modules/@testing-library/user-event/dist/cjs/event/input.js:115:9)
      at Object.input (node_modules/@testing-library/user-event/dist/cjs/event/input.js:37:9)
      at node_modules/@testing-library/user-event/dist/cjs/event/behavior/keypress.js:31:26
      at Object.dispatchEvent (node_modules/@testing-library/user-event/dist/cjs/event/dispatchEvent.js:41:13)
      at Object.dispatchUIEvent (node_modules/@testing-library/user-event/dist/cjs/event/dispatchEvent.js:22:26)
      at KeyboardHost.keydown (node_modules/@testing-library/user-event/dist/cjs/system/keyboard.js:76:22)
      at keyboardAction (node_modules/@testing-library/user-event/dist/cjs/keyboard/index.js:22:35)
      at Object.keyboard (node_modules/@testing-library/user-event/dist/cjs/keyboard/index.js:11:15)
      at Object.type (node_modules/@testing-library/user-event/dist/cjs/utility/type.js:17:5)
      at Object.<anonymous> (src/components/Contact/Contact.test.tsx:170:5)

    console.error
      Warning: An update to Contact inside a test was not wrapped in act(...).
      
      When testing, code that causes React state updates should be wrapped into act(...):
      
      act(() => {
        /* fire events that update state */
      });
      /* assert on the output */
      
      This ensures that you're testing the behavior the user would see in the browser. Learn more at https://reactjs.org/link/wrap-tests-with-act
          at Contact (/workspaces/netsanet-portfolio/src/components/Contact/Contact.tsx:17:44)

      30 |
      31 |   const handleInputChange = (field: keyof ContactFormData, value: string) => {
    > 32 |     setFormState(prev => ({
         |     ^
      33 |       ...prev,
      34 |       data: {
      35 |         ...prev.data,

      at printWarning (node_modules/react-dom/cjs/react-dom.development.js:86:30)
      at error (node_modules/react-dom/cjs/react-dom.development.js:60:7)
      at warnIfUpdatesNotWrappedWithActDEV (node_modules/react-dom/cjs/react-dom.development.js:27628:9)
      at scheduleUpdateOnFiber (node_modules/react-dom/cjs/react-dom.development.js:25547:5)
      at dispatchSetState (node_modules/react-dom/cjs/react-dom.development.js:16708:7)
      at handleInputChange (src/components/Contact/Contact.tsx:32:5)
      at onChange (src/components/Contact/Contact.tsx:301:34)
      at HTMLUnknownElement.callCallback (node_modules/react-dom/cjs/react-dom.development.js:4164:14)
      at HTMLUnknownElement.callTheUserObjectsOperation (node_modules/jsdom/lib/jsdom/living/generated/EventListener.js:26:30)
      at innerInvokeEventListeners (node_modules/jsdom/lib/jsdom/living/events/EventTarget-impl.js:350:25)
      at invokeEventListeners (node_modules/jsdom/lib/jsdom/living/events/EventTarget-impl.js:286:3)
      at HTMLUnknownElementImpl._dispatch (node_modules/jsdom/lib/jsdom/living/events/EventTarget-impl.js:233:9)
      at HTMLUnknownElementImpl.dispatchEvent (node_modules/jsdom/lib/jsdom/living/events/EventTarget-impl.js:104:17)
      at HTMLUnknownElement.dispatchEvent (node_modules/jsdom/lib/jsdom/living/generated/EventTarget.js:241:34)
      at Object.invokeGuardedCallbackDev (node_modules/react-dom/cjs/react-dom.development.js:4213:16)
      at invokeGuardedCallback (node_modules/react-dom/cjs/react-dom.development.js:4277:31)
      at invokeGuardedCallbackAndCatchFirstError (node_modules/react-dom/cjs/react-dom.development.js:4291:25)
      at executeDispatch (node_modules/react-dom/cjs/react-dom.development.js:9041:3)
      at processDispatchQueueItemsInOrder (node_modules/react-dom/cjs/react-dom.development.js:9073:7)
      at processDispatchQueue (node_modules/react-dom/cjs/react-dom.development.js:9086:5)
      at dispatchEventsForPlugins (node_modules/react-dom/cjs/react-dom.development.js:9097:3)
      at node_modules/react-dom/cjs/react-dom.development.js:9288:12
      at batchedUpdates$1 (node_modules/react-dom/cjs/react-dom.development.js:26179:12)
      at batchedUpdates (node_modules/react-dom/cjs/react-dom.development.js:3991:12)
      at dispatchEventForPluginEventSystem (node_modules/react-dom/cjs/react-dom.development.js:9287:3)
      at dispatchEventWithEnableCapturePhaseSelectiveHydrationWithoutDiscreteEventReplay (node_modules/react-dom/cjs/react-dom.development.js:6465:5)
      at dispatchEvent (node_modules/react-dom/cjs/react-dom.development.js:6457:5)
      at dispatchDiscreteEvent (node_modules/react-dom/cjs/react-dom.development.js:6430:5)
      at HTMLDivElement.callTheUserObjectsOperation (node_modules/jsdom/lib/jsdom/living/generated/EventListener.js:26:30)
      at innerInvokeEventListeners (node_modules/jsdom/lib/jsdom/living/events/EventTarget-impl.js:350:25)
      at invokeEventListeners (node_modules/jsdom/lib/jsdom/living/events/EventTarget-impl.js:286:3)
      at HTMLTextAreaElementImpl._dispatch (node_modules/jsdom/lib/jsdom/living/events/EventTarget-impl.js:233:9)
      at HTMLTextAreaElementImpl.dispatchEvent (node_modules/jsdom/lib/jsdom/living/events/EventTarget-impl.js:104:17)
      at HTMLTextAreaElement.dispatchEvent (node_modules/jsdom/lib/jsdom/living/generated/EventTarget.js:241:34)
      at node_modules/@testing-library/user-event/dist/cjs/event/dispatchEvent.js:45:43
      at Object.eventWrapper (node_modules/@testing-library/dom/dist/config.js:25:23)
      at Object.wrapEvent (node_modules/@testing-library/user-event/dist/cjs/event/wrapEvent.js:6:28)
      at Object.dispatchEvent (node_modules/@testing-library/user-event/dist/cjs/event/dispatchEvent.js:45:22)
      at Object.dispatchUIEvent (node_modules/@testing-library/user-event/dist/cjs/event/dispatchEvent.js:22:26)
      at commitInput (node_modules/@testing-library/user-event/dist/cjs/event/input.js:145:14)
      at editInputElement (node_modules/@testing-library/user-event/dist/cjs/event/input.js:115:9)
      at Object.input (node_modules/@testing-library/user-event/dist/cjs/event/input.js:37:9)
      at node_modules/@testing-library/user-event/dist/cjs/event/behavior/keypress.js:31:26
      at Object.dispatchEvent (node_modules/@testing-library/user-event/dist/cjs/event/dispatchEvent.js:41:13)
      at Object.dispatchUIEvent (node_modules/@testing-library/user-event/dist/cjs/event/dispatchEvent.js:22:26)
      at KeyboardHost.keydown (node_modules/@testing-library/user-event/dist/cjs/system/keyboard.js:76:22)
      at keyboardAction (node_modules/@testing-library/user-event/dist/cjs/keyboard/index.js:22:35)
      at Object.keyboard (node_modules/@testing-library/user-event/dist/cjs/keyboard/index.js:11:15)
      at Object.type (node_modules/@testing-library/user-event/dist/cjs/utility/type.js:17:5)
      at Object.<anonymous> (src/components/Contact/Contact.test.tsx:170:5)

    console.error
      Warning: An update to Contact inside a test was not wrapped in act(...).
      
      When testing, code that causes React state updates should be wrapped into act(...):
      
      act(() => {
        /* fire events that update state */
      });
      /* assert on the output */
      
      This ensures that you're testing the behavior the user would see in the browser. Learn more at https://reactjs.org/link/wrap-tests-with-act
          at Contact (/workspaces/netsanet-portfolio/src/components/Contact/Contact.tsx:17:44)

      30 |
      31 |   const handleInputChange = (field: keyof ContactFormData, value: string) => {
    > 32 |     setFormState(prev => ({
         |     ^
      33 |       ...prev,
      34 |       data: {
      35 |         ...prev.data,

      at printWarning (node_modules/react-dom/cjs/react-dom.development.js:86:30)
      at error (node_modules/react-dom/cjs/react-dom.development.js:60:7)
      at warnIfUpdatesNotWrappedWithActDEV (node_modules/react-dom/cjs/react-dom.development.js:27628:9)
      at scheduleUpdateOnFiber (node_modules/react-dom/cjs/react-dom.development.js:25547:5)
      at dispatchSetState (node_modules/react-dom/cjs/react-dom.development.js:16708:7)
      at handleInputChange (src/components/Contact/Contact.tsx:32:5)
      at onChange (src/components/Contact/Contact.tsx:301:34)
      at HTMLUnknownElement.callCallback (node_modules/react-dom/cjs/react-dom.development.js:4164:14)
      at HTMLUnknownElement.callTheUserObjectsOperation (node_modules/jsdom/lib/jsdom/living/generated/EventListener.js:26:30)
      at innerInvokeEventListeners (node_modules/jsdom/lib/jsdom/living/events/EventTarget-impl.js:350:25)
      at invokeEventListeners (node_modules/jsdom/lib/jsdom/living/events/EventTarget-impl.js:286:3)
      at HTMLUnknownElementImpl._dispatch (node_modules/jsdom/lib/jsdom/living/events/EventTarget-impl.js:233:9)
      at HTMLUnknownElementImpl.dispatchEvent (node_modules/jsdom/lib/jsdom/living/events/EventTarget-impl.js:104:17)
      at HTMLUnknownElement.dispatchEvent (node_modules/jsdom/lib/jsdom/living/generated/EventTarget.js:241:34)
      at Object.invokeGuardedCallbackDev (node_modules/react-dom/cjs/react-dom.development.js:4213:16)
      at invokeGuardedCallback (node_modules/react-dom/cjs/react-dom.development.js:4277:31)
      at invokeGuardedCallbackAndCatchFirstError (node_modules/react-dom/cjs/react-dom.development.js:4291:25)
      at executeDispatch (node_modules/react-dom/cjs/react-dom.development.js:9041:3)
      at processDispatchQueueItemsInOrder (node_modules/react-dom/cjs/react-dom.development.js:9073:7)
      at processDispatchQueue (node_modules/react-dom/cjs/react-dom.development.js:9086:5)
      at dispatchEventsForPlugins (node_modules/react-dom/cjs/react-dom.development.js:9097:3)
      at node_modules/react-dom/cjs/react-dom.development.js:9288:12
      at batchedUpdates$1 (node_modules/react-dom/cjs/react-dom.development.js:26179:12)
      at batchedUpdates (node_modules/react-dom/cjs/react-dom.development.js:3991:12)
      at dispatchEventForPluginEventSystem (node_modules/react-dom/cjs/react-dom.development.js:9287:3)
      at dispatchEventWithEnableCapturePhaseSelectiveHydrationWithoutDiscreteEventReplay (node_modules/react-dom/cjs/react-dom.development.js:6465:5)
      at dispatchEvent (node_modules/react-dom/cjs/react-dom.development.js:6457:5)
      at dispatchDiscreteEvent (node_modules/react-dom/cjs/react-dom.development.js:6430:5)
      at HTMLDivElement.callTheUserObjectsOperation (node_modules/jsdom/lib/jsdom/living/generated/EventListener.js:26:30)
      at innerInvokeEventListeners (node_modules/jsdom/lib/jsdom/living/events/EventTarget-impl.js:350:25)
      at invokeEventListeners (node_modules/jsdom/lib/jsdom/living/events/EventTarget-impl.js:286:3)
      at HTMLTextAreaElementImpl._dispatch (node_modules/jsdom/lib/jsdom/living/events/EventTarget-impl.js:233:9)
      at HTMLTextAreaElementImpl.dispatchEvent (node_modules/jsdom/lib/jsdom/living/events/EventTarget-impl.js:104:17)
      at HTMLTextAreaElement.dispatchEvent (node_modules/jsdom/lib/jsdom/living/generated/EventTarget.js:241:34)
      at node_modules/@testing-library/user-event/dist/cjs/event/dispatchEvent.js:45:43
      at Object.eventWrapper (node_modules/@testing-library/dom/dist/config.js:25:23)
      at Object.wrapEvent (node_modules/@testing-library/user-event/dist/cjs/event/wrapEvent.js:6:28)
      at Object.dispatchEvent (node_modules/@testing-library/user-event/dist/cjs/event/dispatchEvent.js:45:22)
      at Object.dispatchUIEvent (node_modules/@testing-library/user-event/dist/cjs/event/dispatchEvent.js:22:26)
      at commitInput (node_modules/@testing-library/user-event/dist/cjs/event/input.js:145:14)
      at editInputElement (node_modules/@testing-library/user-event/dist/cjs/event/input.js:115:9)
      at Object.input (node_modules/@testing-library/user-event/dist/cjs/event/input.js:37:9)
      at node_modules/@testing-library/user-event/dist/cjs/event/behavior/keypress.js:31:26
      at Object.dispatchEvent (node_modules/@testing-library/user-event/dist/cjs/event/dispatchEvent.js:41:13)
      at Object.dispatchUIEvent (node_modules/@testing-library/user-event/dist/cjs/event/dispatchEvent.js:22:26)
      at KeyboardHost.keydown (node_modules/@testing-library/user-event/dist/cjs/system/keyboard.js:76:22)
      at keyboardAction (node_modules/@testing-library/user-event/dist/cjs/keyboard/index.js:22:35)
      at Object.keyboard (node_modules/@testing-library/user-event/dist/cjs/keyboard/index.js:11:15)
      at Object.type (node_modules/@testing-library/user-event/dist/cjs/utility/type.js:17:5)
      at Object.<anonymous> (src/components/Contact/Contact.test.tsx:170:5)

    console.error
      Warning: An update to Contact inside a test was not wrapped in act(...).
      
      When testing, code that causes React state updates should be wrapped into act(...):
      
      act(() => {
        /* fire events that update state */
      });
      /* assert on the output */
      
      This ensures that you're testing the behavior the user would see in the browser. Learn more at https://reactjs.org/link/wrap-tests-with-act
          at Contact (/workspaces/netsanet-portfolio/src/components/Contact/Contact.tsx:17:44)

      30 |
      31 |   const handleInputChange = (field: keyof ContactFormData, value: string) => {
    > 32 |     setFormState(prev => ({
         |     ^
      33 |       ...prev,
      34 |       data: {
      35 |         ...prev.data,

      at printWarning (node_modules/react-dom/cjs/react-dom.development.js:86:30)
      at error (node_modules/react-dom/cjs/react-dom.development.js:60:7)
      at warnIfUpdatesNotWrappedWithActDEV (node_modules/react-dom/cjs/react-dom.development.js:27628:9)
      at scheduleUpdateOnFiber (node_modules/react-dom/cjs/react-dom.development.js:25547:5)
      at dispatchSetState (node_modules/react-dom/cjs/react-dom.development.js:16708:7)
      at handleInputChange (src/components/Contact/Contact.tsx:32:5)
      at onChange (src/components/Contact/Contact.tsx:301:34)
      at HTMLUnknownElement.callCallback (node_modules/react-dom/cjs/react-dom.development.js:4164:14)
      at HTMLUnknownElement.callTheUserObjectsOperation (node_modules/jsdom/lib/jsdom/living/generated/EventListener.js:26:30)
      at innerInvokeEventListeners (node_modules/jsdom/lib/jsdom/living/events/EventTarget-impl.js:350:25)
      at invokeEventListeners (node_modules/jsdom/lib/jsdom/living/events/EventTarget-impl.js:286:3)
      at HTMLUnknownElementImpl._dispatch (node_modules/jsdom/lib/jsdom/living/events/EventTarget-impl.js:233:9)
      at HTMLUnknownElementImpl.dispatchEvent (node_modules/jsdom/lib/jsdom/living/events/EventTarget-impl.js:104:17)
      at HTMLUnknownElement.dispatchEvent (node_modules/jsdom/lib/jsdom/living/generated/EventTarget.js:241:34)
      at Object.invokeGuardedCallbackDev (node_modules/react-dom/cjs/react-dom.development.js:4213:16)
      at invokeGuardedCallback (node_modules/react-dom/cjs/react-dom.development.js:4277:31)
      at invokeGuardedCallbackAndCatchFirstError (node_modules/react-dom/cjs/react-dom.development.js:4291:25)
      at executeDispatch (node_modules/react-dom/cjs/react-dom.development.js:9041:3)
      at processDispatchQueueItemsInOrder (node_modules/react-dom/cjs/react-dom.development.js:9073:7)
      at processDispatchQueue (node_modules/react-dom/cjs/react-dom.development.js:9086:5)
      at dispatchEventsForPlugins (node_modules/react-dom/cjs/react-dom.development.js:9097:3)
      at node_modules/react-dom/cjs/react-dom.development.js:9288:12
      at batchedUpdates$1 (node_modules/react-dom/cjs/react-dom.development.js:26179:12)
      at batchedUpdates (node_modules/react-dom/cjs/react-dom.development.js:3991:12)
      at dispatchEventForPluginEventSystem (node_modules/react-dom/cjs/react-dom.development.js:9287:3)
      at dispatchEventWithEnableCapturePhaseSelectiveHydrationWithoutDiscreteEventReplay (node_modules/react-dom/cjs/react-dom.development.js:6465:5)
      at dispatchEvent (node_modules/react-dom/cjs/react-dom.development.js:6457:5)
      at dispatchDiscreteEvent (node_modules/react-dom/cjs/react-dom.development.js:6430:5)
      at HTMLDivElement.callTheUserObjectsOperation (node_modules/jsdom/lib/jsdom/living/generated/EventListener.js:26:30)
      at innerInvokeEventListeners (node_modules/jsdom/lib/jsdom/living/events/EventTarget-impl.js:350:25)
      at invokeEventListeners (node_modules/jsdom/lib/jsdom/living/events/EventTarget-impl.js:286:3)
      at HTMLTextAreaElementImpl._dispatch (node_modules/jsdom/lib/jsdom/living/events/EventTarget-impl.js:233:9)
      at HTMLTextAreaElementImpl.dispatchEvent (node_modules/jsdom/lib/jsdom/living/events/EventTarget-impl.js:104:17)
      at HTMLTextAreaElement.dispatchEvent (node_modules/jsdom/lib/jsdom/living/generated/EventTarget.js:241:34)
      at node_modules/@testing-library/user-event/dist/cjs/event/dispatchEvent.js:45:43
      at Object.eventWrapper (node_modules/@testing-library/dom/dist/config.js:25:23)
      at Object.wrapEvent (node_modules/@testing-library/user-event/dist/cjs/event/wrapEvent.js:6:28)
      at Object.dispatchEvent (node_modules/@testing-library/user-event/dist/cjs/event/dispatchEvent.js:45:22)
      at Object.dispatchUIEvent (node_modules/@testing-library/user-event/dist/cjs/event/dispatchEvent.js:22:26)
      at commitInput (node_modules/@testing-library/user-event/dist/cjs/event/input.js:145:14)
      at editInputElement (node_modules/@testing-library/user-event/dist/cjs/event/input.js:115:9)
      at Object.input (node_modules/@testing-library/user-event/dist/cjs/event/input.js:37:9)
      at node_modules/@testing-library/user-event/dist/cjs/event/behavior/keypress.js:31:26
      at Object.dispatchEvent (node_modules/@testing-library/user-event/dist/cjs/event/dispatchEvent.js:41:13)
      at Object.dispatchUIEvent (node_modules/@testing-library/user-event/dist/cjs/event/dispatchEvent.js:22:26)
      at KeyboardHost.keydown (node_modules/@testing-library/user-event/dist/cjs/system/keyboard.js:76:22)
      at keyboardAction (node_modules/@testing-library/user-event/dist/cjs/keyboard/index.js:22:35)
      at Object.keyboard (node_modules/@testing-library/user-event/dist/cjs/keyboard/index.js:11:15)
      at Object.type (node_modules/@testing-library/user-event/dist/cjs/utility/type.js:17:5)
      at Object.<anonymous> (src/components/Contact/Contact.test.tsx:170:5)

    console.error
      Warning: An update to Contact inside a test was not wrapped in act(...).
      
      When testing, code that causes React state updates should be wrapped into act(...):
      
      act(() => {
        /* fire events that update state */
      });
      /* assert on the output */
      
      This ensures that you're testing the behavior the user would see in the browser. Learn more at https://reactjs.org/link/wrap-tests-with-act
          at Contact (/workspaces/netsanet-portfolio/src/components/Contact/Contact.tsx:17:44)

      30 |
      31 |   const handleInputChange = (field: keyof ContactFormData, value: string) => {
    > 32 |     setFormState(prev => ({
         |     ^
      33 |       ...prev,
      34 |       data: {
      35 |         ...prev.data,

      at printWarning (node_modules/react-dom/cjs/react-dom.development.js:86:30)
      at error (node_modules/react-dom/cjs/react-dom.development.js:60:7)
      at warnIfUpdatesNotWrappedWithActDEV (node_modules/react-dom/cjs/react-dom.development.js:27628:9)
      at scheduleUpdateOnFiber (node_modules/react-dom/cjs/react-dom.development.js:25547:5)
      at dispatchSetState (node_modules/react-dom/cjs/react-dom.development.js:16708:7)
      at handleInputChange (src/components/Contact/Contact.tsx:32:5)
      at onChange (src/components/Contact/Contact.tsx:301:34)
      at HTMLUnknownElement.callCallback (node_modules/react-dom/cjs/react-dom.development.js:4164:14)
      at HTMLUnknownElement.callTheUserObjectsOperation (node_modules/jsdom/lib/jsdom/living/generated/EventListener.js:26:30)
      at innerInvokeEventListeners (node_modules/jsdom/lib/jsdom/living/events/EventTarget-impl.js:350:25)
      at invokeEventListeners (node_modules/jsdom/lib/jsdom/living/events/EventTarget-impl.js:286:3)
      at HTMLUnknownElementImpl._dispatch (node_modules/jsdom/lib/jsdom/living/events/EventTarget-impl.js:233:9)
      at HTMLUnknownElementImpl.dispatchEvent (node_modules/jsdom/lib/jsdom/living/events/EventTarget-impl.js:104:17)
      at HTMLUnknownElement.dispatchEvent (node_modules/jsdom/lib/jsdom/living/generated/EventTarget.js:241:34)
      at Object.invokeGuardedCallbackDev (node_modules/react-dom/cjs/react-dom.development.js:4213:16)
      at invokeGuardedCallback (node_modules/react-dom/cjs/react-dom.development.js:4277:31)
      at invokeGuardedCallbackAndCatchFirstError (node_modules/react-dom/cjs/react-dom.development.js:4291:25)
      at executeDispatch (node_modules/react-dom/cjs/react-dom.development.js:9041:3)
      at processDispatchQueueItemsInOrder (node_modules/react-dom/cjs/react-dom.development.js:9073:7)
      at processDispatchQueue (node_modules/react-dom/cjs/react-dom.development.js:9086:5)
      at dispatchEventsForPlugins (node_modules/react-dom/cjs/react-dom.development.js:9097:3)
      at node_modules/react-dom/cjs/react-dom.development.js:9288:12
      at batchedUpdates$1 (node_modules/react-dom/cjs/react-dom.development.js:26179:12)
      at batchedUpdates (node_modules/react-dom/cjs/react-dom.development.js:3991:12)
      at dispatchEventForPluginEventSystem (node_modules/react-dom/cjs/react-dom.development.js:9287:3)
      at dispatchEventWithEnableCapturePhaseSelectiveHydrationWithoutDiscreteEventReplay (node_modules/react-dom/cjs/react-dom.development.js:6465:5)
      at dispatchEvent (node_modules/react-dom/cjs/react-dom.development.js:6457:5)
      at dispatchDiscreteEvent (node_modules/react-dom/cjs/react-dom.development.js:6430:5)
      at HTMLDivElement.callTheUserObjectsOperation (node_modules/jsdom/lib/jsdom/living/generated/EventListener.js:26:30)
      at innerInvokeEventListeners (node_modules/jsdom/lib/jsdom/living/events/EventTarget-impl.js:350:25)
      at invokeEventListeners (node_modules/jsdom/lib/jsdom/living/events/EventTarget-impl.js:286:3)
      at HTMLTextAreaElementImpl._dispatch (node_modules/jsdom/lib/jsdom/living/events/EventTarget-impl.js:233:9)
      at HTMLTextAreaElementImpl.dispatchEvent (node_modules/jsdom/lib/jsdom/living/events/EventTarget-impl.js:104:17)
      at HTMLTextAreaElement.dispatchEvent (node_modules/jsdom/lib/jsdom/living/generated/EventTarget.js:241:34)
      at node_modules/@testing-library/user-event/dist/cjs/event/dispatchEvent.js:45:43
      at Object.eventWrapper (node_modules/@testing-library/dom/dist/config.js:25:23)
      at Object.wrapEvent (node_modules/@testing-library/user-event/dist/cjs/event/wrapEvent.js:6:28)
      at Object.dispatchEvent (node_modules/@testing-library/user-event/dist/cjs/event/dispatchEvent.js:45:22)
      at Object.dispatchUIEvent (node_modules/@testing-library/user-event/dist/cjs/event/dispatchEvent.js:22:26)
      at commitInput (node_modules/@testing-library/user-event/dist/cjs/event/input.js:145:14)
      at editInputElement (node_modules/@testing-library/user-event/dist/cjs/event/input.js:115:9)
      at Object.input (node_modules/@testing-library/user-event/dist/cjs/event/input.js:37:9)
      at node_modules/@testing-library/user-event/dist/cjs/event/behavior/keypress.js:31:26
      at Object.dispatchEvent (node_modules/@testing-library/user-event/dist/cjs/event/dispatchEvent.js:41:13)
      at Object.dispatchUIEvent (node_modules/@testing-library/user-event/dist/cjs/event/dispatchEvent.js:22:26)
      at KeyboardHost.keydown (node_modules/@testing-library/user-event/dist/cjs/system/keyboard.js:76:22)
      at keyboardAction (node_modules/@testing-library/user-event/dist/cjs/keyboard/index.js:22:35)
      at Object.keyboard (node_modules/@testing-library/user-event/dist/cjs/keyboard/index.js:11:15)
      at Object.type (node_modules/@testing-library/user-event/dist/cjs/utility/type.js:17:5)
      at Object.<anonymous> (src/components/Contact/Contact.test.tsx:170:5)

    console.error
      Warning: An update to Contact inside a test was not wrapped in act(...).
      
      When testing, code that causes React state updates should be wrapped into act(...):
      
      act(() => {
        /* fire events that update state */
      });
      /* assert on the output */
      
      This ensures that you're testing the behavior the user would see in the browser. Learn more at https://reactjs.org/link/wrap-tests-with-act
          at Contact (/workspaces/netsanet-portfolio/src/components/Contact/Contact.tsx:17:44)

      30 |
      31 |   const handleInputChange = (field: keyof ContactFormData, value: string) => {
    > 32 |     setFormState(prev => ({
         |     ^
      33 |       ...prev,
      34 |       data: {
      35 |         ...prev.data,

      at printWarning (node_modules/react-dom/cjs/react-dom.development.js:86:30)
      at error (node_modules/react-dom/cjs/react-dom.development.js:60:7)
      at warnIfUpdatesNotWrappedWithActDEV (node_modules/react-dom/cjs/react-dom.development.js:27628:9)
      at scheduleUpdateOnFiber (node_modules/react-dom/cjs/react-dom.development.js:25547:5)
      at dispatchSetState (node_modules/react-dom/cjs/react-dom.development.js:16708:7)
      at handleInputChange (src/components/Contact/Contact.tsx:32:5)
      at onChange (src/components/Contact/Contact.tsx:301:34)
      at HTMLUnknownElement.callCallback (node_modules/react-dom/cjs/react-dom.development.js:4164:14)
      at HTMLUnknownElement.callTheUserObjectsOperation (node_modules/jsdom/lib/jsdom/living/generated/EventListener.js:26:30)
      at innerInvokeEventListeners (node_modules/jsdom/lib/jsdom/living/events/EventTarget-impl.js:350:25)
      at invokeEventListeners (node_modules/jsdom/lib/jsdom/living/events/EventTarget-impl.js:286:3)
      at HTMLUnknownElementImpl._dispatch (node_modules/jsdom/lib/jsdom/living/events/EventTarget-impl.js:233:9)
      at HTMLUnknownElementImpl.dispatchEvent (node_modules/jsdom/lib/jsdom/living/events/EventTarget-impl.js:104:17)
      at HTMLUnknownElement.dispatchEvent (node_modules/jsdom/lib/jsdom/living/generated/EventTarget.js:241:34)
      at Object.invokeGuardedCallbackDev (node_modules/react-dom/cjs/react-dom.development.js:4213:16)
      at invokeGuardedCallback (node_modules/react-dom/cjs/react-dom.development.js:4277:31)
      at invokeGuardedCallbackAndCatchFirstError (node_modules/react-dom/cjs/react-dom.development.js:4291:25)
      at executeDispatch (node_modules/react-dom/cjs/react-dom.development.js:9041:3)
      at processDispatchQueueItemsInOrder (node_modules/react-dom/cjs/react-dom.development.js:9073:7)
      at processDispatchQueue (node_modules/react-dom/cjs/react-dom.development.js:9086:5)
      at dispatchEventsForPlugins (node_modules/react-dom/cjs/react-dom.development.js:9097:3)
      at node_modules/react-dom/cjs/react-dom.development.js:9288:12
      at batchedUpdates$1 (node_modules/react-dom/cjs/react-dom.development.js:26179:12)
      at batchedUpdates (node_modules/react-dom/cjs/react-dom.development.js:3991:12)
      at dispatchEventForPluginEventSystem (node_modules/react-dom/cjs/react-dom.development.js:9287:3)
      at dispatchEventWithEnableCapturePhaseSelectiveHydrationWithoutDiscreteEventReplay (node_modules/react-dom/cjs/react-dom.development.js:6465:5)
      at dispatchEvent (node_modules/react-dom/cjs/react-dom.development.js:6457:5)
      at dispatchDiscreteEvent (node_modules/react-dom/cjs/react-dom.development.js:6430:5)
      at HTMLDivElement.callTheUserObjectsOperation (node_modules/jsdom/lib/jsdom/living/generated/EventListener.js:26:30)
      at innerInvokeEventListeners (node_modules/jsdom/lib/jsdom/living/events/EventTarget-impl.js:350:25)
      at invokeEventListeners (node_modules/jsdom/lib/jsdom/living/events/EventTarget-impl.js:286:3)
      at HTMLTextAreaElementImpl._dispatch (node_modules/jsdom/lib/jsdom/living/events/EventTarget-impl.js:233:9)
      at HTMLTextAreaElementImpl.dispatchEvent (node_modules/jsdom/lib/jsdom/living/events/EventTarget-impl.js:104:17)
      at HTMLTextAreaElement.dispatchEvent (node_modules/jsdom/lib/jsdom/living/generated/EventTarget.js:241:34)
      at node_modules/@testing-library/user-event/dist/cjs/event/dispatchEvent.js:45:43
      at Object.eventWrapper (node_modules/@testing-library/dom/dist/config.js:25:23)
      at Object.wrapEvent (node_modules/@testing-library/user-event/dist/cjs/event/wrapEvent.js:6:28)
      at Object.dispatchEvent (node_modules/@testing-library/user-event/dist/cjs/event/dispatchEvent.js:45:22)
      at Object.dispatchUIEvent (node_modules/@testing-library/user-event/dist/cjs/event/dispatchEvent.js:22:26)
      at commitInput (node_modules/@testing-library/user-event/dist/cjs/event/input.js:145:14)
      at editInputElement (node_modules/@testing-library/user-event/dist/cjs/event/input.js:115:9)
      at Object.input (node_modules/@testing-library/user-event/dist/cjs/event/input.js:37:9)
      at node_modules/@testing-library/user-event/dist/cjs/event/behavior/keypress.js:31:26
      at Object.dispatchEvent (node_modules/@testing-library/user-event/dist/cjs/event/dispatchEvent.js:41:13)
      at Object.dispatchUIEvent (node_modules/@testing-library/user-event/dist/cjs/event/dispatchEvent.js:22:26)
      at KeyboardHost.keydown (node_modules/@testing-library/user-event/dist/cjs/system/keyboard.js:76:22)
      at keyboardAction (node_modules/@testing-library/user-event/dist/cjs/keyboard/index.js:22:35)
      at Object.keyboard (node_modules/@testing-library/user-event/dist/cjs/keyboard/index.js:11:15)
      at Object.type (node_modules/@testing-library/user-event/dist/cjs/utility/type.js:17:5)
      at Object.<anonymous> (src/components/Contact/Contact.test.tsx:170:5)

    console.error
      Warning: An update to Contact inside a test was not wrapped in act(...).
      
      When testing, code that causes React state updates should be wrapped into act(...):
      
      act(() => {
        /* fire events that update state */
      });
      /* assert on the output */
      
      This ensures that you're testing the behavior the user would see in the browser. Learn more at https://reactjs.org/link/wrap-tests-with-act
          at Contact (/workspaces/netsanet-portfolio/src/components/Contact/Contact.tsx:17:44)

      30 |
      31 |   const handleInputChange = (field: keyof ContactFormData, value: string) => {
    > 32 |     setFormState(prev => ({
         |     ^
      33 |       ...prev,
      34 |       data: {
      35 |         ...prev.data,

      at printWarning (node_modules/react-dom/cjs/react-dom.development.js:86:30)
      at error (node_modules/react-dom/cjs/react-dom.development.js:60:7)
      at warnIfUpdatesNotWrappedWithActDEV (node_modules/react-dom/cjs/react-dom.development.js:27628:9)
      at scheduleUpdateOnFiber (node_modules/react-dom/cjs/react-dom.development.js:25547:5)
      at dispatchSetState (node_modules/react-dom/cjs/react-dom.development.js:16708:7)
      at handleInputChange (src/components/Contact/Contact.tsx:32:5)
      at onChange (src/components/Contact/Contact.tsx:301:34)
      at HTMLUnknownElement.callCallback (node_modules/react-dom/cjs/react-dom.development.js:4164:14)
      at HTMLUnknownElement.callTheUserObjectsOperation (node_modules/jsdom/lib/jsdom/living/generated/EventListener.js:26:30)
      at innerInvokeEventListeners (node_modules/jsdom/lib/jsdom/living/events/EventTarget-impl.js:350:25)
      at invokeEventListeners (node_modules/jsdom/lib/jsdom/living/events/EventTarget-impl.js:286:3)
      at HTMLUnknownElementImpl._dispatch (node_modules/jsdom/lib/jsdom/living/events/EventTarget-impl.js:233:9)
      at HTMLUnknownElementImpl.dispatchEvent (node_modules/jsdom/lib/jsdom/living/events/EventTarget-impl.js:104:17)
      at HTMLUnknownElement.dispatchEvent (node_modules/jsdom/lib/jsdom/living/generated/EventTarget.js:241:34)
      at Object.invokeGuardedCallbackDev (node_modules/react-dom/cjs/react-dom.development.js:4213:16)
      at invokeGuardedCallback (node_modules/react-dom/cjs/react-dom.development.js:4277:31)
      at invokeGuardedCallbackAndCatchFirstError (node_modules/react-dom/cjs/react-dom.development.js:4291:25)
      at executeDispatch (node_modules/react-dom/cjs/react-dom.development.js:9041:3)
      at processDispatchQueueItemsInOrder (node_modules/react-dom/cjs/react-dom.development.js:9073:7)
      at processDispatchQueue (node_modules/react-dom/cjs/react-dom.development.js:9086:5)
      at dispatchEventsForPlugins (node_modules/react-dom/cjs/react-dom.development.js:9097:3)
      at node_modules/react-dom/cjs/react-dom.development.js:9288:12
      at batchedUpdates$1 (node_modules/react-dom/cjs/react-dom.development.js:26179:12)
      at batchedUpdates (node_modules/react-dom/cjs/react-dom.development.js:3991:12)
      at dispatchEventForPluginEventSystem (node_modules/react-dom/cjs/react-dom.development.js:9287:3)
      at dispatchEventWithEnableCapturePhaseSelectiveHydrationWithoutDiscreteEventReplay (node_modules/react-dom/cjs/react-dom.development.js:6465:5)
      at dispatchEvent (node_modules/react-dom/cjs/react-dom.development.js:6457:5)
      at dispatchDiscreteEvent (node_modules/react-dom/cjs/react-dom.development.js:6430:5)
      at HTMLDivElement.callTheUserObjectsOperation (node_modules/jsdom/lib/jsdom/living/generated/EventListener.js:26:30)
      at innerInvokeEventListeners (node_modules/jsdom/lib/jsdom/living/events/EventTarget-impl.js:350:25)
      at invokeEventListeners (node_modules/jsdom/lib/jsdom/living/events/EventTarget-impl.js:286:3)
      at HTMLTextAreaElementImpl._dispatch (node_modules/jsdom/lib/jsdom/living/events/EventTarget-impl.js:233:9)
      at HTMLTextAreaElementImpl.dispatchEvent (node_modules/jsdom/lib/jsdom/living/events/EventTarget-impl.js:104:17)
      at HTMLTextAreaElement.dispatchEvent (node_modules/jsdom/lib/jsdom/living/generated/EventTarget.js:241:34)
      at node_modules/@testing-library/user-event/dist/cjs/event/dispatchEvent.js:45:43
      at Object.eventWrapper (node_modules/@testing-library/dom/dist/config.js:25:23)
      at Object.wrapEvent (node_modules/@testing-library/user-event/dist/cjs/event/wrapEvent.js:6:28)
      at Object.dispatchEvent (node_modules/@testing-library/user-event/dist/cjs/event/dispatchEvent.js:45:22)
      at Object.dispatchUIEvent (node_modules/@testing-library/user-event/dist/cjs/event/dispatchEvent.js:22:26)
      at commitInput (node_modules/@testing-library/user-event/dist/cjs/event/input.js:145:14)
      at editInputElement (node_modules/@testing-library/user-event/dist/cjs/event/input.js:115:9)
      at Object.input (node_modules/@testing-library/user-event/dist/cjs/event/input.js:37:9)
      at node_modules/@testing-library/user-event/dist/cjs/event/behavior/keypress.js:31:26
      at Object.dispatchEvent (node_modules/@testing-library/user-event/dist/cjs/event/dispatchEvent.js:41:13)
      at Object.dispatchUIEvent (node_modules/@testing-library/user-event/dist/cjs/event/dispatchEvent.js:22:26)
      at KeyboardHost.keydown (node_modules/@testing-library/user-event/dist/cjs/system/keyboard.js:76:22)
      at keyboardAction (node_modules/@testing-library/user-event/dist/cjs/keyboard/index.js:22:35)
      at Object.keyboard (node_modules/@testing-library/user-event/dist/cjs/keyboard/index.js:11:15)
      at Object.type (node_modules/@testing-library/user-event/dist/cjs/utility/type.js:17:5)
      at Object.<anonymous> (src/components/Contact/Contact.test.tsx:170:5)

    console.error
      Warning: An update to Contact inside a test was not wrapped in act(...).
      
      When testing, code that causes React state updates should be wrapped into act(...):
      
      act(() => {
        /* fire events that update state */
      });
      /* assert on the output */
      
      This ensures that you're testing the behavior the user would see in the browser. Learn more at https://reactjs.org/link/wrap-tests-with-act
          at Contact (/workspaces/netsanet-portfolio/src/components/Contact/Contact.tsx:17:44)

      30 |
      31 |   const handleInputChange = (field: keyof ContactFormData, value: string) => {
    > 32 |     setFormState(prev => ({
         |     ^
      33 |       ...prev,
      34 |       data: {
      35 |         ...prev.data,

      at printWarning (node_modules/react-dom/cjs/react-dom.development.js:86:30)
      at error (node_modules/react-dom/cjs/react-dom.development.js:60:7)
      at warnIfUpdatesNotWrappedWithActDEV (node_modules/react-dom/cjs/react-dom.development.js:27628:9)
      at scheduleUpdateOnFiber (node_modules/react-dom/cjs/react-dom.development.js:25547:5)
      at dispatchSetState (node_modules/react-dom/cjs/react-dom.development.js:16708:7)
      at handleInputChange (src/components/Contact/Contact.tsx:32:5)
      at onChange (src/components/Contact/Contact.tsx:301:34)
      at HTMLUnknownElement.callCallback (node_modules/react-dom/cjs/react-dom.development.js:4164:14)
      at HTMLUnknownElement.callTheUserObjectsOperation (node_modules/jsdom/lib/jsdom/living/generated/EventListener.js:26:30)
      at innerInvokeEventListeners (node_modules/jsdom/lib/jsdom/living/events/EventTarget-impl.js:350:25)
      at invokeEventListeners (node_modules/jsdom/lib/jsdom/living/events/EventTarget-impl.js:286:3)
      at HTMLUnknownElementImpl._dispatch (node_modules/jsdom/lib/jsdom/living/events/EventTarget-impl.js:233:9)
      at HTMLUnknownElementImpl.dispatchEvent (node_modules/jsdom/lib/jsdom/living/events/EventTarget-impl.js:104:17)
      at HTMLUnknownElement.dispatchEvent (node_modules/jsdom/lib/jsdom/living/generated/EventTarget.js:241:34)
      at Object.invokeGuardedCallbackDev (node_modules/react-dom/cjs/react-dom.development.js:4213:16)
      at invokeGuardedCallback (node_modules/react-dom/cjs/react-dom.development.js:4277:31)
      at invokeGuardedCallbackAndCatchFirstError (node_modules/react-dom/cjs/react-dom.development.js:4291:25)
      at executeDispatch (node_modules/react-dom/cjs/react-dom.development.js:9041:3)
      at processDispatchQueueItemsInOrder (node_modules/react-dom/cjs/react-dom.development.js:9073:7)
      at processDispatchQueue (node_modules/react-dom/cjs/react-dom.development.js:9086:5)
      at dispatchEventsForPlugins (node_modules/react-dom/cjs/react-dom.development.js:9097:3)
      at node_modules/react-dom/cjs/react-dom.development.js:9288:12
      at batchedUpdates$1 (node_modules/react-dom/cjs/react-dom.development.js:26179:12)
      at batchedUpdates (node_modules/react-dom/cjs/react-dom.development.js:3991:12)
      at dispatchEventForPluginEventSystem (node_modules/react-dom/cjs/react-dom.development.js:9287:3)
      at dispatchEventWithEnableCapturePhaseSelectiveHydrationWithoutDiscreteEventReplay (node_modules/react-dom/cjs/react-dom.development.js:6465:5)
      at dispatchEvent (node_modules/react-dom/cjs/react-dom.development.js:6457:5)
      at dispatchDiscreteEvent (node_modules/react-dom/cjs/react-dom.development.js:6430:5)
      at HTMLDivElement.callTheUserObjectsOperation (node_modules/jsdom/lib/jsdom/living/generated/EventListener.js:26:30)
      at innerInvokeEventListeners (node_modules/jsdom/lib/jsdom/living/events/EventTarget-impl.js:350:25)
      at invokeEventListeners (node_modules/jsdom/lib/jsdom/living/events/EventTarget-impl.js:286:3)
      at HTMLTextAreaElementImpl._dispatch (node_modules/jsdom/lib/jsdom/living/events/EventTarget-impl.js:233:9)
      at HTMLTextAreaElementImpl.dispatchEvent (node_modules/jsdom/lib/jsdom/living/events/EventTarget-impl.js:104:17)
      at HTMLTextAreaElement.dispatchEvent (node_modules/jsdom/lib/jsdom/living/generated/EventTarget.js:241:34)
      at node_modules/@testing-library/user-event/dist/cjs/event/dispatchEvent.js:45:43
      at Object.eventWrapper (node_modules/@testing-library/dom/dist/config.js:25:23)
      at Object.wrapEvent (node_modules/@testing-library/user-event/dist/cjs/event/wrapEvent.js:6:28)
      at Object.dispatchEvent (node_modules/@testing-library/user-event/dist/cjs/event/dispatchEvent.js:45:22)
      at Object.dispatchUIEvent (node_modules/@testing-library/user-event/dist/cjs/event/dispatchEvent.js:22:26)
      at commitInput (node_modules/@testing-library/user-event/dist/cjs/event/input.js:145:14)
      at editInputElement (node_modules/@testing-library/user-event/dist/cjs/event/input.js:115:9)
      at Object.input (node_modules/@testing-library/user-event/dist/cjs/event/input.js:37:9)
      at node_modules/@testing-library/user-event/dist/cjs/event/behavior/keypress.js:31:26
      at Object.dispatchEvent (node_modules/@testing-library/user-event/dist/cjs/event/dispatchEvent.js:41:13)
      at Object.dispatchUIEvent (node_modules/@testing-library/user-event/dist/cjs/event/dispatchEvent.js:22:26)
      at KeyboardHost.keydown (node_modules/@testing-library/user-event/dist/cjs/system/keyboard.js:76:22)
      at keyboardAction (node_modules/@testing-library/user-event/dist/cjs/keyboard/index.js:22:35)
      at Object.keyboard (node_modules/@testing-library/user-event/dist/cjs/keyboard/index.js:11:15)
      at Object.type (node_modules/@testing-library/user-event/dist/cjs/utility/type.js:17:5)
      at Object.<anonymous> (src/components/Contact/Contact.test.tsx:170:5)

    console.error
      Warning: An update to Contact inside a test was not wrapped in act(...).
      
      When testing, code that causes React state updates should be wrapped into act(...):
      
      act(() => {
        /* fire events that update state */
      });
      /* assert on the output */
      
      This ensures that you're testing the behavior the user would see in the browser. Learn more at https://reactjs.org/link/wrap-tests-with-act
          at Contact (/workspaces/netsanet-portfolio/src/components/Contact/Contact.tsx:17:44)

      30 |
      31 |   const handleInputChange = (field: keyof ContactFormData, value: string) => {
    > 32 |     setFormState(prev => ({
         |     ^
      33 |       ...prev,
      34 |       data: {
      35 |         ...prev.data,

      at printWarning (node_modules/react-dom/cjs/react-dom.development.js:86:30)
      at error (node_modules/react-dom/cjs/react-dom.development.js:60:7)
      at warnIfUpdatesNotWrappedWithActDEV (node_modules/react-dom/cjs/react-dom.development.js:27628:9)
      at scheduleUpdateOnFiber (node_modules/react-dom/cjs/react-dom.development.js:25547:5)
      at dispatchSetState (node_modules/react-dom/cjs/react-dom.development.js:16708:7)
      at handleInputChange (src/components/Contact/Contact.tsx:32:5)
      at onChange (src/components/Contact/Contact.tsx:301:34)
      at HTMLUnknownElement.callCallback (node_modules/react-dom/cjs/react-dom.development.js:4164:14)
      at HTMLUnknownElement.callTheUserObjectsOperation (node_modules/jsdom/lib/jsdom/living/generated/EventListener.js:26:30)
      at innerInvokeEventListeners (node_modules/jsdom/lib/jsdom/living/events/EventTarget-impl.js:350:25)
      at invokeEventListeners (node_modules/jsdom/lib/jsdom/living/events/EventTarget-impl.js:286:3)
      at HTMLUnknownElementImpl._dispatch (node_modules/jsdom/lib/jsdom/living/events/EventTarget-impl.js:233:9)
      at HTMLUnknownElementImpl.dispatchEvent (node_modules/jsdom/lib/jsdom/living/events/EventTarget-impl.js:104:17)
      at HTMLUnknownElement.dispatchEvent (node_modules/jsdom/lib/jsdom/living/generated/EventTarget.js:241:34)
      at Object.invokeGuardedCallbackDev (node_modules/react-dom/cjs/react-dom.development.js:4213:16)
      at invokeGuardedCallback (node_modules/react-dom/cjs/react-dom.development.js:4277:31)
      at invokeGuardedCallbackAndCatchFirstError (node_modules/react-dom/cjs/react-dom.development.js:4291:25)
      at executeDispatch (node_modules/react-dom/cjs/react-dom.development.js:9041:3)
      at processDispatchQueueItemsInOrder (node_modules/react-dom/cjs/react-dom.development.js:9073:7)
      at processDispatchQueue (node_modules/react-dom/cjs/react-dom.development.js:9086:5)
      at dispatchEventsForPlugins (node_modules/react-dom/cjs/react-dom.development.js:9097:3)
      at node_modules/react-dom/cjs/react-dom.development.js:9288:12
      at batchedUpdates$1 (node_modules/react-dom/cjs/react-dom.development.js:26179:12)
      at batchedUpdates (node_modules/react-dom/cjs/react-dom.development.js:3991:12)
      at dispatchEventForPluginEventSystem (node_modules/react-dom/cjs/react-dom.development.js:9287:3)
      at dispatchEventWithEnableCapturePhaseSelectiveHydrationWithoutDiscreteEventReplay (node_modules/react-dom/cjs/react-dom.development.js:6465:5)
      at dispatchEvent (node_modules/react-dom/cjs/react-dom.development.js:6457:5)
      at dispatchDiscreteEvent (node_modules/react-dom/cjs/react-dom.development.js:6430:5)
      at HTMLDivElement.callTheUserObjectsOperation (node_modules/jsdom/lib/jsdom/living/generated/EventListener.js:26:30)
      at innerInvokeEventListeners (node_modules/jsdom/lib/jsdom/living/events/EventTarget-impl.js:350:25)
      at invokeEventListeners (node_modules/jsdom/lib/jsdom/living/events/EventTarget-impl.js:286:3)
      at HTMLTextAreaElementImpl._dispatch (node_modules/jsdom/lib/jsdom/living/events/EventTarget-impl.js:233:9)
      at HTMLTextAreaElementImpl.dispatchEvent (node_modules/jsdom/lib/jsdom/living/events/EventTarget-impl.js:104:17)
      at HTMLTextAreaElement.dispatchEvent (node_modules/jsdom/lib/jsdom/living/generated/EventTarget.js:241:34)
      at node_modules/@testing-library/user-event/dist/cjs/event/dispatchEvent.js:45:43
      at Object.eventWrapper (node_modules/@testing-library/dom/dist/config.js:25:23)
      at Object.wrapEvent (node_modules/@testing-library/user-event/dist/cjs/event/wrapEvent.js:6:28)
      at Object.dispatchEvent (node_modules/@testing-library/user-event/dist/cjs/event/dispatchEvent.js:45:22)
      at Object.dispatchUIEvent (node_modules/@testing-library/user-event/dist/cjs/event/dispatchEvent.js:22:26)
      at commitInput (node_modules/@testing-library/user-event/dist/cjs/event/input.js:145:14)
      at editInputElement (node_modules/@testing-library/user-event/dist/cjs/event/input.js:115:9)
      at Object.input (node_modules/@testing-library/user-event/dist/cjs/event/input.js:37:9)
      at node_modules/@testing-library/user-event/dist/cjs/event/behavior/keypress.js:31:26
      at Object.dispatchEvent (node_modules/@testing-library/user-event/dist/cjs/event/dispatchEvent.js:41:13)
      at Object.dispatchUIEvent (node_modules/@testing-library/user-event/dist/cjs/event/dispatchEvent.js:22:26)
      at KeyboardHost.keydown (node_modules/@testing-library/user-event/dist/cjs/system/keyboard.js:76:22)
      at keyboardAction (node_modules/@testing-library/user-event/dist/cjs/keyboard/index.js:22:35)
      at Object.keyboard (node_modules/@testing-library/user-event/dist/cjs/keyboard/index.js:11:15)
      at Object.type (node_modules/@testing-library/user-event/dist/cjs/utility/type.js:17:5)
      at Object.<anonymous> (src/components/Contact/Contact.test.tsx:170:5)

    console.error
      Warning: An update to Contact inside a test was not wrapped in act(...).
      
      When testing, code that causes React state updates should be wrapped into act(...):
      
      act(() => {
        /* fire events that update state */
      });
      /* assert on the output */
      
      This ensures that you're testing the behavior the user would see in the browser. Learn more at https://reactjs.org/link/wrap-tests-with-act
          at Contact (/workspaces/netsanet-portfolio/src/components/Contact/Contact.tsx:17:44)

      30 |
      31 |   const handleInputChange = (field: keyof ContactFormData, value: string) => {
    > 32 |     setFormState(prev => ({
         |     ^
      33 |       ...prev,
      34 |       data: {
      35 |         ...prev.data,

      at printWarning (node_modules/react-dom/cjs/react-dom.development.js:86:30)
      at error (node_modules/react-dom/cjs/react-dom.development.js:60:7)
      at warnIfUpdatesNotWrappedWithActDEV (node_modules/react-dom/cjs/react-dom.development.js:27628:9)
      at scheduleUpdateOnFiber (node_modules/react-dom/cjs/react-dom.development.js:25547:5)
      at dispatchSetState (node_modules/react-dom/cjs/react-dom.development.js:16708:7)
      at handleInputChange (src/components/Contact/Contact.tsx:32:5)
      at onChange (src/components/Contact/Contact.tsx:301:34)
      at HTMLUnknownElement.callCallback (node_modules/react-dom/cjs/react-dom.development.js:4164:14)
      at HTMLUnknownElement.callTheUserObjectsOperation (node_modules/jsdom/lib/jsdom/living/generated/EventListener.js:26:30)
      at innerInvokeEventListeners (node_modules/jsdom/lib/jsdom/living/events/EventTarget-impl.js:350:25)
      at invokeEventListeners (node_modules/jsdom/lib/jsdom/living/events/EventTarget-impl.js:286:3)
      at HTMLUnknownElementImpl._dispatch (node_modules/jsdom/lib/jsdom/living/events/EventTarget-impl.js:233:9)
      at HTMLUnknownElementImpl.dispatchEvent (node_modules/jsdom/lib/jsdom/living/events/EventTarget-impl.js:104:17)
      at HTMLUnknownElement.dispatchEvent (node_modules/jsdom/lib/jsdom/living/generated/EventTarget.js:241:34)
      at Object.invokeGuardedCallbackDev (node_modules/react-dom/cjs/react-dom.development.js:4213:16)
      at invokeGuardedCallback (node_modules/react-dom/cjs/react-dom.development.js:4277:31)
      at invokeGuardedCallbackAndCatchFirstError (node_modules/react-dom/cjs/react-dom.development.js:4291:25)
      at executeDispatch (node_modules/react-dom/cjs/react-dom.development.js:9041:3)
      at processDispatchQueueItemsInOrder (node_modules/react-dom/cjs/react-dom.development.js:9073:7)
      at processDispatchQueue (node_modules/react-dom/cjs/react-dom.development.js:9086:5)
      at dispatchEventsForPlugins (node_modules/react-dom/cjs/react-dom.development.js:9097:3)
      at node_modules/react-dom/cjs/react-dom.development.js:9288:12
      at batchedUpdates$1 (node_modules/react-dom/cjs/react-dom.development.js:26179:12)
      at batchedUpdates (node_modules/react-dom/cjs/react-dom.development.js:3991:12)
      at dispatchEventForPluginEventSystem (node_modules/react-dom/cjs/react-dom.development.js:9287:3)
      at dispatchEventWithEnableCapturePhaseSelectiveHydrationWithoutDiscreteEventReplay (node_modules/react-dom/cjs/react-dom.development.js:6465:5)
      at dispatchEvent (node_modules/react-dom/cjs/react-dom.development.js:6457:5)
      at dispatchDiscreteEvent (node_modules/react-dom/cjs/react-dom.development.js:6430:5)
      at HTMLDivElement.callTheUserObjectsOperation (node_modules/jsdom/lib/jsdom/living/generated/EventListener.js:26:30)
      at innerInvokeEventListeners (node_modules/jsdom/lib/jsdom/living/events/EventTarget-impl.js:350:25)
      at invokeEventListeners (node_modules/jsdom/lib/jsdom/living/events/EventTarget-impl.js:286:3)
      at HTMLTextAreaElementImpl._dispatch (node_modules/jsdom/lib/jsdom/living/events/EventTarget-impl.js:233:9)
      at HTMLTextAreaElementImpl.dispatchEvent (node_modules/jsdom/lib/jsdom/living/events/EventTarget-impl.js:104:17)
      at HTMLTextAreaElement.dispatchEvent (node_modules/jsdom/lib/jsdom/living/generated/EventTarget.js:241:34)
      at node_modules/@testing-library/user-event/dist/cjs/event/dispatchEvent.js:45:43
      at Object.eventWrapper (node_modules/@testing-library/dom/dist/config.js:25:23)
      at Object.wrapEvent (node_modules/@testing-library/user-event/dist/cjs/event/wrapEvent.js:6:28)
      at Object.dispatchEvent (node_modules/@testing-library/user-event/dist/cjs/event/dispatchEvent.js:45:22)
      at Object.dispatchUIEvent (node_modules/@testing-library/user-event/dist/cjs/event/dispatchEvent.js:22:26)
      at commitInput (node_modules/@testing-library/user-event/dist/cjs/event/input.js:145:14)
      at editInputElement (node_modules/@testing-library/user-event/dist/cjs/event/input.js:115:9)
      at Object.input (node_modules/@testing-library/user-event/dist/cjs/event/input.js:37:9)
      at node_modules/@testing-library/user-event/dist/cjs/event/behavior/keypress.js:31:26
      at Object.dispatchEvent (node_modules/@testing-library/user-event/dist/cjs/event/dispatchEvent.js:41:13)
      at Object.dispatchUIEvent (node_modules/@testing-library/user-event/dist/cjs/event/dispatchEvent.js:22:26)
      at KeyboardHost.keydown (node_modules/@testing-library/user-event/dist/cjs/system/keyboard.js:76:22)
      at keyboardAction (node_modules/@testing-library/user-event/dist/cjs/keyboard/index.js:22:35)
      at Object.keyboard (node_modules/@testing-library/user-event/dist/cjs/keyboard/index.js:11:15)
      at Object.type (node_modules/@testing-library/user-event/dist/cjs/utility/type.js:17:5)
      at Object.<anonymous> (src/components/Contact/Contact.test.tsx:170:5)

    console.error
      Warning: An update to Contact inside a test was not wrapped in act(...).
      
      When testing, code that causes React state updates should be wrapped into act(...):
      
      act(() => {
        /* fire events that update state */
      });
      /* assert on the output */
      
      This ensures that you're testing the behavior the user would see in the browser. Learn more at https://reactjs.org/link/wrap-tests-with-act
          at Contact (/workspaces/netsanet-portfolio/src/components/Contact/Contact.tsx:17:44)

      30 |
      31 |   const handleInputChange = (field: keyof ContactFormData, value: string) => {
    > 32 |     setFormState(prev => ({
         |     ^
      33 |       ...prev,
      34 |       data: {
      35 |         ...prev.data,

      at printWarning (node_modules/react-dom/cjs/react-dom.development.js:86:30)
      at error (node_modules/react-dom/cjs/react-dom.development.js:60:7)
      at warnIfUpdatesNotWrappedWithActDEV (node_modules/react-dom/cjs/react-dom.development.js:27628:9)
      at scheduleUpdateOnFiber (node_modules/react-dom/cjs/react-dom.development.js:25547:5)
      at dispatchSetState (node_modules/react-dom/cjs/react-dom.development.js:16708:7)
      at handleInputChange (src/components/Contact/Contact.tsx:32:5)
      at onChange (src/components/Contact/Contact.tsx:301:34)
      at HTMLUnknownElement.callCallback (node_modules/react-dom/cjs/react-dom.development.js:4164:14)
      at HTMLUnknownElement.callTheUserObjectsOperation (node_modules/jsdom/lib/jsdom/living/generated/EventListener.js:26:30)
      at innerInvokeEventListeners (node_modules/jsdom/lib/jsdom/living/events/EventTarget-impl.js:350:25)
      at invokeEventListeners (node_modules/jsdom/lib/jsdom/living/events/EventTarget-impl.js:286:3)
      at HTMLUnknownElementImpl._dispatch (node_modules/jsdom/lib/jsdom/living/events/EventTarget-impl.js:233:9)
      at HTMLUnknownElementImpl.dispatchEvent (node_modules/jsdom/lib/jsdom/living/events/EventTarget-impl.js:104:17)
      at HTMLUnknownElement.dispatchEvent (node_modules/jsdom/lib/jsdom/living/generated/EventTarget.js:241:34)
      at Object.invokeGuardedCallbackDev (node_modules/react-dom/cjs/react-dom.development.js:4213:16)
      at invokeGuardedCallback (node_modules/react-dom/cjs/react-dom.development.js:4277:31)
      at invokeGuardedCallbackAndCatchFirstError (node_modules/react-dom/cjs/react-dom.development.js:4291:25)
      at executeDispatch (node_modules/react-dom/cjs/react-dom.development.js:9041:3)
      at processDispatchQueueItemsInOrder (node_modules/react-dom/cjs/react-dom.development.js:9073:7)
      at processDispatchQueue (node_modules/react-dom/cjs/react-dom.development.js:9086:5)
      at dispatchEventsForPlugins (node_modules/react-dom/cjs/react-dom.development.js:9097:3)
      at node_modules/react-dom/cjs/react-dom.development.js:9288:12
      at batchedUpdates$1 (node_modules/react-dom/cjs/react-dom.development.js:26179:12)
      at batchedUpdates (node_modules/react-dom/cjs/react-dom.development.js:3991:12)
      at dispatchEventForPluginEventSystem (node_modules/react-dom/cjs/react-dom.development.js:9287:3)
      at dispatchEventWithEnableCapturePhaseSelectiveHydrationWithoutDiscreteEventReplay (node_modules/react-dom/cjs/react-dom.development.js:6465:5)
      at dispatchEvent (node_modules/react-dom/cjs/react-dom.development.js:6457:5)
      at dispatchDiscreteEvent (node_modules/react-dom/cjs/react-dom.development.js:6430:5)
      at HTMLDivElement.callTheUserObjectsOperation (node_modules/jsdom/lib/jsdom/living/generated/EventListener.js:26:30)
      at innerInvokeEventListeners (node_modules/jsdom/lib/jsdom/living/events/EventTarget-impl.js:350:25)
      at invokeEventListeners (node_modules/jsdom/lib/jsdom/living/events/EventTarget-impl.js:286:3)
      at HTMLTextAreaElementImpl._dispatch (node_modules/jsdom/lib/jsdom/living/events/EventTarget-impl.js:233:9)
      at HTMLTextAreaElementImpl.dispatchEvent (node_modules/jsdom/lib/jsdom/living/events/EventTarget-impl.js:104:17)
      at HTMLTextAreaElement.dispatchEvent (node_modules/jsdom/lib/jsdom/living/generated/EventTarget.js:241:34)
      at node_modules/@testing-library/user-event/dist/cjs/event/dispatchEvent.js:45:43
      at Object.eventWrapper (node_modules/@testing-library/dom/dist/config.js:25:23)
      at Object.wrapEvent (node_modules/@testing-library/user-event/dist/cjs/event/wrapEvent.js:6:28)
      at Object.dispatchEvent (node_modules/@testing-library/user-event/dist/cjs/event/dispatchEvent.js:45:22)
      at Object.dispatchUIEvent (node_modules/@testing-library/user-event/dist/cjs/event/dispatchEvent.js:22:26)
      at commitInput (node_modules/@testing-library/user-event/dist/cjs/event/input.js:145:14)
      at editInputElement (node_modules/@testing-library/user-event/dist/cjs/event/input.js:115:9)
      at Object.input (node_modules/@testing-library/user-event/dist/cjs/event/input.js:37:9)
      at node_modules/@testing-library/user-event/dist/cjs/event/behavior/keypress.js:31:26
      at Object.dispatchEvent (node_modules/@testing-library/user-event/dist/cjs/event/dispatchEvent.js:41:13)
      at Object.dispatchUIEvent (node_modules/@testing-library/user-event/dist/cjs/event/dispatchEvent.js:22:26)
      at KeyboardHost.keydown (node_modules/@testing-library/user-event/dist/cjs/system/keyboard.js:76:22)
      at keyboardAction (node_modules/@testing-library/user-event/dist/cjs/keyboard/index.js:22:35)
      at Object.keyboard (node_modules/@testing-library/user-event/dist/cjs/keyboard/index.js:11:15)
      at Object.type (node_modules/@testing-library/user-event/dist/cjs/utility/type.js:17:5)
      at Object.<anonymous> (src/components/Contact/Contact.test.tsx:170:5)

    console.error
      Warning: An update to Contact inside a test was not wrapped in act(...).
      
      When testing, code that causes React state updates should be wrapped into act(...):
      
      act(() => {
        /* fire events that update state */
      });
      /* assert on the output */
      
      This ensures that you're testing the behavior the user would see in the browser. Learn more at https://reactjs.org/link/wrap-tests-with-act
          at Contact (/workspaces/netsanet-portfolio/src/components/Contact/Contact.tsx:17:44)

      30 |
      31 |   const handleInputChange = (field: keyof ContactFormData, value: string) => {
    > 32 |     setFormState(prev => ({
         |     ^
      33 |       ...prev,
      34 |       data: {
      35 |         ...prev.data,

      at printWarning (node_modules/react-dom/cjs/react-dom.development.js:86:30)
      at error (node_modules/react-dom/cjs/react-dom.development.js:60:7)
      at warnIfUpdatesNotWrappedWithActDEV (node_modules/react-dom/cjs/react-dom.development.js:27628:9)
      at scheduleUpdateOnFiber (node_modules/react-dom/cjs/react-dom.development.js:25547:5)
      at dispatchSetState (node_modules/react-dom/cjs/react-dom.development.js:16708:7)
      at handleInputChange (src/components/Contact/Contact.tsx:32:5)
      at onChange (src/components/Contact/Contact.tsx:301:34)
      at HTMLUnknownElement.callCallback (node_modules/react-dom/cjs/react-dom.development.js:4164:14)
      at HTMLUnknownElement.callTheUserObjectsOperation (node_modules/jsdom/lib/jsdom/living/generated/EventListener.js:26:30)
      at innerInvokeEventListeners (node_modules/jsdom/lib/jsdom/living/events/EventTarget-impl.js:350:25)
      at invokeEventListeners (node_modules/jsdom/lib/jsdom/living/events/EventTarget-impl.js:286:3)
      at HTMLUnknownElementImpl._dispatch (node_modules/jsdom/lib/jsdom/living/events/EventTarget-impl.js:233:9)
      at HTMLUnknownElementImpl.dispatchEvent (node_modules/jsdom/lib/jsdom/living/events/EventTarget-impl.js:104:17)
      at HTMLUnknownElement.dispatchEvent (node_modules/jsdom/lib/jsdom/living/generated/EventTarget.js:241:34)
      at Object.invokeGuardedCallbackDev (node_modules/react-dom/cjs/react-dom.development.js:4213:16)
      at invokeGuardedCallback (node_modules/react-dom/cjs/react-dom.development.js:4277:31)
      at invokeGuardedCallbackAndCatchFirstError (node_modules/react-dom/cjs/react-dom.development.js:4291:25)
      at executeDispatch (node_modules/react-dom/cjs/react-dom.development.js:9041:3)
      at processDispatchQueueItemsInOrder (node_modules/react-dom/cjs/react-dom.development.js:9073:7)
      at processDispatchQueue (node_modules/react-dom/cjs/react-dom.development.js:9086:5)
      at dispatchEventsForPlugins (node_modules/react-dom/cjs/react-dom.development.js:9097:3)
      at node_modules/react-dom/cjs/react-dom.development.js:9288:12
      at batchedUpdates$1 (node_modules/react-dom/cjs/react-dom.development.js:26179:12)
      at batchedUpdates (node_modules/react-dom/cjs/react-dom.development.js:3991:12)
      at dispatchEventForPluginEventSystem (node_modules/react-dom/cjs/react-dom.development.js:9287:3)
      at dispatchEventWithEnableCapturePhaseSelectiveHydrationWithoutDiscreteEventReplay (node_modules/react-dom/cjs/react-dom.development.js:6465:5)
      at dispatchEvent (node_modules/react-dom/cjs/react-dom.development.js:6457:5)
      at dispatchDiscreteEvent (node_modules/react-dom/cjs/react-dom.development.js:6430:5)
      at HTMLDivElement.callTheUserObjectsOperation (node_modules/jsdom/lib/jsdom/living/generated/EventListener.js:26:30)
      at innerInvokeEventListeners (node_modules/jsdom/lib/jsdom/living/events/EventTarget-impl.js:350:25)
      at invokeEventListeners (node_modules/jsdom/lib/jsdom/living/events/EventTarget-impl.js:286:3)
      at HTMLTextAreaElementImpl._dispatch (node_modules/jsdom/lib/jsdom/living/events/EventTarget-impl.js:233:9)
      at HTMLTextAreaElementImpl.dispatchEvent (node_modules/jsdom/lib/jsdom/living/events/EventTarget-impl.js:104:17)
      at HTMLTextAreaElement.dispatchEvent (node_modules/jsdom/lib/jsdom/living/generated/EventTarget.js:241:34)
      at node_modules/@testing-library/user-event/dist/cjs/event/dispatchEvent.js:45:43
      at Object.eventWrapper (node_modules/@testing-library/dom/dist/config.js:25:23)
      at Object.wrapEvent (node_modules/@testing-library/user-event/dist/cjs/event/wrapEvent.js:6:28)
      at Object.dispatchEvent (node_modules/@testing-library/user-event/dist/cjs/event/dispatchEvent.js:45:22)
      at Object.dispatchUIEvent (node_modules/@testing-library/user-event/dist/cjs/event/dispatchEvent.js:22:26)
      at commitInput (node_modules/@testing-library/user-event/dist/cjs/event/input.js:145:14)
      at editInputElement (node_modules/@testing-library/user-event/dist/cjs/event/input.js:115:9)
      at Object.input (node_modules/@testing-library/user-event/dist/cjs/event/input.js:37:9)
      at node_modules/@testing-library/user-event/dist/cjs/event/behavior/keypress.js:31:26
      at Object.dispatchEvent (node_modules/@testing-library/user-event/dist/cjs/event/dispatchEvent.js:41:13)
      at Object.dispatchUIEvent (node_modules/@testing-library/user-event/dist/cjs/event/dispatchEvent.js:22:26)
      at KeyboardHost.keydown (node_modules/@testing-library/user-event/dist/cjs/system/keyboard.js:76:22)
      at keyboardAction (node_modules/@testing-library/user-event/dist/cjs/keyboard/index.js:22:35)
      at Object.keyboard (node_modules/@testing-library/user-event/dist/cjs/keyboard/index.js:11:15)
      at Object.type (node_modules/@testing-library/user-event/dist/cjs/utility/type.js:17:5)
      at Object.<anonymous> (src/components/Contact/Contact.test.tsx:170:5)

    console.error
      Warning: An update to Contact inside a test was not wrapped in act(...).
      
      When testing, code that causes React state updates should be wrapped into act(...):
      
      act(() => {
        /* fire events that update state */
      });
      /* assert on the output */
      
      This ensures that you're testing the behavior the user would see in the browser. Learn more at https://reactjs.org/link/wrap-tests-with-act
          at Contact (/workspaces/netsanet-portfolio/src/components/Contact/Contact.tsx:17:44)

      30 |
      31 |   const handleInputChange = (field: keyof ContactFormData, value: string) => {
    > 32 |     setFormState(prev => ({
         |     ^
      33 |       ...prev,
      34 |       data: {
      35 |         ...prev.data,

      at printWarning (node_modules/react-dom/cjs/react-dom.development.js:86:30)
      at error (node_modules/react-dom/cjs/react-dom.development.js:60:7)
      at warnIfUpdatesNotWrappedWithActDEV (node_modules/react-dom/cjs/react-dom.development.js:27628:9)
      at scheduleUpdateOnFiber (node_modules/react-dom/cjs/react-dom.development.js:25547:5)
      at dispatchSetState (node_modules/react-dom/cjs/react-dom.development.js:16708:7)
      at handleInputChange (src/components/Contact/Contact.tsx:32:5)
      at onChange (src/components/Contact/Contact.tsx:301:34)
      at HTMLUnknownElement.callCallback (node_modules/react-dom/cjs/react-dom.development.js:4164:14)
      at HTMLUnknownElement.callTheUserObjectsOperation (node_modules/jsdom/lib/jsdom/living/generated/EventListener.js:26:30)
      at innerInvokeEventListeners (node_modules/jsdom/lib/jsdom/living/events/EventTarget-impl.js:350:25)
      at invokeEventListeners (node_modules/jsdom/lib/jsdom/living/events/EventTarget-impl.js:286:3)
      at HTMLUnknownElementImpl._dispatch (node_modules/jsdom/lib/jsdom/living/events/EventTarget-impl.js:233:9)
      at HTMLUnknownElementImpl.dispatchEvent (node_modules/jsdom/lib/jsdom/living/events/EventTarget-impl.js:104:17)
      at HTMLUnknownElement.dispatchEvent (node_modules/jsdom/lib/jsdom/living/generated/EventTarget.js:241:34)
      at Object.invokeGuardedCallbackDev (node_modules/react-dom/cjs/react-dom.development.js:4213:16)
      at invokeGuardedCallback (node_modules/react-dom/cjs/react-dom.development.js:4277:31)
      at invokeGuardedCallbackAndCatchFirstError (node_modules/react-dom/cjs/react-dom.development.js:4291:25)
      at executeDispatch (node_modules/react-dom/cjs/react-dom.development.js:9041:3)
      at processDispatchQueueItemsInOrder (node_modules/react-dom/cjs/react-dom.development.js:9073:7)
      at processDispatchQueue (node_modules/react-dom/cjs/react-dom.development.js:9086:5)
      at dispatchEventsForPlugins (node_modules/react-dom/cjs/react-dom.development.js:9097:3)
      at node_modules/react-dom/cjs/react-dom.development.js:9288:12
      at batchedUpdates$1 (node_modules/react-dom/cjs/react-dom.development.js:26179:12)
      at batchedUpdates (node_modules/react-dom/cjs/react-dom.development.js:3991:12)
      at dispatchEventForPluginEventSystem (node_modules/react-dom/cjs/react-dom.development.js:9287:3)
      at dispatchEventWithEnableCapturePhaseSelectiveHydrationWithoutDiscreteEventReplay (node_modules/react-dom/cjs/react-dom.development.js:6465:5)
      at dispatchEvent (node_modules/react-dom/cjs/react-dom.development.js:6457:5)
      at dispatchDiscreteEvent (node_modules/react-dom/cjs/react-dom.development.js:6430:5)
      at HTMLDivElement.callTheUserObjectsOperation (node_modules/jsdom/lib/jsdom/living/generated/EventListener.js:26:30)
      at innerInvokeEventListeners (node_modules/jsdom/lib/jsdom/living/events/EventTarget-impl.js:350:25)
      at invokeEventListeners (node_modules/jsdom/lib/jsdom/living/events/EventTarget-impl.js:286:3)
      at HTMLTextAreaElementImpl._dispatch (node_modules/jsdom/lib/jsdom/living/events/EventTarget-impl.js:233:9)
      at HTMLTextAreaElementImpl.dispatchEvent (node_modules/jsdom/lib/jsdom/living/events/EventTarget-impl.js:104:17)
      at HTMLTextAreaElement.dispatchEvent (node_modules/jsdom/lib/jsdom/living/generated/EventTarget.js:241:34)
      at node_modules/@testing-library/user-event/dist/cjs/event/dispatchEvent.js:45:43
      at Object.eventWrapper (node_modules/@testing-library/dom/dist/config.js:25:23)
      at Object.wrapEvent (node_modules/@testing-library/user-event/dist/cjs/event/wrapEvent.js:6:28)
      at Object.dispatchEvent (node_modules/@testing-library/user-event/dist/cjs/event/dispatchEvent.js:45:22)
      at Object.dispatchUIEvent (node_modules/@testing-library/user-event/dist/cjs/event/dispatchEvent.js:22:26)
      at commitInput (node_modules/@testing-library/user-event/dist/cjs/event/input.js:145:14)
      at editInputElement (node_modules/@testing-library/user-event/dist/cjs/event/input.js:115:9)
      at Object.input (node_modules/@testing-library/user-event/dist/cjs/event/input.js:37:9)
      at node_modules/@testing-library/user-event/dist/cjs/event/behavior/keypress.js:31:26
      at Object.dispatchEvent (node_modules/@testing-library/user-event/dist/cjs/event/dispatchEvent.js:41:13)
      at Object.dispatchUIEvent (node_modules/@testing-library/user-event/dist/cjs/event/dispatchEvent.js:22:26)
      at KeyboardHost.keydown (node_modules/@testing-library/user-event/dist/cjs/system/keyboard.js:76:22)
      at keyboardAction (node_modules/@testing-library/user-event/dist/cjs/keyboard/index.js:22:35)
      at Object.keyboard (node_modules/@testing-library/user-event/dist/cjs/keyboard/index.js:11:15)
      at Object.type (node_modules/@testing-library/user-event/dist/cjs/utility/type.js:17:5)
      at Object.<anonymous> (src/components/Contact/Contact.test.tsx:170:5)

    console.error
      Warning: An update to Contact inside a test was not wrapped in act(...).
      
      When testing, code that causes React state updates should be wrapped into act(...):
      
      act(() => {
        /* fire events that update state */
      });
      /* assert on the output */
      
      This ensures that you're testing the behavior the user would see in the browser. Learn more at https://reactjs.org/link/wrap-tests-with-act
          at Contact (/workspaces/netsanet-portfolio/src/components/Contact/Contact.tsx:17:44)

      30 |
      31 |   const handleInputChange = (field: keyof ContactFormData, value: string) => {
    > 32 |     setFormState(prev => ({
         |     ^
      33 |       ...prev,
      34 |       data: {
      35 |         ...prev.data,

      at printWarning (node_modules/react-dom/cjs/react-dom.development.js:86:30)
      at error (node_modules/react-dom/cjs/react-dom.development.js:60:7)
      at warnIfUpdatesNotWrappedWithActDEV (node_modules/react-dom/cjs/react-dom.development.js:27628:9)
      at scheduleUpdateOnFiber (node_modules/react-dom/cjs/react-dom.development.js:25547:5)
      at dispatchSetState (node_modules/react-dom/cjs/react-dom.development.js:16708:7)
      at handleInputChange (src/components/Contact/Contact.tsx:32:5)
      at onChange (src/components/Contact/Contact.tsx:301:34)
      at HTMLUnknownElement.callCallback (node_modules/react-dom/cjs/react-dom.development.js:4164:14)
      at HTMLUnknownElement.callTheUserObjectsOperation (node_modules/jsdom/lib/jsdom/living/generated/EventListener.js:26:30)
      at innerInvokeEventListeners (node_modules/jsdom/lib/jsdom/living/events/EventTarget-impl.js:350:25)
      at invokeEventListeners (node_modules/jsdom/lib/jsdom/living/events/EventTarget-impl.js:286:3)
      at HTMLUnknownElementImpl._dispatch (node_modules/jsdom/lib/jsdom/living/events/EventTarget-impl.js:233:9)
      at HTMLUnknownElementImpl.dispatchEvent (node_modules/jsdom/lib/jsdom/living/events/EventTarget-impl.js:104:17)
      at HTMLUnknownElement.dispatchEvent (node_modules/jsdom/lib/jsdom/living/generated/EventTarget.js:241:34)
      at Object.invokeGuardedCallbackDev (node_modules/react-dom/cjs/react-dom.development.js:4213:16)
      at invokeGuardedCallback (node_modules/react-dom/cjs/react-dom.development.js:4277:31)
      at invokeGuardedCallbackAndCatchFirstError (node_modules/react-dom/cjs/react-dom.development.js:4291:25)
      at executeDispatch (node_modules/react-dom/cjs/react-dom.development.js:9041:3)
      at processDispatchQueueItemsInOrder (node_modules/react-dom/cjs/react-dom.development.js:9073:7)
      at processDispatchQueue (node_modules/react-dom/cjs/react-dom.development.js:9086:5)
      at dispatchEventsForPlugins (node_modules/react-dom/cjs/react-dom.development.js:9097:3)
      at node_modules/react-dom/cjs/react-dom.development.js:9288:12
      at batchedUpdates$1 (node_modules/react-dom/cjs/react-dom.development.js:26179:12)
      at batchedUpdates (node_modules/react-dom/cjs/react-dom.development.js:3991:12)
      at dispatchEventForPluginEventSystem (node_modules/react-dom/cjs/react-dom.development.js:9287:3)
      at dispatchEventWithEnableCapturePhaseSelectiveHydrationWithoutDiscreteEventReplay (node_modules/react-dom/cjs/react-dom.development.js:6465:5)
      at dispatchEvent (node_modules/react-dom/cjs/react-dom.development.js:6457:5)
      at dispatchDiscreteEvent (node_modules/react-dom/cjs/react-dom.development.js:6430:5)
      at HTMLDivElement.callTheUserObjectsOperation (node_modules/jsdom/lib/jsdom/living/generated/EventListener.js:26:30)
      at innerInvokeEventListeners (node_modules/jsdom/lib/jsdom/living/events/EventTarget-impl.js:350:25)
      at invokeEventListeners (node_modules/jsdom/lib/jsdom/living/events/EventTarget-impl.js:286:3)
      at HTMLTextAreaElementImpl._dispatch (node_modules/jsdom/lib/jsdom/living/events/EventTarget-impl.js:233:9)
      at HTMLTextAreaElementImpl.dispatchEvent (node_modules/jsdom/lib/jsdom/living/events/EventTarget-impl.js:104:17)
      at HTMLTextAreaElement.dispatchEvent (node_modules/jsdom/lib/jsdom/living/generated/EventTarget.js:241:34)
      at node_modules/@testing-library/user-event/dist/cjs/event/dispatchEvent.js:45:43
      at Object.eventWrapper (node_modules/@testing-library/dom/dist/config.js:25:23)
      at Object.wrapEvent (node_modules/@testing-library/user-event/dist/cjs/event/wrapEvent.js:6:28)
      at Object.dispatchEvent (node_modules/@testing-library/user-event/dist/cjs/event/dispatchEvent.js:45:22)
      at Object.dispatchUIEvent (node_modules/@testing-library/user-event/dist/cjs/event/dispatchEvent.js:22:26)
      at commitInput (node_modules/@testing-library/user-event/dist/cjs/event/input.js:145:14)
      at editInputElement (node_modules/@testing-library/user-event/dist/cjs/event/input.js:115:9)
      at Object.input (node_modules/@testing-library/user-event/dist/cjs/event/input.js:37:9)
      at node_modules/@testing-library/user-event/dist/cjs/event/behavior/keypress.js:31:26
      at Object.dispatchEvent (node_modules/@testing-library/user-event/dist/cjs/event/dispatchEvent.js:41:13)
      at Object.dispatchUIEvent (node_modules/@testing-library/user-event/dist/cjs/event/dispatchEvent.js:22:26)
      at KeyboardHost.keydown (node_modules/@testing-library/user-event/dist/cjs/system/keyboard.js:76:22)
      at keyboardAction (node_modules/@testing-library/user-event/dist/cjs/keyboard/index.js:22:35)
      at Object.keyboard (node_modules/@testing-library/user-event/dist/cjs/keyboard/index.js:11:15)
      at Object.type (node_modules/@testing-library/user-event/dist/cjs/utility/type.js:17:5)
      at Object.<anonymous> (src/components/Contact/Contact.test.tsx:170:5)

    console.error
      Warning: An update to Contact inside a test was not wrapped in act(...).
      
      When testing, code that causes React state updates should be wrapped into act(...):
      
      act(() => {
        /* fire events that update state */
      });
      /* assert on the output */
      
      This ensures that you're testing the behavior the user would see in the browser. Learn more at https://reactjs.org/link/wrap-tests-with-act
          at Contact (/workspaces/netsanet-portfolio/src/components/Contact/Contact.tsx:17:44)

      30 |
      31 |   const handleInputChange = (field: keyof ContactFormData, value: string) => {
    > 32 |     setFormState(prev => ({
         |     ^
      33 |       ...prev,
      34 |       data: {
      35 |         ...prev.data,

      at printWarning (node_modules/react-dom/cjs/react-dom.development.js:86:30)
      at error (node_modules/react-dom/cjs/react-dom.development.js:60:7)
      at warnIfUpdatesNotWrappedWithActDEV (node_modules/react-dom/cjs/react-dom.development.js:27628:9)
      at scheduleUpdateOnFiber (node_modules/react-dom/cjs/react-dom.development.js:25547:5)
      at dispatchSetState (node_modules/react-dom/cjs/react-dom.development.js:16708:7)
      at handleInputChange (src/components/Contact/Contact.tsx:32:5)
      at onChange (src/components/Contact/Contact.tsx:301:34)
      at HTMLUnknownElement.callCallback (node_modules/react-dom/cjs/react-dom.development.js:4164:14)
      at HTMLUnknownElement.callTheUserObjectsOperation (node_modules/jsdom/lib/jsdom/living/generated/EventListener.js:26:30)
      at innerInvokeEventListeners (node_modules/jsdom/lib/jsdom/living/events/EventTarget-impl.js:350:25)
      at invokeEventListeners (node_modules/jsdom/lib/jsdom/living/events/EventTarget-impl.js:286:3)
      at HTMLUnknownElementImpl._dispatch (node_modules/jsdom/lib/jsdom/living/events/EventTarget-impl.js:233:9)
      at HTMLUnknownElementImpl.dispatchEvent (node_modules/jsdom/lib/jsdom/living/events/EventTarget-impl.js:104:17)
      at HTMLUnknownElement.dispatchEvent (node_modules/jsdom/lib/jsdom/living/generated/EventTarget.js:241:34)
      at Object.invokeGuardedCallbackDev (node_modules/react-dom/cjs/react-dom.development.js:4213:16)
      at invokeGuardedCallback (node_modules/react-dom/cjs/react-dom.development.js:4277:31)
      at invokeGuardedCallbackAndCatchFirstError (node_modules/react-dom/cjs/react-dom.development.js:4291:25)
      at executeDispatch (node_modules/react-dom/cjs/react-dom.development.js:9041:3)
      at processDispatchQueueItemsInOrder (node_modules/react-dom/cjs/react-dom.development.js:9073:7)
      at processDispatchQueue (node_modules/react-dom/cjs/react-dom.development.js:9086:5)
      at dispatchEventsForPlugins (node_modules/react-dom/cjs/react-dom.development.js:9097:3)
      at node_modules/react-dom/cjs/react-dom.development.js:9288:12
      at batchedUpdates$1 (node_modules/react-dom/cjs/react-dom.development.js:26179:12)
      at batchedUpdates (node_modules/react-dom/cjs/react-dom.development.js:3991:12)
      at dispatchEventForPluginEventSystem (node_modules/react-dom/cjs/react-dom.development.js:9287:3)
      at dispatchEventWithEnableCapturePhaseSelectiveHydrationWithoutDiscreteEventReplay (node_modules/react-dom/cjs/react-dom.development.js:6465:5)
      at dispatchEvent (node_modules/react-dom/cjs/react-dom.development.js:6457:5)
      at dispatchDiscreteEvent (node_modules/react-dom/cjs/react-dom.development.js:6430:5)
      at HTMLDivElement.callTheUserObjectsOperation (node_modules/jsdom/lib/jsdom/living/generated/EventListener.js:26:30)
      at innerInvokeEventListeners (node_modules/jsdom/lib/jsdom/living/events/EventTarget-impl.js:350:25)
      at invokeEventListeners (node_modules/jsdom/lib/jsdom/living/events/EventTarget-impl.js:286:3)
      at HTMLTextAreaElementImpl._dispatch (node_modules/jsdom/lib/jsdom/living/events/EventTarget-impl.js:233:9)
      at HTMLTextAreaElementImpl.dispatchEvent (node_modules/jsdom/lib/jsdom/living/events/EventTarget-impl.js:104:17)
      at HTMLTextAreaElement.dispatchEvent (node_modules/jsdom/lib/jsdom/living/generated/EventTarget.js:241:34)
      at node_modules/@testing-library/user-event/dist/cjs/event/dispatchEvent.js:45:43
      at Object.eventWrapper (node_modules/@testing-library/dom/dist/config.js:25:23)
      at Object.wrapEvent (node_modules/@testing-library/user-event/dist/cjs/event/wrapEvent.js:6:28)
      at Object.dispatchEvent (node_modules/@testing-library/user-event/dist/cjs/event/dispatchEvent.js:45:22)
      at Object.dispatchUIEvent (node_modules/@testing-library/user-event/dist/cjs/event/dispatchEvent.js:22:26)
      at commitInput (node_modules/@testing-library/user-event/dist/cjs/event/input.js:145:14)
      at editInputElement (node_modules/@testing-library/user-event/dist/cjs/event/input.js:115:9)
      at Object.input (node_modules/@testing-library/user-event/dist/cjs/event/input.js:37:9)
      at node_modules/@testing-library/user-event/dist/cjs/event/behavior/keypress.js:31:26
      at Object.dispatchEvent (node_modules/@testing-library/user-event/dist/cjs/event/dispatchEvent.js:41:13)
      at Object.dispatchUIEvent (node_modules/@testing-library/user-event/dist/cjs/event/dispatchEvent.js:22:26)
      at KeyboardHost.keydown (node_modules/@testing-library/user-event/dist/cjs/system/keyboard.js:76:22)
      at keyboardAction (node_modules/@testing-library/user-event/dist/cjs/keyboard/index.js:22:35)
      at Object.keyboard (node_modules/@testing-library/user-event/dist/cjs/keyboard/index.js:11:15)
      at Object.type (node_modules/@testing-library/user-event/dist/cjs/utility/type.js:17:5)
      at Object.<anonymous> (src/components/Contact/Contact.test.tsx:170:5)

    console.error
      Warning: An update to Contact inside a test was not wrapped in act(...).
      
      When testing, code that causes React state updates should be wrapped into act(...):
      
      act(() => {
        /* fire events that update state */
      });
      /* assert on the output */
      
      This ensures that you're testing the behavior the user would see in the browser. Learn more at https://reactjs.org/link/wrap-tests-with-act
          at Contact (/workspaces/netsanet-portfolio/src/components/Contact/Contact.tsx:17:44)

      30 |
      31 |   const handleInputChange = (field: keyof ContactFormData, value: string) => {
    > 32 |     setFormState(prev => ({
         |     ^
      33 |       ...prev,
      34 |       data: {
      35 |         ...prev.data,

      at printWarning (node_modules/react-dom/cjs/react-dom.development.js:86:30)
      at error (node_modules/react-dom/cjs/react-dom.development.js:60:7)
      at warnIfUpdatesNotWrappedWithActDEV (node_modules/react-dom/cjs/react-dom.development.js:27628:9)
      at scheduleUpdateOnFiber (node_modules/react-dom/cjs/react-dom.development.js:25547:5)
      at dispatchSetState (node_modules/react-dom/cjs/react-dom.development.js:16708:7)
      at handleInputChange (src/components/Contact/Contact.tsx:32:5)
      at onChange (src/components/Contact/Contact.tsx:301:34)
      at HTMLUnknownElement.callCallback (node_modules/react-dom/cjs/react-dom.development.js:4164:14)
      at HTMLUnknownElement.callTheUserObjectsOperation (node_modules/jsdom/lib/jsdom/living/generated/EventListener.js:26:30)
      at innerInvokeEventListeners (node_modules/jsdom/lib/jsdom/living/events/EventTarget-impl.js:350:25)
      at invokeEventListeners (node_modules/jsdom/lib/jsdom/living/events/EventTarget-impl.js:286:3)
      at HTMLUnknownElementImpl._dispatch (node_modules/jsdom/lib/jsdom/living/events/EventTarget-impl.js:233:9)
      at HTMLUnknownElementImpl.dispatchEvent (node_modules/jsdom/lib/jsdom/living/events/EventTarget-impl.js:104:17)
      at HTMLUnknownElement.dispatchEvent (node_modules/jsdom/lib/jsdom/living/generated/EventTarget.js:241:34)
      at Object.invokeGuardedCallbackDev (node_modules/react-dom/cjs/react-dom.development.js:4213:16)
      at invokeGuardedCallback (node_modules/react-dom/cjs/react-dom.development.js:4277:31)
      at invokeGuardedCallbackAndCatchFirstError (node_modules/react-dom/cjs/react-dom.development.js:4291:25)
      at executeDispatch (node_modules/react-dom/cjs/react-dom.development.js:9041:3)
      at processDispatchQueueItemsInOrder (node_modules/react-dom/cjs/react-dom.development.js:9073:7)
      at processDispatchQueue (node_modules/react-dom/cjs/react-dom.development.js:9086:5)
      at dispatchEventsForPlugins (node_modules/react-dom/cjs/react-dom.development.js:9097:3)
      at node_modules/react-dom/cjs/react-dom.development.js:9288:12
      at batchedUpdates$1 (node_modules/react-dom/cjs/react-dom.development.js:26179:12)
      at batchedUpdates (node_modules/react-dom/cjs/react-dom.development.js:3991:12)
      at dispatchEventForPluginEventSystem (node_modules/react-dom/cjs/react-dom.development.js:9287:3)
      at dispatchEventWithEnableCapturePhaseSelectiveHydrationWithoutDiscreteEventReplay (node_modules/react-dom/cjs/react-dom.development.js:6465:5)
      at dispatchEvent (node_modules/react-dom/cjs/react-dom.development.js:6457:5)
      at dispatchDiscreteEvent (node_modules/react-dom/cjs/react-dom.development.js:6430:5)
      at HTMLDivElement.callTheUserObjectsOperation (node_modules/jsdom/lib/jsdom/living/generated/EventListener.js:26:30)
      at innerInvokeEventListeners (node_modules/jsdom/lib/jsdom/living/events/EventTarget-impl.js:350:25)
      at invokeEventListeners (node_modules/jsdom/lib/jsdom/living/events/EventTarget-impl.js:286:3)
      at HTMLTextAreaElementImpl._dispatch (node_modules/jsdom/lib/jsdom/living/events/EventTarget-impl.js:233:9)
      at HTMLTextAreaElementImpl.dispatchEvent (node_modules/jsdom/lib/jsdom/living/events/EventTarget-impl.js:104:17)
      at HTMLTextAreaElement.dispatchEvent (node_modules/jsdom/lib/jsdom/living/generated/EventTarget.js:241:34)
      at node_modules/@testing-library/user-event/dist/cjs/event/dispatchEvent.js:45:43
      at Object.eventWrapper (node_modules/@testing-library/dom/dist/config.js:25:23)
      at Object.wrapEvent (node_modules/@testing-library/user-event/dist/cjs/event/wrapEvent.js:6:28)
      at Object.dispatchEvent (node_modules/@testing-library/user-event/dist/cjs/event/dispatchEvent.js:45:22)
      at Object.dispatchUIEvent (node_modules/@testing-library/user-event/dist/cjs/event/dispatchEvent.js:22:26)
      at commitInput (node_modules/@testing-library/user-event/dist/cjs/event/input.js:145:14)
      at editInputElement (node_modules/@testing-library/user-event/dist/cjs/event/input.js:115:9)
      at Object.input (node_modules/@testing-library/user-event/dist/cjs/event/input.js:37:9)
      at node_modules/@testing-library/user-event/dist/cjs/event/behavior/keypress.js:31:26
      at Object.dispatchEvent (node_modules/@testing-library/user-event/dist/cjs/event/dispatchEvent.js:41:13)
      at Object.dispatchUIEvent (node_modules/@testing-library/user-event/dist/cjs/event/dispatchEvent.js:22:26)
      at KeyboardHost.keydown (node_modules/@testing-library/user-event/dist/cjs/system/keyboard.js:76:22)
      at keyboardAction (node_modules/@testing-library/user-event/dist/cjs/keyboard/index.js:22:35)
      at Object.keyboard (node_modules/@testing-library/user-event/dist/cjs/keyboard/index.js:11:15)
      at Object.type (node_modules/@testing-library/user-event/dist/cjs/utility/type.js:17:5)
      at Object.<anonymous> (src/components/Contact/Contact.test.tsx:170:5)

    console.error
      Warning: An update to Contact inside a test was not wrapped in act(...).
      
      When testing, code that causes React state updates should be wrapped into act(...):
      
      act(() => {
        /* fire events that update state */
      });
      /* assert on the output */
      
      This ensures that you're testing the behavior the user would see in the browser. Learn more at https://reactjs.org/link/wrap-tests-with-act
          at Contact (/workspaces/netsanet-portfolio/src/components/Contact/Contact.tsx:17:44)

      30 |
      31 |   const handleInputChange = (field: keyof ContactFormData, value: string) => {
    > 32 |     setFormState(prev => ({
         |     ^
      33 |       ...prev,
      34 |       data: {
      35 |         ...prev.data,

      at printWarning (node_modules/react-dom/cjs/react-dom.development.js:86:30)
      at error (node_modules/react-dom/cjs/react-dom.development.js:60:7)
      at warnIfUpdatesNotWrappedWithActDEV (node_modules/react-dom/cjs/react-dom.development.js:27628:9)
      at scheduleUpdateOnFiber (node_modules/react-dom/cjs/react-dom.development.js:25547:5)
      at dispatchSetState (node_modules/react-dom/cjs/react-dom.development.js:16708:7)
      at handleInputChange (src/components/Contact/Contact.tsx:32:5)
      at onChange (src/components/Contact/Contact.tsx:301:34)
      at HTMLUnknownElement.callCallback (node_modules/react-dom/cjs/react-dom.development.js:4164:14)
      at HTMLUnknownElement.callTheUserObjectsOperation (node_modules/jsdom/lib/jsdom/living/generated/EventListener.js:26:30)
      at innerInvokeEventListeners (node_modules/jsdom/lib/jsdom/living/events/EventTarget-impl.js:350:25)
      at invokeEventListeners (node_modules/jsdom/lib/jsdom/living/events/EventTarget-impl.js:286:3)
      at HTMLUnknownElementImpl._dispatch (node_modules/jsdom/lib/jsdom/living/events/EventTarget-impl.js:233:9)
      at HTMLUnknownElementImpl.dispatchEvent (node_modules/jsdom/lib/jsdom/living/events/EventTarget-impl.js:104:17)
      at HTMLUnknownElement.dispatchEvent (node_modules/jsdom/lib/jsdom/living/generated/EventTarget.js:241:34)
      at Object.invokeGuardedCallbackDev (node_modules/react-dom/cjs/react-dom.development.js:4213:16)
      at invokeGuardedCallback (node_modules/react-dom/cjs/react-dom.development.js:4277:31)
      at invokeGuardedCallbackAndCatchFirstError (node_modules/react-dom/cjs/react-dom.development.js:4291:25)
      at executeDispatch (node_modules/react-dom/cjs/react-dom.development.js:9041:3)
      at processDispatchQueueItemsInOrder (node_modules/react-dom/cjs/react-dom.development.js:9073:7)
      at processDispatchQueue (node_modules/react-dom/cjs/react-dom.development.js:9086:5)
      at dispatchEventsForPlugins (node_modules/react-dom/cjs/react-dom.development.js:9097:3)
      at node_modules/react-dom/cjs/react-dom.development.js:9288:12
      at batchedUpdates$1 (node_modules/react-dom/cjs/react-dom.development.js:26179:12)
      at batchedUpdates (node_modules/react-dom/cjs/react-dom.development.js:3991:12)
      at dispatchEventForPluginEventSystem (node_modules/react-dom/cjs/react-dom.development.js:9287:3)
      at dispatchEventWithEnableCapturePhaseSelectiveHydrationWithoutDiscreteEventReplay (node_modules/react-dom/cjs/react-dom.development.js:6465:5)
      at dispatchEvent (node_modules/react-dom/cjs/react-dom.development.js:6457:5)
      at dispatchDiscreteEvent (node_modules/react-dom/cjs/react-dom.development.js:6430:5)
      at HTMLDivElement.callTheUserObjectsOperation (node_modules/jsdom/lib/jsdom/living/generated/EventListener.js:26:30)
      at innerInvokeEventListeners (node_modules/jsdom/lib/jsdom/living/events/EventTarget-impl.js:350:25)
      at invokeEventListeners (node_modules/jsdom/lib/jsdom/living/events/EventTarget-impl.js:286:3)
      at HTMLTextAreaElementImpl._dispatch (node_modules/jsdom/lib/jsdom/living/events/EventTarget-impl.js:233:9)
      at HTMLTextAreaElementImpl.dispatchEvent (node_modules/jsdom/lib/jsdom/living/events/EventTarget-impl.js:104:17)
      at HTMLTextAreaElement.dispatchEvent (node_modules/jsdom/lib/jsdom/living/generated/EventTarget.js:241:34)
      at node_modules/@testing-library/user-event/dist/cjs/event/dispatchEvent.js:45:43
      at Object.eventWrapper (node_modules/@testing-library/dom/dist/config.js:25:23)
      at Object.wrapEvent (node_modules/@testing-library/user-event/dist/cjs/event/wrapEvent.js:6:28)
      at Object.dispatchEvent (node_modules/@testing-library/user-event/dist/cjs/event/dispatchEvent.js:45:22)
      at Object.dispatchUIEvent (node_modules/@testing-library/user-event/dist/cjs/event/dispatchEvent.js:22:26)
      at commitInput (node_modules/@testing-library/user-event/dist/cjs/event/input.js:145:14)
      at editInputElement (node_modules/@testing-library/user-event/dist/cjs/event/input.js:115:9)
      at Object.input (node_modules/@testing-library/user-event/dist/cjs/event/input.js:37:9)
      at node_modules/@testing-library/user-event/dist/cjs/event/behavior/keypress.js:31:26
      at Object.dispatchEvent (node_modules/@testing-library/user-event/dist/cjs/event/dispatchEvent.js:41:13)
      at Object.dispatchUIEvent (node_modules/@testing-library/user-event/dist/cjs/event/dispatchEvent.js:22:26)
      at KeyboardHost.keydown (node_modules/@testing-library/user-event/dist/cjs/system/keyboard.js:76:22)
      at keyboardAction (node_modules/@testing-library/user-event/dist/cjs/keyboard/index.js:22:35)
      at Object.keyboard (node_modules/@testing-library/user-event/dist/cjs/keyboard/index.js:11:15)
      at Object.type (node_modules/@testing-library/user-event/dist/cjs/utility/type.js:17:5)
      at Object.<anonymous> (src/components/Contact/Contact.test.tsx:170:5)

    console.error
      Warning: An update to Contact inside a test was not wrapped in act(...).
      
      When testing, code that causes React state updates should be wrapped into act(...):
      
      act(() => {
        /* fire events that update state */
      });
      /* assert on the output */
      
      This ensures that you're testing the behavior the user would see in the browser. Learn more at https://reactjs.org/link/wrap-tests-with-act
          at Contact (/workspaces/netsanet-portfolio/src/components/Contact/Contact.tsx:17:44)

      30 |
      31 |   const handleInputChange = (field: keyof ContactFormData, value: string) => {
    > 32 |     setFormState(prev => ({
         |     ^
      33 |       ...prev,
      34 |       data: {
      35 |         ...prev.data,

      at printWarning (node_modules/react-dom/cjs/react-dom.development.js:86:30)
      at error (node_modules/react-dom/cjs/react-dom.development.js:60:7)
      at warnIfUpdatesNotWrappedWithActDEV (node_modules/react-dom/cjs/react-dom.development.js:27628:9)
      at scheduleUpdateOnFiber (node_modules/react-dom/cjs/react-dom.development.js:25547:5)
      at dispatchSetState (node_modules/react-dom/cjs/react-dom.development.js:16708:7)
      at handleInputChange (src/components/Contact/Contact.tsx:32:5)
      at onChange (src/components/Contact/Contact.tsx:301:34)
      at HTMLUnknownElement.callCallback (node_modules/react-dom/cjs/react-dom.development.js:4164:14)
      at HTMLUnknownElement.callTheUserObjectsOperation (node_modules/jsdom/lib/jsdom/living/generated/EventListener.js:26:30)
      at innerInvokeEventListeners (node_modules/jsdom/lib/jsdom/living/events/EventTarget-impl.js:350:25)
      at invokeEventListeners (node_modules/jsdom/lib/jsdom/living/events/EventTarget-impl.js:286:3)
      at HTMLUnknownElementImpl._dispatch (node_modules/jsdom/lib/jsdom/living/events/EventTarget-impl.js:233:9)
      at HTMLUnknownElementImpl.dispatchEvent (node_modules/jsdom/lib/jsdom/living/events/EventTarget-impl.js:104:17)
      at HTMLUnknownElement.dispatchEvent (node_modules/jsdom/lib/jsdom/living/generated/EventTarget.js:241:34)
      at Object.invokeGuardedCallbackDev (node_modules/react-dom/cjs/react-dom.development.js:4213:16)
      at invokeGuardedCallback (node_modules/react-dom/cjs/react-dom.development.js:4277:31)
      at invokeGuardedCallbackAndCatchFirstError (node_modules/react-dom/cjs/react-dom.development.js:4291:25)
      at executeDispatch (node_modules/react-dom/cjs/react-dom.development.js:9041:3)
      at processDispatchQueueItemsInOrder (node_modules/react-dom/cjs/react-dom.development.js:9073:7)
      at processDispatchQueue (node_modules/react-dom/cjs/react-dom.development.js:9086:5)
      at dispatchEventsForPlugins (node_modules/react-dom/cjs/react-dom.development.js:9097:3)
      at node_modules/react-dom/cjs/react-dom.development.js:9288:12
      at batchedUpdates$1 (node_modules/react-dom/cjs/react-dom.development.js:26179:12)
      at batchedUpdates (node_modules/react-dom/cjs/react-dom.development.js:3991:12)
      at dispatchEventForPluginEventSystem (node_modules/react-dom/cjs/react-dom.development.js:9287:3)
      at dispatchEventWithEnableCapturePhaseSelectiveHydrationWithoutDiscreteEventReplay (node_modules/react-dom/cjs/react-dom.development.js:6465:5)
      at dispatchEvent (node_modules/react-dom/cjs/react-dom.development.js:6457:5)
      at dispatchDiscreteEvent (node_modules/react-dom/cjs/react-dom.development.js:6430:5)
      at HTMLDivElement.callTheUserObjectsOperation (node_modules/jsdom/lib/jsdom/living/generated/EventListener.js:26:30)
      at innerInvokeEventListeners (node_modules/jsdom/lib/jsdom/living/events/EventTarget-impl.js:350:25)
      at invokeEventListeners (node_modules/jsdom/lib/jsdom/living/events/EventTarget-impl.js:286:3)
      at HTMLTextAreaElementImpl._dispatch (node_modules/jsdom/lib/jsdom/living/events/EventTarget-impl.js:233:9)
      at HTMLTextAreaElementImpl.dispatchEvent (node_modules/jsdom/lib/jsdom/living/events/EventTarget-impl.js:104:17)
      at HTMLTextAreaElement.dispatchEvent (node_modules/jsdom/lib/jsdom/living/generated/EventTarget.js:241:34)
      at node_modules/@testing-library/user-event/dist/cjs/event/dispatchEvent.js:45:43
      at Object.eventWrapper (node_modules/@testing-library/dom/dist/config.js:25:23)
      at Object.wrapEvent (node_modules/@testing-library/user-event/dist/cjs/event/wrapEvent.js:6:28)
      at Object.dispatchEvent (node_modules/@testing-library/user-event/dist/cjs/event/dispatchEvent.js:45:22)
      at Object.dispatchUIEvent (node_modules/@testing-library/user-event/dist/cjs/event/dispatchEvent.js:22:26)
      at commitInput (node_modules/@testing-library/user-event/dist/cjs/event/input.js:145:14)
      at editInputElement (node_modules/@testing-library/user-event/dist/cjs/event/input.js:115:9)
      at Object.input (node_modules/@testing-library/user-event/dist/cjs/event/input.js:37:9)
      at node_modules/@testing-library/user-event/dist/cjs/event/behavior/keypress.js:31:26
      at Object.dispatchEvent (node_modules/@testing-library/user-event/dist/cjs/event/dispatchEvent.js:41:13)
      at Object.dispatchUIEvent (node_modules/@testing-library/user-event/dist/cjs/event/dispatchEvent.js:22:26)
      at KeyboardHost.keydown (node_modules/@testing-library/user-event/dist/cjs/system/keyboard.js:76:22)
      at keyboardAction (node_modules/@testing-library/user-event/dist/cjs/keyboard/index.js:22:35)
      at Object.keyboard (node_modules/@testing-library/user-event/dist/cjs/keyboard/index.js:11:15)
      at Object.type (node_modules/@testing-library/user-event/dist/cjs/utility/type.js:17:5)
      at Object.<anonymous> (src/components/Contact/Contact.test.tsx:170:5)

    console.error
      Warning: An update to Contact inside a test was not wrapped in act(...).
      
      When testing, code that causes React state updates should be wrapped into act(...):
      
      act(() => {
        /* fire events that update state */
      });
      /* assert on the output */
      
      This ensures that you're testing the behavior the user would see in the browser. Learn more at https://reactjs.org/link/wrap-tests-with-act
          at Contact (/workspaces/netsanet-portfolio/src/components/Contact/Contact.tsx:17:44)

      30 |
      31 |   const handleInputChange = (field: keyof ContactFormData, value: string) => {
    > 32 |     setFormState(prev => ({
         |     ^
      33 |       ...prev,
      34 |       data: {
      35 |         ...prev.data,

      at printWarning (node_modules/react-dom/cjs/react-dom.development.js:86:30)
      at error (node_modules/react-dom/cjs/react-dom.development.js:60:7)
      at warnIfUpdatesNotWrappedWithActDEV (node_modules/react-dom/cjs/react-dom.development.js:27628:9)
      at scheduleUpdateOnFiber (node_modules/react-dom/cjs/react-dom.development.js:25547:5)
      at dispatchSetState (node_modules/react-dom/cjs/react-dom.development.js:16708:7)
      at handleInputChange (src/components/Contact/Contact.tsx:32:5)
      at onChange (src/components/Contact/Contact.tsx:301:34)
      at HTMLUnknownElement.callCallback (node_modules/react-dom/cjs/react-dom.development.js:4164:14)
      at HTMLUnknownElement.callTheUserObjectsOperation (node_modules/jsdom/lib/jsdom/living/generated/EventListener.js:26:30)
      at innerInvokeEventListeners (node_modules/jsdom/lib/jsdom/living/events/EventTarget-impl.js:350:25)
      at invokeEventListeners (node_modules/jsdom/lib/jsdom/living/events/EventTarget-impl.js:286:3)
      at HTMLUnknownElementImpl._dispatch (node_modules/jsdom/lib/jsdom/living/events/EventTarget-impl.js:233:9)
      at HTMLUnknownElementImpl.dispatchEvent (node_modules/jsdom/lib/jsdom/living/events/EventTarget-impl.js:104:17)
      at HTMLUnknownElement.dispatchEvent (node_modules/jsdom/lib/jsdom/living/generated/EventTarget.js:241:34)
      at Object.invokeGuardedCallbackDev (node_modules/react-dom/cjs/react-dom.development.js:4213:16)
      at invokeGuardedCallback (node_modules/react-dom/cjs/react-dom.development.js:4277:31)
      at invokeGuardedCallbackAndCatchFirstError (node_modules/react-dom/cjs/react-dom.development.js:4291:25)
      at executeDispatch (node_modules/react-dom/cjs/react-dom.development.js:9041:3)
      at processDispatchQueueItemsInOrder (node_modules/react-dom/cjs/react-dom.development.js:9073:7)
      at processDispatchQueue (node_modules/react-dom/cjs/react-dom.development.js:9086:5)
      at dispatchEventsForPlugins (node_modules/react-dom/cjs/react-dom.development.js:9097:3)
      at node_modules/react-dom/cjs/react-dom.development.js:9288:12
      at batchedUpdates$1 (node_modules/react-dom/cjs/react-dom.development.js:26179:12)
      at batchedUpdates (node_modules/react-dom/cjs/react-dom.development.js:3991:12)
      at dispatchEventForPluginEventSystem (node_modules/react-dom/cjs/react-dom.development.js:9287:3)
      at dispatchEventWithEnableCapturePhaseSelectiveHydrationWithoutDiscreteEventReplay (node_modules/react-dom/cjs/react-dom.development.js:6465:5)
      at dispatchEvent (node_modules/react-dom/cjs/react-dom.development.js:6457:5)
      at dispatchDiscreteEvent (node_modules/react-dom/cjs/react-dom.development.js:6430:5)
      at HTMLDivElement.callTheUserObjectsOperation (node_modules/jsdom/lib/jsdom/living/generated/EventListener.js:26:30)
      at innerInvokeEventListeners (node_modules/jsdom/lib/jsdom/living/events/EventTarget-impl.js:350:25)
      at invokeEventListeners (node_modules/jsdom/lib/jsdom/living/events/EventTarget-impl.js:286:3)
      at HTMLTextAreaElementImpl._dispatch (node_modules/jsdom/lib/jsdom/living/events/EventTarget-impl.js:233:9)
      at HTMLTextAreaElementImpl.dispatchEvent (node_modules/jsdom/lib/jsdom/living/events/EventTarget-impl.js:104:17)
      at HTMLTextAreaElement.dispatchEvent (node_modules/jsdom/lib/jsdom/living/generated/EventTarget.js:241:34)
      at node_modules/@testing-library/user-event/dist/cjs/event/dispatchEvent.js:45:43
      at Object.eventWrapper (node_modules/@testing-library/dom/dist/config.js:25:23)
      at Object.wrapEvent (node_modules/@testing-library/user-event/dist/cjs/event/wrapEvent.js:6:28)
      at Object.dispatchEvent (node_modules/@testing-library/user-event/dist/cjs/event/dispatchEvent.js:45:22)
      at Object.dispatchUIEvent (node_modules/@testing-library/user-event/dist/cjs/event/dispatchEvent.js:22:26)
      at commitInput (node_modules/@testing-library/user-event/dist/cjs/event/input.js:145:14)
      at editInputElement (node_modules/@testing-library/user-event/dist/cjs/event/input.js:115:9)
      at Object.input (node_modules/@testing-library/user-event/dist/cjs/event/input.js:37:9)
      at node_modules/@testing-library/user-event/dist/cjs/event/behavior/keypress.js:31:26
      at Object.dispatchEvent (node_modules/@testing-library/user-event/dist/cjs/event/dispatchEvent.js:41:13)
      at Object.dispatchUIEvent (node_modules/@testing-library/user-event/dist/cjs/event/dispatchEvent.js:22:26)
      at KeyboardHost.keydown (node_modules/@testing-library/user-event/dist/cjs/system/keyboard.js:76:22)
      at keyboardAction (node_modules/@testing-library/user-event/dist/cjs/keyboard/index.js:22:35)
      at Object.keyboard (node_modules/@testing-library/user-event/dist/cjs/keyboard/index.js:11:15)
      at Object.type (node_modules/@testing-library/user-event/dist/cjs/utility/type.js:17:5)
      at Object.<anonymous> (src/components/Contact/Contact.test.tsx:170:5)

    console.error
      Warning: An update to Contact inside a test was not wrapped in act(...).
      
      When testing, code that causes React state updates should be wrapped into act(...):
      
      act(() => {
        /* fire events that update state */
      });
      /* assert on the output */
      
      This ensures that you're testing the behavior the user would see in the browser. Learn more at https://reactjs.org/link/wrap-tests-with-act
          at Contact (/workspaces/netsanet-portfolio/src/components/Contact/Contact.tsx:17:44)

      30 |
      31 |   const handleInputChange = (field: keyof ContactFormData, value: string) => {
    > 32 |     setFormState(prev => ({
         |     ^
      33 |       ...prev,
      34 |       data: {
      35 |         ...prev.data,

      at printWarning (node_modules/react-dom/cjs/react-dom.development.js:86:30)
      at error (node_modules/react-dom/cjs/react-dom.development.js:60:7)
      at warnIfUpdatesNotWrappedWithActDEV (node_modules/react-dom/cjs/react-dom.development.js:27628:9)
      at scheduleUpdateOnFiber (node_modules/react-dom/cjs/react-dom.development.js:25547:5)
      at dispatchSetState (node_modules/react-dom/cjs/react-dom.development.js:16708:7)
      at handleInputChange (src/components/Contact/Contact.tsx:32:5)
      at onChange (src/components/Contact/Contact.tsx:301:34)
      at HTMLUnknownElement.callCallback (node_modules/react-dom/cjs/react-dom.development.js:4164:14)
      at HTMLUnknownElement.callTheUserObjectsOperation (node_modules/jsdom/lib/jsdom/living/generated/EventListener.js:26:30)
      at innerInvokeEventListeners (node_modules/jsdom/lib/jsdom/living/events/EventTarget-impl.js:350:25)
      at invokeEventListeners (node_modules/jsdom/lib/jsdom/living/events/EventTarget-impl.js:286:3)
      at HTMLUnknownElementImpl._dispatch (node_modules/jsdom/lib/jsdom/living/events/EventTarget-impl.js:233:9)
      at HTMLUnknownElementImpl.dispatchEvent (node_modules/jsdom/lib/jsdom/living/events/EventTarget-impl.js:104:17)
      at HTMLUnknownElement.dispatchEvent (node_modules/jsdom/lib/jsdom/living/generated/EventTarget.js:241:34)
      at Object.invokeGuardedCallbackDev (node_modules/react-dom/cjs/react-dom.development.js:4213:16)
      at invokeGuardedCallback (node_modules/react-dom/cjs/react-dom.development.js:4277:31)
      at invokeGuardedCallbackAndCatchFirstError (node_modules/react-dom/cjs/react-dom.development.js:4291:25)
      at executeDispatch (node_modules/react-dom/cjs/react-dom.development.js:9041:3)
      at processDispatchQueueItemsInOrder (node_modules/react-dom/cjs/react-dom.development.js:9073:7)
      at processDispatchQueue (node_modules/react-dom/cjs/react-dom.development.js:9086:5)
      at dispatchEventsForPlugins (node_modules/react-dom/cjs/react-dom.development.js:9097:3)
      at node_modules/react-dom/cjs/react-dom.development.js:9288:12
      at batchedUpdates$1 (node_modules/react-dom/cjs/react-dom.development.js:26179:12)
      at batchedUpdates (node_modules/react-dom/cjs/react-dom.development.js:3991:12)
      at dispatchEventForPluginEventSystem (node_modules/react-dom/cjs/react-dom.development.js:9287:3)
      at dispatchEventWithEnableCapturePhaseSelectiveHydrationWithoutDiscreteEventReplay (node_modules/react-dom/cjs/react-dom.development.js:6465:5)
      at dispatchEvent (node_modules/react-dom/cjs/react-dom.development.js:6457:5)
      at dispatchDiscreteEvent (node_modules/react-dom/cjs/react-dom.development.js:6430:5)
      at HTMLDivElement.callTheUserObjectsOperation (node_modules/jsdom/lib/jsdom/living/generated/EventListener.js:26:30)
      at innerInvokeEventListeners (node_modules/jsdom/lib/jsdom/living/events/EventTarget-impl.js:350:25)
      at invokeEventListeners (node_modules/jsdom/lib/jsdom/living/events/EventTarget-impl.js:286:3)
      at HTMLTextAreaElementImpl._dispatch (node_modules/jsdom/lib/jsdom/living/events/EventTarget-impl.js:233:9)
      at HTMLTextAreaElementImpl.dispatchEvent (node_modules/jsdom/lib/jsdom/living/events/EventTarget-impl.js:104:17)
      at HTMLTextAreaElement.dispatchEvent (node_modules/jsdom/lib/jsdom/living/generated/EventTarget.js:241:34)
      at node_modules/@testing-library/user-event/dist/cjs/event/dispatchEvent.js:45:43
      at Object.eventWrapper (node_modules/@testing-library/dom/dist/config.js:25:23)
      at Object.wrapEvent (node_modules/@testing-library/user-event/dist/cjs/event/wrapEvent.js:6:28)
      at Object.dispatchEvent (node_modules/@testing-library/user-event/dist/cjs/event/dispatchEvent.js:45:22)
      at Object.dispatchUIEvent (node_modules/@testing-library/user-event/dist/cjs/event/dispatchEvent.js:22:26)
      at commitInput (node_modules/@testing-library/user-event/dist/cjs/event/input.js:145:14)
      at editInputElement (node_modules/@testing-library/user-event/dist/cjs/event/input.js:115:9)
      at Object.input (node_modules/@testing-library/user-event/dist/cjs/event/input.js:37:9)
      at node_modules/@testing-library/user-event/dist/cjs/event/behavior/keypress.js:31:26
      at Object.dispatchEvent (node_modules/@testing-library/user-event/dist/cjs/event/dispatchEvent.js:41:13)
      at Object.dispatchUIEvent (node_modules/@testing-library/user-event/dist/cjs/event/dispatchEvent.js:22:26)
      at KeyboardHost.keydown (node_modules/@testing-library/user-event/dist/cjs/system/keyboard.js:76:22)
      at keyboardAction (node_modules/@testing-library/user-event/dist/cjs/keyboard/index.js:22:35)
      at Object.keyboard (node_modules/@testing-library/user-event/dist/cjs/keyboard/index.js:11:15)
      at Object.type (node_modules/@testing-library/user-event/dist/cjs/utility/type.js:17:5)
      at Object.<anonymous> (src/components/Contact/Contact.test.tsx:170:5)

    console.error
      Warning: An update to Contact inside a test was not wrapped in act(...).
      
      When testing, code that causes React state updates should be wrapped into act(...):
      
      act(() => {
        /* fire events that update state */
      });
      /* assert on the output */
      
      This ensures that you're testing the behavior the user would see in the browser. Learn more at https://reactjs.org/link/wrap-tests-with-act
          at Contact (/workspaces/netsanet-portfolio/src/components/Contact/Contact.tsx:17:44)

      30 |
      31 |   const handleInputChange = (field: keyof ContactFormData, value: string) => {
    > 32 |     setFormState(prev => ({
         |     ^
      33 |       ...prev,
      34 |       data: {
      35 |         ...prev.data,

      at printWarning (node_modules/react-dom/cjs/react-dom.development.js:86:30)
      at error (node_modules/react-dom/cjs/react-dom.development.js:60:7)
      at warnIfUpdatesNotWrappedWithActDEV (node_modules/react-dom/cjs/react-dom.development.js:27628:9)
      at scheduleUpdateOnFiber (node_modules/react-dom/cjs/react-dom.development.js:25547:5)
      at dispatchSetState (node_modules/react-dom/cjs/react-dom.development.js:16708:7)
      at handleInputChange (src/components/Contact/Contact.tsx:32:5)
      at onChange (src/components/Contact/Contact.tsx:301:34)
      at HTMLUnknownElement.callCallback (node_modules/react-dom/cjs/react-dom.development.js:4164:14)
      at HTMLUnknownElement.callTheUserObjectsOperation (node_modules/jsdom/lib/jsdom/living/generated/EventListener.js:26:30)
      at innerInvokeEventListeners (node_modules/jsdom/lib/jsdom/living/events/EventTarget-impl.js:350:25)
      at invokeEventListeners (node_modules/jsdom/lib/jsdom/living/events/EventTarget-impl.js:286:3)
      at HTMLUnknownElementImpl._dispatch (node_modules/jsdom/lib/jsdom/living/events/EventTarget-impl.js:233:9)
      at HTMLUnknownElementImpl.dispatchEvent (node_modules/jsdom/lib/jsdom/living/events/EventTarget-impl.js:104:17)
      at HTMLUnknownElement.dispatchEvent (node_modules/jsdom/lib/jsdom/living/generated/EventTarget.js:241:34)
      at Object.invokeGuardedCallbackDev (node_modules/react-dom/cjs/react-dom.development.js:4213:16)
      at invokeGuardedCallback (node_modules/react-dom/cjs/react-dom.development.js:4277:31)
      at invokeGuardedCallbackAndCatchFirstError (node_modules/react-dom/cjs/react-dom.development.js:4291:25)
      at executeDispatch (node_modules/react-dom/cjs/react-dom.development.js:9041:3)
      at processDispatchQueueItemsInOrder (node_modules/react-dom/cjs/react-dom.development.js:9073:7)
      at processDispatchQueue (node_modules/react-dom/cjs/react-dom.development.js:9086:5)
      at dispatchEventsForPlugins (node_modules/react-dom/cjs/react-dom.development.js:9097:3)
      at node_modules/react-dom/cjs/react-dom.development.js:9288:12
      at batchedUpdates$1 (node_modules/react-dom/cjs/react-dom.development.js:26179:12)
      at batchedUpdates (node_modules/react-dom/cjs/react-dom.development.js:3991:12)
      at dispatchEventForPluginEventSystem (node_modules/react-dom/cjs/react-dom.development.js:9287:3)
      at dispatchEventWithEnableCapturePhaseSelectiveHydrationWithoutDiscreteEventReplay (node_modules/react-dom/cjs/react-dom.development.js:6465:5)
      at dispatchEvent (node_modules/react-dom/cjs/react-dom.development.js:6457:5)
      at dispatchDiscreteEvent (node_modules/react-dom/cjs/react-dom.development.js:6430:5)
      at HTMLDivElement.callTheUserObjectsOperation (node_modules/jsdom/lib/jsdom/living/generated/EventListener.js:26:30)
      at innerInvokeEventListeners (node_modules/jsdom/lib/jsdom/living/events/EventTarget-impl.js:350:25)
      at invokeEventListeners (node_modules/jsdom/lib/jsdom/living/events/EventTarget-impl.js:286:3)
      at HTMLTextAreaElementImpl._dispatch (node_modules/jsdom/lib/jsdom/living/events/EventTarget-impl.js:233:9)
      at HTMLTextAreaElementImpl.dispatchEvent (node_modules/jsdom/lib/jsdom/living/events/EventTarget-impl.js:104:17)
      at HTMLTextAreaElement.dispatchEvent (node_modules/jsdom/lib/jsdom/living/generated/EventTarget.js:241:34)
      at node_modules/@testing-library/user-event/dist/cjs/event/dispatchEvent.js:45:43
      at Object.eventWrapper (node_modules/@testing-library/dom/dist/config.js:25:23)
      at Object.wrapEvent (node_modules/@testing-library/user-event/dist/cjs/event/wrapEvent.js:6:28)
      at Object.dispatchEvent (node_modules/@testing-library/user-event/dist/cjs/event/dispatchEvent.js:45:22)
      at Object.dispatchUIEvent (node_modules/@testing-library/user-event/dist/cjs/event/dispatchEvent.js:22:26)
      at commitInput (node_modules/@testing-library/user-event/dist/cjs/event/input.js:145:14)
      at editInputElement (node_modules/@testing-library/user-event/dist/cjs/event/input.js:115:9)
      at Object.input (node_modules/@testing-library/user-event/dist/cjs/event/input.js:37:9)
      at node_modules/@testing-library/user-event/dist/cjs/event/behavior/keypress.js:31:26
      at Object.dispatchEvent (node_modules/@testing-library/user-event/dist/cjs/event/dispatchEvent.js:41:13)
      at Object.dispatchUIEvent (node_modules/@testing-library/user-event/dist/cjs/event/dispatchEvent.js:22:26)
      at KeyboardHost.keydown (node_modules/@testing-library/user-event/dist/cjs/system/keyboard.js:76:22)
      at keyboardAction (node_modules/@testing-library/user-event/dist/cjs/keyboard/index.js:22:35)
      at Object.keyboard (node_modules/@testing-library/user-event/dist/cjs/keyboard/index.js:11:15)
      at Object.type (node_modules/@testing-library/user-event/dist/cjs/utility/type.js:17:5)
      at Object.<anonymous> (src/components/Contact/Contact.test.tsx:170:5)

    console.error
      Warning: An update to Contact inside a test was not wrapped in act(...).
      
      When testing, code that causes React state updates should be wrapped into act(...):
      
      act(() => {
        /* fire events that update state */
      });
      /* assert on the output */
      
      This ensures that you're testing the behavior the user would see in the browser. Learn more at https://reactjs.org/link/wrap-tests-with-act
          at Contact (/workspaces/netsanet-portfolio/src/components/Contact/Contact.tsx:17:44)

      30 |
      31 |   const handleInputChange = (field: keyof ContactFormData, value: string) => {
    > 32 |     setFormState(prev => ({
         |     ^
      33 |       ...prev,
      34 |       data: {
      35 |         ...prev.data,

      at printWarning (node_modules/react-dom/cjs/react-dom.development.js:86:30)
      at error (node_modules/react-dom/cjs/react-dom.development.js:60:7)
      at warnIfUpdatesNotWrappedWithActDEV (node_modules/react-dom/cjs/react-dom.development.js:27628:9)
      at scheduleUpdateOnFiber (node_modules/react-dom/cjs/react-dom.development.js:25547:5)
      at dispatchSetState (node_modules/react-dom/cjs/react-dom.development.js:16708:7)
      at handleInputChange (src/components/Contact/Contact.tsx:32:5)
      at onChange (src/components/Contact/Contact.tsx:301:34)
      at HTMLUnknownElement.callCallback (node_modules/react-dom/cjs/react-dom.development.js:4164:14)
      at HTMLUnknownElement.callTheUserObjectsOperation (node_modules/jsdom/lib/jsdom/living/generated/EventListener.js:26:30)
      at innerInvokeEventListeners (node_modules/jsdom/lib/jsdom/living/events/EventTarget-impl.js:350:25)
      at invokeEventListeners (node_modules/jsdom/lib/jsdom/living/events/EventTarget-impl.js:286:3)
      at HTMLUnknownElementImpl._dispatch (node_modules/jsdom/lib/jsdom/living/events/EventTarget-impl.js:233:9)
      at HTMLUnknownElementImpl.dispatchEvent (node_modules/jsdom/lib/jsdom/living/events/EventTarget-impl.js:104:17)
      at HTMLUnknownElement.dispatchEvent (node_modules/jsdom/lib/jsdom/living/generated/EventTarget.js:241:34)
      at Object.invokeGuardedCallbackDev (node_modules/react-dom/cjs/react-dom.development.js:4213:16)
      at invokeGuardedCallback (node_modules/react-dom/cjs/react-dom.development.js:4277:31)
      at invokeGuardedCallbackAndCatchFirstError (node_modules/react-dom/cjs/react-dom.development.js:4291:25)
      at executeDispatch (node_modules/react-dom/cjs/react-dom.development.js:9041:3)
      at processDispatchQueueItemsInOrder (node_modules/react-dom/cjs/react-dom.development.js:9073:7)
      at processDispatchQueue (node_modules/react-dom/cjs/react-dom.development.js:9086:5)
      at dispatchEventsForPlugins (node_modules/react-dom/cjs/react-dom.development.js:9097:3)
      at node_modules/react-dom/cjs/react-dom.development.js:9288:12
      at batchedUpdates$1 (node_modules/react-dom/cjs/react-dom.development.js:26179:12)
      at batchedUpdates (node_modules/react-dom/cjs/react-dom.development.js:3991:12)
      at dispatchEventForPluginEventSystem (node_modules/react-dom/cjs/react-dom.development.js:9287:3)
      at dispatchEventWithEnableCapturePhaseSelectiveHydrationWithoutDiscreteEventReplay (node_modules/react-dom/cjs/react-dom.development.js:6465:5)
      at dispatchEvent (node_modules/react-dom/cjs/react-dom.development.js:6457:5)
      at dispatchDiscreteEvent (node_modules/react-dom/cjs/react-dom.development.js:6430:5)
      at HTMLDivElement.callTheUserObjectsOperation (node_modules/jsdom/lib/jsdom/living/generated/EventListener.js:26:30)
      at innerInvokeEventListeners (node_modules/jsdom/lib/jsdom/living/events/EventTarget-impl.js:350:25)
      at invokeEventListeners (node_modules/jsdom/lib/jsdom/living/events/EventTarget-impl.js:286:3)
      at HTMLTextAreaElementImpl._dispatch (node_modules/jsdom/lib/jsdom/living/events/EventTarget-impl.js:233:9)
      at HTMLTextAreaElementImpl.dispatchEvent (node_modules/jsdom/lib/jsdom/living/events/EventTarget-impl.js:104:17)
      at HTMLTextAreaElement.dispatchEvent (node_modules/jsdom/lib/jsdom/living/generated/EventTarget.js:241:34)
      at node_modules/@testing-library/user-event/dist/cjs/event/dispatchEvent.js:45:43
      at Object.eventWrapper (node_modules/@testing-library/dom/dist/config.js:25:23)
      at Object.wrapEvent (node_modules/@testing-library/user-event/dist/cjs/event/wrapEvent.js:6:28)
      at Object.dispatchEvent (node_modules/@testing-library/user-event/dist/cjs/event/dispatchEvent.js:45:22)
      at Object.dispatchUIEvent (node_modules/@testing-library/user-event/dist/cjs/event/dispatchEvent.js:22:26)
      at commitInput (node_modules/@testing-library/user-event/dist/cjs/event/input.js:145:14)
      at editInputElement (node_modules/@testing-library/user-event/dist/cjs/event/input.js:115:9)
      at Object.input (node_modules/@testing-library/user-event/dist/cjs/event/input.js:37:9)
      at node_modules/@testing-library/user-event/dist/cjs/event/behavior/keypress.js:31:26
      at Object.dispatchEvent (node_modules/@testing-library/user-event/dist/cjs/event/dispatchEvent.js:41:13)
      at Object.dispatchUIEvent (node_modules/@testing-library/user-event/dist/cjs/event/dispatchEvent.js:22:26)
      at KeyboardHost.keydown (node_modules/@testing-library/user-event/dist/cjs/system/keyboard.js:76:22)
      at keyboardAction (node_modules/@testing-library/user-event/dist/cjs/keyboard/index.js:22:35)
      at Object.keyboard (node_modules/@testing-library/user-event/dist/cjs/keyboard/index.js:11:15)
      at Object.type (node_modules/@testing-library/user-event/dist/cjs/utility/type.js:17:5)
      at Object.<anonymous> (src/components/Contact/Contact.test.tsx:170:5)

    console.error
      Warning: An update to Contact inside a test was not wrapped in act(...).
      
      When testing, code that causes React state updates should be wrapped into act(...):
      
      act(() => {
        /* fire events that update state */
      });
      /* assert on the output */
      
      This ensures that you're testing the behavior the user would see in the browser. Learn more at https://reactjs.org/link/wrap-tests-with-act
          at Contact (/workspaces/netsanet-portfolio/src/components/Contact/Contact.tsx:17:44)

      30 |
      31 |   const handleInputChange = (field: keyof ContactFormData, value: string) => {
    > 32 |     setFormState(prev => ({
         |     ^
      33 |       ...prev,
      34 |       data: {
      35 |         ...prev.data,

      at printWarning (node_modules/react-dom/cjs/react-dom.development.js:86:30)
      at error (node_modules/react-dom/cjs/react-dom.development.js:60:7)
      at warnIfUpdatesNotWrappedWithActDEV (node_modules/react-dom/cjs/react-dom.development.js:27628:9)
      at scheduleUpdateOnFiber (node_modules/react-dom/cjs/react-dom.development.js:25547:5)
      at dispatchSetState (node_modules/react-dom/cjs/react-dom.development.js:16708:7)
      at handleInputChange (src/components/Contact/Contact.tsx:32:5)
      at onChange (src/components/Contact/Contact.tsx:301:34)
      at HTMLUnknownElement.callCallback (node_modules/react-dom/cjs/react-dom.development.js:4164:14)
      at HTMLUnknownElement.callTheUserObjectsOperation (node_modules/jsdom/lib/jsdom/living/generated/EventListener.js:26:30)
      at innerInvokeEventListeners (node_modules/jsdom/lib/jsdom/living/events/EventTarget-impl.js:350:25)
      at invokeEventListeners (node_modules/jsdom/lib/jsdom/living/events/EventTarget-impl.js:286:3)
      at HTMLUnknownElementImpl._dispatch (node_modules/jsdom/lib/jsdom/living/events/EventTarget-impl.js:233:9)
      at HTMLUnknownElementImpl.dispatchEvent (node_modules/jsdom/lib/jsdom/living/events/EventTarget-impl.js:104:17)
      at HTMLUnknownElement.dispatchEvent (node_modules/jsdom/lib/jsdom/living/generated/EventTarget.js:241:34)
      at Object.invokeGuardedCallbackDev (node_modules/react-dom/cjs/react-dom.development.js:4213:16)
      at invokeGuardedCallback (node_modules/react-dom/cjs/react-dom.development.js:4277:31)
      at invokeGuardedCallbackAndCatchFirstError (node_modules/react-dom/cjs/react-dom.development.js:4291:25)
      at executeDispatch (node_modules/react-dom/cjs/react-dom.development.js:9041:3)
      at processDispatchQueueItemsInOrder (node_modules/react-dom/cjs/react-dom.development.js:9073:7)
      at processDispatchQueue (node_modules/react-dom/cjs/react-dom.development.js:9086:5)
      at dispatchEventsForPlugins (node_modules/react-dom/cjs/react-dom.development.js:9097:3)
      at node_modules/react-dom/cjs/react-dom.development.js:9288:12
      at batchedUpdates$1 (node_modules/react-dom/cjs/react-dom.development.js:26179:12)
      at batchedUpdates (node_modules/react-dom/cjs/react-dom.development.js:3991:12)
      at dispatchEventForPluginEventSystem (node_modules/react-dom/cjs/react-dom.development.js:9287:3)
      at dispatchEventWithEnableCapturePhaseSelectiveHydrationWithoutDiscreteEventReplay (node_modules/react-dom/cjs/react-dom.development.js:6465:5)
      at dispatchEvent (node_modules/react-dom/cjs/react-dom.development.js:6457:5)
      at dispatchDiscreteEvent (node_modules/react-dom/cjs/react-dom.development.js:6430:5)
      at HTMLDivElement.callTheUserObjectsOperation (node_modules/jsdom/lib/jsdom/living/generated/EventListener.js:26:30)
      at innerInvokeEventListeners (node_modules/jsdom/lib/jsdom/living/events/EventTarget-impl.js:350:25)
      at invokeEventListeners (node_modules/jsdom/lib/jsdom/living/events/EventTarget-impl.js:286:3)
      at HTMLTextAreaElementImpl._dispatch (node_modules/jsdom/lib/jsdom/living/events/EventTarget-impl.js:233:9)
      at HTMLTextAreaElementImpl.dispatchEvent (node_modules/jsdom/lib/jsdom/living/events/EventTarget-impl.js:104:17)
      at HTMLTextAreaElement.dispatchEvent (node_modules/jsdom/lib/jsdom/living/generated/EventTarget.js:241:34)
      at node_modules/@testing-library/user-event/dist/cjs/event/dispatchEvent.js:45:43
      at Object.eventWrapper (node_modules/@testing-library/dom/dist/config.js:25:23)
      at Object.wrapEvent (node_modules/@testing-library/user-event/dist/cjs/event/wrapEvent.js:6:28)
      at Object.dispatchEvent (node_modules/@testing-library/user-event/dist/cjs/event/dispatchEvent.js:45:22)
      at Object.dispatchUIEvent (node_modules/@testing-library/user-event/dist/cjs/event/dispatchEvent.js:22:26)
      at commitInput (node_modules/@testing-library/user-event/dist/cjs/event/input.js:145:14)
      at editInputElement (node_modules/@testing-library/user-event/dist/cjs/event/input.js:115:9)
      at Object.input (node_modules/@testing-library/user-event/dist/cjs/event/input.js:37:9)
      at node_modules/@testing-library/user-event/dist/cjs/event/behavior/keypress.js:31:26
      at Object.dispatchEvent (node_modules/@testing-library/user-event/dist/cjs/event/dispatchEvent.js:41:13)
      at Object.dispatchUIEvent (node_modules/@testing-library/user-event/dist/cjs/event/dispatchEvent.js:22:26)
      at KeyboardHost.keydown (node_modules/@testing-library/user-event/dist/cjs/system/keyboard.js:76:22)
      at keyboardAction (node_modules/@testing-library/user-event/dist/cjs/keyboard/index.js:22:35)
      at Object.keyboard (node_modules/@testing-library/user-event/dist/cjs/keyboard/index.js:11:15)
      at Object.type (node_modules/@testing-library/user-event/dist/cjs/utility/type.js:17:5)
      at Object.<anonymous> (src/components/Contact/Contact.test.tsx:170:5)

    console.error
      Warning: An update to Contact inside a test was not wrapped in act(...).
      
      When testing, code that causes React state updates should be wrapped into act(...):
      
      act(() => {
        /* fire events that update state */
      });
      /* assert on the output */
      
      This ensures that you're testing the behavior the user would see in the browser. Learn more at https://reactjs.org/link/wrap-tests-with-act
          at Contact (/workspaces/netsanet-portfolio/src/components/Contact/Contact.tsx:17:44)

      30 |
      31 |   const handleInputChange = (field: keyof ContactFormData, value: string) => {
    > 32 |     setFormState(prev => ({
         |     ^
      33 |       ...prev,
      34 |       data: {
      35 |         ...prev.data,

      at printWarning (node_modules/react-dom/cjs/react-dom.development.js:86:30)
      at error (node_modules/react-dom/cjs/react-dom.development.js:60:7)
      at warnIfUpdatesNotWrappedWithActDEV (node_modules/react-dom/cjs/react-dom.development.js:27628:9)
      at scheduleUpdateOnFiber (node_modules/react-dom/cjs/react-dom.development.js:25547:5)
      at dispatchSetState (node_modules/react-dom/cjs/react-dom.development.js:16708:7)
      at handleInputChange (src/components/Contact/Contact.tsx:32:5)
      at onChange (src/components/Contact/Contact.tsx:301:34)
      at HTMLUnknownElement.callCallback (node_modules/react-dom/cjs/react-dom.development.js:4164:14)
      at HTMLUnknownElement.callTheUserObjectsOperation (node_modules/jsdom/lib/jsdom/living/generated/EventListener.js:26:30)
      at innerInvokeEventListeners (node_modules/jsdom/lib/jsdom/living/events/EventTarget-impl.js:350:25)
      at invokeEventListeners (node_modules/jsdom/lib/jsdom/living/events/EventTarget-impl.js:286:3)
      at HTMLUnknownElementImpl._dispatch (node_modules/jsdom/lib/jsdom/living/events/EventTarget-impl.js:233:9)
      at HTMLUnknownElementImpl.dispatchEvent (node_modules/jsdom/lib/jsdom/living/events/EventTarget-impl.js:104:17)
      at HTMLUnknownElement.dispatchEvent (node_modules/jsdom/lib/jsdom/living/generated/EventTarget.js:241:34)
      at Object.invokeGuardedCallbackDev (node_modules/react-dom/cjs/react-dom.development.js:4213:16)
      at invokeGuardedCallback (node_modules/react-dom/cjs/react-dom.development.js:4277:31)
      at invokeGuardedCallbackAndCatchFirstError (node_modules/react-dom/cjs/react-dom.development.js:4291:25)
      at executeDispatch (node_modules/react-dom/cjs/react-dom.development.js:9041:3)
      at processDispatchQueueItemsInOrder (node_modules/react-dom/cjs/react-dom.development.js:9073:7)
      at processDispatchQueue (node_modules/react-dom/cjs/react-dom.development.js:9086:5)
      at dispatchEventsForPlugins (node_modules/react-dom/cjs/react-dom.development.js:9097:3)
      at node_modules/react-dom/cjs/react-dom.development.js:9288:12
      at batchedUpdates$1 (node_modules/react-dom/cjs/react-dom.development.js:26179:12)
      at batchedUpdates (node_modules/react-dom/cjs/react-dom.development.js:3991:12)
      at dispatchEventForPluginEventSystem (node_modules/react-dom/cjs/react-dom.development.js:9287:3)
      at dispatchEventWithEnableCapturePhaseSelectiveHydrationWithoutDiscreteEventReplay (node_modules/react-dom/cjs/react-dom.development.js:6465:5)
      at dispatchEvent (node_modules/react-dom/cjs/react-dom.development.js:6457:5)
      at dispatchDiscreteEvent (node_modules/react-dom/cjs/react-dom.development.js:6430:5)
      at HTMLDivElement.callTheUserObjectsOperation (node_modules/jsdom/lib/jsdom/living/generated/EventListener.js:26:30)
      at innerInvokeEventListeners (node_modules/jsdom/lib/jsdom/living/events/EventTarget-impl.js:350:25)
      at invokeEventListeners (node_modules/jsdom/lib/jsdom/living/events/EventTarget-impl.js:286:3)
      at HTMLTextAreaElementImpl._dispatch (node_modules/jsdom/lib/jsdom/living/events/EventTarget-impl.js:233:9)
      at HTMLTextAreaElementImpl.dispatchEvent (node_modules/jsdom/lib/jsdom/living/events/EventTarget-impl.js:104:17)
      at HTMLTextAreaElement.dispatchEvent (node_modules/jsdom/lib/jsdom/living/generated/EventTarget.js:241:34)
      at node_modules/@testing-library/user-event/dist/cjs/event/dispatchEvent.js:45:43
      at Object.eventWrapper (node_modules/@testing-library/dom/dist/config.js:25:23)
      at Object.wrapEvent (node_modules/@testing-library/user-event/dist/cjs/event/wrapEvent.js:6:28)
      at Object.dispatchEvent (node_modules/@testing-library/user-event/dist/cjs/event/dispatchEvent.js:45:22)
      at Object.dispatchUIEvent (node_modules/@testing-library/user-event/dist/cjs/event/dispatchEvent.js:22:26)
      at commitInput (node_modules/@testing-library/user-event/dist/cjs/event/input.js:145:14)
      at editInputElement (node_modules/@testing-library/user-event/dist/cjs/event/input.js:115:9)
      at Object.input (node_modules/@testing-library/user-event/dist/cjs/event/input.js:37:9)
      at node_modules/@testing-library/user-event/dist/cjs/event/behavior/keypress.js:31:26
      at Object.dispatchEvent (node_modules/@testing-library/user-event/dist/cjs/event/dispatchEvent.js:41:13)
      at Object.dispatchUIEvent (node_modules/@testing-library/user-event/dist/cjs/event/dispatchEvent.js:22:26)
      at KeyboardHost.keydown (node_modules/@testing-library/user-event/dist/cjs/system/keyboard.js:76:22)
      at keyboardAction (node_modules/@testing-library/user-event/dist/cjs/keyboard/index.js:22:35)
      at Object.keyboard (node_modules/@testing-library/user-event/dist/cjs/keyboard/index.js:11:15)
      at Object.type (node_modules/@testing-library/user-event/dist/cjs/utility/type.js:17:5)
      at Object.<anonymous> (src/components/Contact/Contact.test.tsx:170:5)

    console.error
      Warning: An update to Contact inside a test was not wrapped in act(...).
      
      When testing, code that causes React state updates should be wrapped into act(...):
      
      act(() => {
        /* fire events that update state */
      });
      /* assert on the output */
      
      This ensures that you're testing the behavior the user would see in the browser. Learn more at https://reactjs.org/link/wrap-tests-with-act
          at Contact (/workspaces/netsanet-portfolio/src/components/Contact/Contact.tsx:17:44)

      30 |
      31 |   const handleInputChange = (field: keyof ContactFormData, value: string) => {
    > 32 |     setFormState(prev => ({
         |     ^
      33 |       ...prev,
      34 |       data: {
      35 |         ...prev.data,

      at printWarning (node_modules/react-dom/cjs/react-dom.development.js:86:30)
      at error (node_modules/react-dom/cjs/react-dom.development.js:60:7)
      at warnIfUpdatesNotWrappedWithActDEV (node_modules/react-dom/cjs/react-dom.development.js:27628:9)
      at scheduleUpdateOnFiber (node_modules/react-dom/cjs/react-dom.development.js:25547:5)
      at dispatchSetState (node_modules/react-dom/cjs/react-dom.development.js:16708:7)
      at handleInputChange (src/components/Contact/Contact.tsx:32:5)
      at onChange (src/components/Contact/Contact.tsx:301:34)
      at HTMLUnknownElement.callCallback (node_modules/react-dom/cjs/react-dom.development.js:4164:14)
      at HTMLUnknownElement.callTheUserObjectsOperation (node_modules/jsdom/lib/jsdom/living/generated/EventListener.js:26:30)
      at innerInvokeEventListeners (node_modules/jsdom/lib/jsdom/living/events/EventTarget-impl.js:350:25)
      at invokeEventListeners (node_modules/jsdom/lib/jsdom/living/events/EventTarget-impl.js:286:3)
      at HTMLUnknownElementImpl._dispatch (node_modules/jsdom/lib/jsdom/living/events/EventTarget-impl.js:233:9)
      at HTMLUnknownElementImpl.dispatchEvent (node_modules/jsdom/lib/jsdom/living/events/EventTarget-impl.js:104:17)
      at HTMLUnknownElement.dispatchEvent (node_modules/jsdom/lib/jsdom/living/generated/EventTarget.js:241:34)
      at Object.invokeGuardedCallbackDev (node_modules/react-dom/cjs/react-dom.development.js:4213:16)
      at invokeGuardedCallback (node_modules/react-dom/cjs/react-dom.development.js:4277:31)
      at invokeGuardedCallbackAndCatchFirstError (node_modules/react-dom/cjs/react-dom.development.js:4291:25)
      at executeDispatch (node_modules/react-dom/cjs/react-dom.development.js:9041:3)
      at processDispatchQueueItemsInOrder (node_modules/react-dom/cjs/react-dom.development.js:9073:7)
      at processDispatchQueue (node_modules/react-dom/cjs/react-dom.development.js:9086:5)
      at dispatchEventsForPlugins (node_modules/react-dom/cjs/react-dom.development.js:9097:3)
      at node_modules/react-dom/cjs/react-dom.development.js:9288:12
      at batchedUpdates$1 (node_modules/react-dom/cjs/react-dom.development.js:26179:12)
      at batchedUpdates (node_modules/react-dom/cjs/react-dom.development.js:3991:12)
      at dispatchEventForPluginEventSystem (node_modules/react-dom/cjs/react-dom.development.js:9287:3)
      at dispatchEventWithEnableCapturePhaseSelectiveHydrationWithoutDiscreteEventReplay (node_modules/react-dom/cjs/react-dom.development.js:6465:5)
      at dispatchEvent (node_modules/react-dom/cjs/react-dom.development.js:6457:5)
      at dispatchDiscreteEvent (node_modules/react-dom/cjs/react-dom.development.js:6430:5)
      at HTMLDivElement.callTheUserObjectsOperation (node_modules/jsdom/lib/jsdom/living/generated/EventListener.js:26:30)
      at innerInvokeEventListeners (node_modules/jsdom/lib/jsdom/living/events/EventTarget-impl.js:350:25)
      at invokeEventListeners (node_modules/jsdom/lib/jsdom/living/events/EventTarget-impl.js:286:3)
      at HTMLTextAreaElementImpl._dispatch (node_modules/jsdom/lib/jsdom/living/events/EventTarget-impl.js:233:9)
      at HTMLTextAreaElementImpl.dispatchEvent (node_modules/jsdom/lib/jsdom/living/events/EventTarget-impl.js:104:17)
      at HTMLTextAreaElement.dispatchEvent (node_modules/jsdom/lib/jsdom/living/generated/EventTarget.js:241:34)
      at node_modules/@testing-library/user-event/dist/cjs/event/dispatchEvent.js:45:43
      at Object.eventWrapper (node_modules/@testing-library/dom/dist/config.js:25:23)
      at Object.wrapEvent (node_modules/@testing-library/user-event/dist/cjs/event/wrapEvent.js:6:28)
      at Object.dispatchEvent (node_modules/@testing-library/user-event/dist/cjs/event/dispatchEvent.js:45:22)
      at Object.dispatchUIEvent (node_modules/@testing-library/user-event/dist/cjs/event/dispatchEvent.js:22:26)
      at commitInput (node_modules/@testing-library/user-event/dist/cjs/event/input.js:145:14)
      at editInputElement (node_modules/@testing-library/user-event/dist/cjs/event/input.js:115:9)
      at Object.input (node_modules/@testing-library/user-event/dist/cjs/event/input.js:37:9)
      at node_modules/@testing-library/user-event/dist/cjs/event/behavior/keypress.js:31:26
      at Object.dispatchEvent (node_modules/@testing-library/user-event/dist/cjs/event/dispatchEvent.js:41:13)
      at Object.dispatchUIEvent (node_modules/@testing-library/user-event/dist/cjs/event/dispatchEvent.js:22:26)
      at KeyboardHost.keydown (node_modules/@testing-library/user-event/dist/cjs/system/keyboard.js:76:22)
      at keyboardAction (node_modules/@testing-library/user-event/dist/cjs/keyboard/index.js:22:35)
      at Object.keyboard (node_modules/@testing-library/user-event/dist/cjs/keyboard/index.js:11:15)
      at Object.type (node_modules/@testing-library/user-event/dist/cjs/utility/type.js:17:5)
      at Object.<anonymous> (src/components/Contact/Contact.test.tsx:170:5)

    console.error
      Warning: An update to Contact inside a test was not wrapped in act(...).
      
      When testing, code that causes React state updates should be wrapped into act(...):
      
      act(() => {
        /* fire events that update state */
      });
      /* assert on the output */
      
      This ensures that you're testing the behavior the user would see in the browser. Learn more at https://reactjs.org/link/wrap-tests-with-act
          at Contact (/workspaces/netsanet-portfolio/src/components/Contact/Contact.tsx:17:44)

      30 |
      31 |   const handleInputChange = (field: keyof ContactFormData, value: string) => {
    > 32 |     setFormState(prev => ({
         |     ^
      33 |       ...prev,
      34 |       data: {
      35 |         ...prev.data,

      at printWarning (node_modules/react-dom/cjs/react-dom.development.js:86:30)
      at error (node_modules/react-dom/cjs/react-dom.development.js:60:7)
      at warnIfUpdatesNotWrappedWithActDEV (node_modules/react-dom/cjs/react-dom.development.js:27628:9)
      at scheduleUpdateOnFiber (node_modules/react-dom/cjs/react-dom.development.js:25547:5)
      at dispatchSetState (node_modules/react-dom/cjs/react-dom.development.js:16708:7)
      at handleInputChange (src/components/Contact/Contact.tsx:32:5)
      at onChange (src/components/Contact/Contact.tsx:301:34)
      at HTMLUnknownElement.callCallback (node_modules/react-dom/cjs/react-dom.development.js:4164:14)
      at HTMLUnknownElement.callTheUserObjectsOperation (node_modules/jsdom/lib/jsdom/living/generated/EventListener.js:26:30)
      at innerInvokeEventListeners (node_modules/jsdom/lib/jsdom/living/events/EventTarget-impl.js:350:25)
      at invokeEventListeners (node_modules/jsdom/lib/jsdom/living/events/EventTarget-impl.js:286:3)
      at HTMLUnknownElementImpl._dispatch (node_modules/jsdom/lib/jsdom/living/events/EventTarget-impl.js:233:9)
      at HTMLUnknownElementImpl.dispatchEvent (node_modules/jsdom/lib/jsdom/living/events/EventTarget-impl.js:104:17)
      at HTMLUnknownElement.dispatchEvent (node_modules/jsdom/lib/jsdom/living/generated/EventTarget.js:241:34)
      at Object.invokeGuardedCallbackDev (node_modules/react-dom/cjs/react-dom.development.js:4213:16)
      at invokeGuardedCallback (node_modules/react-dom/cjs/react-dom.development.js:4277:31)
      at invokeGuardedCallbackAndCatchFirstError (node_modules/react-dom/cjs/react-dom.development.js:4291:25)
      at executeDispatch (node_modules/react-dom/cjs/react-dom.development.js:9041:3)
      at processDispatchQueueItemsInOrder (node_modules/react-dom/cjs/react-dom.development.js:9073:7)
      at processDispatchQueue (node_modules/react-dom/cjs/react-dom.development.js:9086:5)
      at dispatchEventsForPlugins (node_modules/react-dom/cjs/react-dom.development.js:9097:3)
      at node_modules/react-dom/cjs/react-dom.development.js:9288:12
      at batchedUpdates$1 (node_modules/react-dom/cjs/react-dom.development.js:26179:12)
      at batchedUpdates (node_modules/react-dom/cjs/react-dom.development.js:3991:12)
      at dispatchEventForPluginEventSystem (node_modules/react-dom/cjs/react-dom.development.js:9287:3)
      at dispatchEventWithEnableCapturePhaseSelectiveHydrationWithoutDiscreteEventReplay (node_modules/react-dom/cjs/react-dom.development.js:6465:5)
      at dispatchEvent (node_modules/react-dom/cjs/react-dom.development.js:6457:5)
      at dispatchDiscreteEvent (node_modules/react-dom/cjs/react-dom.development.js:6430:5)
      at HTMLDivElement.callTheUserObjectsOperation (node_modules/jsdom/lib/jsdom/living/generated/EventListener.js:26:30)
      at innerInvokeEventListeners (node_modules/jsdom/lib/jsdom/living/events/EventTarget-impl.js:350:25)
      at invokeEventListeners (node_modules/jsdom/lib/jsdom/living/events/EventTarget-impl.js:286:3)
      at HTMLTextAreaElementImpl._dispatch (node_modules/jsdom/lib/jsdom/living/events/EventTarget-impl.js:233:9)
      at HTMLTextAreaElementImpl.dispatchEvent (node_modules/jsdom/lib/jsdom/living/events/EventTarget-impl.js:104:17)
      at HTMLTextAreaElement.dispatchEvent (node_modules/jsdom/lib/jsdom/living/generated/EventTarget.js:241:34)
      at node_modules/@testing-library/user-event/dist/cjs/event/dispatchEvent.js:45:43
      at Object.eventWrapper (node_modules/@testing-library/dom/dist/config.js:25:23)
      at Object.wrapEvent (node_modules/@testing-library/user-event/dist/cjs/event/wrapEvent.js:6:28)
      at Object.dispatchEvent (node_modules/@testing-library/user-event/dist/cjs/event/dispatchEvent.js:45:22)
      at Object.dispatchUIEvent (node_modules/@testing-library/user-event/dist/cjs/event/dispatchEvent.js:22:26)
      at commitInput (node_modules/@testing-library/user-event/dist/cjs/event/input.js:145:14)
      at editInputElement (node_modules/@testing-library/user-event/dist/cjs/event/input.js:115:9)
      at Object.input (node_modules/@testing-library/user-event/dist/cjs/event/input.js:37:9)
      at node_modules/@testing-library/user-event/dist/cjs/event/behavior/keypress.js:31:26
      at Object.dispatchEvent (node_modules/@testing-library/user-event/dist/cjs/event/dispatchEvent.js:41:13)
      at Object.dispatchUIEvent (node_modules/@testing-library/user-event/dist/cjs/event/dispatchEvent.js:22:26)
      at KeyboardHost.keydown (node_modules/@testing-library/user-event/dist/cjs/system/keyboard.js:76:22)
      at keyboardAction (node_modules/@testing-library/user-event/dist/cjs/keyboard/index.js:22:35)
      at Object.keyboard (node_modules/@testing-library/user-event/dist/cjs/keyboard/index.js:11:15)
      at Object.type (node_modules/@testing-library/user-event/dist/cjs/utility/type.js:17:5)
      at Object.<anonymous> (src/components/Contact/Contact.test.tsx:170:5)

    console.error
      Warning: An update to Contact inside a test was not wrapped in act(...).
      
      When testing, code that causes React state updates should be wrapped into act(...):
      
      act(() => {
        /* fire events that update state */
      });
      /* assert on the output */
      
      This ensures that you're testing the behavior the user would see in the browser. Learn more at https://reactjs.org/link/wrap-tests-with-act
          at Contact (/workspaces/netsanet-portfolio/src/components/Contact/Contact.tsx:17:44)

      30 |
      31 |   const handleInputChange = (field: keyof ContactFormData, value: string) => {
    > 32 |     setFormState(prev => ({
         |     ^
      33 |       ...prev,
      34 |       data: {
      35 |         ...prev.data,

      at printWarning (node_modules/react-dom/cjs/react-dom.development.js:86:30)
      at error (node_modules/react-dom/cjs/react-dom.development.js:60:7)
      at warnIfUpdatesNotWrappedWithActDEV (node_modules/react-dom/cjs/react-dom.development.js:27628:9)
      at scheduleUpdateOnFiber (node_modules/react-dom/cjs/react-dom.development.js:25547:5)
      at dispatchSetState (node_modules/react-dom/cjs/react-dom.development.js:16708:7)
      at handleInputChange (src/components/Contact/Contact.tsx:32:5)
      at onChange (src/components/Contact/Contact.tsx:301:34)
      at HTMLUnknownElement.callCallback (node_modules/react-dom/cjs/react-dom.development.js:4164:14)
      at HTMLUnknownElement.callTheUserObjectsOperation (node_modules/jsdom/lib/jsdom/living/generated/EventListener.js:26:30)
      at innerInvokeEventListeners (node_modules/jsdom/lib/jsdom/living/events/EventTarget-impl.js:350:25)
      at invokeEventListeners (node_modules/jsdom/lib/jsdom/living/events/EventTarget-impl.js:286:3)
      at HTMLUnknownElementImpl._dispatch (node_modules/jsdom/lib/jsdom/living/events/EventTarget-impl.js:233:9)
      at HTMLUnknownElementImpl.dispatchEvent (node_modules/jsdom/lib/jsdom/living/events/EventTarget-impl.js:104:17)
      at HTMLUnknownElement.dispatchEvent (node_modules/jsdom/lib/jsdom/living/generated/EventTarget.js:241:34)
      at Object.invokeGuardedCallbackDev (node_modules/react-dom/cjs/react-dom.development.js:4213:16)
      at invokeGuardedCallback (node_modules/react-dom/cjs/react-dom.development.js:4277:31)
      at invokeGuardedCallbackAndCatchFirstError (node_modules/react-dom/cjs/react-dom.development.js:4291:25)
      at executeDispatch (node_modules/react-dom/cjs/react-dom.development.js:9041:3)
      at processDispatchQueueItemsInOrder (node_modules/react-dom/cjs/react-dom.development.js:9073:7)
      at processDispatchQueue (node_modules/react-dom/cjs/react-dom.development.js:9086:5)
      at dispatchEventsForPlugins (node_modules/react-dom/cjs/react-dom.development.js:9097:3)
      at node_modules/react-dom/cjs/react-dom.development.js:9288:12
      at batchedUpdates$1 (node_modules/react-dom/cjs/react-dom.development.js:26179:12)
      at batchedUpdates (node_modules/react-dom/cjs/react-dom.development.js:3991:12)
      at dispatchEventForPluginEventSystem (node_modules/react-dom/cjs/react-dom.development.js:9287:3)
      at dispatchEventWithEnableCapturePhaseSelectiveHydrationWithoutDiscreteEventReplay (node_modules/react-dom/cjs/react-dom.development.js:6465:5)
      at dispatchEvent (node_modules/react-dom/cjs/react-dom.development.js:6457:5)
      at dispatchDiscreteEvent (node_modules/react-dom/cjs/react-dom.development.js:6430:5)
      at HTMLDivElement.callTheUserObjectsOperation (node_modules/jsdom/lib/jsdom/living/generated/EventListener.js:26:30)
      at innerInvokeEventListeners (node_modules/jsdom/lib/jsdom/living/events/EventTarget-impl.js:350:25)
      at invokeEventListeners (node_modules/jsdom/lib/jsdom/living/events/EventTarget-impl.js:286:3)
      at HTMLTextAreaElementImpl._dispatch (node_modules/jsdom/lib/jsdom/living/events/EventTarget-impl.js:233:9)
      at HTMLTextAreaElementImpl.dispatchEvent (node_modules/jsdom/lib/jsdom/living/events/EventTarget-impl.js:104:17)
      at HTMLTextAreaElement.dispatchEvent (node_modules/jsdom/lib/jsdom/living/generated/EventTarget.js:241:34)
      at node_modules/@testing-library/user-event/dist/cjs/event/dispatchEvent.js:45:43
      at Object.eventWrapper (node_modules/@testing-library/dom/dist/config.js:25:23)
      at Object.wrapEvent (node_modules/@testing-library/user-event/dist/cjs/event/wrapEvent.js:6:28)
      at Object.dispatchEvent (node_modules/@testing-library/user-event/dist/cjs/event/dispatchEvent.js:45:22)
      at Object.dispatchUIEvent (node_modules/@testing-library/user-event/dist/cjs/event/dispatchEvent.js:22:26)
      at commitInput (node_modules/@testing-library/user-event/dist/cjs/event/input.js:145:14)
      at editInputElement (node_modules/@testing-library/user-event/dist/cjs/event/input.js:115:9)
      at Object.input (node_modules/@testing-library/user-event/dist/cjs/event/input.js:37:9)
      at node_modules/@testing-library/user-event/dist/cjs/event/behavior/keypress.js:31:26
      at Object.dispatchEvent (node_modules/@testing-library/user-event/dist/cjs/event/dispatchEvent.js:41:13)
      at Object.dispatchUIEvent (node_modules/@testing-library/user-event/dist/cjs/event/dispatchEvent.js:22:26)
      at KeyboardHost.keydown (node_modules/@testing-library/user-event/dist/cjs/system/keyboard.js:76:22)
      at keyboardAction (node_modules/@testing-library/user-event/dist/cjs/keyboard/index.js:22:35)
      at Object.keyboard (node_modules/@testing-library/user-event/dist/cjs/keyboard/index.js:11:15)
      at Object.type (node_modules/@testing-library/user-event/dist/cjs/utility/type.js:17:5)
      at Object.<anonymous> (src/components/Contact/Contact.test.tsx:170:5)

    console.error
      Warning: An update to Contact inside a test was not wrapped in act(...).
      
      When testing, code that causes React state updates should be wrapped into act(...):
      
      act(() => {
        /* fire events that update state */
      });
      /* assert on the output */
      
      This ensures that you're testing the behavior the user would see in the browser. Learn more at https://reactjs.org/link/wrap-tests-with-act
          at Contact (/workspaces/netsanet-portfolio/src/components/Contact/Contact.tsx:17:44)

      59 |
      60 |     // Set submitting state
    > 61 |     setFormState(prev => ({
         |     ^
      62 |       ...prev,
      63 |       isSubmitting: true,
      64 |       submitError: null

      at printWarning (node_modules/react-dom/cjs/react-dom.development.js:86:30)
      at error (node_modules/react-dom/cjs/react-dom.development.js:60:7)
      at warnIfUpdatesNotWrappedWithActDEV (node_modules/react-dom/cjs/react-dom.development.js:27628:9)
      at scheduleUpdateOnFiber (node_modules/react-dom/cjs/react-dom.development.js:25547:5)
      at dispatchSetState (node_modules/react-dom/cjs/react-dom.development.js:16708:7)
      at handleSubmit (src/components/Contact/Contact.tsx:61:5)
      at HTMLUnknownElement.callCallback (node_modules/react-dom/cjs/react-dom.development.js:4164:14)
      at HTMLUnknownElement.callTheUserObjectsOperation (node_modules/jsdom/lib/jsdom/living/generated/EventListener.js:26:30)
      at innerInvokeEventListeners (node_modules/jsdom/lib/jsdom/living/events/EventTarget-impl.js:350:25)
      at invokeEventListeners (node_modules/jsdom/lib/jsdom/living/events/EventTarget-impl.js:286:3)
      at HTMLUnknownElementImpl._dispatch (node_modules/jsdom/lib/jsdom/living/events/EventTarget-impl.js:233:9)
      at HTMLUnknownElementImpl.dispatchEvent (node_modules/jsdom/lib/jsdom/living/events/EventTarget-impl.js:104:17)
      at HTMLUnknownElement.dispatchEvent (node_modules/jsdom/lib/jsdom/living/generated/EventTarget.js:241:34)
      at Object.invokeGuardedCallbackDev (node_modules/react-dom/cjs/react-dom.development.js:4213:16)
      at invokeGuardedCallback (node_modules/react-dom/cjs/react-dom.development.js:4277:31)
      at invokeGuardedCallbackAndCatchFirstError (node_modules/react-dom/cjs/react-dom.development.js:4291:25)
      at executeDispatch (node_modules/react-dom/cjs/react-dom.development.js:9041:3)
      at processDispatchQueueItemsInOrder (node_modules/react-dom/cjs/react-dom.development.js:9073:7)
      at processDispatchQueue (node_modules/react-dom/cjs/react-dom.development.js:9086:5)
      at dispatchEventsForPlugins (node_modules/react-dom/cjs/react-dom.development.js:9097:3)
      at node_modules/react-dom/cjs/react-dom.development.js:9288:12
      at batchedUpdates$1 (node_modules/react-dom/cjs/react-dom.development.js:26179:12)
      at batchedUpdates (node_modules/react-dom/cjs/react-dom.development.js:3991:12)
      at dispatchEventForPluginEventSystem (node_modules/react-dom/cjs/react-dom.development.js:9287:3)
      at dispatchEventWithEnableCapturePhaseSelectiveHydrationWithoutDiscreteEventReplay (node_modules/react-dom/cjs/react-dom.development.js:6465:5)
      at dispatchEvent (node_modules/react-dom/cjs/react-dom.development.js:6457:5)
      at dispatchDiscreteEvent (node_modules/react-dom/cjs/react-dom.development.js:6430:5)
      at HTMLDivElement.callTheUserObjectsOperation (node_modules/jsdom/lib/jsdom/living/generated/EventListener.js:26:30)
      at innerInvokeEventListeners (node_modules/jsdom/lib/jsdom/living/events/EventTarget-impl.js:350:25)
      at invokeEventListeners (node_modules/jsdom/lib/jsdom/living/events/EventTarget-impl.js:286:3)
      at HTMLFormElementImpl._dispatch (node_modules/jsdom/lib/jsdom/living/events/EventTarget-impl.js:233:9)
      at fireAnEvent (node_modules/jsdom/lib/jsdom/living/helpers/events.js:18:36)
      at HTMLFormElementImpl.requestSubmit (node_modules/jsdom/lib/jsdom/living/nodes/HTMLFormElement-impl.js:109:10)
      at HTMLFormElementImpl._doRequestSubmit (node_modules/jsdom/lib/jsdom/living/nodes/HTMLFormElement-impl.js:79:10)
      at HTMLButtonElementImpl._activationBehavior (node_modules/jsdom/lib/jsdom/living/nodes/HTMLButtonElement-impl.js:23:14)
      at HTMLButtonElementImpl._dispatch (node_modules/jsdom/lib/jsdom/living/events/EventTarget-impl.js:252:26)
      at HTMLButtonElementImpl.dispatchEvent (node_modules/jsdom/lib/jsdom/living/events/EventTarget-impl.js:104:17)
      at HTMLButtonElement.dispatchEvent (node_modules/jsdom/lib/jsdom/living/generated/EventTarget.js:241:34)
      at node_modules/@testing-library/user-event/dist/cjs/event/dispatchEvent.js:45:43
      at Object.eventWrapper (node_modules/@testing-library/dom/dist/config.js:25:23)
      at Object.wrapEvent (node_modules/@testing-library/user-event/dist/cjs/event/wrapEvent.js:6:28)
      at Object.dispatchEvent (node_modules/@testing-library/user-event/dist/cjs/event/dispatchEvent.js:45:22)
      at Object.dispatchUIEvent (node_modules/@testing-library/user-event/dist/cjs/event/dispatchEvent.js:22:26)
      at Mouse.up (node_modules/@testing-library/user-event/dist/cjs/system/pointer/mouse.js:100:30)
      at PointerHost.release (node_modules/@testing-library/user-event/dist/cjs/system/pointer/index.js:87:24)
      at pointerAction (node_modules/@testing-library/user-event/dist/cjs/pointer/index.js:54:47)
      at Object.pointer (node_modules/@testing-library/user-event/dist/cjs/pointer/index.js:27:9)
      at Object.<anonymous> (src/components/Contact/Contact.test.tsx:173:5)

    console.error
      Warning: An update to Contact inside a test was not wrapped in act(...).
      
      When testing, code that causes React state updates should be wrapped into act(...):
      
      act(() => {
        /* fire events that update state */
      });
      /* assert on the output */
      
      This ensures that you're testing the behavior the user would see in the browser. Learn more at https://reactjs.org/link/wrap-tests-with-act
          at Contact (/workspaces/netsanet-portfolio/src/components/Contact/Contact.tsx:17:44)

      91 |
      92 |   const resetForm = () => {
    > 93 |     setFormState({
         |     ^
      94 |       data: {
      95 |         name: '',
      96 |         email: '',

      at printWarning (node_modules/react-dom/cjs/react-dom.development.js:86:30)
      at error (node_modules/react-dom/cjs/react-dom.development.js:60:7)
      at warnIfUpdatesNotWrappedWithActDEV (node_modules/react-dom/cjs/react-dom.development.js:27628:9)
      at scheduleUpdateOnFiber (node_modules/react-dom/cjs/react-dom.development.js:25547:5)
      at dispatchSetState (node_modules/react-dom/cjs/react-dom.development.js:16708:7)
      at resetForm (src/components/Contact/Contact.tsx:93:5)
      at HTMLUnknownElement.callCallback (node_modules/react-dom/cjs/react-dom.development.js:4164:14)
      at HTMLUnknownElement.callTheUserObjectsOperation (node_modules/jsdom/lib/jsdom/living/generated/EventListener.js:26:30)
      at innerInvokeEventListeners (node_modules/jsdom/lib/jsdom/living/events/EventTarget-impl.js:350:25)
      at invokeEventListeners (node_modules/jsdom/lib/jsdom/living/events/EventTarget-impl.js:286:3)
      at HTMLUnknownElementImpl._dispatch (node_modules/jsdom/lib/jsdom/living/events/EventTarget-impl.js:233:9)
      at HTMLUnknownElementImpl.dispatchEvent (node_modules/jsdom/lib/jsdom/living/events/EventTarget-impl.js:104:17)
      at HTMLUnknownElement.dispatchEvent (node_modules/jsdom/lib/jsdom/living/generated/EventTarget.js:241:34)
      at Object.invokeGuardedCallbackDev (node_modules/react-dom/cjs/react-dom.development.js:4213:16)
      at invokeGuardedCallback (node_modules/react-dom/cjs/react-dom.development.js:4277:31)
      at invokeGuardedCallbackAndCatchFirstError (node_modules/react-dom/cjs/react-dom.development.js:4291:25)
      at executeDispatch (node_modules/react-dom/cjs/react-dom.development.js:9041:3)
      at processDispatchQueueItemsInOrder (node_modules/react-dom/cjs/react-dom.development.js:9073:7)
      at processDispatchQueue (node_modules/react-dom/cjs/react-dom.development.js:9086:5)
      at dispatchEventsForPlugins (node_modules/react-dom/cjs/react-dom.development.js:9097:3)
      at node_modules/react-dom/cjs/react-dom.development.js:9288:12
      at batchedUpdates$1 (node_modules/react-dom/cjs/react-dom.development.js:26179:12)
      at batchedUpdates (node_modules/react-dom/cjs/react-dom.development.js:3991:12)
      at dispatchEventForPluginEventSystem (node_modules/react-dom/cjs/react-dom.development.js:9287:3)
      at dispatchEventWithEnableCapturePhaseSelectiveHydrationWithoutDiscreteEventReplay (node_modules/react-dom/cjs/react-dom.development.js:6465:5)
      at dispatchEvent (node_modules/react-dom/cjs/react-dom.development.js:6457:5)
      at dispatchDiscreteEvent (node_modules/react-dom/cjs/react-dom.development.js:6430:5)
      at HTMLDivElement.callTheUserObjectsOperation (node_modules/jsdom/lib/jsdom/living/generated/EventListener.js:26:30)
      at innerInvokeEventListeners (node_modules/jsdom/lib/jsdom/living/events/EventTarget-impl.js:350:25)
      at invokeEventListeners (node_modules/jsdom/lib/jsdom/living/events/EventTarget-impl.js:286:3)
      at HTMLButtonElementImpl._dispatch (node_modules/jsdom/lib/jsdom/living/events/EventTarget-impl.js:233:9)
      at HTMLButtonElementImpl.dispatchEvent (node_modules/jsdom/lib/jsdom/living/events/EventTarget-impl.js:104:17)
      at HTMLButtonElement.dispatchEvent (node_modules/jsdom/lib/jsdom/living/generated/EventTarget.js:241:34)
      at node_modules/@testing-library/user-event/dist/cjs/event/dispatchEvent.js:45:43
      at Object.eventWrapper (node_modules/@testing-library/dom/dist/config.js:25:23)
      at Object.wrapEvent (node_modules/@testing-library/user-event/dist/cjs/event/wrapEvent.js:6:28)
      at Object.dispatchEvent (node_modules/@testing-library/user-event/dist/cjs/event/dispatchEvent.js:45:22)
      at Object.dispatchUIEvent (node_modules/@testing-library/user-event/dist/cjs/event/dispatchEvent.js:22:26)
      at Mouse.up (node_modules/@testing-library/user-event/dist/cjs/system/pointer/mouse.js:100:30)
      at PointerHost.release (node_modules/@testing-library/user-event/dist/cjs/system/pointer/index.js:87:24)
      at pointerAction (node_modules/@testing-library/user-event/dist/cjs/pointer/index.js:54:47)
      at Object.pointer (node_modules/@testing-library/user-event/dist/cjs/pointer/index.js:27:9)
      at Object.<anonymous> (src/components/Contact/Contact.test.tsx:181:5)

  ● Contact Component - Property 4: Form Validation and Submission › should render contact form and information

    TestingLibraryElementError: Unable to find an element with the text: /netsanet.workunetsanet143@email.com/i. This could be because the text is broken up by multiple elements. In this case, you can provide a function for your text matcher to make your matcher more flexible.

    Ignored nodes: comments, script, style
    [36m<body>[39m
      [36m<div>[39m
        [36m<section[39m
          [33mclass[39m=[32m"contact "[39m
          [33mid[39m=[32m"contact"[39m
        [36m>[39m
          [36m<div[39m
            [33mclass[39m=[32m"container"[39m
          [36m>[39m
            [36m<h2>[39m
              [0mContact[0m
            [36m</h2>[39m
            [36m<p[39m
              [33mclass[39m=[32m"subtitle"[39m
            [36m>[39m
              [0mLet's connect! I'm always interested in discussing new opportunities and projects.[0m
            [36m</p>[39m
            [36m<div[39m
              [33mclass[39m=[32m"contactContent"[39m
            [36m>[39m
              [36m<div[39m
                [33mclass[39m=[32m"contactInfo"[39m
              [36m>[39m
                [36m<h3>[39m
                  [0mGet In Touch[0m
                [36m</h3>[39m
                [36m<div[39m
                  [33mclass[39m=[32m"contactDetails"[39m
                [36m>[39m
                  [36m<div[39m
                    [33mclass[39m=[32m"contactItem"[39m
                  [36m>[39m
                    [36m<svg[39m
                      [33maria-hidden[39m=[32m"true"[39m
                      [33mclass[39m=[32m"contactIcon"[39m
                      [33mfill[39m=[32m"none"[39m
                      [33mstroke[39m=[32m"currentColor"[39m
                      [33mviewBox[39m=[32m"0 0 24 24"[39m
                    [36m>[39m
                      [36m<path[39m
                        [33md[39m=[32m"M3 8l7.89 4.26a2 2 0 002.22 0L21 8M5 19h14a2 2 0 002-2V7a2 2 0 00-2-2H5a2 2 0 00-2 2v10a2 2 0 002 2z"[39m
                        [33mstroke-linecap[39m=[32m"round"[39m
                        [33mstroke-linejoin[39m=[32m"round"[39m
                        [33mstroke-width[39m=[32m"2"[39m
                      [36m/>[39m
                    [36m</svg>[39m
                    [36m<a[39m
                      [33mclass[39m=[32m"contactLink"[39m
                      [33mhref[39m=[32m"mailto:workunetsanet143@gmail.com"[39m
                    [36m>[39m
                      [0mworkunetsanet143@gmail.com[0m
                    [36m</a>[39m
                  [36m</div>[39m
                  [36m<div[39m
                    [33mclass[39m=[32m"contactItem"[39m
                  [36m>[39m
                    [36m<svg[39m
                      [33maria-hidden[39m=[32m"true"[39m
                      [33mclass[39m=[32m"contactIcon"[39m
                      [33mfill[39m=[32m"none"[39m
                      [33mstroke[39m=[32m"currentColor"[39m
                      [33mviewBox[39m=[32m"0 0 24 24"[39m
                    [36m>[39m
                      [36m<path[39m
                        [33md[39m=[32m"M3 5a2 2 0 012-2h3.28a1 1 0 01.948.684l1.498 4.493a1 1 0 01-.502 1.21l-2.257 1.13a11.042 11.042 0 005.516 5.516l1.13-2.257a1 1 0 011.21-.502l4.493 1.498a1 1 0 01.684.949V19a2 2 0 01-2 2h-1C9.716 21 3 14.284 3 6V5z"[39m
                        [33mstroke-linecap[39m=[32m"round"[39m
                        [33mstroke-linejoin[39m=[32m"round"[39m
                        [33mstroke-width[39m=[32m"2"[39m
                      [36m/>[39m
                    [36m</svg>[39m
                    [36m<a[39m
                      [33mclass[39m=[32m"contactLink"[39m
                      [33mhref[39m=[32m"tel:+251936116761"[39m
                    [36m>[39m
                      [0m+251 936 116 761[0m
                    [36m</a>[39m
                  [36m</div>[39m
                  [36m<div[39m
                    [33mclass[39m=[32m"contactItem"[39m
                  [36m>[39m
                    [36m<svg[39m
                      [33maria-hidden[39m=[32m"true"[39m
                      [33mclass[39m=[32m"contactIcon"[39m
                      [33mfill[39m=[32m"none"[39m
                      [33mstroke[39m=[32m"currentColor"[39m
                      [33mviewBox[39m=[32m"0 0 24 24"[39m
                    [36m>[39m
                      [36m<path[39m
                        [33md[39m=[32m"M17.657 16.657L13.414 20.9a1.998 1.998 0 01-2.827 0l-4.244-4.243a8 8 0 1111.314 0z"[39m
                        [33mstroke-linecap[39m=[32m"round"[39m
                        [33mstroke-linejoin[39m=[32m"round"[39m
                        [33mstroke-width[39m=[32m"2"[39m
                      [36m/>[39m
                      [36m<path[39m
                        [33md[39m=[32m"M15 11a3 3 0 11-6 0 3 3 0 016 0z"[39m
                        [33mstroke-linecap[39m=[32m"round"[39m
                        [33mstroke-linejoin[39m=[32m"round"[39m
                        [33mstroke-width[39m=[32m"2"[39m
                      [36m/>[39m
                    [36m</svg>[39m
                    [36m<span>[39m
                      [0mAsela, Ethiopia[0m
                    [36m</span>[39m
                  [36m</div>[39m
                [36m</div>[39m
                [36m<div[39m
                  [33mclass[39m=[32m"socialLinks"[39m
                [36m>[39m
                  [36m<a[39m
                    [33maria-label[39m=[32m"TikTok Profile"[39m
                    [33mclass[39m=[32m"socialLink"[39m
                    [33mhref[39m=[32m"https://tiktok.com/@netsanet.worku"[39m
                    [33mrel[39m=[32m"noopener noreferrer"[39m
                    [33mtarget[39m=[32m"_blank"[39m
                  [36m>[39m
                    [36m<svg[39m
                      [33maria-hidden[39m=[32m"true"[39m
                      [33mclass[39m=[32m"socialIcon"[39m
                      [33mfill[39m=[32m"currentColor"[39m
                      [33mviewBox[39m=[32m"0 0 24 24"[39m
                    [36m>[39m
                      [36m<path[39m
                        [33md[39m=[32m"M19.59 6.69a4.83 4.83 0 0 1-3.77-4.25V2h-3.45v13.67a2.89 2.89 0 0 1-5.2 1.74 2.89 2.89 0 0 1 2.31-4.64 2.93 2.93 0 0 1 .88.13V9.4a6.84 6.84 0 0 0-1-.05A6.33 6.33 0 0 0 5 20.1a6.34 6.34 0 0 0 10.86-4.43v-7a8.16 8.16 0 0 0 4.77 1.52v-3.4a4.85 4.85 0 0 1-1-.1z"[39m
                      [36m/>[39m
                    [36m</svg>[39m
                  [36m</a>[39m
                  [36m<a[39m
                    [33maria-label[39m=[32m"YouTube Channel"[39m
                    [33mclass[39m=[32m"socialLink"[39m
                    [33mhref[39m=[32m"https://youtube.com/@Netsalove"[39m
                    [33mrel[39m=[32m"noopener noreferrer"[39m
                    [33mtarget[39m=[32m"_blank"[39m
                  [36m>[39m
                    [36m<svg[39m
                      [33maria-hidden[39m=[32m"true"[39m
                      [33mclass[39m=[32m"socialIcon"[39m
                      [33mfill[39m=[32m"currentColor"[39m
                      [33mviewBox[39m=[32m"0 0 24 24"[39m
                    [36m>[39m
                      [36m<path[39m
                        [33md[39m=[32m"M23.498 6.186a3.016 3.016 0 0 0-2.122-2.136C19.505 3.545 12 3.545 12 3.545s-7.505 0-9.377.505A3.017 3.017 0 0 0 .502 6.186C0 8.07 0 12 0 12s0 3.93.502 5.814a3.016 3.016 0 0 0 2.122 2.136c1.871.505 9.376.505 9.376.505s7.505 0 9.377-.505a3.015 3.015 0 0 0 2.122-2.136C24 15.93 24 12 24 12s0-3.93-.502-5.814zM9.545 15.568V8.432L15.818 12l-6.273 3.568z"[39m
                      [36m/>[39m
                    [36m</svg>[39m
                  [36m</a>[39m
                  [36m<a[39m
                    [33maria-label[39m=[32m"Telegram Profile"[39m
                    [33mclass[39m=[32m"socialLink"[39m
                    [33mhref[39m=[32m"https://t.me/Abi_yam21"[39m
                    [33mrel[39m=[32m"noopener noreferrer"[39m
                    [33mtarget[39m=[32m"_blank"[39m
                  [36m>[39m
                    [36m<svg[39m
                      [33maria-hidden[39m=[32m"true"[39m
                      [33mclass[39m=[32m"socialIcon"[39m
                      [33mfill[39m=[32m"currentColor"[39m
                      [33mviewBox[39m=[32m"0 0 24 24"[39m
                    [36m>[39m
                      [36m<path[39m
                        [33md[39m=[32m"M11.944 0A12 12 0 0 0 0 12a12 12 0 0 0 12 12 12 12 0 0 0 12-12A12 12 0 0 0 12 0a12 12 0 0 0-.056 0zm4.962 7.224c.1-.002.321.023.465.14a.506.506 0 0 1 .171.325c.016.093.036.306.02.472-.18 1.898-.962 6.502-1.36 8.627-.168.9-.499 1.201-.82 1.23-.696.065-1.225-.46-1.9-.902-1.056-.693-1.653-1.124-2.678-1.8-1.185-.78-.417-1.21.258-1.91.177-.184 3.247-2.977 3.307-3.23.007-.032.014-.15-.056-.212s-.174-.041-.249-.024c-.106.024-1.793 1.14-5.061 3.345-.48.33-.913.49-1.302.48-.428-.008-1.252-.241-1.865-.44-.752-.245-1.349-.374-1.297-.789.027-.216.325-.437.893-.663 3.498-1.524 5.83-2.529 6.998-3.014 3.332-1.386 4.025-1.627 4.476-1.635z"[39m
                      [36m/>[39m
                    [36m</svg>[39m
                  [36m</a>[39m
                  [36m<a[39m
                    [33maria-label[39m=[32m"GitHub Profile"[39m
                    [33mclass[39m=[32m"socialLink"[39m
                    [33mhref[39m=[32m"https://github.com/netsanet"[39m
                    [33mrel[39m=[32m"noopener noreferrer"[39m
                    [33mtarget[39m=[32m"_blank"[39m
                  [36m>[39m
                    [36m<svg[39m
                      [33maria-hidden[39m=[32m"true"[39m
                      [33mclass[39m=[32m"socialIcon"[39m
                      [33mfill[39m=[32m"currentColor"[39m
                      [33mviewBox[39m=[32m"0 0 24 24"[39m
                    [36m>[39m
                      [36m<path[39m
                        [33md[39m=[32m"M12 0c-6.626 0-12 5.373-12 12 0 5.302 3.438 9.8 8.207 11.387.599.111.793-.261.793-.577v-2.234c-3.338.726-4.033-1.416-4.033-1.416-.546-1.387-1.333-1.756-1.333-1.756-1.089-.745.083-.729.083-.729 1.205.084 1.839 1.237 1.839 1.237 1.07 1.834 2.807 1.304 3.492.997.107-.775.418-1.305.762-1.604-2.665-.305-5.467-1.334-5.467-5.931 0-1.311.469-2.381 1.236-3.221-.124-.303-.535-1.524.117-3.176 0 0 1.008-.322 3.301 1.23.957-.266 1.983-.399 3.003-.404 1.02.005 2.047.138 3.006.404 2.291-1.552 3.297-1.23 3.297-1.23.653 1.653.242 2.874.118 3.176.77.84 1.235 1.911 1.235 3.221 0 4.609-2.807 5.624-5.479 5.921.43.372.823 1.102.823 2.222v3.293c0 .319.192.694.801.576 4.765-1.589 8.199-6.086 8.199-11.386 0-6.627-5.373-12-12-12z"[39m
                      [36m/>[39m
                    [36m</svg>[39m
                  [36m</a>[39m
                  [36m<a[39m
                    [33maria-label[39m=[32m"LinkedIn Profile"[39m
                    [33mclass[39m=[32m"socialLink"[39m
                    [33mhref[39m=[32m"https://linkedin.com/in/netsanet"[39m
                    [33mrel[39m=[32m"noopener noreferrer"[39m
                    [33mtarget[39m=[32m"_blank"[39m
                  [36m>[39m
                    [36m<svg[39m
                      [33maria-hidden[39m=[32m"true"[39m
                      [33mclass[39m=[32m"socialIcon"[39m
                      [33mfill[39m=[32m"currentColor"[39m
                      [33mviewBox[39m=[32m"0 0 24 24"[39m
                    [36m>[39m
                      [36m<path[39m
                        [33md[39m=[32m"M20.447 20.452h-3.554v-5.569c0-1.328-.027-3.037-1.852-3.037-1.853 0-2.136 1.445-2.136 2.939v5.667H9.351V9h3.414v1.561h.046c.477-.9 1.637-1.85 3.37-1.85 3.601 0 4.267 2.37 4.267 5.455v6.286zM5.337 7.433c-1.144 0-2.063-.926-2.063-2.065 0-1.138.92-2.063 2.063-2.063 1.14 0 2.064.925 2.064 2.063 0 1.139-.925 2.065-2.064 2.065zm1.782 13.019H3.555V9h3.564v11.452zM22.225 0H1.771C.792 0 0 .774 0 1.729v20.542C0 23.227.792 24 1.771 24h20.451C23.2 24 24 23.227 24 22.271V1.729C24 .774 23.2 0 22.222 0h.003z"[39m
                      [36m/>[39m
                    [36m</svg>[39m
                  [36m</a>[39m
                [36m</div>[39m
              [36m</div>[39m
              [36m<form[39m
                [33mclass[39m=[32m"contactForm"[39m
                [33mnovalidate[39m=[32m""[39m
              [36m>[39m
                [36m<div[39m
                  [33mclass[39m=[32m"formGroup"[39m
                [36m>[39m
                  [36m<label[39m
                    [33mclass[39m=[32m"label"[39m
                    [33mfor[39m=[32m"name"[39m
                  [36m>[39m
                    [0mName *[0m
                  [36m</label>[39m
                  [36m<input[39m
                    [33mclass[39m=[32m"input "[39m
                    [33mid[39m=[32m"name"[39m
                    [33mplaceholder[39m=[32m"Your full name"[39m
                    [33mrequired[39m=[32m""[39m
                    [33mtype[39m=[32m"text"[39m
                    [33mvalue[39m=[32m""[39m
                  [36m/>[39m
                [36m</div>[39m
                [36m<div[39m
                  [33mclass[39m=[32m"formGroup"[39m
                [36m>[39m
                  [36m<label[39m
                    [33mclass[39m=[32m"label"[39m
                    [33mfor[39m=[32m"email"[39m
                  [36m>[39m
                    [0mEmail *[0m
                  [36m</label>[39m
                  [36m<input[39m
                    [33mclass[39m=[32m"input "[39m
                    [33mid[39m=[32m"email"[39m
                    [33mplaceholder[39m=[32m"your.email@example.com"[39m
                    [33mrequired[39m=[32m""[39m
                    [33mtype[39m=[32m"email"[39m
                    [33mvalue[39m=[32m""[39m
                  [36m/>[39m
                [36m</div>[39m
                [36m<div[39m
                  [33mclass[39m=[32m"formGroup"[39m
                [36m>[39m
                  [36m<label[39m
                    [33mclass[39m=[32m"label"[39m
                    [33mfor[39m=[32m"subject"[39m
                  [36m>[39m
                    [0mSubject *[0m
                  [36m</label>[39m
                  [36m<input[39m
                    [33mclass[39m=[32m"input "[39m
                    [33mid[39m=[32m"subject"[39m
                    [33mplaceholder[39m=[32m"What's this about?"[39m
                    [33mrequired[39m=[32m""[39m
                    [33mtype[39m=[32m"text"[39m
                    [33mvalue[39m=[32m""[39m
                  [36m/>[39m
                [36m</div>[39m
                [36m<div[39m
                  [33mclass[39m=[32m"formGroup"[39m
                [36m>[39m
                  [36m<label[39m
                    [33mclass[39m=[32m"label"[39m
                    [33mfor[39m=[32m"message"[39m
                  [36m>[39m
                    [0mMessage *[0m
                  [36m</label>[39m
                  [36m<textarea[39m
                    [33mclass[39m=[32m"textarea "[39m
                    [33mid[39m=[32m"message"[39m
                    [33mplaceholder[39m=[32m"Tell me about your project or opportunity..."[39m
                    [33mrequired[39m=[32m""[39m
                    [33mrows[39m=[32m"6"[39m
                  [36m/>[39m
                [36m</div>[39m
                [36m<button[39m
                  [33mclass[39m=[32m"submitButton "[39m
                  [33mtype[39m=[32m"submit"[39m
                [36m>[39m
                  [0mSend Message[0m
                [36m</button>[39m
              [36m</form>[39m
            [36m</div>[39m
          [36m</div>[39m
        [36m</section>[39m
      [36m</div>[39m
    [36m</body>[39m

      29 |     // Contact information should be displayed
      30 |     expect(screen.getByText(/get in touch/i)).toBeInTheDocument();
    > 31 |     expect(screen.getByText(/netsanet.workunetsanet143@email.com/i)).toBeInTheDocument();
         |                   ^
      32 |     expect(screen.getByText(/Asela Ethiopia, et/i)).toBeInTheDocument();
      33 |   });
      34 |

      at Object.getElementError (node_modules/@testing-library/react/node_modules/@testing-library/dom/dist/config.js:37:19)
      at node_modules/@testing-library/react/node_modules/@testing-library/dom/dist/query-helpers.js:76:38
      at node_modules/@testing-library/react/node_modules/@testing-library/dom/dist/query-helpers.js:52:17
      at node_modules/@testing-library/react/node_modules/@testing-library/dom/dist/query-helpers.js:95:19
      at Object.<anonymous> (src/components/Contact/Contact.test.tsx:31:19)

  ● Contact Component - Property 4: Form Validation and Submission › should validate form fields and show appropriate errors

    Property failed after 7 tests
    { seed: -900199975, path: "6:0:0:1:8", endOnFailure: true }
    Counterexample: [{"name":"","email":"","subject":"","message":"{"}]
    Shrunk 4 time(s)
    Got error: Expected key descriptor but found "" in "{"
        See https://testing-library.com/docs/user-event/keyboard
        for more information about how userEvent parses your input.

      76 |             await user.clear(messageInput);
      77 |             if (formData.message) {
    > 78 |               await user.type(messageInput, formData.message);
         |               ^
      79 |             }
      80 |             
      81 |             // Submit form

      at assertDescriptor (node_modules/@testing-library/user-event/dist/cjs/utils/keyDef/readNextDescriptor.js:75:15)
      at readTag (node_modules/@testing-library/user-event/dist/cjs/utils/keyDef/readNextDescriptor.js:48:5)
      at Object.readNextDescriptor (node_modules/@testing-library/user-event/dist/cjs/utils/keyDef/readNextDescriptor.js:26:66)
      at Object.parseKeyDef (node_modules/@testing-library/user-event/dist/cjs/keyboard/parseKeyDef.js:18:118)
      at Object.keyboard (node_modules/@testing-library/user-event/dist/cjs/keyboard/index.js:8:33)
      at Object.type (node_modules/@testing-library/user-event/dist/cjs/utility/type.js:17:16)
      at src/components/Contact/Contact.test.tsx:78:15
      at AsyncProperty.run (node_modules/fast-check/lib/check/property/AsyncProperty.generic.js:49:28)
      at asyncRunIt (node_modules/fast-check/lib/check/runner/Runner.js:37:21)
      at Object.<anonymous> (src/components/Contact/Contact.test.tsx:39:5)
      Hint: Enable verbose mode in order to have the list of all failing values encountered during the run
      at buildError (node_modules/fast-check/lib/check/runner/utils/RunDetailsFormatter.js:132:15)
      at asyncThrowIfFailed (node_modules/fast-check/lib/check/runner/utils/RunDetailsFormatter.js:149:11)

  ● Contact Component - Property 4: Form Validation and Submission › should clear field errors when user starts typing

    thrown: "Exceeded timeout of 5000 ms for a test.
    Add a timeout value to this test to increase the timeout, if this is a long-running test. See https://jestjs.io/docs/api#testname-fn-timeout."

      117 |
      118 |   // Property test for form field error clearing
    > 119 |   it('should clear field errors when user starts typing', async () => {
          |   ^
      120 |     const user = userEvent.setup();
      121 |     
      122 |     await fc.assert(

      at src/components/Contact/Contact.test.tsx:119:3
      at Object.<anonymous> (src/components/Contact/Contact.test.tsx:16:1)

  ● Contact Component - Property 4: Form Validation and Submission › should maintain accessibility standards

    Property failed after 1 tests
    { seed: -725774843, path: "0", endOnFailure: true }
    Counterexample: [false]
    Shrunk 0 time(s)
    Got TestingLibraryElementError: Unable to find a label with the text of: /twitter profile/i

    Ignored nodes: comments, script, style
    [36m<body>[39m
      [36m<div>[39m
        [36m<section[39m
          [33mclass[39m=[32m"contact "[39m
          [33mid[39m=[32m"contact"[39m
        [36m>[39m
          [36m<div[39m
            [33mclass[39m=[32m"container"[39m
          [36m>[39m
            [36m<h2>[39m
              [0mContact[0m
            [36m</h2>[39m
            [36m<p[39m
              [33mclass[39m=[32m"subtitle"[39m
            [36m>[39m
              [0mLet's connect! I'm always interested in discussing new opportunities and projects.[0m
            [36m</p>[39m
            [36m<div[39m
              [33mclass[39m=[32m"contactContent"[39m
            [36m>[39m
              [36m<div[39m
                [33mclass[39m=[32m"contactInfo"[39m
              [36m>[39m
                [36m<h3>[39m
                  [0mGet In Touch[0m
                [36m</h3>[39m
                [36m<div[39m
                  [33mclass[39m=[32m"contactDetails"[39m
                [36m>[39m
                  [36m<div[39m
                    [33mclass[39m=[32m"contactItem"[39m
                  [36m>[39m
                    [36m<svg[39m
                      [33maria-hidden[39m=[32m"true"[39m
                      [33mclass[39m=[32m"contactIcon"[39m
                      [33mfill[39m=[32m"none"[39m
                      [33mstroke[39m=[32m"currentColor"[39m
                      [33mviewBox[39m=[32m"0 0 24 24"[39m
                    [36m>[39m
                      [36m<path[39m
                        [33md[39m=[32m"M3 8l7.89 4.26a2 2 0 002.22 0L21 8M5 19h14a2 2 0 002-2V7a2 2 0 00-2-2H5a2 2 0 00-2 2v10a2 2 0 002 2z"[39m
                        [33mstroke-linecap[39m=[32m"round"[39m
                        [33mstroke-linejoin[39m=[32m"round"[39m
                        [33mstroke-width[39m=[32m"2"[39m
                      [36m/>[39m
                    [36m</svg>[39m
                    [36m<a[39m
                      [33mclass[39m=[32m"contactLink"[39m
                      [33mhref[39m=[32m"mailto:workunetsanet143@gmail.com"[39m
                    [36m>[39m
                      [0mworkunetsanet143@gmail.com[0m
                    [36m</a>[39m
                  [36m</div>[39m
                  [36m<div[39m
                    [33mclass[39m=[32m"contactItem"[39m
                  [36m>[39m
                    [36m<svg[39m
                      [33maria-hidden[39m=[32m"true"[39m
                      [33mclass[39m=[32m"contactIcon"[39m
                      [33mfill[39m=[32m"none"[39m
                      [33mstroke[39m=[32m"currentColor"[39m
                      [33mviewBox[39m=[32m"0 0 24 24"[39m
                    [36m>[39m
                      [36m<path[39m
                        [33md[39m=[32m"M3 5a2 2 0 012-2h3.28a1 1 0 01.948.684l1.498 4.493a1 1 0 01-.502 1.21l-2.257 1.13a11.042 11.042 0 005.516 5.516l1.13-2.257a1 1 0 011.21-.502l4.493 1.498a1 1 0 01.684.949V19a2 2 0 01-2 2h-1C9.716 21 3 14.284 3 6V5z"[39m
                        [33mstroke-linecap[39m=[32m"round"[39m
                        [33mstroke-linejoin[39m=[32m"round"[39m
                        [33mstroke-width[39m=[32m"2"[39m
                      [36m/>[39m
                    [36m</svg>[39m
                    [36m<a[39m
                      [33mclass[39m=[32m"contactLink"[39m
                      [33mhref[39m=[32m"tel:+251936116761"[39m
                    [36m>[39m
                      [0m+251 936 116 761[0m
                    [36m</a>[39m
                  [36m</div>[39m
                  [36m<div[39m
                    [33mclass[39m=[32m"contactItem"[39m
                  [36m>[39m
                    [36m<svg[39m
                      [33maria-hidden[39m=[32m"true"[39m
                      [33mclass[39m=[32m"contactIcon"[39m
                      [33mfill[39m=[32m"none"[39m
                      [33mstroke[39m=[32m"currentColor"[39m
                      [33mviewBox[39m=[32m"0 0 24 24"[39m
                    [36m>[39m
                      [36m<path[39m
                        [33md[39m=[32m"M17.657 16.657L13.414 20.9a1.998 1.998 0 01-2.827 0l-4.244-4.243a8 8 0 1111.314 0z"[39m
                        [33mstroke-linecap[39m=[32m"round"[39m
                        [33mstroke-linejoin[39m=[32m"round"[39m
                        [33mstroke-width[39m=[32m"2"[39m
                      [36m/>[39m
                      [36m<path[39m
                        [33md[39m=[32m"M15 11a3 3 0 11-6 0 3 3 0 016 0z"[39m
                        [33mstroke-linecap[39m=[32m"round"[39m
                        [33mstroke-linejoin[39m=[32m"round"[39m
                        [33mstroke-width[39m=[32m"2"[39m
                      [36m/>[39m
                    [36m</svg>[39m
                    [36m<span>[39m
                      [0mAsela, Ethiopia[0m
                    [36m</span>[39m
                  [36m</div>[39m
                [36m</div>[39m
                [36m<div[39m
                  [33mclass[39m=[32m"socialLinks"[39m
                [36m>[39m
                  [36m<a[39m
                    [33maria-label[39m=[32m"TikTok Profile"[39m
                    [33mclass[39m=[32m"socialLink"[39m
                    [33mhref[39m=[32m"https://tiktok.com/@netsanet.worku"[39m
                    [33mrel[39m=[32m"noopener noreferrer"[39m
                    [33mtarget[39m=[32m"_blank"[39m
                  [36m>[39m
                    [36m<svg[39m
                      [33maria-hidden[39m=[32m"true"[39m
                      [33mclass[39m=[32m"socialIcon"[39m
                      [33mfill[39m=[32m"currentColor"[39m
                      [33mviewBox[39m=[32m"0 0 24 24"[39m
                    [36m>[39m
                      [36m<path[39m
                        [33md[39m=[32m"M19.59 6.69a4.83 4.83 0 0 1-3.77-4.25V2h-3.45v13.67a2.89 2.89 0 0 1-5.2 1.74 2.89 2.89 0 0 1 2.31-4.64 2.93 2.93 0 0 1 .88.13V9.4a6.84 6.84 0 0 0-1-.05A6.33 6.33 0 0 0 5 20.1a6.34 6.34 0 0 0 10.86-4.43v-7a8.16 8.16 0 0 0 4.77 1.52v-3.4a4.85 4.85 0 0 1-1-.1z"[39m
                      [36m/>[39m
                    [36m</svg>[39m
                  [36m</a>[39m
                  [36m<a[39m
                    [33maria-label[39m=[32m"YouTube Channel"[39m
                    [33mclass[39m=[32m"socialLink"[39m
                    [33mhref[39m=[32m"https://youtube.com/@Netsalove"[39m
                    [33mrel[39m=[32m"noopener noreferrer"[39m
                    [33mtarget[39m=[32m"_blank"[39m
                  [36m>[39m
                    [36m<svg[39m
                      [33maria-hidden[39m=[32m"true"[39m
                      [33mclass[39m=[32m"socialIcon"[39m
                      [33mfill[39m=[32m"currentColor"[39m
                      [33mviewBox[39m=[32m"0 0 24 24"[39m
                    [36m>[39m
                      [36m<path[39m
                        [33md[39m=[32m"M23.498 6.186a3.016 3.016 0 0 0-2.122-2.136C19.505 3.545 12 3.545 12 3.545s-7.505 0-9.377.505A3.017 3.017 0 0 0 .502 6.186C0 8.07 0 12 0 12s0 3.93.502 5.814a3.016 3.016 0 0 0 2.122 2.136c1.871.505 9.376.505 9.376.505s7.505 0 9.377-.505a3.015 3.015 0 0 0 2.122-2.136C24 15.93 24 12 24 12s0-3.93-.502-5.814zM9.545 15.568V8.432L15.818 12l-6.273 3.568z"[39m
                      [36m/>[39m
                    [36m</svg>[39m
                  [36m</a>[39m
                  [36m<a[39m
                    [33maria-label[39m=[32m"Telegram Profile"[39m
                    [33mclass[39m=[32m"socialLink"[39m
                    [33mhref[39m=[32m"https://t.me/Abi_yam21"[39m
                    [33mrel[39m=[32m"noopener noreferrer"[39m
                    [33mtarget[39m=[32m"_blank"[39m
                  [36m>[39m
                    [36m<svg[39m
                      [33maria-hidden[39m=[32m"true"[39m
                      [33mclass[39m=[32m"socialIcon"[39m
                      [33mfill[39m=[32m"currentColor"[39m
                      [33mviewBox[39m=[32m"0 0 24 24"[39m
                    [36m>[39m
                      [36m<path[39m
                        [33md[39m=[32m"M11.944 0A12 12 0 0 0 0 12a12 12 0 0 0 12 12 12 12 0 0 0 12-12A12 12 0 0 0 12 0a12 12 0 0 0-.056 0zm4.962 7.224c.1-.002.321.023.465.14a.506.506 0 0 1 .171.325c.016.093.036.306.02.472-.18 1.898-.962 6.502-1.36 8.627-.168.9-.499 1.201-.82 1.23-.696.065-1.225-.46-1.9-.902-1.056-.693-1.653-1.124-2.678-1.8-1.185-.78-.417-1.21.258-1.91.177-.184 3.247-2.977 3.307-3.23.007-.032.014-.15-.056-.212s-.174-.041-.249-.024c-.106.024-1.793 1.14-5.061 3.345-.48.33-.913.49-1.302.48-.428-.008-1.252-.241-1.865-.44-.752-.245-1.349-.374-1.297-.789.027-.216.325-.437.893-.663 3.498-1.524 5.83-2.529 6.998-3.014 3.332-1.386 4.025-1.627 4.476-1.635z"[39m
                      [36m/>[39m
                    [36m</svg>[39m
                  [36m</a>[39m
                  [36m<a[39m
                    [33maria-label[39m=[32m"GitHub Profile"[39m
                    [33mclass[39m=[32m"socialLink"[39m
                    [33mhref[39m=[32m"https://github.com/netsanet"[39m
                    [33mrel[39m=[32m"noopener noreferrer"[39m
                    [33mtarget[39m=[32m"_blank"[39m
                  [36m>[39m
                    [36m<svg[39m
                      [33maria-hidden[39m=[32m"true"[39m
                      [33mclass[39m=[32m"socialIcon"[39m
                      [33mfill[39m=[32m"currentColor"[39m
                      [33mviewBox[39m=[32m"0 0 24 24"[39m
                    [36m>[39m
                      [36m<path[39m
                        [33md[39m=[32m"M12 0c-6.626 0-12 5.373-12 12 0 5.302 3.438 9.8 8.207 11.387.599.111.793-.261.793-.577v-2.234c-3.338.726-4.033-1.416-4.033-1.416-.546-1.387-1.333-1.756-1.333-1.756-1.089-.745.083-.729.083-.729 1.205.084 1.839 1.237 1.839 1.237 1.07 1.834 2.807 1.304 3.492.997.107-.775.418-1.305.762-1.604-2.665-.305-5.467-1.334-5.467-5.931 0-1.311.469-2.381 1.236-3.221-.124-.303-.535-1.524.117-3.176 0 0 1.008-.322 3.301 1.23.957-.266 1.983-.399 3.003-.404 1.02.005 2.047.138 3.006.404 2.291-1.552 3.297-1.23 3.297-1.23.653 1.653.242 2.874.118 3.176.77.84 1.235 1.911 1.235 3.221 0 4.609-2.807 5.624-5.479 5.921.43.372.823 1.102.823 2.222v3.293c0 .319.192.694.801.576 4.765-1.589 8.199-6.086 8.199-11.386 0-6.627-5.373-12-12-12z"[39m
                      [36m/>[39m
                    [36m</svg>[39m
                  [36m</a>[39m
                  [36m<a[39m
                    [33maria-label[39m=[32m"LinkedIn Profile"[39m
                    [33mclass[39m=[32m"socialLink"[39m
                    [33mhref[39m=[32m"https://linkedin.com/in/netsanet"[39m
                    [33mrel[39m=[32m"noopener noreferrer"[39m
                    [33mtarget[39m=[32m"_blank"[39m
                  [36m>[39m
                    [36m<svg[39m
                      [33maria-hidden[39m=[32m"true"[39m
                      [33mclass[39m=[32m"socialIcon"[39m
                      [33mfill[39m=[32m"currentColor"[39m
                      [33mviewBox[39m=[32m"0 0 24 24"[39m
                    [36m>[39m
                      [36m<path[39m
                        [33md[39m=[32m"M20.447 20.452h-3.554v-5.569c0-1.328-.027-3.037-1.852-3.037-1.853 0-2.136 1.445-2.136 2.939v5.667H9.351V9h3.414v1.561h.046c.477-.9 1.637-1.85 3.37-1.85 3.601 0 4.267 2.37 4.267 5.455v6.286zM5.337 7.433c-1.144 0-2.063-.926-2.063-2.065 0-1.138.92-2.063 2.063-2.063 1.14 0 2.064.925 2.064 2.063 0 1.139-.925 2.065-2.064 2.065zm1.782 13.019H3.555V9h3.564v11.452zM22.225 0H1.771C.792 0 0 .774 0 1.729v20.542C0 23.227.792 24 1.771 24h20.451C23.2 24 24 23.227 24 22.271V1.729C24 .774 23.2 0 22.222 0h.003z"[39m
                      [36m/>[39m
                    [36m</svg>[39m
                  [36m</a>[39m
                [36m</div>[39m
              [36m</div>[39m
              [36m<form[39m
                [33mclass[39m=[32m"contactForm"[39m
                [33mnovalidate[39m=[32m""[39m
              [36m>[39m
                [36m<div[39m
                  [33mclass[39m=[32m"formGroup"[39m
                [36m>[39m
                  [36m<label[39m
                    [33mclass[39m=[32m"label"[39m
                    [33mfor[39m=[32m"name"[39m
                  [36m>[39m
                    [0mName *[0m
                  [36m</label>[39m
                  [36m<input[39m
                    [33mclass[39m=[32m"input "[39m
                    [33mid[39m=[32m"name"[39m
                    [33mplaceholder[39m=[32m"Your full name"[39m
                    [33mrequired[39m=[32m""[39m
                    [33mtype[39m=[32m"text"[39m
                    [33mvalue[39m=[32m""[39m
                  [36m/>[39m
                [36m</div>[39m
                [36m<div[39m
                  [33mclass[39m=[32m"formGroup"[39m
                [36m>[39m
                  [36m<label[39m
                    [33mclass[39m=[32m"label"[39m
                    [33mfor[39m=[32m"email"[39m
                  [36m>[39m
                    [0mEmail *[0m
                  [36m</label>[39m
                  [36m<input[39m
                    [33mclass[39m=[32m"input "[39m
                    [33mid[39m=[32m"email"[39m
                    [33mplaceholder[39m=[32m"your.email@example.com"[39m
                    [33mrequired[39m=[32m""[39m
                    [33mtype[39m=[32m"email"[39m
                    [33mvalue[39m=[32m""[39m
                  [36m/>[39m
                [36m</div>[39m
                [36m<div[39m
                  [33mclass[39m=[32m"formGroup"[39m
                [36m>[39m
                  [36m<label[39m
                    [33mclass[39m=[32m"label"[39m
                    [33mfor[39m=[32m"subject"[39m
                  [36m>[39m
                    [0mSubject *[0m
                  [36m</label>[39m
                  [36m<input[39m
                    [33mclass[39m=[32m"input "[39m
                    [33mid[39m=[32m"subject"[39m
                    [33mplaceholder[39m=[32m"What's this about?"[39m
                    [33mrequired[39m=[32m""[39m
                    [33mtype[39m=[32m"text"[39m
                    [33mvalue[39m=[32m""[39m
                  [36m/>[39m
                [36m</div>[39m
                [36m<div[39m
                  [33mclass[39m=[32m"formGroup"[39m
                [36m>[39m
                  [36m<label[39m
                    [33mclass[39m=[32m"label"[39m
                    [33mfor[39m=[32m"message"[39m
                  [36m>[39m
                    [0mMessage *[0m
                  [36m</label>[39m
                  [36m<textarea[39m
                    [33mclass[39m=[32m"textarea "[39m
                    [33mid[39m=[32m"message"[39m
                    [33mplaceholder[39m=[32m"Tell me about your project or opportunity..."[39m
                    [33mrequired[39m=[32m""[39m
                    [33mrows[39m=[32m"6"[39m
                  [36m/>[39m
                [36m</div>[39m
                [36m<button[39m
                  [33mclass[39m=[32m"submitButton "[39m
                  [33mtype[39m=[32m"submit"[39m
                [36m>[39m
                  [0mSend Message[0m
                [36m</button>[39m
              [36m</form>[39m
            [36m</div>[39m
          [36m</div>[39m
        [36m</section>[39m
      [36m</div>[39m
    [36m</body>[39m

      213 |             const linkedinLink = screen.getByLabelText(/linkedin profile/i);
      214 |             const githubLink = screen.getByLabelText(/github profile/i);
    > 215 |             const twitterLink = screen.getByLabelText(/twitter profile/i);
          |                                        ^
      216 |             
      217 |             expect(linkedinLink).toBeInTheDocument();
      218 |             expect(githubLink).toBeInTheDocument();

      at Object.getElementError (node_modules/@testing-library/react/node_modules/@testing-library/dom/dist/config.js:37:19)
      at getAllByLabelText (node_modules/@testing-library/react/node_modules/@testing-library/dom/dist/queries/label-text.js:111:38)
      at node_modules/@testing-library/react/node_modules/@testing-library/dom/dist/query-helpers.js:52:17
      at node_modules/@testing-library/react/node_modules/@testing-library/dom/dist/query-helpers.js:95:19
      at src/components/Contact/Contact.test.tsx:215:40
      at Property.predicate (node_modules/fast-check/lib/check/property/Property.js:17:86)
      at Property.run (node_modules/fast-check/lib/check/property/Property.generic.js:49:33)
      at runIt (node_modules/fast-check/lib/check/runner/Runner.js:22:30)
      at check (node_modules/fast-check/lib/check/runner/Runner.js:66:11)
      at Object.assert (node_modules/fast-check/lib/check/runner/Runner.js:69:17)
      at Object.<anonymous> (src/components/Contact/Contact.test.tsx:190:8)
      Hint: Enable verbose mode in order to have the list of all failing values encountered during the run
      at buildError (node_modules/fast-check/lib/check/runner/utils/RunDetailsFormatter.js:132:15)
      at throwIfFailed (node_modules/fast-check/lib/check/runner/utils/RunDetailsFormatter.js:144:11)
      at reportRunDetails (node_modules/fast-check/lib/check/runner/utils/RunDetailsFormatter.js:157:16)
      at Object.assert (node_modules/fast-check/lib/check/runner/Runner.js:73:52)
      at Object.<anonymous> (src/components/Contact/Contact.test.tsx:190:8)

FAIL src/components/Home/Home.test.tsx
  ● Hero Component › Content Rendering › renders main heading with name

    TestingLibraryElementError: Unable to find an element with the text: Netsanet. This could be because the text is broken up by multiple elements. In this case, you can provide a function for your text matcher to make your matcher more flexible.

    Ignored nodes: comments, script, style
    [36m<body>[39m
      [36m<div>[39m
        [36m<section[39m
          [33maria-labelledby[39m=[32m"hero-title"[39m
          [33mclass[39m=[32m"pt-32 pb-20 px-4 md:px-8 bg-gradient-to-b from-gray-900 via-gray-800 to-gray-900 min-h-screen flex items-center opacity-0 "[39m
          [33mid[39m=[32m"hero"[39m
          [33mrole[39m=[32m"main"[39m
        [36m>[39m
          [36m<div[39m
            [33mclass[39m=[32m"max-w-6xl mx-auto w-full"[39m
          [36m>[39m
            [36m<div[39m
              [33mclass[39m=[32m"grid grid-cols-1 md:grid-cols-2 gap-12 items-center"[39m
            [36m>[39m
              [36m<div[39m
                [33mclass[39m=[32m"flex justify-center "[39m
              [36m>[39m
                [36m<div[39m
                  [33mclass[39m=[32m"relative w-64 h-64 md:w-80 md:h-80"[39m
                [36m>[39m
                  [36m<div[39m
                    [33mclass[39m=[32m"absolute inset-0 bg-gradient-to-r from-blue-400 to-blue-600 rounded-full blur-3xl opacity-40"[39m
                  [36m/>[39m
                  [36m<img[39m
                    [33malt[39m=[32m"Professional headshot of Netsanet, a full-stack developer"[39m
                    [33mclass[39m=[32m"relative w-full h-full object-cover rounded-full shadow-2xl border-4 border-blue-500/30 hover:border-blue-500/60 transition-all duration-300 animate-float"[39m
                    [33mloading[39m=[32m"eager"[39m
                    [33msrc[39m=[32m"./images/netsa.jpg"[39m
                  [36m/>[39m
                [36m</div>[39m
              [36m</div>[39m
              [36m<div[39m
                [33mclass[39m=[32m"text-center md:text-left "[39m
              [36m>[39m
                [36m<div[39m
                  [33mclass[39m=[32m"mb-6"[39m
                [36m>[39m
                  [36m<h2[39m
                    [33mclass[39m=[32m"text-lg md:text-xl font-semibold text-blue-400 mb-2 animate-wave"[39m
                  [36m>[39m
                    [0mHello, I'm[0m
                  [36m</h2>[39m
                  [36m<h1[39m
                    [33mclass[39m=[32m"text-4xl md:text-6xl font-bold mb-4 animated-name glow"[39m
                    [33mid[39m=[32m"hero-title"[39m
                  [36m>[39m
                    [0mNetsanet Worku[0m
                  [36m</h1>[39m
                  [36m<h2[39m
                    [33mclass[39m=[32m"text-xl md:text-2xl font-semibold text-gray-300 mb-6"[39m
                  [36m>[39m
                    [0mComputer Science Student & Web Developer[0m
                  [36m</h2>[39m
                [36m</div>[39m
                [36m<p[39m
                  [33mclass[39m=[32m"text-base md:text-lg text-gray-300 mb-8 leading-relaxed"[39m
                [36m>[39m
                  [0mThird-year Computer Science student at Madda Walabu University, passionate about web development and creating modern, responsive applications. I combine academic knowledge with hands-on experience in HTML, CSS, JavaScript, React, and PHP to build user-friendly digital solutions.[0m
                [36m</p>[39m
                [36m<div[39m
                  [33mclass[39m=[32m"mb-8"[39m
                [36m>[39m
                  [36m<p[39m
                    [33mclass[39m=[32m"text-sm font-semibold text-gray-400 mb-3"[39m
                  [36m>[39m
                    [0mTech Stack[0m
                  [36m</p>[39m
                  [36m<div[39m
                    [33mclass[39m=[32m"flex flex-wrap gap-2 justify-center md:justify-start"[39m
                  [36m>[39m
                    [36m<span[39m
                      [33mclass[39m=[32m"px-3 py-1 text-sm bg-gradient-to-r from-blue-500/20 to-blue-600/20 text-blue-300 rounded-full border border-blue-500/30 hover:border-blue-500 transition-all"[39m
                    [36m>[39m
                      [0mHTML[0m
                    [36m</span>[39m
                    [36m<span[39m
                      [33mclass[39m=[32m"px-3 py-1 text-sm bg-gradient-to-r from-blue-500/20 to-blue-600/20 text-blue-300 rounded-full border border-blue-500/30 hover:border-blue-500 transition-all"[39m
                    [36m>[39m
                      [0mCSS[0m
                    [36m</span>[39m
                    [36m<span[39m
                      [33mclass[39m=[32m"px-3 py-1 text-sm bg-gradient-to-r from-blue-500/20 to-blue-600/20 text-blue-300 rounded-full border border-blue-500/30 hover:border-blue-500 transition-all"[39m
                    [36m>[39m
                      [0mJavaScript[0m
                    [36m</span>[39m
                    [36m<span[39m
                      [33mclass[39m=[32m"px-3 py-1 text-sm bg-gradient-to-r from-blue-500/20 to-blue-600/20 text-blue-300 rounded-full border border-blue-500/30 hover:border-blue-500 transition-all"[39m
                    [36m>[39m
                      [0mReact[0m
                    [36m</span>[39m
                    [36m<span[39m
                      [33mclass[39m=[32m"px-3 py-1 text-sm bg-gradient-to-r from-blue-500/20 to-blue-600/20 text-blue-300 rounded-full border border-blue-500/30 hover:border-blue-500 transition-all"[39m
                    [36m>[39m
                      [0mTypeScript[0m
                    [36m</span>[39m
                    [36m<span[39m
                      [33mclass[39m=[32m"px-3 py-1 text-sm bg-gradient-to-r from-blue-500/20 to-blue-600/20 text-blue-300 rounded-full border border-blue-500/30 hover:border-blue-500 transition-all"[39m
                    [36m>[39m
                      [0mTailwind CSS[0m
                    [36m</span>[39m
                    [36m<span[39m
                      [33mclass[39m=[32m"px-3 py-1 text-sm bg-gradient-to-r from-blue-500/20 to-blue-600/20 text-blue-300 rounded-full border border-blue-500/30 hover:border-blue-500 transition-all"[39m
                    [36m>[39m
                      [0mSCSS[0m
                    [36m</span>[39m
                    [36m<span[39m
                      [33mclass[39m=[32m"px-3 py-1 text-sm bg-gradient-to-r from-blue-500/20 to-blue-600/20 text-blue-300 rounded-full border border-blue-500/30 hover:border-blue-500 transition-all"[39m
                    [36m>[39m
                      [0mPHP[0m
                    [36m</span>[39m
                  [36m</div>[39m
                [36m</div>[39m
                [36m<div[39m
                  [33mclass[39m=[32m"flex flex-col sm:flex-row gap-4 justify-center md:justify-start"[39m
                [36m>[39m
                  [36m<button[39m
                    [33mclass[39m=[32m"px-8 py-3 bg-gradient-to-r from-blue-500 to-blue-600 text-white font-semibold rounded-lg hover:from-blue-600 hover:to-blue-700 transition-all transform hover:scale-105 hover:shadow-lg"[39m
                  [36m>[39m
                    [0mView My Work[0m
                  [36m</button>[39m
                  [36m<button[39m
                    [33mclass[39m=[32m"px-8 py-3 border-2 border-blue-400 text-blue-400 font-semibold rounded-lg hover:bg-blue-400/10 transition-all transform hover:scale-105"[39m
                  [36m>[39m
                    [0mGet In Touch[0m
                  [36m</button>[39m
                [36m</div>[39m
                [36m<div[39m
                  [33mclass[39m=[32m"mt-8 flex gap-4 justify-center md:justify-start"[39m
                [36m>[39m
                  [36m<a[39m
                    [33mclass[39m=[32m"w-10 h-10 flex items-center justify-center rounded-full bg-gray-700 hover:bg-blue-500 transition-all transform hover:scale-110"[39m
                    [33mhref[39m=[32m"https://tiktok.com/@netsanet.worku"[39m
                    [33mrel[39m=[32m"noopener noreferrer"[39m
                    [33mtarget[39m=[32m"_blank"[39m
                    [33mtitle[39m=[32m"TikTok"[39m
                  [36m>[39m
                    [0m📱[0m
                  [36m</a>[39m
                  [36m<a[39m
                    [33mclass[39m=[32m"w-10 h-10 flex items-center justify-center rounded-full bg-gray-700 hover:bg-blue-500 transition-all transform hover:scale-110"[39m
                    [33mhref[39m=[32m"https://t.me/Abi_yam21"[39m
                    [33mrel[39m=[32m"noopener noreferrer"[39m
                    [33mtarget[39m=[32m"_blank"[39m
                    [33mtitle[39m=[32m"Telegram"[39m
                  [36m>[39m
                    [0m✈️[0m
                  [36m</a>[39m
                  [36m<a[39m
                    [33mclass[39m=[32m"w-10 h-10 flex items-center justify-center rounded-full bg-gray-700 hover:bg-blue-500 transition-all transform hover:scale-110"[39m
                    [33mhref[39m=[32m"https://github.com/NetsanetWorku"[39m
                    [33mrel[39m=[32m"noopener noreferrer"[39m
                    [33mtarget[39m=[32m"_blank"[39m
                    [33mtitle[39m=[32m"GitHub"[39m
                  [36m>[39m
                    [0m💻[0m
                  [36m</a>[39m
                [36m</div>[39m
              [36m</div>[39m
            [36m</div>[39m
            [36m<div[39m
              [33mclass[39m=[32m"mt-12 flex justify-center"[39m
            [36m>[39m
              [36m<div[39m
                [33mclass[39m=[32m"animate-bounce"[39m
              [36m>[39m
                [36m<svg[39m
                  [33mclass[39m=[32m"w-6 h-6 text-blue-400"[39m
                  [33mfill[39m=[32m"none"[39m
                  [33mstroke[39m=[32m"currentColor"[39m
                  [33mviewBox[39m=[32m"0 0 24 24"[39m
                [36m>[39m
                  [36m<path[39m
                    [33md[39m=[32m"M19 14l-7 7m0 0l-7-7m7 7V3"[39m
                    [33mstroke-linecap[39m=[32m"round"[39m
                    [33mstroke-linejoin[39m=[32m"round"[39m
                    [33mstroke-width[39m=[32m"2"[39m
                  [36m/>[39m
                [36m</svg>[39m
              [36m</div>[39m
            [36m</div>[39m
          [36m</div>[39m
        [36m</section>[39m
      [36m</div>[39m
    [36m</body>[39m

      31 |       expect(screen.getByRole('heading', { level: 1 })).toBeInTheDocument();
      32 |       expect(screen.getByText('Hello, I\'m')).toBeInTheDocument();
    > 33 |       expect(screen.getByText('Netsanet')).toBeInTheDocument();
         |                     ^
      34 |     });
      35 |
      36 |     test('renders subtitle', () => {

      at Object.getElementError (node_modules/@testing-library/react/node_modules/@testing-library/dom/dist/config.js:37:19)
      at node_modules/@testing-library/react/node_modules/@testing-library/dom/dist/query-helpers.js:76:38
      at node_modules/@testing-library/react/node_modules/@testing-library/dom/dist/query-helpers.js:52:17
      at node_modules/@testing-library/react/node_modules/@testing-library/dom/dist/query-helpers.js:95:19
      at Object.<anonymous> (src/components/Home/Home.test.tsx:33:21)

  ● Hero Component › Content Rendering › renders subtitle

    TestingLibraryElementError: Found multiple elements with the role "heading"

    Here are the matching elements:

    Ignored nodes: comments, script, style
    [36m<h2[39m
      [33mclass[39m=[32m"text-lg md:text-xl font-semibold text-blue-400 mb-2 animate-wave"[39m
    [36m>[39m
      [0mHello, I'm[0m
    [36m</h2>[39m

    Ignored nodes: comments, script, style
    [36m<h2[39m
      [33mclass[39m=[32m"text-xl md:text-2xl font-semibold text-gray-300 mb-6"[39m
    [36m>[39m
      [0mComputer Science Student & Web Developer[0m
    [36m</h2>[39m

    (If this is intentional, then use the `*AllBy*` variant of the query (like `queryAllByText`, `getAllByText`, or `findAllByText`)).

    Ignored nodes: comments, script, style
    [36m<body>[39m
      [36m<div>[39m
        [36m<section[39m
          [33maria-labelledby[39m=[32m"hero-title"[39m
          [33mclass[39m=[32m"pt-32 pb-20 px-4 md:px-8 bg-gradient-to-b from-gray-900 via-gray-800 to-gray-900 min-h-screen flex items-center opacity-0 "[39m
          [33mid[39m=[32m"hero"[39m
          [33mrole[39m=[32m"main"[39m
        [36m>[39m
          [36m<div[39m
            [33mclass[39m=[32m"max-w-6xl mx-auto w-full"[39m
          [36m>[39m
            [36m<div[39m
              [33mclass[39m=[32m"grid grid-cols-1 md:grid-cols-2 gap-12 items-center"[39m
            [36m>[39m
              [36m<div[39m
                [33mclass[39m=[32m"flex justify-center "[39m
              [36m>[39m
                [36m<div[39m
                  [33mclass[39m=[32m"relative w-64 h-64 md:w-80 md:h-80"[39m
                [36m>[39m
                  [36m<div[39m
                    [33mclass[39m=[32m"absolute inset-0 bg-gradient-to-r from-blue-400 to-blue-600 rounded-full blur-3xl opacity-40"[39m
                  [36m/>[39m
                  [36m<img[39m
                    [33malt[39m=[32m"Professional headshot of Netsanet, a full-stack developer"[39m
                    [33mclass[39m=[32m"relative w-full h-full object-cover rounded-full shadow-2xl border-4 border-blue-500/30 hover:border-blue-500/60 transition-all duration-300 animate-float"[39m
                    [33mloading[39m=[32m"eager"[39m
                    [33msrc[39m=[32m"./images/netsa.jpg"[39m
                  [36m/>[39m
                [36m</div>[39m
              [36m</div>[39m
              [36m<div[39m
                [33mclass[39m=[32m"text-center md:text-left "[39m
              [36m>[39m
                [36m<div[39m
                  [33mclass[39m=[32m"mb-6"[39m
                [36m>[39m
                  [36m<h2[39m
                    [33mclass[39m=[32m"text-lg md:text-xl font-semibold text-blue-400 mb-2 animate-wave"[39m
                  [36m>[39m
                    [0mHello, I'm[0m
                  [36m</h2>[39m
                  [36m<h1[39m
                    [33mclass[39m=[32m"text-4xl md:text-6xl font-bold mb-4 animated-name glow"[39m
                    [33mid[39m=[32m"hero-title"[39m
                  [36m>[39m
                    [0mNetsanet Worku[0m
                  [36m</h1>[39m
                  [36m<h2[39m
                    [33mclass[39m=[32m"text-xl md:text-2xl font-semibold text-gray-300 mb-6"[39m
                  [36m>[39m
                    [0mComputer Science Student & Web Developer[0m
                  [36m</h2>[39m
                [36m</div>[39m
                [36m<p[39m
                  [33mclass[39m=[32m"text-base md:text-lg text-gray-300 mb-8 leading-relaxed"[39m
                [36m>[39m
                  [0mThird-year Computer Science student at Madda Walabu University, passionate about web development and creating modern, responsive applications. I combine academic knowledge with hands-on experience in HTML, CSS, JavaScript, React, and PHP to build user-friendly digital solutions.[0m
                [36m</p>[39m
                [36m<div[39m
                  [33mclass[39m=[32m"mb-8"[39m
                [36m>[39m
                  [36m<p[39m
                    [33mclass[39m=[32m"text-sm font-semibold text-gray-400 mb-3"[39m
                  [36m>[39m
                    [0mTech Stack[0m
                  [36m</p>[39m
                  [36m<div[39m
                    [33mclass[39m=[32m"flex flex-wrap gap-2 justify-center md:justify-start"[39m
                  [36m>[39m
                    [36m<span[39m
                      [33mclass[39m=[32m"px-3 py-1 text-sm bg-gradient-to-r from-blue-500/20 to-blue-600/20 text-blue-300 rounded-full border border-blue-500/30 hover:border-blue-500 transition-all"[39m
                    [36m>[39m
                      [0mHTML[0m
                    [36m</span>[39m
                    [36m<span[39m
                      [33mclass[39m=[32m"px-3 py-1 text-sm bg-gradient-to-r from-blue-500/20 to-blue-600/20 text-blue-300 rounded-full border border-blue-500/30 hover:border-blue-500 transition-all"[39m
                    [36m>[39m
                      [0mCSS[0m
                    [36m</span>[39m
                    [36m<span[39m
                      [33mclass[39m=[32m"px-3 py-1 text-sm bg-gradient-to-r from-blue-500/20 to-blue-600/20 text-blue-300 rounded-full border border-blue-500/30 hover:border-blue-500 transition-all"[39m
                    [36m>[39m
                      [0mJavaScript[0m
                    [36m</span>[39m
                    [36m<span[39m
                      [33mclass[39m=[32m"px-3 py-1 text-sm bg-gradient-to-r from-blue-500/20 to-blue-600/20 text-blue-300 rounded-full border border-blue-500/30 hover:border-blue-500 transition-all"[39m
                    [36m>[39m
                      [0mReact[0m
                    [36m</span>[39m
                    [36m<span[39m
                      [33mclass[39m=[32m"px-3 py-1 text-sm bg-gradient-to-r from-blue-500/20 to-blue-600/20 text-blue-300 rounded-full border border-blue-500/30 hover:border-blue-500 transition-all"[39m
                    [36m>[39m
                      [0mTypeScript[0m
                    [36m</span>[39m
                    [36m<span[39m
                      [33mclass[39m=[32m"px-3 py-1 text-sm bg-gradient-to-r from-blue-500/20 to-blue-600/20 text-blue-300 rounded-full border border-blue-500/30 hover:border-blue-500 transition-all"[39m
                    [36m>[39m
                      [0mTailwind CSS[0m
                    [36m</span>[39m
                    [36m<span[39m
                      [33mclass[39m=[32m"px-3 py-1 text-sm bg-gradient-to-r from-blue-500/20 to-blue-600/20 text-blue-300 rounded-full border border-blue-500/30 hover:border-blue-500 transition-all"[39m
                    [36m>[39m
                      [0mSCSS[0m
                    [36m</span>[39m
                    [36m<span[39m
                      [33mclass[39m=[32m"px-3 py-1 text-sm bg-gradient-to-r from-blue-500/20 to-blue-600/20 text-blue-300 rounded-full border border-blue-500/30 hover:border-blue-500 transition-all"[39m
                    [36m>[39m
                      [0mPHP[0m
                    [36m</span>[39m
                  [36m</div>[39m
                [36m</div>[39m
                [36m<div[39m
                  [33mclass[39m=[32m"flex flex-col sm:flex-row gap-4 justify-center md:justify-start"[39m
                [36m>[39m
                  [36m<button[39m
                    [33mclass[39m=[32m"px-8 py-3 bg-gradient-to-r from-blue-500 to-blue-600 text-white font-semibold rounded-lg hover:from-blue-600 hover:to-blue-700 transition-all transform hover:scale-105 hover:shadow-lg"[39m
                  [36m>[39m
                    [0mView My Work[0m
                  [36m</button>[39m
                  [36m<button[39m
                    [33mclass[39m=[32m"px-8 py-3 border-2 border-blue-400 text-blue-400 font-semibold rounded-lg hover:bg-blue-400/10 transition-all transform hover:scale-105"[39m
                  [36m>[39m
                    [0mGet In Touch[0m
                  [36m</button>[39m
                [36m</div>[39m
                [36m<div[39m
                  [33mclass[39m=[32m"mt-8 flex gap-4 justify-center md:justify-start"[39m
                [36m>[39m
                  [36m<a[39m
                    [33mclass[39m=[32m"w-10 h-10 flex items-center justify-center rounded-full bg-gray-700 hover:bg-blue-500 transition-all transform hover:scale-110"[39m
                    [33mhref[39m=[32m"https://tiktok.com/@netsanet.worku"[39m
                    [33mrel[39m=[32m"noopener noreferrer"[39m
                    [33mtarget[39m=[32m"_blank"[39m
                    [33mtitle[39m=[32m"TikTok"[39m
                  [36m>[39m
                    [0m📱[0m
                  [36m</a>[39m
                  [36m<a[39m
                    [33mclass[39m=[32m"w-10 h-10 flex items-center justify-center rounded-full bg-gray-700 hover:bg-blue-500 transition-all transform hover:scale-110"[39m
                    [33mhref[39m=[32m"https://t.me/Abi_yam21"[39m
                    [33mrel[39m=[32m"noopener noreferrer"[39m
                    [33mtarget[39m=[32m"_blank"[39m
                    [33mtitle[39m=[32m"Telegram"[39m
                  [36m>[39m
                    [0m✈️[0m
                  [36m</a>[39m
                  [36m<a[39m
                    [33mclass[39m=[32m"w-10 h-10 flex items-center justify-center rounded-full bg-gray-700 hover:bg-blue-500 transition-all transform hover:scale-110"[39m
                    [33mhref[39m=[32m"https://github.com/NetsanetWorku"[39m
                    [33mrel[39m=[32m"noopener noreferrer"[39m
                    [33mtarget[39m=[32m"_blank"[39m
                    [33mtitle[39m=[32m"GitHub"[39m
                  [36m>[39m
                    [0m💻[0m
                  [36m</a>[39m
                [36m</div>[39m
              [36m</div>[39m
            [36m</div>[39m
            [36m<div[39m
              [33mclass[39m=[32m"mt-12 flex justify-center"[39m
            [36m>[39m
              [36m<div[39m
                [33mclass[39m=[32m"animate-bounce"[39m
              [36m>[39m
                [36m<svg[39m
                  [33mclass[39m=[32m"w-6 h-6 text-blue-400"[39m
                  [33mfill[39m=[32m"none"[39m
                  [33mstroke[39m=[32m"currentColor"[39m
                  [33mviewBox[39m=[32m"0 0 24 24"[39m
                [36m>[39m
                  [36m<path[39m
                    [33md[39m=[32m"M19 14l-7 7m0 0l-7-7m7 7V3"[39m
                    [33mstroke-linecap[39m=[32m"round"[39m
                    [33mstroke-linejoin[39m=[32m"round"[39m
                    [33mstroke-width[39m=[32m"2"[39m
                  [36m/>[39m
                [36m</svg>[39m
              [36m</div>[39m
            [36m</div>[39m
          [36m</div>[39m
        [36m</section>[39m
      [36m</div>[39m
    [36m</body>[39m

      36 |     test('renders subtitle', () => {
      37 |       render(<Hero />);
    > 38 |       expect(screen.getByRole('heading', { level: 2 })).toBeInTheDocument();
         |                     ^
      39 |       expect(screen.getByText('Full-Stack Developer & Problem Solver')).toBeInTheDocument();
      40 |     });
      41 |

      at Object.getElementError (node_modules/@testing-library/react/node_modules/@testing-library/dom/dist/config.js:37:19)
      at getElementError (node_modules/@testing-library/react/node_modules/@testing-library/dom/dist/query-helpers.js:20:35)
      at getMultipleElementsFoundError (node_modules/@testing-library/react/node_modules/@testing-library/dom/dist/query-helpers.js:23:10)
      at node_modules/@testing-library/react/node_modules/@testing-library/dom/dist/query-helpers.js:55:13
      at node_modules/@testing-library/react/node_modules/@testing-library/dom/dist/query-helpers.js:95:19
      at Object.<anonymous> (src/components/Home/Home.test.tsx:38:21)

  ● Hero Component › Content Rendering › renders description text

    TestingLibraryElementError: Unable to find an element with the text: /I create modern, responsive web applications/. This could be because the text is broken up by multiple elements. In this case, you can provide a function for your text matcher to make your matcher more flexible.

    Ignored nodes: comments, script, style
    [36m<body>[39m
      [36m<div>[39m
        [36m<section[39m
          [33maria-labelledby[39m=[32m"hero-title"[39m
          [33mclass[39m=[32m"pt-32 pb-20 px-4 md:px-8 bg-gradient-to-b from-gray-900 via-gray-800 to-gray-900 min-h-screen flex items-center opacity-0 "[39m
          [33mid[39m=[32m"hero"[39m
          [33mrole[39m=[32m"main"[39m
        [36m>[39m
          [36m<div[39m
            [33mclass[39m=[32m"max-w-6xl mx-auto w-full"[39m
          [36m>[39m
            [36m<div[39m
              [33mclass[39m=[32m"grid grid-cols-1 md:grid-cols-2 gap-12 items-center"[39m
            [36m>[39m
              [36m<div[39m
                [33mclass[39m=[32m"flex justify-center "[39m
              [36m>[39m
                [36m<div[39m
                  [33mclass[39m=[32m"relative w-64 h-64 md:w-80 md:h-80"[39m
                [36m>[39m
                  [36m<div[39m
                    [33mclass[39m=[32m"absolute inset-0 bg-gradient-to-r from-blue-400 to-blue-600 rounded-full blur-3xl opacity-40"[39m
                  [36m/>[39m
                  [36m<img[39m
                    [33malt[39m=[32m"Professional headshot of Netsanet, a full-stack developer"[39m
                    [33mclass[39m=[32m"relative w-full h-full object-cover rounded-full shadow-2xl border-4 border-blue-500/30 hover:border-blue-500/60 transition-all duration-300 animate-float"[39m
                    [33mloading[39m=[32m"eager"[39m
                    [33msrc[39m=[32m"./images/netsa.jpg"[39m
                  [36m/>[39m
                [36m</div>[39m
              [36m</div>[39m
              [36m<div[39m
                [33mclass[39m=[32m"text-center md:text-left "[39m
              [36m>[39m
                [36m<div[39m
                  [33mclass[39m=[32m"mb-6"[39m
                [36m>[39m
                  [36m<h2[39m
                    [33mclass[39m=[32m"text-lg md:text-xl font-semibold text-blue-400 mb-2 animate-wave"[39m
                  [36m>[39m
                    [0mHello, I'm[0m
                  [36m</h2>[39m
                  [36m<h1[39m
                    [33mclass[39m=[32m"text-4xl md:text-6xl font-bold mb-4 animated-name glow"[39m
                    [33mid[39m=[32m"hero-title"[39m
                  [36m>[39m
                    [0mNetsanet Worku[0m
                  [36m</h1>[39m
                  [36m<h2[39m
                    [33mclass[39m=[32m"text-xl md:text-2xl font-semibold text-gray-300 mb-6"[39m
                  [36m>[39m
                    [0mComputer Science Student & Web Developer[0m
                  [36m</h2>[39m
                [36m</div>[39m
                [36m<p[39m
                  [33mclass[39m=[32m"text-base md:text-lg text-gray-300 mb-8 leading-relaxed"[39m
                [36m>[39m
                  [0mThird-year Computer Science student at Madda Walabu University, passionate about web development and creating modern, responsive applications. I combine academic knowledge with hands-on experience in HTML, CSS, JavaScript, React, and PHP to build user-friendly digital solutions.[0m
                [36m</p>[39m
                [36m<div[39m
                  [33mclass[39m=[32m"mb-8"[39m
                [36m>[39m
                  [36m<p[39m
                    [33mclass[39m=[32m"text-sm font-semibold text-gray-400 mb-3"[39m
                  [36m>[39m
                    [0mTech Stack[0m
                  [36m</p>[39m
                  [36m<div[39m
                    [33mclass[39m=[32m"flex flex-wrap gap-2 justify-center md:justify-start"[39m
                  [36m>[39m
                    [36m<span[39m
                      [33mclass[39m=[32m"px-3 py-1 text-sm bg-gradient-to-r from-blue-500/20 to-blue-600/20 text-blue-300 rounded-full border border-blue-500/30 hover:border-blue-500 transition-all"[39m
                    [36m>[39m
                      [0mHTML[0m
                    [36m</span>[39m
                    [36m<span[39m
                      [33mclass[39m=[32m"px-3 py-1 text-sm bg-gradient-to-r from-blue-500/20 to-blue-600/20 text-blue-300 rounded-full border border-blue-500/30 hover:border-blue-500 transition-all"[39m
                    [36m>[39m
                      [0mCSS[0m
                    [36m</span>[39m
                    [36m<span[39m
                      [33mclass[39m=[32m"px-3 py-1 text-sm bg-gradient-to-r from-blue-500/20 to-blue-600/20 text-blue-300 rounded-full border border-blue-500/30 hover:border-blue-500 transition-all"[39m
                    [36m>[39m
                      [0mJavaScript[0m
                    [36m</span>[39m
                    [36m<span[39m
                      [33mclass[39m=[32m"px-3 py-1 text-sm bg-gradient-to-r from-blue-500/20 to-blue-600/20 text-blue-300 rounded-full border border-blue-500/30 hover:border-blue-500 transition-all"[39m
                    [36m>[39m
                      [0mReact[0m
                    [36m</span>[39m
                    [36m<span[39m
                      [33mclass[39m=[32m"px-3 py-1 text-sm bg-gradient-to-r from-blue-500/20 to-blue-600/20 text-blue-300 rounded-full border border-blue-500/30 hover:border-blue-500 transition-all"[39m
                    [36m>[39m
                      [0mTypeScript[0m
                    [36m</span>[39m
                    [36m<span[39m
                      [33mclass[39m=[32m"px-3 py-1 text-sm bg-gradient-to-r from-blue-500/20 to-blue-600/20 text-blue-300 rounded-full border border-blue-500/30 hover:border-blue-500 transition-all"[39m
                    [36m>[39m
                      [0mTailwind CSS[0m
                    [36m</span>[39m
                    [36m<span[39m
                      [33mclass[39m=[32m"px-3 py-1 text-sm bg-gradient-to-r from-blue-500/20 to-blue-600/20 text-blue-300 rounded-full border border-blue-500/30 hover:border-blue-500 transition-all"[39m
                    [36m>[39m
                      [0mSCSS[0m
                    [36m</span>[39m
                    [36m<span[39m
                      [33mclass[39m=[32m"px-3 py-1 text-sm bg-gradient-to-r from-blue-500/20 to-blue-600/20 text-blue-300 rounded-full border border-blue-500/30 hover:border-blue-500 transition-all"[39m
                    [36m>[39m
                      [0mPHP[0m
                    [36m</span>[39m
                  [36m</div>[39m
                [36m</div>[39m
                [36m<div[39m
                  [33mclass[39m=[32m"flex flex-col sm:flex-row gap-4 justify-center md:justify-start"[39m
                [36m>[39m
                  [36m<button[39m
                    [33mclass[39m=[32m"px-8 py-3 bg-gradient-to-r from-blue-500 to-blue-600 text-white font-semibold rounded-lg hover:from-blue-600 hover:to-blue-700 transition-all transform hover:scale-105 hover:shadow-lg"[39m
                  [36m>[39m
                    [0mView My Work[0m
                  [36m</button>[39m
                  [36m<button[39m
                    [33mclass[39m=[32m"px-8 py-3 border-2 border-blue-400 text-blue-400 font-semibold rounded-lg hover:bg-blue-400/10 transition-all transform hover:scale-105"[39m
                  [36m>[39m
                    [0mGet In Touch[0m
                  [36m</button>[39m
                [36m</div>[39m
                [36m<div[39m
                  [33mclass[39m=[32m"mt-8 flex gap-4 justify-center md:justify-start"[39m
                [36m>[39m
                  [36m<a[39m
                    [33mclass[39m=[32m"w-10 h-10 flex items-center justify-center rounded-full bg-gray-700 hover:bg-blue-500 transition-all transform hover:scale-110"[39m
                    [33mhref[39m=[32m"https://tiktok.com/@netsanet.worku"[39m
                    [33mrel[39m=[32m"noopener noreferrer"[39m
                    [33mtarget[39m=[32m"_blank"[39m
                    [33mtitle[39m=[32m"TikTok"[39m
                  [36m>[39m
                    [0m📱[0m
                  [36m</a>[39m
                  [36m<a[39m
                    [33mclass[39m=[32m"w-10 h-10 flex items-center justify-center rounded-full bg-gray-700 hover:bg-blue-500 transition-all transform hover:scale-110"[39m
                    [33mhref[39m=[32m"https://t.me/Abi_yam21"[39m
                    [33mrel[39m=[32m"noopener noreferrer"[39m
                    [33mtarget[39m=[32m"_blank"[39m
                    [33mtitle[39m=[32m"Telegram"[39m
                  [36m>[39m
                    [0m✈️[0m
                  [36m</a>[39m
                  [36m<a[39m
                    [33mclass[39m=[32m"w-10 h-10 flex items-center justify-center rounded-full bg-gray-700 hover:bg-blue-500 transition-all transform hover:scale-110"[39m
                    [33mhref[39m=[32m"https://github.com/NetsanetWorku"[39m
                    [33mrel[39m=[32m"noopener noreferrer"[39m
                    [33mtarget[39m=[32m"_blank"[39m
                    [33mtitle[39m=[32m"GitHub"[39m
                  [36m>[39m
                    [0m💻[0m
                  [36m</a>[39m
                [36m</div>[39m
              [36m</div>[39m
            [36m</div>[39m
            [36m<div[39m
              [33mclass[39m=[32m"mt-12 flex justify-center"[39m
            [36m>[39m
              [36m<div[39m
                [33mclass[39m=[32m"animate-bounce"[39m
              [36m>[39m
                [36m<svg[39m
                  [33mclass[39m=[32m"w-6 h-6 text-blue-400"[39m
                  [33mfill[39m=[32m"none"[39m
                  [33mstroke[39m=[32m"currentColor"[39m
                  [33mviewBox[39m=[32m"0 0 24 24"[39m
                [36m>[39m
                  [36m<path[39m
                    [33md[39m=[32m"M19 14l-7 7m0 0l-7-7m7 7V3"[39m
                    [33mstroke-linecap[39m=[32m"round"[39m
                    [33mstroke-linejoin[39m=[32m"round"[39m
                    [33mstroke-width[39m=[32m"2"[39m
                  [36m/>[39m
                [36m</svg>[39m
              [36m</div>[39m
            [36m</div>[39m
          [36m</div>[39m
        [36m</section>[39m
      [36m</div>[39m
    [36m</body>[39m

      42 |     test('renders description text', () => {
      43 |       render(<Hero />);
    > 44 |       const description = screen.getByText(/I create modern, responsive web applications/);
         |                                  ^
      45 |       expect(description).toBeInTheDocument();
      46 |     });
      47 |

      at Object.getElementError (node_modules/@testing-library/react/node_modules/@testing-library/dom/dist/config.js:37:19)
      at node_modules/@testing-library/react/node_modules/@testing-library/dom/dist/query-helpers.js:76:38
      at node_modules/@testing-library/react/node_modules/@testing-library/dom/dist/query-helpers.js:52:17
      at node_modules/@testing-library/react/node_modules/@testing-library/dom/dist/query-helpers.js:95:19
      at Object.<anonymous> (src/components/Home/Home.test.tsx:44:34)

  ● Hero Component › Content Rendering › renders call-to-action buttons

    TestingLibraryElementError: Unable to find an accessible element with the role "button" and name "View my projects"

    Here are the accessible roles:

      main:

      Name "Netsanet Worku":
      [36m<section[39m
        [33maria-labelledby[39m=[32m"hero-title"[39m
        [33mclass[39m=[32m"pt-32 pb-20 px-4 md:px-8 bg-gradient-to-b from-gray-900 via-gray-800 to-gray-900 min-h-screen flex items-center opacity-0 "[39m
        [33mid[39m=[32m"hero"[39m
        [33mrole[39m=[32m"main"[39m
      [36m/>[39m

      --------------------------------------------------
      img:

      Name "Professional headshot of Netsanet, a full-stack developer":
      [36m<img[39m
        [33malt[39m=[32m"Professional headshot of Netsanet, a full-stack developer"[39m
        [33mclass[39m=[32m"relative w-full h-full object-cover rounded-full shadow-2xl border-4 border-blue-500/30 hover:border-blue-500/60 transition-all duration-300 animate-float"[39m
        [33mloading[39m=[32m"eager"[39m
        [33msrc[39m=[32m"./images/netsa.jpg"[39m
      [36m/>[39m

      --------------------------------------------------
      heading:

      Name "Hello, I'm":
      [36m<h2[39m
        [33mclass[39m=[32m"text-lg md:text-xl font-semibold text-blue-400 mb-2 animate-wave"[39m
      [36m/>[39m

      Name "Netsanet Worku":
      [36m<h1[39m
        [33mclass[39m=[32m"text-4xl md:text-6xl font-bold mb-4 animated-name glow"[39m
        [33mid[39m=[32m"hero-title"[39m
      [36m/>[39m

      Name "Computer Science Student & Web Developer":
      [36m<h2[39m
        [33mclass[39m=[32m"text-xl md:text-2xl font-semibold text-gray-300 mb-6"[39m
      [36m/>[39m

      --------------------------------------------------
      button:

      Name "View My Work":
      [36m<button[39m
        [33mclass[39m=[32m"px-8 py-3 bg-gradient-to-r from-blue-500 to-blue-600 text-white font-semibold rounded-lg hover:from-blue-600 hover:to-blue-700 transition-all transform hover:scale-105 hover:shadow-lg"[39m
      [36m/>[39m

      Name "Get In Touch":
      [36m<button[39m
        [33mclass[39m=[32m"px-8 py-3 border-2 border-blue-400 text-blue-400 font-semibold rounded-lg hover:bg-blue-400/10 transition-all transform hover:scale-105"[39m
      [36m/>[39m

      --------------------------------------------------
      link:

      Name "📱":
      [36m<a[39m
        [33mclass[39m=[32m"w-10 h-10 flex items-center justify-center rounded-full bg-gray-700 hover:bg-blue-500 transition-all transform hover:scale-110"[39m
        [33mhref[39m=[32m"https://tiktok.com/@netsanet.worku"[39m
        [33mrel[39m=[32m"noopener noreferrer"[39m
        [33mtarget[39m=[32m"_blank"[39m
        [33mtitle[39m=[32m"TikTok"[39m
      [36m/>[39m

      Name "✈️":
      [36m<a[39m
        [33mclass[39m=[32m"w-10 h-10 flex items-center justify-center rounded-full bg-gray-700 hover:bg-blue-500 transition-all transform hover:scale-110"[39m
        [33mhref[39m=[32m"https://t.me/Abi_yam21"[39m
        [33mrel[39m=[32m"noopener noreferrer"[39m
        [33mtarget[39m=[32m"_blank"[39m
        [33mtitle[39m=[32m"Telegram"[39m
      [36m/>[39m

      Name "💻":
      [36m<a[39m
        [33mclass[39m=[32m"w-10 h-10 flex items-center justify-center rounded-full bg-gray-700 hover:bg-blue-500 transition-all transform hover:scale-110"[39m
        [33mhref[39m=[32m"https://github.com/NetsanetWorku"[39m
        [33mrel[39m=[32m"noopener noreferrer"[39m
        [33mtarget[39m=[32m"_blank"[39m
        [33mtitle[39m=[32m"GitHub"[39m
      [36m/>[39m

      --------------------------------------------------

    Ignored nodes: comments, script, style
    [36m<body>[39m
      [36m<div>[39m
        [36m<section[39m
          [33maria-labelledby[39m=[32m"hero-title"[39m
          [33mclass[39m=[32m"pt-32 pb-20 px-4 md:px-8 bg-gradient-to-b from-gray-900 via-gray-800 to-gray-900 min-h-screen flex items-center opacity-0 "[39m
          [33mid[39m=[32m"hero"[39m
          [33mrole[39m=[32m"main"[39m
        [36m>[39m
          [36m<div[39m
            [33mclass[39m=[32m"max-w-6xl mx-auto w-full"[39m
          [36m>[39m
            [36m<div[39m
              [33mclass[39m=[32m"grid grid-cols-1 md:grid-cols-2 gap-12 items-center"[39m
            [36m>[39m
              [36m<div[39m
                [33mclass[39m=[32m"flex justify-center "[39m
              [36m>[39m
                [36m<div[39m
                  [33mclass[39m=[32m"relative w-64 h-64 md:w-80 md:h-80"[39m
                [36m>[39m
                  [36m<div[39m
                    [33mclass[39m=[32m"absolute inset-0 bg-gradient-to-r from-blue-400 to-blue-600 rounded-full blur-3xl opacity-40"[39m
                  [36m/>[39m
                  [36m<img[39m
                    [33malt[39m=[32m"Professional headshot of Netsanet, a full-stack developer"[39m
                    [33mclass[39m=[32m"relative w-full h-full object-cover rounded-full shadow-2xl border-4 border-blue-500/30 hover:border-blue-500/60 transition-all duration-300 animate-float"[39m
                    [33mloading[39m=[32m"eager"[39m
                    [33msrc[39m=[32m"./images/netsa.jpg"[39m
                  [36m/>[39m
                [36m</div>[39m
              [36m</div>[39m
              [36m<div[39m
                [33mclass[39m=[32m"text-center md:text-left "[39m
              [36m>[39m
                [36m<div[39m
                  [33mclass[39m=[32m"mb-6"[39m
                [36m>[39m
                  [36m<h2[39m
                    [33mclass[39m=[32m"text-lg md:text-xl font-semibold text-blue-400 mb-2 animate-wave"[39m
                  [36m>[39m
                    [0mHello, I'm[0m
                  [36m</h2>[39m
                  [36m<h1[39m
                    [33mclass[39m=[32m"text-4xl md:text-6xl font-bold mb-4 animated-name glow"[39m
                    [33mid[39m=[32m"hero-title"[39m
                  [36m>[39m
                    [0mNetsanet Worku[0m
                  [36m</h1>[39m
                  [36m<h2[39m
                    [33mclass[39m=[32m"text-xl md:text-2xl font-semibold text-gray-300 mb-6"[39m
                  [36m>[39m
                    [0mComputer Science Student & Web Developer[0m
                  [36m</h2>[39m
                [36m</div>[39m
                [36m<p[39m
                  [33mclass[39m=[32m"text-base md:text-lg text-gray-300 mb-8 leading-relaxed"[39m
                [36m>[39m
                  [0mThird-year Computer Science student at Madda Walabu University, passionate about web development and creating modern, responsive applications. I combine academic knowledge with hands-on experience in HTML, CSS, JavaScript, React, and PHP to build user-friendly digital solutions.[0m
                [36m</p>[39m
                [36m<div[39m
                  [33mclass[39m=[32m"mb-8"[39m
                [36m>[39m
                  [36m<p[39m
                    [33mclass[39m=[32m"text-sm font-semibold text-gray-400 mb-3"[39m
                  [36m>[39m
                    [0mTech Stack[0m
                  [36m</p>[39m
                  [36m<div[39m
                    [33mclass[39m=[32m"flex flex-wrap gap-2 justify-center md:justify-start"[39m
                  [36m>[39m
                    [36m<span[39m
                      [33mclass[39m=[32m"px-3 py-1 text-sm bg-gradient-to-r from-blue-500/20 to-blue-600/20 text-blue-300 rounded-full border border-blue-500/30 hover:border-blue-500 transition-all"[39m
                    [36m>[39m
                      [0mHTML[0m
                    [36m</span>[39m
                    [36m<span[39m
                      [33mclass[39m=[32m"px-3 py-1 text-sm bg-gradient-to-r from-blue-500/20 to-blue-600/20 text-blue-300 rounded-full border border-blue-500/30 hover:border-blue-500 transition-all"[39m
                    [36m>[39m
                      [0mCSS[0m
                    [36m</span>[39m
                    [36m<span[39m
                      [33mclass[39m=[32m"px-3 py-1 text-sm bg-gradient-to-r from-blue-500/20 to-blue-600/20 text-blue-300 rounded-full border border-blue-500/30 hover:border-blue-500 transition-all"[39m
                    [36m>[39m
                      [0mJavaScript[0m
                    [36m</span>[39m
                    [36m<span[39m
                      [33mclass[39m=[32m"px-3 py-1 text-sm bg-gradient-to-r from-blue-500/20 to-blue-600/20 text-blue-300 rounded-full border border-blue-500/30 hover:border-blue-500 transition-all"[39m
                    [36m>[39m
                      [0mReact[0m
                    [36m</span>[39m
                    [36m<span[39m
                      [33mclass[39m=[32m"px-3 py-1 text-sm bg-gradient-to-r from-blue-500/20 to-blue-600/20 text-blue-300 rounded-full border border-blue-500/30 hover:border-blue-500 transition-all"[39m
                    [36m>[39m
                      [0mTypeScript[0m
                    [36m</span>[39m
                    [36m<span[39m
                      [33mclass[39m=[32m"px-3 py-1 text-sm bg-gradient-to-r from-blue-500/20 to-blue-600/20 text-blue-300 rounded-full border border-blue-500/30 hover:border-blue-500 transition-all"[39m
                    [36m>[39m
                      [0mTailwind CSS[0m
                    [36m</span>[39m
                    [36m<span[39m
                      [33mclass[39m=[32m"px-3 py-1 text-sm bg-gradient-to-r from-blue-500/20 to-blue-600/20 text-blue-300 rounded-full border border-blue-500/30 hover:border-blue-500 transition-all"[39m
                    [36m>[39m
                      [0mSCSS[0m
                    [36m</span>[39m
                    [36m<span[39m
                      [33mclass[39m=[32m"px-3 py-1 text-sm bg-gradient-to-r from-blue-500/20 to-blue-600/20 text-blue-300 rounded-full border border-blue-500/30 hover:border-blue-500 transition-all"[39m
                    [36m>[39m
                      [0mPHP[0m
                    [36m</span>[39m
                  [36m</div>[39m
                [36m</div>[39m
                [36m<div[39m
                  [33mclass[39m=[32m"flex flex-col sm:flex-row gap-4 justify-center md:justify-start"[39m
                [36m>[39m
                  [36m<button[39m
                    [33mclass[39m=[32m"px-8 py-3 bg-gradient-to-r from-blue-500 to-blue-600 text-white font-semibold rounded-lg hover:from-blue-600 hover:to-blue-700 transition-all transform hover:scale-105 hover:shadow-lg"[39m
                  [36m>[39m
                    [0mView My Work[0m
                  [36m</button>[39m
                  [36m<button[39m
                    [33mclass[39m=[32m"px-8 py-3 border-2 border-blue-400 text-blue-400 font-semibold rounded-lg hover:bg-blue-400/10 transition-all transform hover:scale-105"[39m
                  [36m>[39m
                    [0mGet In Touch[0m
                  [36m</button>[39m
                [36m</div>[39m
                [36m<div[39m
                  [33mclass[39m=[32m"mt-8 flex gap-4 justify-center md:justify-start"[39m
                [36m>[39m
                  [36m<a[39m
                    [33mclass[39m=[32m"w-10 h-10 flex items-center justify-center rounded-full bg-gray-700 hover:bg-blue-500 transition-all transform hover:scale-110"[39m
                    [33mhref[39m=[32m"https://tiktok.com/@netsanet.worku"[39m
                    [33mrel[39m=[32m"noopener noreferrer"[39m
                    [33mtarget[39m=[32m"_blank"[39m
                    [33mtitle[39m=[32m"TikTok"[39m
                  [36m>[39m
                    [0m📱[0m
                  [36m</a>[39m
                  [36m<a[39m
                    [33mclass[39m=[32m"w-10 h-10 flex items-center justify-center rounded-full bg-gray-700 hover:bg-blue-500 transition-all transform hover:scale-110"[39m
                    [33mhref[39m=[32m"https://t.me/Abi_yam21"[39m
                    [33mrel[39m=[32m"noopener noreferrer"[39m
                    [33mtarget[39m=[32m"_blank"[39m
                    [33mtitle[39m=[32m"Telegram"[39m
                  [36m>[39m
                    [0m✈️[0m
                  [36m</a>[39m
                  [36m<a[39m
                    [33mclass[39m=[32m"w-10 h-10 flex items-center justify-center rounded-full bg-gray-700 hover:bg-blue-500 transition-all transform hover:scale-110"[39m
                    [33mhref[39m=[32m"https://github.com/NetsanetWorku"[39m
                    [33mrel[39m=[32m"noopener noreferrer"[39m
                    [33mtarget[39m=[32m"_blank"[39m
                    [33mtitle[39m=[32m"GitHub"[39m
                  [36m>[39m
                    [0m💻[0m
                  [36m</a>[39m
                [36m</div>[39m
              [36m</div>[39m
            [36m</div>[39m
            [36m<div[39m
              [33mclass[39m=[32m"mt-12 flex justify-center"[39m
            [36m>[39m
              [36m<div[39m
                [33mclass[39m=[32m"animate-bounce"[39m
              [36m>[39m
                [36m<svg[39m
                  [33mclass[39m=[32m"w-6 h-6 text-blue-400"[39m
                  [33mfill[39m=[32m"none"[39m
                  [33mstroke[39m=[32m"currentColor"[39m
                  [33mviewBox[39m=[32m"0 0 24 24"[39m
                [36m>[39m
                  [36m<path[39m
                    [33md[39m=[32m"M19 14l-7 7m0 0l-7-7m7 7V3"[39m
                    [33mstroke-linecap[39m=[32m"round"[39m
                    [33mstroke-linejoin[39m=[32m"round"[39m
                    [33mstroke-width[39m=[32m"2"[39m
                  [36m/>[39m
                [36m</svg>[39m
              [36m</div>[39m
            [36m</div>[39m
          [36m</div>[39m
        [36m</section>[39m
      [36m</div>[39m
    [36m</body>[39m

      48 |     test('renders call-to-action buttons', () => {
      49 |       render(<Hero />);
    > 50 |       expect(screen.getByRole('button', { name: 'View my projects' })).toBeInTheDocument();
         |                     ^
      51 |       expect(screen.getByRole('button', { name: 'Get in touch' })).toBeInTheDocument();
      52 |     });
      53 |

      at Object.getElementError (node_modules/@testing-library/react/node_modules/@testing-library/dom/dist/config.js:37:19)
      at node_modules/@testing-library/react/node_modules/@testing-library/dom/dist/query-helpers.js:76:38
      at node_modules/@testing-library/react/node_modules/@testing-library/dom/dist/query-helpers.js:52:17
      at node_modules/@testing-library/react/node_modules/@testing-library/dom/dist/query-helpers.js:95:19
      at Object.<anonymous> (src/components/Home/Home.test.tsx:50:21)

  ● Hero Component › Professional Headshot › renders profile image with proper attributes

    expect(element).toHaveAttribute("src", "/images/profile-photo.jpg") // element.getAttribute("src") === "/images/profile-photo.jpg"

    Expected the element to have attribute:
      src="/images/profile-photo.jpg"
    Received:
      src="./images/netsa.jpg"

      64 |       
      65 |       expect(profileImage).toBeInTheDocument();
    > 66 |       expect(profileImage).toHaveAttribute('src', '/images/profile-photo.jpg');
         |                            ^
      67 |       expect(profileImage).toHaveAttribute('alt', 'Professional headshot of Netsanet');
      68 |       expect(profileImage).toHaveAttribute('loading', 'eager');
      69 |     });

      at Object.<anonymous> (src/components/Home/Home.test.tsx:66:28)

  ● Hero Component › Professional Headshot › handles image load error with fallback

    expect(element).toHaveAttribute("alt", "Profile placeholder image") // element.getAttribute("alt") === "Profile placeholder image"

    Expected the element to have attribute:
      alt="Profile placeholder image"
    Received:
      alt="Professional headshot of Netsanet, a full-stack developer"

      78 |       // Check that fallback image is set
      79 |       expect(profileImage).toHaveAttribute('src', expect.stringContaining('data:image/svg+xml'));
    > 80 |       expect(profileImage).toHaveAttribute('alt', 'Profile placeholder image');
         |                            ^
      81 |     });
      82 |
      83 |     test('profile image is responsive', () => {

      at Object.<anonymous> (src/components/Home/Home.test.tsx:80:28)

  ● Hero Component › Professional Headshot › profile image is responsive

    expect(element).toHaveClass("profileImage")

    Expected the element to have class:
      profileImage
    Received:
      relative w-full h-full object-cover rounded-full shadow-2xl border-4 border-blue-500/30 hover:border-blue-500/60 transition-all duration-300 animate-float

      86 |       
      87 |       // Check that image has the CSS class for responsive styling
    > 88 |       expect(profileImage).toHaveClass('profileImage');
         |                            ^
      89 |     });
      90 |   });
      91 |

      at Object.<anonymous> (src/components/Home/Home.test.tsx:88:28)

  ● Hero Component › Animation and Visibility › applies visibility class after component mounts

    expect(element).toHaveClass("visible")

    Expected the element to have class:
      visible
    Received:
      pt-32 pb-20 px-4 md:px-8 bg-gradient-to-b from-gray-900 via-gray-800 to-gray-900 min-h-screen flex items-center animate-fadeIn

    Ignored nodes: comments, script, style
    [36m<html>[39m
      [36m<head />[39m
      [36m<body>[39m
        [36m<div>[39m
          [36m<section[39m
            [33maria-labelledby[39m=[32m"hero-title"[39m
            [33mclass[39m=[32m"pt-32 pb-20 px-4 md:px-8 bg-gradient-to-b from-gray-900 via-gray-800 to-gray-900 min-h-screen flex items-center animate-fadeIn "[39m
            [33mid[39m=[32m"hero"[39m
            [33mrole[39m=[32m"main"[39m
          [36m>[39m
            [36m<div[39m
              [33mclass[39m=[32m"max-w-6xl mx-auto w-full"[39m
            [36m>[39m
              [36m<div[39m
                [33mclass[39m=[32m"grid grid-cols-1 md:grid-cols-2 gap-12 items-center"[39m
              [36m>[39m
                [36m<div[39m
                  [33mclass[39m=[32m"flex justify-center animate-slideIn"[39m
                [36m>[39m
                  [36m<div[39m
                    [33mclass[39m=[32m"relative w-64 h-64 md:w-80 md:h-80"[39m
                  [36m>[39m
                    [36m<div[39m
                      [33mclass[39m=[32m"absolute inset-0 bg-gradient-to-r from-blue-400 to-blue-600 rounded-full blur-3xl opacity-40"[39m
                    [36m/>[39m
                    [36m<img[39m
                      [33malt[39m=[32m"Professional headshot of Netsanet, a full-stack developer"[39m
                      [33mclass[39m=[32m"relative w-full h-full object-cover rounded-full shadow-2xl border-4 border-blue-500/30 hover:border-blue-500/60 transition-all duration-300 animate-float"[39m
                      [33mloading[39m=[32m"eager"[39m
                      [33msrc[39m=[32m"./images/netsa.jpg"[39m
                    [36m/>[39m
                  [36m</div>[39m
                [36m</div>[39m
                [36m<div[39m
                  [33mclass[39m=[32m"text-center md:text-left animate-slideInRight"[39m
                [36m>[39m
                  [36m<div[39m
                    [33mclass[39m=[32m"mb-6"[39m
                  [36m>[39m
                    [36m<h2[39m
                      [33mclass[39m=[32m"text-lg md:text-xl font-semibold text-blue-400 mb-2 animate-wave"[39m
                    [36m>[39m
                      [0mHello, I'm[0m
                    [36m</h2>[39m
                    [36m<h1[39m
                      [33mclass[39m=[32m"text-4xl md:text-6xl font-bold mb-4 animated-name glow"[39m
                      [33mid[39m=[32m"hero-title"[39m
                    [36m>[39m
                      [0mNetsanet Worku[0m
                    [36m</h1>[39m
                    [36m<h2[39m
                      [33mclass[39m=[32m"text-xl md:text-2xl font-semibold text-gray-300 mb-6"[39m
                    [36m>[39m
                      [0mComputer Science Student & Web Developer[0m
                    [36m</h2>[39m
                  [36m</div>[39m
                  [36m<p[39m
                    [33mclass[39m=[32m"text-base md:text-lg text-gray-300 mb-8 leading-relaxed"[39m
                  [36m>[39m
                    [0mThird-year Computer Science student at Madda Walabu University, passionate about web development and creating modern, responsive applications. I combine academic knowledge with hands-on experience in HTML, CSS, JavaScript, React, and PHP to build user-friendly digital solutions.[0m
                  [36m</p>[39m
                  [36m<div[39m
                    [33mclass[39m=[32m"mb-8"[39m
                  [36m>[39m
                    [36m<p[39m
                      [33mclass[39m=[32m"text-sm font-semibold text-gray-400 mb-3"[39m
                    [36m>[39m
                      [0mTech Stack[0m
                    [36m</p>[39m
                    [36m<div[39m
                      [33mclass[39m=[32m"flex flex-wrap gap-2 justify-center md:justify-start"[39m
                    [36m>[39m
                      [36m<span[39m
                        [33mclass[39m=[32m"px-3 py-1 text-sm bg-gradient-to-r from-blue-500/20 to-blue-600/20 text-blue-300 rounded-full border border-blue-500/30 hover:border-blue-500 transition-all"[39m
                      [36m>[39m
                        [0mHTML[0m
                      [36m</span>[39m
                      [36m<span[39m
                        [33mclass[39m=[32m"px-3 py-1 text-sm bg-gradient-to-r from-blue-500/20 to-blue-600/20 text-blue-300 rounded-full border border-blue-500/30 hover:border-blue-500 transition-all"[39m
                      [36m>[39m
                        [0mCSS[0m
                      [36m</span>[39m
                      [36m<span[39m
                        [33mclass[39m=[32m"px-3 py-1 text-sm bg-gradient-to-r from-blue-500/20 to-blue-600/20 text-blue-300 rounded-full border border-blue-500/30 hover:border-blue-500 transition-all"[39m
                      [36m>[39m
                        [0mJavaScript[0m
                      [36m</span>[39m
                      [36m<span[39m
                        [33mclass[39m=[32m"px-3 py-1 text-sm bg-gradient-to-r from-blue-500/20 to-blue-600/20 text-blue-300 rounded-full border border-blue-500/30 hover:border-blue-500 transition-all"[39m
                      [36m>[39m
                        [0mReact[0m
                      [36m</span>[39m
                      [36m<span[39m
                        [33mclass[39m=[32m"px-3 py-1 text-sm bg-gradient-to-r from-blue-500/20 to-blue-600/20 text-blue-300 rounded-full border border-blue-500/30 hover:border-blue-500 transition-all"[39m
                      [36m>[39m
                        [0mTypeScript[0m
                      [36m</span>[39m
                      [36m<span[39m
                        [33mclass[39m=[32m"px-3 py-1 text-sm bg-gradient-to-r from-blue-500/20 to-blue-600/20 text-blue-300 rounded-full border border-blue-500/30 hover:border-blue-500 transition-all"[39m
                      [36m>[39m
                        [0mTailwind CSS[0m
                      [36m</span>[39m
                      [36m<span[39m
                        [33mclass[39m=[32m"px-3 py-1 text-sm bg-gradient-to-r from-blue-500/20 to-blue-600/20 text-blue-300 rounded-full border border-blue-500/30 hover:border-blue-500 transition-all"[39m
                      [36m>[39m
                        [0mSCSS[0m
                      [36m</span>[39m
                      [36m<span[39m
                        [33mclass[39m=[32m"px-3 py-1 text-sm bg-gradient-to-r from-blue-500/20 to-blue-600/20 text-blue-300 rounded-full border border-blue-500/30 hover:border-blue-500 transition-all"[39m
                      [36m>[39m
                        [0mPHP[0m
                      [36m</span>[39m
                    [36m</div>[39m
                  [36m</div>[39m
                  [36m<div[39m
                    [33mclass[39m=[32m"flex flex-col sm:flex-row gap-4 justify-center md:justify-start"[39m
                  [36m>[39m
                    [36m<button[39m
                      [33mclass[39m=[32m"px-8 py-3 bg-gradient-to-r from-blue-500 to-blue-600 text-white font-semibold rounded-lg hover:from-blue-600 hover:to-blue-700 transition-all transform hover:scale-105 hover:shadow-lg"[39m
                    [36m>[39m
                      [0mView My Work[0m
                    [36m</button>[39m
                    [36m<button[39m
                      [33mclass[39m=[32m"px-8 py-3 border-2 border-blue-400 text-blue-400 font-semibold rounded-lg hover:bg-blue-400/10 transition-all transform hover:scale-105"[39m
                    [36m>[39m
                      [0mGet In Touch[0m
                    [36m</button>[39m
                  [36m</div>[39m
                  [36m<div[39m
                    [33mclass[39m=[32m"mt-8 flex gap-4 justify-center md:justify-start"[39m
                  [36m>[39m
                    [36m<a[39m
                      [33mclass[39m=[32m"w-10 h-10 flex items-center justify-center rounded-full bg-gray-700 hover:bg-blue-500 transition-all transform hover:scale-110"[39m
                      [33mhref[39m=[32m"https://tiktok.com/@netsanet.worku"[39m
                      [33mrel[39m=[32m"noopener noreferrer"[39m
                      [33mtarget[39m=[32m"_blank"[39m
                      [33mtitle[39m=[32m"TikTok"[39m
                    [36m>[39m
                      [0m📱[0m
                    [36m</a>[39m
                    [36m<a[39m
                      [33mclass[39m=[32m"w-10 h-10 flex items-center justify-center rounded-full bg-gray-700 hover:bg-blue-500 transition-all transform hover:scale-110"[39m
                      [33mhref[39m=[32m"https://t.me/Abi_yam21"[39m
                      [33mrel[39m=[32m"noopener noreferrer"[39m
                      [33mtarget[39m=[32m"_blank"[39m
                      [33mtitle[39m=[32m"Telegram"[39m
                    [36m>[39m
                      [0m✈️[0m
                    [36m</a>[39m
                    [36m<a[39m
                      [33mclass[39m=[32m"w-10 h-10 flex items-center justify-center rounded-full bg-gray-700 hover:bg-blue-500 transition-all transform hover:scale-110"[39m
                      [33mhref[39m=[32m"https://github.com/NetsanetWorku"[39m
                      [33mrel[39m=[32m"noopener noreferrer"[39m
                      [33mtarget[39m=[32m"_blank"[39m
                      [33mtitle[39m=[32m"GitHub"[39m
                    [36m>[39m
                      [0m💻[0m
                    [36m</a>[39m
                  [36m</div>[39m
                [36m</div>[39m
              [36m</div>[39m
              [36m<div[39m
                [33mclass[39m=[32m"mt-12 flex justify-center"[39m
              [36m>[39m
                [36m<div[39m
                  [33mclass[39m=[32m"animate-bounce"[39m
                [36m>[39m
                  [36m<svg[39m
                    [33mclass[39m=[32m"w-6 h-6 text-blue-400"[39m
                    [33mfill[39m=[32m"none"[39m
                    [33mstroke[39m=[32m"currentColor"[39m
                    [33mviewBox[39m=[32m"0 0 24 24"[39m
                  [36m>[39m
                    [36m<path[39m
                      [33md[39m=[32m"M19 14l-7 7m0 0l-7-7m7 7V3"[39m
                      [33mstroke-linecap[39m=[32m"round"[39m
                      [33mstroke-linejoin[39m=[32m"round"[39m
                      [33mstroke-width[39m=[32m"2"[39m
                    [36m/>[39m
                  [36m</svg>[39m
                [36m</div>[39m
              [36m</div>[39m
            [36m</div>[39m
          [36m</section>[39m
        [36m</div>[39m
      [36m</body>[39m
    [36m</html>[39m

      100 |       // Wait for animation to trigger
      101 |       await waitFor(() => {
    > 102 |         expect(heroSection).toHaveClass('visible');
          |                             ^
      103 |       }, { timeout: 200 });
      104 |     });
      105 |

      at timeout (src/components/Home/Home.test.tsx:102:29)
      at runWithExpensiveErrorDiagnosticsDisabled (node_modules/@testing-library/react/node_modules/@testing-library/dom/dist/config.js:47:12)
      at checkCallback (node_modules/@testing-library/react/node_modules/@testing-library/dom/dist/wait-for.js:124:77)
      at checkRealTimersCallback (node_modules/@testing-library/react/node_modules/@testing-library/dom/dist/wait-for.js:118:16)
      at Timeout.task [as _onTimeout] (node_modules/jsdom/lib/jsdom/browser/Window.js:520:19)

  ● Hero Component › Animation and Visibility › content has proper animation classes

    expect(element).toHaveClass("greeting")

    Expected the element to have class:
      greeting
    Received:
      text-lg md:text-xl font-semibold text-blue-400 mb-2 animate-wave

      108 |       
      109 |       // Check that animated elements have proper structure
    > 110 |       expect(screen.getByText('Hello, I\'m')).toHaveClass('greeting');
          |                                               ^
      111 |       expect(screen.getByText('Netsanet')).toHaveClass('name');
      112 |       expect(screen.getByText('Full-Stack Developer & Problem Solver')).toHaveClass('subtitle');
      113 |     });

      at Object.<anonymous> (src/components/Home/Home.test.tsx:110:47)

  ● Hero Component › Navigation Functionality › navigates to projects section when "View My Work" button is clicked

    TestingLibraryElementError: Unable to find an accessible element with the role "button" and name "View my projects"

    Here are the accessible roles:

      main:

      Name "Netsanet Worku":
      [36m<section[39m
        [33maria-labelledby[39m=[32m"hero-title"[39m
        [33mclass[39m=[32m"pt-32 pb-20 px-4 md:px-8 bg-gradient-to-b from-gray-900 via-gray-800 to-gray-900 min-h-screen flex items-center opacity-0 "[39m
        [33mid[39m=[32m"hero"[39m
        [33mrole[39m=[32m"main"[39m
      [36m/>[39m

      --------------------------------------------------
      img:

      Name "Professional headshot of Netsanet, a full-stack developer":
      [36m<img[39m
        [33malt[39m=[32m"Professional headshot of Netsanet, a full-stack developer"[39m
        [33mclass[39m=[32m"relative w-full h-full object-cover rounded-full shadow-2xl border-4 border-blue-500/30 hover:border-blue-500/60 transition-all duration-300 animate-float"[39m
        [33mloading[39m=[32m"eager"[39m
        [33msrc[39m=[32m"./images/netsa.jpg"[39m
      [36m/>[39m

      --------------------------------------------------
      heading:

      Name "Hello, I'm":
      [36m<h2[39m
        [33mclass[39m=[32m"text-lg md:text-xl font-semibold text-blue-400 mb-2 animate-wave"[39m
      [36m/>[39m

      Name "Netsanet Worku":
      [36m<h1[39m
        [33mclass[39m=[32m"text-4xl md:text-6xl font-bold mb-4 animated-name glow"[39m
        [33mid[39m=[32m"hero-title"[39m
      [36m/>[39m

      Name "Computer Science Student & Web Developer":
      [36m<h2[39m
        [33mclass[39m=[32m"text-xl md:text-2xl font-semibold text-gray-300 mb-6"[39m
      [36m/>[39m

      --------------------------------------------------
      button:

      Name "View My Work":
      [36m<button[39m
        [33mclass[39m=[32m"px-8 py-3 bg-gradient-to-r from-blue-500 to-blue-600 text-white font-semibold rounded-lg hover:from-blue-600 hover:to-blue-700 transition-all transform hover:scale-105 hover:shadow-lg"[39m
      [36m/>[39m

      Name "Get In Touch":
      [36m<button[39m
        [33mclass[39m=[32m"px-8 py-3 border-2 border-blue-400 text-blue-400 font-semibold rounded-lg hover:bg-blue-400/10 transition-all transform hover:scale-105"[39m
      [36m/>[39m

      --------------------------------------------------
      link:

      Name "📱":
      [36m<a[39m
        [33mclass[39m=[32m"w-10 h-10 flex items-center justify-center rounded-full bg-gray-700 hover:bg-blue-500 transition-all transform hover:scale-110"[39m
        [33mhref[39m=[32m"https://tiktok.com/@netsanet.worku"[39m
        [33mrel[39m=[32m"noopener noreferrer"[39m
        [33mtarget[39m=[32m"_blank"[39m
        [33mtitle[39m=[32m"TikTok"[39m
      [36m/>[39m

      Name "✈️":
      [36m<a[39m
        [33mclass[39m=[32m"w-10 h-10 flex items-center justify-center rounded-full bg-gray-700 hover:bg-blue-500 transition-all transform hover:scale-110"[39m
        [33mhref[39m=[32m"https://t.me/Abi_yam21"[39m
        [33mrel[39m=[32m"noopener noreferrer"[39m
        [33mtarget[39m=[32m"_blank"[39m
        [33mtitle[39m=[32m"Telegram"[39m
      [36m/>[39m

      Name "💻":
      [36m<a[39m
        [33mclass[39m=[32m"w-10 h-10 flex items-center justify-center rounded-full bg-gray-700 hover:bg-blue-500 transition-all transform hover:scale-110"[39m
        [33mhref[39m=[32m"https://github.com/NetsanetWorku"[39m
        [33mrel[39m=[32m"noopener noreferrer"[39m
        [33mtarget[39m=[32m"_blank"[39m
        [33mtitle[39m=[32m"GitHub"[39m
      [36m/>[39m

      --------------------------------------------------

    Ignored nodes: comments, script, style
    [36m<body>[39m
      [36m<div[39m
        [33mid[39m=[32m"projects"[39m
      [36m/>[39m
      [36m<div[39m
        [33mid[39m=[32m"contact"[39m
      [36m/>[39m
      [36m<div>[39m
        [36m<section[39m
          [33maria-labelledby[39m=[32m"hero-title"[39m
          [33mclass[39m=[32m"pt-32 pb-20 px-4 md:px-8 bg-gradient-to-b from-gray-900 via-gray-800 to-gray-900 min-h-screen flex items-center opacity-0 "[39m
          [33mid[39m=[32m"hero"[39m
          [33mrole[39m=[32m"main"[39m
        [36m>[39m
          [36m<div[39m
            [33mclass[39m=[32m"max-w-6xl mx-auto w-full"[39m
          [36m>[39m
            [36m<div[39m
              [33mclass[39m=[32m"grid grid-cols-1 md:grid-cols-2 gap-12 items-center"[39m
            [36m>[39m
              [36m<div[39m
                [33mclass[39m=[32m"flex justify-center "[39m
              [36m>[39m
                [36m<div[39m
                  [33mclass[39m=[32m"relative w-64 h-64 md:w-80 md:h-80"[39m
                [36m>[39m
                  [36m<div[39m
                    [33mclass[39m=[32m"absolute inset-0 bg-gradient-to-r from-blue-400 to-blue-600 rounded-full blur-3xl opacity-40"[39m
                  [36m/>[39m
                  [36m<img[39m
                    [33malt[39m=[32m"Professional headshot of Netsanet, a full-stack developer"[39m
                    [33mclass[39m=[32m"relative w-full h-full object-cover rounded-full shadow-2xl border-4 border-blue-500/30 hover:border-blue-500/60 transition-all duration-300 animate-float"[39m
                    [33mloading[39m=[32m"eager"[39m
                    [33msrc[39m=[32m"./images/netsa.jpg"[39m
                  [36m/>[39m
                [36m</div>[39m
              [36m</div>[39m
              [36m<div[39m
                [33mclass[39m=[32m"text-center md:text-left "[39m
              [36m>[39m
                [36m<div[39m
                  [33mclass[39m=[32m"mb-6"[39m
                [36m>[39m
                  [36m<h2[39m
                    [33mclass[39m=[32m"text-lg md:text-xl font-semibold text-blue-400 mb-2 animate-wave"[39m
                  [36m>[39m
                    [0mHello, I'm[0m
                  [36m</h2>[39m
                  [36m<h1[39m
                    [33mclass[39m=[32m"text-4xl md:text-6xl font-bold mb-4 animated-name glow"[39m
                    [33mid[39m=[32m"hero-title"[39m
                  [36m>[39m
                    [0mNetsanet Worku[0m
                  [36m</h1>[39m
                  [36m<h2[39m
                    [33mclass[39m=[32m"text-xl md:text-2xl font-semibold text-gray-300 mb-6"[39m
                  [36m>[39m
                    [0mComputer Science Student & Web Developer[0m
                  [36m</h2>[39m
                [36m</div>[39m
                [36m<p[39m
                  [33mclass[39m=[32m"text-base md:text-lg text-gray-300 mb-8 leading-relaxed"[39m
                [36m>[39m
                  [0mThird-year Computer Science student at Madda Walabu University, passionate about web development and creating modern, responsive applications. I combine academic knowledge with hands-on experience in HTML, CSS, JavaScript, React, and PHP to build user-friendly digital solutions.[0m
                [36m</p>[39m
                [36m<div[39m
                  [33mclass[39m=[32m"mb-8"[39m
                [36m>[39m
                  [36m<p[39m
                    [33mclass[39m=[32m"text-sm font-semibold text-gray-400 mb-3"[39m
                  [36m>[39m
                    [0mTech Stack[0m
                  [36m</p>[39m
                  [36m<div[39m
                    [33mclass[39m=[32m"flex flex-wrap gap-2 justify-center md:justify-start"[39m
                  [36m>[39m
                    [36m<span[39m
                      [33mclass[39m=[32m"px-3 py-1 text-sm bg-gradient-to-r from-blue-500/20 to-blue-600/20 text-blue-300 rounded-full border border-blue-500/30 hover:border-blue-500 transition-all"[39m
                    [36m>[39m
                      [0mHTML[0m
                    [36m</span>[39m
                    [36m<span[39m
                      [33mclass[39m=[32m"px-3 py-1 text-sm bg-gradient-to-r from-blue-500/20 to-blue-600/20 text-blue-300 rounded-full border border-blue-500/30 hover:border-blue-500 transition-all"[39m
                    [36m>[39m
                      [0mCSS[0m
                    [36m</span>[39m
                    [36m<span[39m
                      [33mclass[39m=[32m"px-3 py-1 text-sm bg-gradient-to-r from-blue-500/20 to-blue-600/20 text-blue-300 rounded-full border border-blue-500/30 hover:border-blue-500 transition-all"[39m
                    [36m>[39m
                      [0mJavaScript[0m
                    [36m</span>[39m
                    [36m<span[39m
                      [33mclass[39m=[32m"px-3 py-1 text-sm bg-gradient-to-r from-blue-500/20 to-blue-600/20 text-blue-300 rounded-full border border-blue-500/30 hover:border-blue-500 transition-all"[39m
                    [36m>[39m
                      [0mReact[0m
                    [36m</span>[39m
                    [36m<span[39m
                      [33mclass[39m=[32m"px-3 py-1 text-sm bg-gradient-to-r from-blue-500/20 to-blue-600/20 text-blue-300 rounded-full border border-blue-500/30 hover:border-blue-500 transition-all"[39m
                    [36m>[39m
                      [0mTypeScript[0m
                    [36m</span>[39m
                    [36m<span[39m
                      [33mclass[39m=[32m"px-3 py-1 text-sm bg-gradient-to-r from-blue-500/20 to-blue-600/20 text-blue-300 rounded-full border border-blue-500/30 hover:border-blue-500 transition-all"[39m
                    [36m>[39m
                      [0mTailwind CSS[0m
                    [36m</span>[39m
                    [36m<span[39m
                      [33mclass[39m=[32m"px-3 py-1 text-sm bg-gradient-to-r from-blue-500/20 to-blue-600/20 text-blue-300 rounded-full border border-blue-500/30 hover:border-blue-500 transition-all"[39m
                    [36m>[39m
                      [0mSCSS[0m
                    [36m</span>[39m
                    [36m<span[39m
                      [33mclass[39m=[32m"px-3 py-1 text-sm bg-gradient-to-r from-blue-500/20 to-blue-600/20 text-blue-300 rounded-full border border-blue-500/30 hover:border-blue-500 transition-all"[39m
                    [36m>[39m
                      [0mPHP[0m
                    [36m</span>[39m
                  [36m</div>[39m
                [36m</div>[39m
                [36m<div[39m
                  [33mclass[39m=[32m"flex flex-col sm:flex-row gap-4 justify-center md:justify-start"[39m
                [36m>[39m
                  [36m<button[39m
                    [33mclass[39m=[32m"px-8 py-3 bg-gradient-to-r from-blue-500 to-blue-600 text-white font-semibold rounded-lg hover:from-blue-600 hover:to-blue-700 transition-all transform hover:scale-105 hover:shadow-lg"[39m
                  [36m>[39m
                    [0mView My Work[0m
                  [36m</button>[39m
                  [36m<button[39m
                    [33mclass[39m=[32m"px-8 py-3 border-2 border-blue-400 text-blue-400 font-semibold rounded-lg hover:bg-blue-400/10 transition-all transform hover:scale-105"[39m
                  [36m>[39m
                    [0mGet In Touch[0m
                  [36m</button>[39m
                [36m</div>[39m
                [36m<div[39m
                  [33mclass[39m=[32m"mt-8 flex gap-4 justify-center md:justify-start"[39m
                [36m>[39m
                  [36m<a[39m
                    [33mclass[39m=[32m"w-10 h-10 flex items-center justify-center rounded-full bg-gray-700 hover:bg-blue-500 transition-all transform hover:scale-110"[39m
                    [33mhref[39m=[32m"https://tiktok.com/@netsanet.worku"[39m
                    [33mrel[39m=[32m"noopener noreferrer"[39m
                    [33mtarget[39m=[32m"_blank"[39m
                    [33mtitle[39m=[32m"TikTok"[39m
                  [36m>[39m
                    [0m📱[0m
                  [36m</a>[39m
                  [36m<a[39m
                    [33mclass[39m=[32m"w-10 h-10 flex items-center justify-center rounded-full bg-gray-700 hover:bg-blue-500 transition-all transform hover:scale-110"[39m
                    [33mhref[39m=[32m"https://t.me/Abi_yam21"[39m
                    [33mrel[39m=[32m"noopener noreferrer"[39m
                    [33mtarget[39m=[32m"_blank"[39m
                    [33mtitle[39m=[32m"Telegram"[39m
                  [36m>[39m
                    [0m✈️[0m
                  [36m</a>[39m
                  [36m<a[39m
                    [33mclass[39m=[32m"w-10 h-10 flex items-center justify-center rounded-full bg-gray-700 hover:bg-blue-500 transition-all transform hover:scale-110"[39m
                    [33mhref[39m=[32m"https://github.com/NetsanetWorku"[39m
                    [33mrel[39m=[32m"noopener noreferrer"[39m
                    [33mtarget[39m=[32m"_blank"[39m
                    [33mtitle[39m=[32m"GitHub"[39m
                  [36m>[39m
                    [0m💻[0m
                  [36m</a>[39m
                [36m</div>[39m
              [36m</div>[39m
            [36m</div>[39m
            [36m<div[39m
              [33mclass[39m=[32m"mt-12 flex justify-center"[39m
            [36m>[39m
              [36m<div[39m
                [33mclass[39m=[32m"animate-bounce"[39m
              [36m>[39m
                [36m<svg[39m
                  [33mclass[39m=[32m"w-6 h-6 text-blue-400"[39m
                  [33mfill[39m=[32m"none"[39m
                  [33mstroke[39m=[32m"currentColor"[39m
                  [33mviewBox[39m=[32m"0 0 24 24"[39m
                [36m>[39m
                  [36m<path[39m
                    [33md[39m=[32m"M19 14l-7 7m0 0l-7-7m7 7V3"[39m
                    [33mstroke-linecap[39m=[32m"round"[39m
                    [33mstroke-linejoin[39m=[32m"round"[39m
                    [33mstroke-width[39m=[32m"2"[39m
                  [36m/>[39m
                [36m</svg>[39m
              [36m</div>[39m
            [36m</div>[39m
          [36m</div>[39m
        [36m</section>[39m
      [36m</div>[39m
    [36m</body>[39m

      130 |       render(<Hero />);
      131 |       
    > 132 |       const viewWorkButton = screen.getByRole('button', { name: 'View my projects' });
          |                                     ^
      133 |       await user.click(viewWorkButton);
      134 |       
      135 |       expect(mockScrollIntoView).toHaveBeenCalledWith({

      at Object.getElementError (node_modules/@testing-library/react/node_modules/@testing-library/dom/dist/config.js:37:19)
      at node_modules/@testing-library/react/node_modules/@testing-library/dom/dist/query-helpers.js:76:38
      at node_modules/@testing-library/react/node_modules/@testing-library/dom/dist/query-helpers.js:52:17
      at node_modules/@testing-library/react/node_modules/@testing-library/dom/dist/query-helpers.js:95:19
      at Object.<anonymous> (src/components/Home/Home.test.tsx:132:37)

  ● Hero Component › Navigation Functionality › navigates to contact section when "Get In Touch" button is clicked

    TestingLibraryElementError: Unable to find an accessible element with the role "button" and name "Get in touch"

    Here are the accessible roles:

      main:

      Name "Netsanet Worku":
      [36m<section[39m
        [33maria-labelledby[39m=[32m"hero-title"[39m
        [33mclass[39m=[32m"pt-32 pb-20 px-4 md:px-8 bg-gradient-to-b from-gray-900 via-gray-800 to-gray-900 min-h-screen flex items-center opacity-0 "[39m
        [33mid[39m=[32m"hero"[39m
        [33mrole[39m=[32m"main"[39m
      [36m/>[39m

      --------------------------------------------------
      img:

      Name "Professional headshot of Netsanet, a full-stack developer":
      [36m<img[39m
        [33malt[39m=[32m"Professional headshot of Netsanet, a full-stack developer"[39m
        [33mclass[39m=[32m"relative w-full h-full object-cover rounded-full shadow-2xl border-4 border-blue-500/30 hover:border-blue-500/60 transition-all duration-300 animate-float"[39m
        [33mloading[39m=[32m"eager"[39m
        [33msrc[39m=[32m"./images/netsa.jpg"[39m
      [36m/>[39m

      --------------------------------------------------
      heading:

      Name "Hello, I'm":
      [36m<h2[39m
        [33mclass[39m=[32m"text-lg md:text-xl font-semibold text-blue-400 mb-2 animate-wave"[39m
      [36m/>[39m

      Name "Netsanet Worku":
      [36m<h1[39m
        [33mclass[39m=[32m"text-4xl md:text-6xl font-bold mb-4 animated-name glow"[39m
        [33mid[39m=[32m"hero-title"[39m
      [36m/>[39m

      Name "Computer Science Student & Web Developer":
      [36m<h2[39m
        [33mclass[39m=[32m"text-xl md:text-2xl font-semibold text-gray-300 mb-6"[39m
      [36m/>[39m

      --------------------------------------------------
      button:

      Name "View My Work":
      [36m<button[39m
        [33mclass[39m=[32m"px-8 py-3 bg-gradient-to-r from-blue-500 to-blue-600 text-white font-semibold rounded-lg hover:from-blue-600 hover:to-blue-700 transition-all transform hover:scale-105 hover:shadow-lg"[39m
      [36m/>[39m

      Name "Get In Touch":
      [36m<button[39m
        [33mclass[39m=[32m"px-8 py-3 border-2 border-blue-400 text-blue-400 font-semibold rounded-lg hover:bg-blue-400/10 transition-all transform hover:scale-105"[39m
      [36m/>[39m

      --------------------------------------------------
      link:

      Name "📱":
      [36m<a[39m
        [33mclass[39m=[32m"w-10 h-10 flex items-center justify-center rounded-full bg-gray-700 hover:bg-blue-500 transition-all transform hover:scale-110"[39m
        [33mhref[39m=[32m"https://tiktok.com/@netsanet.worku"[39m
        [33mrel[39m=[32m"noopener noreferrer"[39m
        [33mtarget[39m=[32m"_blank"[39m
        [33mtitle[39m=[32m"TikTok"[39m
      [36m/>[39m

      Name "✈️":
      [36m<a[39m
        [33mclass[39m=[32m"w-10 h-10 flex items-center justify-center rounded-full bg-gray-700 hover:bg-blue-500 transition-all transform hover:scale-110"[39m
        [33mhref[39m=[32m"https://t.me/Abi_yam21"[39m
        [33mrel[39m=[32m"noopener noreferrer"[39m
        [33mtarget[39m=[32m"_blank"[39m
        [33mtitle[39m=[32m"Telegram"[39m
      [36m/>[39m

      Name "💻":
      [36m<a[39m
        [33mclass[39m=[32m"w-10 h-10 flex items-center justify-center rounded-full bg-gray-700 hover:bg-blue-500 transition-all transform hover:scale-110"[39m
        [33mhref[39m=[32m"https://github.com/NetsanetWorku"[39m
        [33mrel[39m=[32m"noopener noreferrer"[39m
        [33mtarget[39m=[32m"_blank"[39m
        [33mtitle[39m=[32m"GitHub"[39m
      [36m/>[39m

      --------------------------------------------------

    Ignored nodes: comments, script, style
    [36m<body>[39m
      [36m<div[39m
        [33mid[39m=[32m"projects"[39m
      [36m/>[39m
      [36m<div[39m
        [33mid[39m=[32m"contact"[39m
      [36m/>[39m
      [36m<div>[39m
        [36m<section[39m
          [33maria-labelledby[39m=[32m"hero-title"[39m
          [33mclass[39m=[32m"pt-32 pb-20 px-4 md:px-8 bg-gradient-to-b from-gray-900 via-gray-800 to-gray-900 min-h-screen flex items-center opacity-0 "[39m
          [33mid[39m=[32m"hero"[39m
          [33mrole[39m=[32m"main"[39m
        [36m>[39m
          [36m<div[39m
            [33mclass[39m=[32m"max-w-6xl mx-auto w-full"[39m
          [36m>[39m
            [36m<div[39m
              [33mclass[39m=[32m"grid grid-cols-1 md:grid-cols-2 gap-12 items-center"[39m
            [36m>[39m
              [36m<div[39m
                [33mclass[39m=[32m"flex justify-center "[39m
              [36m>[39m
                [36m<div[39m
                  [33mclass[39m=[32m"relative w-64 h-64 md:w-80 md:h-80"[39m
                [36m>[39m
                  [36m<div[39m
                    [33mclass[39m=[32m"absolute inset-0 bg-gradient-to-r from-blue-400 to-blue-600 rounded-full blur-3xl opacity-40"[39m
                  [36m/>[39m
                  [36m<img[39m
                    [33malt[39m=[32m"Professional headshot of Netsanet, a full-stack developer"[39m
                    [33mclass[39m=[32m"relative w-full h-full object-cover rounded-full shadow-2xl border-4 border-blue-500/30 hover:border-blue-500/60 transition-all duration-300 animate-float"[39m
                    [33mloading[39m=[32m"eager"[39m
                    [33msrc[39m=[32m"./images/netsa.jpg"[39m
                  [36m/>[39m
                [36m</div>[39m
              [36m</div>[39m
              [36m<div[39m
                [33mclass[39m=[32m"text-center md:text-left "[39m
              [36m>[39m
                [36m<div[39m
                  [33mclass[39m=[32m"mb-6"[39m
                [36m>[39m
                  [36m<h2[39m
                    [33mclass[39m=[32m"text-lg md:text-xl font-semibold text-blue-400 mb-2 animate-wave"[39m
                  [36m>[39m
                    [0mHello, I'm[0m
                  [36m</h2>[39m
                  [36m<h1[39m
                    [33mclass[39m=[32m"text-4xl md:text-6xl font-bold mb-4 animated-name glow"[39m
                    [33mid[39m=[32m"hero-title"[39m
                  [36m>[39m
                    [0mNetsanet Worku[0m
                  [36m</h1>[39m
                  [36m<h2[39m
                    [33mclass[39m=[32m"text-xl md:text-2xl font-semibold text-gray-300 mb-6"[39m
                  [36m>[39m
                    [0mComputer Science Student & Web Developer[0m
                  [36m</h2>[39m
                [36m</div>[39m
                [36m<p[39m
                  [33mclass[39m=[32m"text-base md:text-lg text-gray-300 mb-8 leading-relaxed"[39m
                [36m>[39m
                  [0mThird-year Computer Science student at Madda Walabu University, passionate about web development and creating modern, responsive applications. I combine academic knowledge with hands-on experience in HTML, CSS, JavaScript, React, and PHP to build user-friendly digital solutions.[0m
                [36m</p>[39m
                [36m<div[39m
                  [33mclass[39m=[32m"mb-8"[39m
                [36m>[39m
                  [36m<p[39m
                    [33mclass[39m=[32m"text-sm font-semibold text-gray-400 mb-3"[39m
                  [36m>[39m
                    [0mTech Stack[0m
                  [36m</p>[39m
                  [36m<div[39m
                    [33mclass[39m=[32m"flex flex-wrap gap-2 justify-center md:justify-start"[39m
                  [36m>[39m
                    [36m<span[39m
                      [33mclass[39m=[32m"px-3 py-1 text-sm bg-gradient-to-r from-blue-500/20 to-blue-600/20 text-blue-300 rounded-full border border-blue-500/30 hover:border-blue-500 transition-all"[39m
                    [36m>[39m
                      [0mHTML[0m
                    [36m</span>[39m
                    [36m<span[39m
                      [33mclass[39m=[32m"px-3 py-1 text-sm bg-gradient-to-r from-blue-500/20 to-blue-600/20 text-blue-300 rounded-full border border-blue-500/30 hover:border-blue-500 transition-all"[39m
                    [36m>[39m
                      [0mCSS[0m
                    [36m</span>[39m
                    [36m<span[39m
                      [33mclass[39m=[32m"px-3 py-1 text-sm bg-gradient-to-r from-blue-500/20 to-blue-600/20 text-blue-300 rounded-full border border-blue-500/30 hover:border-blue-500 transition-all"[39m
                    [36m>[39m
                      [0mJavaScript[0m
                    [36m</span>[39m
                    [36m<span[39m
                      [33mclass[39m=[32m"px-3 py-1 text-sm bg-gradient-to-r from-blue-500/20 to-blue-600/20 text-blue-300 rounded-full border border-blue-500/30 hover:border-blue-500 transition-all"[39m
                    [36m>[39m
                      [0mReact[0m
                    [36m</span>[39m
                    [36m<span[39m
                      [33mclass[39m=[32m"px-3 py-1 text-sm bg-gradient-to-r from-blue-500/20 to-blue-600/20 text-blue-300 rounded-full border border-blue-500/30 hover:border-blue-500 transition-all"[39m
                    [36m>[39m
                      [0mTypeScript[0m
                    [36m</span>[39m
                    [36m<span[39m
                      [33mclass[39m=[32m"px-3 py-1 text-sm bg-gradient-to-r from-blue-500/20 to-blue-600/20 text-blue-300 rounded-full border border-blue-500/30 hover:border-blue-500 transition-all"[39m
                    [36m>[39m
                      [0mTailwind CSS[0m
                    [36m</span>[39m
                    [36m<span[39m
                      [33mclass[39m=[32m"px-3 py-1 text-sm bg-gradient-to-r from-blue-500/20 to-blue-600/20 text-blue-300 rounded-full border border-blue-500/30 hover:border-blue-500 transition-all"[39m
                    [36m>[39m
                      [0mSCSS[0m
                    [36m</span>[39m
                    [36m<span[39m
                      [33mclass[39m=[32m"px-3 py-1 text-sm bg-gradient-to-r from-blue-500/20 to-blue-600/20 text-blue-300 rounded-full border border-blue-500/30 hover:border-blue-500 transition-all"[39m
                    [36m>[39m
                      [0mPHP[0m
                    [36m</span>[39m
                  [36m</div>[39m
                [36m</div>[39m
                [36m<div[39m
                  [33mclass[39m=[32m"flex flex-col sm:flex-row gap-4 justify-center md:justify-start"[39m
                [36m>[39m
                  [36m<button[39m
                    [33mclass[39m=[32m"px-8 py-3 bg-gradient-to-r from-blue-500 to-blue-600 text-white font-semibold rounded-lg hover:from-blue-600 hover:to-blue-700 transition-all transform hover:scale-105 hover:shadow-lg"[39m
                  [36m>[39m
                    [0mView My Work[0m
                  [36m</button>[39m
                  [36m<button[39m
                    [33mclass[39m=[32m"px-8 py-3 border-2 border-blue-400 text-blue-400 font-semibold rounded-lg hover:bg-blue-400/10 transition-all transform hover:scale-105"[39m
                  [36m>[39m
                    [0mGet In Touch[0m
                  [36m</button>[39m
                [36m</div>[39m
                [36m<div[39m
                  [33mclass[39m=[32m"mt-8 flex gap-4 justify-center md:justify-start"[39m
                [36m>[39m
                  [36m<a[39m
                    [33mclass[39m=[32m"w-10 h-10 flex items-center justify-center rounded-full bg-gray-700 hover:bg-blue-500 transition-all transform hover:scale-110"[39m
                    [33mhref[39m=[32m"https://tiktok.com/@netsanet.worku"[39m
                    [33mrel[39m=[32m"noopener noreferrer"[39m
                    [33mtarget[39m=[32m"_blank"[39m
                    [33mtitle[39m=[32m"TikTok"[39m
                  [36m>[39m
                    [0m📱[0m
                  [36m</a>[39m
                  [36m<a[39m
                    [33mclass[39m=[32m"w-10 h-10 flex items-center justify-center rounded-full bg-gray-700 hover:bg-blue-500 transition-all transform hover:scale-110"[39m
                    [33mhref[39m=[32m"https://t.me/Abi_yam21"[39m
                    [33mrel[39m=[32m"noopener noreferrer"[39m
                    [33mtarget[39m=[32m"_blank"[39m
                    [33mtitle[39m=[32m"Telegram"[39m
                  [36m>[39m
                    [0m✈️[0m
                  [36m</a>[39m
                  [36m<a[39m
                    [33mclass[39m=[32m"w-10 h-10 flex items-center justify-center rounded-full bg-gray-700 hover:bg-blue-500 transition-all transform hover:scale-110"[39m
                    [33mhref[39m=[32m"https://github.com/NetsanetWorku"[39m
                    [33mrel[39m=[32m"noopener noreferrer"[39m
                    [33mtarget[39m=[32m"_blank"[39m
                    [33mtitle[39m=[32m"GitHub"[39m
                  [36m>[39m
                    [0m💻[0m
                  [36m</a>[39m
                [36m</div>[39m
              [36m</div>[39m
            [36m</div>[39m
            [36m<div[39m
              [33mclass[39m=[32m"mt-12 flex justify-center"[39m
            [36m>[39m
              [36m<div[39m
                [33mclass[39m=[32m"animate-bounce"[39m
              [36m>[39m
                [36m<svg[39m
                  [33mclass[39m=[32m"w-6 h-6 text-blue-400"[39m
                  [33mfill[39m=[32m"none"[39m
                  [33mstroke[39m=[32m"currentColor"[39m
                  [33mviewBox[39m=[32m"0 0 24 24"[39m
                [36m>[39m
                  [36m<path[39m
                    [33md[39m=[32m"M19 14l-7 7m0 0l-7-7m7 7V3"[39m
                    [33mstroke-linecap[39m=[32m"round"[39m
                    [33mstroke-linejoin[39m=[32m"round"[39m
                    [33mstroke-width[39m=[32m"2"[39m
                  [36m/>[39m
                [36m</svg>[39m
              [36m</div>[39m
            [36m</div>[39m
          [36m</div>[39m
        [36m</section>[39m
      [36m</div>[39m
    [36m</body>[39m

      143 |       render(<Hero />);
      144 |       
    > 145 |       const contactButton = screen.getByRole('button', { name: 'Get in touch' });
          |                                    ^
      146 |       await user.click(contactButton);
      147 |       
      148 |       expect(mockScrollIntoView).toHaveBeenCalledWith({

      at Object.getElementError (node_modules/@testing-library/react/node_modules/@testing-library/dom/dist/config.js:37:19)
      at node_modules/@testing-library/react/node_modules/@testing-library/dom/dist/query-helpers.js:76:38
      at node_modules/@testing-library/react/node_modules/@testing-library/dom/dist/query-helpers.js:52:17
      at node_modules/@testing-library/react/node_modules/@testing-library/dom/dist/query-helpers.js:95:19
      at Object.<anonymous> (src/components/Home/Home.test.tsx:145:36)

  ● Hero Component › Navigation Functionality › handles missing sections gracefully

    TestingLibraryElementError: Unable to find an accessible element with the role "button" and name "View my projects"

    Here are the accessible roles:

      main:

      Name "Netsanet Worku":
      [36m<section[39m
        [33maria-labelledby[39m=[32m"hero-title"[39m
        [33mclass[39m=[32m"pt-32 pb-20 px-4 md:px-8 bg-gradient-to-b from-gray-900 via-gray-800 to-gray-900 min-h-screen flex items-center opacity-0 "[39m
        [33mid[39m=[32m"hero"[39m
        [33mrole[39m=[32m"main"[39m
      [36m/>[39m

      --------------------------------------------------
      img:

      Name "Professional headshot of Netsanet, a full-stack developer":
      [36m<img[39m
        [33malt[39m=[32m"Professional headshot of Netsanet, a full-stack developer"[39m
        [33mclass[39m=[32m"relative w-full h-full object-cover rounded-full shadow-2xl border-4 border-blue-500/30 hover:border-blue-500/60 transition-all duration-300 animate-float"[39m
        [33mloading[39m=[32m"eager"[39m
        [33msrc[39m=[32m"./images/netsa.jpg"[39m
      [36m/>[39m

      --------------------------------------------------
      heading:

      Name "Hello, I'm":
      [36m<h2[39m
        [33mclass[39m=[32m"text-lg md:text-xl font-semibold text-blue-400 mb-2 animate-wave"[39m
      [36m/>[39m

      Name "Netsanet Worku":
      [36m<h1[39m
        [33mclass[39m=[32m"text-4xl md:text-6xl font-bold mb-4 animated-name glow"[39m
        [33mid[39m=[32m"hero-title"[39m
      [36m/>[39m

      Name "Computer Science Student & Web Developer":
      [36m<h2[39m
        [33mclass[39m=[32m"text-xl md:text-2xl font-semibold text-gray-300 mb-6"[39m
      [36m/>[39m

      --------------------------------------------------
      button:

      Name "View My Work":
      [36m<button[39m
        [33mclass[39m=[32m"px-8 py-3 bg-gradient-to-r from-blue-500 to-blue-600 text-white font-semibold rounded-lg hover:from-blue-600 hover:to-blue-700 transition-all transform hover:scale-105 hover:shadow-lg"[39m
      [36m/>[39m

      Name "Get In Touch":
      [36m<button[39m
        [33mclass[39m=[32m"px-8 py-3 border-2 border-blue-400 text-blue-400 font-semibold rounded-lg hover:bg-blue-400/10 transition-all transform hover:scale-105"[39m
      [36m/>[39m

      --------------------------------------------------
      link:

      Name "📱":
      [36m<a[39m
        [33mclass[39m=[32m"w-10 h-10 flex items-center justify-center rounded-full bg-gray-700 hover:bg-blue-500 transition-all transform hover:scale-110"[39m
        [33mhref[39m=[32m"https://tiktok.com/@netsanet.worku"[39m
        [33mrel[39m=[32m"noopener noreferrer"[39m
        [33mtarget[39m=[32m"_blank"[39m
        [33mtitle[39m=[32m"TikTok"[39m
      [36m/>[39m

      Name "✈️":
      [36m<a[39m
        [33mclass[39m=[32m"w-10 h-10 flex items-center justify-center rounded-full bg-gray-700 hover:bg-blue-500 transition-all transform hover:scale-110"[39m
        [33mhref[39m=[32m"https://t.me/Abi_yam21"[39m
        [33mrel[39m=[32m"noopener noreferrer"[39m
        [33mtarget[39m=[32m"_blank"[39m
        [33mtitle[39m=[32m"Telegram"[39m
      [36m/>[39m

      Name "💻":
      [36m<a[39m
        [33mclass[39m=[32m"w-10 h-10 flex items-center justify-center rounded-full bg-gray-700 hover:bg-blue-500 transition-all transform hover:scale-110"[39m
        [33mhref[39m=[32m"https://github.com/NetsanetWorku"[39m
        [33mrel[39m=[32m"noopener noreferrer"[39m
        [33mtarget[39m=[32m"_blank"[39m
        [33mtitle[39m=[32m"GitHub"[39m
      [36m/>[39m

      --------------------------------------------------

    Ignored nodes: comments, script, style
    [36m<body>[39m
      [36m<div>[39m
        [36m<section[39m
          [33maria-labelledby[39m=[32m"hero-title"[39m
          [33mclass[39m=[32m"pt-32 pb-20 px-4 md:px-8 bg-gradient-to-b from-gray-900 via-gray-800 to-gray-900 min-h-screen flex items-center opacity-0 "[39m
          [33mid[39m=[32m"hero"[39m
          [33mrole[39m=[32m"main"[39m
        [36m>[39m
          [36m<div[39m
            [33mclass[39m=[32m"max-w-6xl mx-auto w-full"[39m
          [36m>[39m
            [36m<div[39m
              [33mclass[39m=[32m"grid grid-cols-1 md:grid-cols-2 gap-12 items-center"[39m
            [36m>[39m
              [36m<div[39m
                [33mclass[39m=[32m"flex justify-center "[39m
              [36m>[39m
                [36m<div[39m
                  [33mclass[39m=[32m"relative w-64 h-64 md:w-80 md:h-80"[39m
                [36m>[39m
                  [36m<div[39m
                    [33mclass[39m=[32m"absolute inset-0 bg-gradient-to-r from-blue-400 to-blue-600 rounded-full blur-3xl opacity-40"[39m
                  [36m/>[39m
                  [36m<img[39m
                    [33malt[39m=[32m"Professional headshot of Netsanet, a full-stack developer"[39m
                    [33mclass[39m=[32m"relative w-full h-full object-cover rounded-full shadow-2xl border-4 border-blue-500/30 hover:border-blue-500/60 transition-all duration-300 animate-float"[39m
                    [33mloading[39m=[32m"eager"[39m
                    [33msrc[39m=[32m"./images/netsa.jpg"[39m
                  [36m/>[39m
                [36m</div>[39m
              [36m</div>[39m
              [36m<div[39m
                [33mclass[39m=[32m"text-center md:text-left "[39m
              [36m>[39m
                [36m<div[39m
                  [33mclass[39m=[32m"mb-6"[39m
                [36m>[39m
                  [36m<h2[39m
                    [33mclass[39m=[32m"text-lg md:text-xl font-semibold text-blue-400 mb-2 animate-wave"[39m
                  [36m>[39m
                    [0mHello, I'm[0m
                  [36m</h2>[39m
                  [36m<h1[39m
                    [33mclass[39m=[32m"text-4xl md:text-6xl font-bold mb-4 animated-name glow"[39m
                    [33mid[39m=[32m"hero-title"[39m
                  [36m>[39m
                    [0mNetsanet Worku[0m
                  [36m</h1>[39m
                  [36m<h2[39m
                    [33mclass[39m=[32m"text-xl md:text-2xl font-semibold text-gray-300 mb-6"[39m
                  [36m>[39m
                    [0mComputer Science Student & Web Developer[0m
                  [36m</h2>[39m
                [36m</div>[39m
                [36m<p[39m
                  [33mclass[39m=[32m"text-base md:text-lg text-gray-300 mb-8 leading-relaxed"[39m
                [36m>[39m
                  [0mThird-year Computer Science student at Madda Walabu University, passionate about web development and creating modern, responsive applications. I combine academic knowledge with hands-on experience in HTML, CSS, JavaScript, React, and PHP to build user-friendly digital solutions.[0m
                [36m</p>[39m
                [36m<div[39m
                  [33mclass[39m=[32m"mb-8"[39m
                [36m>[39m
                  [36m<p[39m
                    [33mclass[39m=[32m"text-sm font-semibold text-gray-400 mb-3"[39m
                  [36m>[39m
                    [0mTech Stack[0m
                  [36m</p>[39m
                  [36m<div[39m
                    [33mclass[39m=[32m"flex flex-wrap gap-2 justify-center md:justify-start"[39m
                  [36m>[39m
                    [36m<span[39m
                      [33mclass[39m=[32m"px-3 py-1 text-sm bg-gradient-to-r from-blue-500/20 to-blue-600/20 text-blue-300 rounded-full border border-blue-500/30 hover:border-blue-500 transition-all"[39m
                    [36m>[39m
                      [0mHTML[0m
                    [36m</span>[39m
                    [36m<span[39m
                      [33mclass[39m=[32m"px-3 py-1 text-sm bg-gradient-to-r from-blue-500/20 to-blue-600/20 text-blue-300 rounded-full border border-blue-500/30 hover:border-blue-500 transition-all"[39m
                    [36m>[39m
                      [0mCSS[0m
                    [36m</span>[39m
                    [36m<span[39m
                      [33mclass[39m=[32m"px-3 py-1 text-sm bg-gradient-to-r from-blue-500/20 to-blue-600/20 text-blue-300 rounded-full border border-blue-500/30 hover:border-blue-500 transition-all"[39m
                    [36m>[39m
                      [0mJavaScript[0m
                    [36m</span>[39m
                    [36m<span[39m
                      [33mclass[39m=[32m"px-3 py-1 text-sm bg-gradient-to-r from-blue-500/20 to-blue-600/20 text-blue-300 rounded-full border border-blue-500/30 hover:border-blue-500 transition-all"[39m
                    [36m>[39m
                      [0mReact[0m
                    [36m</span>[39m
                    [36m<span[39m
                      [33mclass[39m=[32m"px-3 py-1 text-sm bg-gradient-to-r from-blue-500/20 to-blue-600/20 text-blue-300 rounded-full border border-blue-500/30 hover:border-blue-500 transition-all"[39m
                    [36m>[39m
                      [0mTypeScript[0m
                    [36m</span>[39m
                    [36m<span[39m
                      [33mclass[39m=[32m"px-3 py-1 text-sm bg-gradient-to-r from-blue-500/20 to-blue-600/20 text-blue-300 rounded-full border border-blue-500/30 hover:border-blue-500 transition-all"[39m
                    [36m>[39m
                      [0mTailwind CSS[0m
                    [36m</span>[39m
                    [36m<span[39m
                      [33mclass[39m=[32m"px-3 py-1 text-sm bg-gradient-to-r from-blue-500/20 to-blue-600/20 text-blue-300 rounded-full border border-blue-500/30 hover:border-blue-500 transition-all"[39m
                    [36m>[39m
                      [0mSCSS[0m
                    [36m</span>[39m
                    [36m<span[39m
                      [33mclass[39m=[32m"px-3 py-1 text-sm bg-gradient-to-r from-blue-500/20 to-blue-600/20 text-blue-300 rounded-full border border-blue-500/30 hover:border-blue-500 transition-all"[39m
                    [36m>[39m
                      [0mPHP[0m
                    [36m</span>[39m
                  [36m</div>[39m
                [36m</div>[39m
                [36m<div[39m
                  [33mclass[39m=[32m"flex flex-col sm:flex-row gap-4 justify-center md:justify-start"[39m
                [36m>[39m
                  [36m<button[39m
                    [33mclass[39m=[32m"px-8 py-3 bg-gradient-to-r from-blue-500 to-blue-600 text-white font-semibold rounded-lg hover:from-blue-600 hover:to-blue-700 transition-all transform hover:scale-105 hover:shadow-lg"[39m
                  [36m>[39m
                    [0mView My Work[0m
                  [36m</button>[39m
                  [36m<button[39m
                    [33mclass[39m=[32m"px-8 py-3 border-2 border-blue-400 text-blue-400 font-semibold rounded-lg hover:bg-blue-400/10 transition-all transform hover:scale-105"[39m
                  [36m>[39m
                    [0mGet In Touch[0m
                  [36m</button>[39m
                [36m</div>[39m
                [36m<div[39m
                  [33mclass[39m=[32m"mt-8 flex gap-4 justify-center md:justify-start"[39m
                [36m>[39m
                  [36m<a[39m
                    [33mclass[39m=[32m"w-10 h-10 flex items-center justify-center rounded-full bg-gray-700 hover:bg-blue-500 transition-all transform hover:scale-110"[39m
                    [33mhref[39m=[32m"https://tiktok.com/@netsanet.worku"[39m
                    [33mrel[39m=[32m"noopener noreferrer"[39m
                    [33mtarget[39m=[32m"_blank"[39m
                    [33mtitle[39m=[32m"TikTok"[39m
                  [36m>[39m
                    [0m📱[0m
                  [36m</a>[39m
                  [36m<a[39m
                    [33mclass[39m=[32m"w-10 h-10 flex items-center justify-center rounded-full bg-gray-700 hover:bg-blue-500 transition-all transform hover:scale-110"[39m
                    [33mhref[39m=[32m"https://t.me/Abi_yam21"[39m
                    [33mrel[39m=[32m"noopener noreferrer"[39m
                    [33mtarget[39m=[32m"_blank"[39m
                    [33mtitle[39m=[32m"Telegram"[39m
                  [36m>[39m
                    [0m✈️[0m
                  [36m</a>[39m
                  [36m<a[39m
                    [33mclass[39m=[32m"w-10 h-10 flex items-center justify-center rounded-full bg-gray-700 hover:bg-blue-500 transition-all transform hover:scale-110"[39m
                    [33mhref[39m=[32m"https://github.com/NetsanetWorku"[39m
                    [33mrel[39m=[32m"noopener noreferrer"[39m
                    [33mtarget[39m=[32m"_blank"[39m
                    [33mtitle[39m=[32m"GitHub"[39m
                  [36m>[39m
                    [0m💻[0m
                  [36m</a>[39m
                [36m</div>[39m
              [36m</div>[39m
            [36m</div>[39m
            [36m<div[39m
              [33mclass[39m=[32m"mt-12 flex justify-center"[39m
            [36m>[39m
              [36m<div[39m
                [33mclass[39m=[32m"animate-bounce"[39m
              [36m>[39m
                [36m<svg[39m
                  [33mclass[39m=[32m"w-6 h-6 text-blue-400"[39m
                  [33mfill[39m=[32m"none"[39m
                  [33mstroke[39m=[32m"currentColor"[39m
                  [33mviewBox[39m=[32m"0 0 24 24"[39m
                [36m>[39m
                  [36m<path[39m
                    [33md[39m=[32m"M19 14l-7 7m0 0l-7-7m7 7V3"[39m
                    [33mstroke-linecap[39m=[32m"round"[39m
                    [33mstroke-linejoin[39m=[32m"round"[39m
                    [33mstroke-width[39m=[32m"2"[39m
                  [36m/>[39m
                [36m</svg>[39m
              [36m</div>[39m
            [36m</div>[39m
          [36m</div>[39m
        [36m</section>[39m
      [36m</div>[39m
    [36m</body>[39m

      159 |       render(<Hero />);
      160 |       
    > 161 |       const viewWorkButton = screen.getByRole('button', { name: 'View my projects' });
          |                                     ^
      162 |       
      163 |       // Should not throw error when section doesn't exist
      164 |       expect(async () => {

      at Object.getElementError (node_modules/@testing-library/react/node_modules/@testing-library/dom/dist/config.js:37:19)
      at node_modules/@testing-library/react/node_modules/@testing-library/dom/dist/query-helpers.js:76:38
      at node_modules/@testing-library/react/node_modules/@testing-library/dom/dist/query-helpers.js:52:17
      at node_modules/@testing-library/react/node_modules/@testing-library/dom/dist/query-helpers.js:95:19
      at Object.<anonymous> (src/components/Home/Home.test.tsx:161:37)

  ● Hero Component › Accessibility › has proper semantic structure

    TestingLibraryElementError: Found multiple elements with the role "heading"

    Here are the matching elements:

    Ignored nodes: comments, script, style
    [36m<h2[39m
      [33mclass[39m=[32m"text-lg md:text-xl font-semibold text-blue-400 mb-2 animate-wave"[39m
    [36m>[39m
      [0mHello, I'm[0m
    [36m</h2>[39m

    Ignored nodes: comments, script, style
    [36m<h2[39m
      [33mclass[39m=[32m"text-xl md:text-2xl font-semibold text-gray-300 mb-6"[39m
    [36m>[39m
      [0mComputer Science Student & Web Developer[0m
    [36m</h2>[39m

    (If this is intentional, then use the `*AllBy*` variant of the query (like `queryAllByText`, `getAllByText`, or `findAllByText`)).

    Ignored nodes: comments, script, style
    [36m<body>[39m
      [36m<div>[39m
        [36m<section[39m
          [33maria-labelledby[39m=[32m"hero-title"[39m
          [33mclass[39m=[32m"pt-32 pb-20 px-4 md:px-8 bg-gradient-to-b from-gray-900 via-gray-800 to-gray-900 min-h-screen flex items-center opacity-0 "[39m
          [33mid[39m=[32m"hero"[39m
          [33mrole[39m=[32m"main"[39m
        [36m>[39m
          [36m<div[39m
            [33mclass[39m=[32m"max-w-6xl mx-auto w-full"[39m
          [36m>[39m
            [36m<div[39m
              [33mclass[39m=[32m"grid grid-cols-1 md:grid-cols-2 gap-12 items-center"[39m
            [36m>[39m
              [36m<div[39m
                [33mclass[39m=[32m"flex justify-center "[39m
              [36m>[39m
                [36m<div[39m
                  [33mclass[39m=[32m"relative w-64 h-64 md:w-80 md:h-80"[39m
                [36m>[39m
                  [36m<div[39m
                    [33mclass[39m=[32m"absolute inset-0 bg-gradient-to-r from-blue-400 to-blue-600 rounded-full blur-3xl opacity-40"[39m
                  [36m/>[39m
                  [36m<img[39m
                    [33malt[39m=[32m"Professional headshot of Netsanet, a full-stack developer"[39m
                    [33mclass[39m=[32m"relative w-full h-full object-cover rounded-full shadow-2xl border-4 border-blue-500/30 hover:border-blue-500/60 transition-all duration-300 animate-float"[39m
                    [33mloading[39m=[32m"eager"[39m
                    [33msrc[39m=[32m"./images/netsa.jpg"[39m
                  [36m/>[39m
                [36m</div>[39m
              [36m</div>[39m
              [36m<div[39m
                [33mclass[39m=[32m"text-center md:text-left "[39m
              [36m>[39m
                [36m<div[39m
                  [33mclass[39m=[32m"mb-6"[39m
                [36m>[39m
                  [36m<h2[39m
                    [33mclass[39m=[32m"text-lg md:text-xl font-semibold text-blue-400 mb-2 animate-wave"[39m
                  [36m>[39m
                    [0mHello, I'm[0m
                  [36m</h2>[39m
                  [36m<h1[39m
                    [33mclass[39m=[32m"text-4xl md:text-6xl font-bold mb-4 animated-name glow"[39m
                    [33mid[39m=[32m"hero-title"[39m
                  [36m>[39m
                    [0mNetsanet Worku[0m
                  [36m</h1>[39m
                  [36m<h2[39m
                    [33mclass[39m=[32m"text-xl md:text-2xl font-semibold text-gray-300 mb-6"[39m
                  [36m>[39m
                    [0mComputer Science Student & Web Developer[0m
                  [36m</h2>[39m
                [36m</div>[39m
                [36m<p[39m
                  [33mclass[39m=[32m"text-base md:text-lg text-gray-300 mb-8 leading-relaxed"[39m
                [36m>[39m
                  [0mThird-year Computer Science student at Madda Walabu University, passionate about web development and creating modern, responsive applications. I combine academic knowledge with hands-on experience in HTML, CSS, JavaScript, React, and PHP to build user-friendly digital solutions.[0m
                [36m</p>[39m
                [36m<div[39m
                  [33mclass[39m=[32m"mb-8"[39m
                [36m>[39m
                  [36m<p[39m
                    [33mclass[39m=[32m"text-sm font-semibold text-gray-400 mb-3"[39m
                  [36m>[39m
                    [0mTech Stack[0m
                  [36m</p>[39m
                  [36m<div[39m
                    [33mclass[39m=[32m"flex flex-wrap gap-2 justify-center md:justify-start"[39m
                  [36m>[39m
                    [36m<span[39m
                      [33mclass[39m=[32m"px-3 py-1 text-sm bg-gradient-to-r from-blue-500/20 to-blue-600/20 text-blue-300 rounded-full border border-blue-500/30 hover:border-blue-500 transition-all"[39m
                    [36m>[39m
                      [0mHTML[0m
                    [36m</span>[39m
                    [36m<span[39m
                      [33mclass[39m=[32m"px-3 py-1 text-sm bg-gradient-to-r from-blue-500/20 to-blue-600/20 text-blue-300 rounded-full border border-blue-500/30 hover:border-blue-500 transition-all"[39m
                    [36m>[39m
                      [0mCSS[0m
                    [36m</span>[39m
                    [36m<span[39m
                      [33mclass[39m=[32m"px-3 py-1 text-sm bg-gradient-to-r from-blue-500/20 to-blue-600/20 text-blue-300 rounded-full border border-blue-500/30 hover:border-blue-500 transition-all"[39m
                    [36m>[39m
                      [0mJavaScript[0m
                    [36m</span>[39m
                    [36m<span[39m
                      [33mclass[39m=[32m"px-3 py-1 text-sm bg-gradient-to-r from-blue-500/20 to-blue-600/20 text-blue-300 rounded-full border border-blue-500/30 hover:border-blue-500 transition-all"[39m
                    [36m>[39m
                      [0mReact[0m
                    [36m</span>[39m
                    [36m<span[39m
                      [33mclass[39m=[32m"px-3 py-1 text-sm bg-gradient-to-r from-blue-500/20 to-blue-600/20 text-blue-300 rounded-full border border-blue-500/30 hover:border-blue-500 transition-all"[39m
                    [36m>[39m
                      [0mTypeScript[0m
                    [36m</span>[39m
                    [36m<span[39m
                      [33mclass[39m=[32m"px-3 py-1 text-sm bg-gradient-to-r from-blue-500/20 to-blue-600/20 text-blue-300 rounded-full border border-blue-500/30 hover:border-blue-500 transition-all"[39m
                    [36m>[39m
                      [0mTailwind CSS[0m
                    [36m</span>[39m
                    [36m<span[39m
                      [33mclass[39m=[32m"px-3 py-1 text-sm bg-gradient-to-r from-blue-500/20 to-blue-600/20 text-blue-300 rounded-full border border-blue-500/30 hover:border-blue-500 transition-all"[39m
                    [36m>[39m
                      [0mSCSS[0m
                    [36m</span>[39m
                    [36m<span[39m
                      [33mclass[39m=[32m"px-3 py-1 text-sm bg-gradient-to-r from-blue-500/20 to-blue-600/20 text-blue-300 rounded-full border border-blue-500/30 hover:border-blue-500 transition-all"[39m
                    [36m>[39m
                      [0mPHP[0m
                    [36m</span>[39m
                  [36m</div>[39m
                [36m</div>[39m
                [36m<div[39m
                  [33mclass[39m=[32m"flex flex-col sm:flex-row gap-4 justify-center md:justify-start"[39m
                [36m>[39m
                  [36m<button[39m
                    [33mclass[39m=[32m"px-8 py-3 bg-gradient-to-r from-blue-500 to-blue-600 text-white font-semibold rounded-lg hover:from-blue-600 hover:to-blue-700 transition-all transform hover:scale-105 hover:shadow-lg"[39m
                  [36m>[39m
                    [0mView My Work[0m
                  [36m</button>[39m
                  [36m<button[39m
                    [33mclass[39m=[32m"px-8 py-3 border-2 border-blue-400 text-blue-400 font-semibold rounded-lg hover:bg-blue-400/10 transition-all transform hover:scale-105"[39m
                  [36m>[39m
                    [0mGet In Touch[0m
                  [36m</button>[39m
                [36m</div>[39m
                [36m<div[39m
                  [33mclass[39m=[32m"mt-8 flex gap-4 justify-center md:justify-start"[39m
                [36m>[39m
                  [36m<a[39m
                    [33mclass[39m=[32m"w-10 h-10 flex items-center justify-center rounded-full bg-gray-700 hover:bg-blue-500 transition-all transform hover:scale-110"[39m
                    [33mhref[39m=[32m"https://tiktok.com/@netsanet.worku"[39m
                    [33mrel[39m=[32m"noopener noreferrer"[39m
                    [33mtarget[39m=[32m"_blank"[39m
                    [33mtitle[39m=[32m"TikTok"[39m
                  [36m>[39m
                    [0m📱[0m
                  [36m</a>[39m
                  [36m<a[39m
                    [33mclass[39m=[32m"w-10 h-10 flex items-center justify-center rounded-full bg-gray-700 hover:bg-blue-500 transition-all transform hover:scale-110"[39m
                    [33mhref[39m=[32m"https://t.me/Abi_yam21"[39m
                    [33mrel[39m=[32m"noopener noreferrer"[39m
                    [33mtarget[39m=[32m"_blank"[39m
                    [33mtitle[39m=[32m"Telegram"[39m
                  [36m>[39m
                    [0m✈️[0m
                  [36m</a>[39m
                  [36m<a[39m
                    [33mclass[39m=[32m"w-10 h-10 flex items-center justify-center rounded-full bg-gray-700 hover:bg-blue-500 transition-all transform hover:scale-110"[39m
                    [33mhref[39m=[32m"https://github.com/NetsanetWorku"[39m
                    [33mrel[39m=[32m"noopener noreferrer"[39m
                    [33mtarget[39m=[32m"_blank"[39m
                    [33mtitle[39m=[32m"GitHub"[39m
                  [36m>[39m
                    [0m💻[0m
                  [36m</a>[39m
                [36m</div>[39m
              [36m</div>[39m
            [36m</div>[39m
            [36m<div[39m
              [33mclass[39m=[32m"mt-12 flex justify-center"[39m
            [36m>[39m
              [36m<div[39m
                [33mclass[39m=[32m"animate-bounce"[39m
              [36m>[39m
                [36m<svg[39m
                  [33mclass[39m=[32m"w-6 h-6 text-blue-400"[39m
                  [33mfill[39m=[32m"none"[39m
                  [33mstroke[39m=[32m"currentColor"[39m
                  [33mviewBox[39m=[32m"0 0 24 24"[39m
                [36m>[39m
                  [36m<path[39m
                    [33md[39m=[32m"M19 14l-7 7m0 0l-7-7m7 7V3"[39m
                    [33mstroke-linecap[39m=[32m"round"[39m
                    [33mstroke-linejoin[39m=[32m"round"[39m
                    [33mstroke-width[39m=[32m"2"[39m
                  [36m/>[39m
                [36m</svg>[39m
              [36m</div>[39m
            [36m</div>[39m
          [36m</div>[39m
        [36m</section>[39m
      [36m</div>[39m
    [36m</body>[39m

      178 |       expect(screen.getByRole('main')).toBeInTheDocument();
      179 |       expect(screen.getByRole('heading', { level: 1 })).toBeInTheDocument();
    > 180 |       expect(screen.getByRole('heading', { level: 2 })).toBeInTheDocument();
          |                     ^
      181 |     });
      182 |
      183 |     test('buttons have proper accessibility labels', () => {

      at Object.getElementError (node_modules/@testing-library/react/node_modules/@testing-library/dom/dist/config.js:37:19)
      at getElementError (node_modules/@testing-library/react/node_modules/@testing-library/dom/dist/query-helpers.js:20:35)
      at getMultipleElementsFoundError (node_modules/@testing-library/react/node_modules/@testing-library/dom/dist/query-helpers.js:23:10)
      at node_modules/@testing-library/react/node_modules/@testing-library/dom/dist/query-helpers.js:55:13
      at node_modules/@testing-library/react/node_modules/@testing-library/dom/dist/query-helpers.js:95:19
      at Object.<anonymous> (src/components/Home/Home.test.tsx:180:21)

  ● Hero Component › Accessibility › buttons have proper accessibility labels

    TestingLibraryElementError: Unable to find an accessible element with the role "button" and name "View my projects"

    Here are the accessible roles:

      main:

      Name "Netsanet Worku":
      [36m<section[39m
        [33maria-labelledby[39m=[32m"hero-title"[39m
        [33mclass[39m=[32m"pt-32 pb-20 px-4 md:px-8 bg-gradient-to-b from-gray-900 via-gray-800 to-gray-900 min-h-screen flex items-center opacity-0 "[39m
        [33mid[39m=[32m"hero"[39m
        [33mrole[39m=[32m"main"[39m
      [36m/>[39m

      --------------------------------------------------
      img:

      Name "Professional headshot of Netsanet, a full-stack developer":
      [36m<img[39m
        [33malt[39m=[32m"Professional headshot of Netsanet, a full-stack developer"[39m
        [33mclass[39m=[32m"relative w-full h-full object-cover rounded-full shadow-2xl border-4 border-blue-500/30 hover:border-blue-500/60 transition-all duration-300 animate-float"[39m
        [33mloading[39m=[32m"eager"[39m
        [33msrc[39m=[32m"./images/netsa.jpg"[39m
      [36m/>[39m

      --------------------------------------------------
      heading:

      Name "Hello, I'm":
      [36m<h2[39m
        [33mclass[39m=[32m"text-lg md:text-xl font-semibold text-blue-400 mb-2 animate-wave"[39m
      [36m/>[39m

      Name "Netsanet Worku":
      [36m<h1[39m
        [33mclass[39m=[32m"text-4xl md:text-6xl font-bold mb-4 animated-name glow"[39m
        [33mid[39m=[32m"hero-title"[39m
      [36m/>[39m

      Name "Computer Science Student & Web Developer":
      [36m<h2[39m
        [33mclass[39m=[32m"text-xl md:text-2xl font-semibold text-gray-300 mb-6"[39m
      [36m/>[39m

      --------------------------------------------------
      button:

      Name "View My Work":
      [36m<button[39m
        [33mclass[39m=[32m"px-8 py-3 bg-gradient-to-r from-blue-500 to-blue-600 text-white font-semibold rounded-lg hover:from-blue-600 hover:to-blue-700 transition-all transform hover:scale-105 hover:shadow-lg"[39m
      [36m/>[39m

      Name "Get In Touch":
      [36m<button[39m
        [33mclass[39m=[32m"px-8 py-3 border-2 border-blue-400 text-blue-400 font-semibold rounded-lg hover:bg-blue-400/10 transition-all transform hover:scale-105"[39m
      [36m/>[39m

      --------------------------------------------------
      link:

      Name "📱":
      [36m<a[39m
        [33mclass[39m=[32m"w-10 h-10 flex items-center justify-center rounded-full bg-gray-700 hover:bg-blue-500 transition-all transform hover:scale-110"[39m
        [33mhref[39m=[32m"https://tiktok.com/@netsanet.worku"[39m
        [33mrel[39m=[32m"noopener noreferrer"[39m
        [33mtarget[39m=[32m"_blank"[39m
        [33mtitle[39m=[32m"TikTok"[39m
      [36m/>[39m

      Name "✈️":
      [36m<a[39m
        [33mclass[39m=[32m"w-10 h-10 flex items-center justify-center rounded-full bg-gray-700 hover:bg-blue-500 transition-all transform hover:scale-110"[39m
        [33mhref[39m=[32m"https://t.me/Abi_yam21"[39m
        [33mrel[39m=[32m"noopener noreferrer"[39m
        [33mtarget[39m=[32m"_blank"[39m
        [33mtitle[39m=[32m"Telegram"[39m
      [36m/>[39m

      Name "💻":
      [36m<a[39m
        [33mclass[39m=[32m"w-10 h-10 flex items-center justify-center rounded-full bg-gray-700 hover:bg-blue-500 transition-all transform hover:scale-110"[39m
        [33mhref[39m=[32m"https://github.com/NetsanetWorku"[39m
        [33mrel[39m=[32m"noopener noreferrer"[39m
        [33mtarget[39m=[32m"_blank"[39m
        [33mtitle[39m=[32m"GitHub"[39m
      [36m/>[39m

      --------------------------------------------------

    Ignored nodes: comments, script, style
    [36m<body>[39m
      [36m<div>[39m
        [36m<section[39m
          [33maria-labelledby[39m=[32m"hero-title"[39m
          [33mclass[39m=[32m"pt-32 pb-20 px-4 md:px-8 bg-gradient-to-b from-gray-900 via-gray-800 to-gray-900 min-h-screen flex items-center opacity-0 "[39m
          [33mid[39m=[32m"hero"[39m
          [33mrole[39m=[32m"main"[39m
        [36m>[39m
          [36m<div[39m
            [33mclass[39m=[32m"max-w-6xl mx-auto w-full"[39m
          [36m>[39m
            [36m<div[39m
              [33mclass[39m=[32m"grid grid-cols-1 md:grid-cols-2 gap-12 items-center"[39m
            [36m>[39m
              [36m<div[39m
                [33mclass[39m=[32m"flex justify-center "[39m
              [36m>[39m
                [36m<div[39m
                  [33mclass[39m=[32m"relative w-64 h-64 md:w-80 md:h-80"[39m
                [36m>[39m
                  [36m<div[39m
                    [33mclass[39m=[32m"absolute inset-0 bg-gradient-to-r from-blue-400 to-blue-600 rounded-full blur-3xl opacity-40"[39m
                  [36m/>[39m
                  [36m<img[39m
                    [33malt[39m=[32m"Professional headshot of Netsanet, a full-stack developer"[39m
                    [33mclass[39m=[32m"relative w-full h-full object-cover rounded-full shadow-2xl border-4 border-blue-500/30 hover:border-blue-500/60 transition-all duration-300 animate-float"[39m
                    [33mloading[39m=[32m"eager"[39m
                    [33msrc[39m=[32m"./images/netsa.jpg"[39m
                  [36m/>[39m
                [36m</div>[39m
              [36m</div>[39m
              [36m<div[39m
                [33mclass[39m=[32m"text-center md:text-left "[39m
              [36m>[39m
                [36m<div[39m
                  [33mclass[39m=[32m"mb-6"[39m
                [36m>[39m
                  [36m<h2[39m
                    [33mclass[39m=[32m"text-lg md:text-xl font-semibold text-blue-400 mb-2 animate-wave"[39m
                  [36m>[39m
                    [0mHello, I'm[0m
                  [36m</h2>[39m
                  [36m<h1[39m
                    [33mclass[39m=[32m"text-4xl md:text-6xl font-bold mb-4 animated-name glow"[39m
                    [33mid[39m=[32m"hero-title"[39m
                  [36m>[39m
                    [0mNetsanet Worku[0m
                  [36m</h1>[39m
                  [36m<h2[39m
                    [33mclass[39m=[32m"text-xl md:text-2xl font-semibold text-gray-300 mb-6"[39m
                  [36m>[39m
                    [0mComputer Science Student & Web Developer[0m
                  [36m</h2>[39m
                [36m</div>[39m
                [36m<p[39m
                  [33mclass[39m=[32m"text-base md:text-lg text-gray-300 mb-8 leading-relaxed"[39m
                [36m>[39m
                  [0mThird-year Computer Science student at Madda Walabu University, passionate about web development and creating modern, responsive applications. I combine academic knowledge with hands-on experience in HTML, CSS, JavaScript, React, and PHP to build user-friendly digital solutions.[0m
                [36m</p>[39m
                [36m<div[39m
                  [33mclass[39m=[32m"mb-8"[39m
                [36m>[39m
                  [36m<p[39m
                    [33mclass[39m=[32m"text-sm font-semibold text-gray-400 mb-3"[39m
                  [36m>[39m
                    [0mTech Stack[0m
                  [36m</p>[39m
                  [36m<div[39m
                    [33mclass[39m=[32m"flex flex-wrap gap-2 justify-center md:justify-start"[39m
                  [36m>[39m
                    [36m<span[39m
                      [33mclass[39m=[32m"px-3 py-1 text-sm bg-gradient-to-r from-blue-500/20 to-blue-600/20 text-blue-300 rounded-full border border-blue-500/30 hover:border-blue-500 transition-all"[39m
                    [36m>[39m
                      [0mHTML[0m
                    [36m</span>[39m
                    [36m<span[39m
                      [33mclass[39m=[32m"px-3 py-1 text-sm bg-gradient-to-r from-blue-500/20 to-blue-600/20 text-blue-300 rounded-full border border-blue-500/30 hover:border-blue-500 transition-all"[39m
                    [36m>[39m
                      [0mCSS[0m
                    [36m</span>[39m
                    [36m<span[39m
                      [33mclass[39m=[32m"px-3 py-1 text-sm bg-gradient-to-r from-blue-500/20 to-blue-600/20 text-blue-300 rounded-full border border-blue-500/30 hover:border-blue-500 transition-all"[39m
                    [36m>[39m
                      [0mJavaScript[0m
                    [36m</span>[39m
                    [36m<span[39m
                      [33mclass[39m=[32m"px-3 py-1 text-sm bg-gradient-to-r from-blue-500/20 to-blue-600/20 text-blue-300 rounded-full border border-blue-500/30 hover:border-blue-500 transition-all"[39m
                    [36m>[39m
                      [0mReact[0m
                    [36m</span>[39m
                    [36m<span[39m
                      [33mclass[39m=[32m"px-3 py-1 text-sm bg-gradient-to-r from-blue-500/20 to-blue-600/20 text-blue-300 rounded-full border border-blue-500/30 hover:border-blue-500 transition-all"[39m
                    [36m>[39m
                      [0mTypeScript[0m
                    [36m</span>[39m
                    [36m<span[39m
                      [33mclass[39m=[32m"px-3 py-1 text-sm bg-gradient-to-r from-blue-500/20 to-blue-600/20 text-blue-300 rounded-full border border-blue-500/30 hover:border-blue-500 transition-all"[39m
                    [36m>[39m
                      [0mTailwind CSS[0m
                    [36m</span>[39m
                    [36m<span[39m
                      [33mclass[39m=[32m"px-3 py-1 text-sm bg-gradient-to-r from-blue-500/20 to-blue-600/20 text-blue-300 rounded-full border border-blue-500/30 hover:border-blue-500 transition-all"[39m
                    [36m>[39m
                      [0mSCSS[0m
                    [36m</span>[39m
                    [36m<span[39m
                      [33mclass[39m=[32m"px-3 py-1 text-sm bg-gradient-to-r from-blue-500/20 to-blue-600/20 text-blue-300 rounded-full border border-blue-500/30 hover:border-blue-500 transition-all"[39m
                    [36m>[39m
                      [0mPHP[0m
                    [36m</span>[39m
                  [36m</div>[39m
                [36m</div>[39m
                [36m<div[39m
                  [33mclass[39m=[32m"flex flex-col sm:flex-row gap-4 justify-center md:justify-start"[39m
                [36m>[39m
                  [36m<button[39m
                    [33mclass[39m=[32m"px-8 py-3 bg-gradient-to-r from-blue-500 to-blue-600 text-white font-semibold rounded-lg hover:from-blue-600 hover:to-blue-700 transition-all transform hover:scale-105 hover:shadow-lg"[39m
                  [36m>[39m
                    [0mView My Work[0m
                  [36m</button>[39m
                  [36m<button[39m
                    [33mclass[39m=[32m"px-8 py-3 border-2 border-blue-400 text-blue-400 font-semibold rounded-lg hover:bg-blue-400/10 transition-all transform hover:scale-105"[39m
                  [36m>[39m
                    [0mGet In Touch[0m
                  [36m</button>[39m
                [36m</div>[39m
                [36m<div[39m
                  [33mclass[39m=[32m"mt-8 flex gap-4 justify-center md:justify-start"[39m
                [36m>[39m
                  [36m<a[39m
                    [33mclass[39m=[32m"w-10 h-10 flex items-center justify-center rounded-full bg-gray-700 hover:bg-blue-500 transition-all transform hover:scale-110"[39m
                    [33mhref[39m=[32m"https://tiktok.com/@netsanet.worku"[39m
                    [33mrel[39m=[32m"noopener noreferrer"[39m
                    [33mtarget[39m=[32m"_blank"[39m
                    [33mtitle[39m=[32m"TikTok"[39m
                  [36m>[39m
                    [0m📱[0m
                  [36m</a>[39m
                  [36m<a[39m
                    [33mclass[39m=[32m"w-10 h-10 flex items-center justify-center rounded-full bg-gray-700 hover:bg-blue-500 transition-all transform hover:scale-110"[39m
                    [33mhref[39m=[32m"https://t.me/Abi_yam21"[39m
                    [33mrel[39m=[32m"noopener noreferrer"[39m
                    [33mtarget[39m=[32m"_blank"[39m
                    [33mtitle[39m=[32m"Telegram"[39m
                  [36m>[39m
                    [0m✈️[0m
                  [36m</a>[39m
                  [36m<a[39m
                    [33mclass[39m=[32m"w-10 h-10 flex items-center justify-center rounded-full bg-gray-700 hover:bg-blue-500 transition-all transform hover:scale-110"[39m
                    [33mhref[39m=[32m"https://github.com/NetsanetWorku"[39m
                    [33mrel[39m=[32m"noopener noreferrer"[39m
                    [33mtarget[39m=[32m"_blank"[39m
                    [33mtitle[39m=[32m"GitHub"[39m
                  [36m>[39m
                    [0m💻[0m
                  [36m</a>[39m
                [36m</div>[39m
              [36m</div>[39m
            [36m</div>[39m
            [36m<div[39m
              [33mclass[39m=[32m"mt-12 flex justify-center"[39m
            [36m>[39m
              [36m<div[39m
                [33mclass[39m=[32m"animate-bounce"[39m
              [36m>[39m
                [36m<svg[39m
                  [33mclass[39m=[32m"w-6 h-6 text-blue-400"[39m
                  [33mfill[39m=[32m"none"[39m
                  [33mstroke[39m=[32m"currentColor"[39m
                  [33mviewBox[39m=[32m"0 0 24 24"[39m
                [36m>[39m
                  [36m<path[39m
                    [33md[39m=[32m"M19 14l-7 7m0 0l-7-7m7 7V3"[39m
                    [33mstroke-linecap[39m=[32m"round"[39m
                    [33mstroke-linejoin[39m=[32m"round"[39m
                    [33mstroke-width[39m=[32m"2"[39m
                  [36m/>[39m
                [36m</svg>[39m
              [36m</div>[39m
            [36m</div>[39m
          [36m</div>[39m
        [36m</section>[39m
      [36m</div>[39m
    [36m</body>[39m

      184 |       render(<Hero />);
      185 |       
    > 186 |       expect(screen.getByRole('button', { name: 'View my projects' })).toHaveAttribute('aria-label', 'View my projects');
          |                     ^
      187 |       expect(screen.getByRole('button', { name: 'Get in touch' })).toHaveAttribute('aria-label', 'Get in touch');
      188 |     });
      189 |

      at Object.getElementError (node_modules/@testing-library/react/node_modules/@testing-library/dom/dist/config.js:37:19)
      at node_modules/@testing-library/react/node_modules/@testing-library/dom/dist/query-helpers.js:76:38
      at node_modules/@testing-library/react/node_modules/@testing-library/dom/dist/query-helpers.js:52:17
      at node_modules/@testing-library/react/node_modules/@testing-library/dom/dist/query-helpers.js:95:19
      at Object.<anonymous> (src/components/Home/Home.test.tsx:186:21)

  ● Hero Component › Accessibility › image has proper alt text

    expect(element).toHaveAttribute("alt", "Professional headshot of Netsanet") // element.getAttribute("alt") === "Professional headshot of Netsanet"

    Expected the element to have attribute:
      alt="Professional headshot of Netsanet"
    Received:
      alt="Professional headshot of Netsanet, a full-stack developer"

      192 |       
      193 |       const profileImage = screen.getByRole('img');
    > 194 |       expect(profileImage).toHaveAttribute('alt', 'Professional headshot of Netsanet');
          |                            ^
      195 |     });
      196 |
      197 |     test('buttons are keyboard accessible', async () => {

      at Object.<anonymous> (src/components/Home/Home.test.tsx:194:28)

  ● Hero Component › Accessibility › buttons are keyboard accessible

    TestingLibraryElementError: Unable to find an accessible element with the role "button" and name "View my projects"

    Here are the accessible roles:

      main:

      Name "Netsanet Worku":
      [36m<section[39m
        [33maria-labelledby[39m=[32m"hero-title"[39m
        [33mclass[39m=[32m"pt-32 pb-20 px-4 md:px-8 bg-gradient-to-b from-gray-900 via-gray-800 to-gray-900 min-h-screen flex items-center opacity-0 "[39m
        [33mid[39m=[32m"hero"[39m
        [33mrole[39m=[32m"main"[39m
      [36m/>[39m

      --------------------------------------------------
      img:

      Name "Professional headshot of Netsanet, a full-stack developer":
      [36m<img[39m
        [33malt[39m=[32m"Professional headshot of Netsanet, a full-stack developer"[39m
        [33mclass[39m=[32m"relative w-full h-full object-cover rounded-full shadow-2xl border-4 border-blue-500/30 hover:border-blue-500/60 transition-all duration-300 animate-float"[39m
        [33mloading[39m=[32m"eager"[39m
        [33msrc[39m=[32m"./images/netsa.jpg"[39m
      [36m/>[39m

      --------------------------------------------------
      heading:

      Name "Hello, I'm":
      [36m<h2[39m
        [33mclass[39m=[32m"text-lg md:text-xl font-semibold text-blue-400 mb-2 animate-wave"[39m
      [36m/>[39m

      Name "Netsanet Worku":
      [36m<h1[39m
        [33mclass[39m=[32m"text-4xl md:text-6xl font-bold mb-4 animated-name glow"[39m
        [33mid[39m=[32m"hero-title"[39m
      [36m/>[39m

      Name "Computer Science Student & Web Developer":
      [36m<h2[39m
        [33mclass[39m=[32m"text-xl md:text-2xl font-semibold text-gray-300 mb-6"[39m
      [36m/>[39m

      --------------------------------------------------
      button:

      Name "View My Work":
      [36m<button[39m
        [33mclass[39m=[32m"px-8 py-3 bg-gradient-to-r from-blue-500 to-blue-600 text-white font-semibold rounded-lg hover:from-blue-600 hover:to-blue-700 transition-all transform hover:scale-105 hover:shadow-lg"[39m
      [36m/>[39m

      Name "Get In Touch":
      [36m<button[39m
        [33mclass[39m=[32m"px-8 py-3 border-2 border-blue-400 text-blue-400 font-semibold rounded-lg hover:bg-blue-400/10 transition-all transform hover:scale-105"[39m
      [36m/>[39m

      --------------------------------------------------
      link:

      Name "📱":
      [36m<a[39m
        [33mclass[39m=[32m"w-10 h-10 flex items-center justify-center rounded-full bg-gray-700 hover:bg-blue-500 transition-all transform hover:scale-110"[39m
        [33mhref[39m=[32m"https://tiktok.com/@netsanet.worku"[39m
        [33mrel[39m=[32m"noopener noreferrer"[39m
        [33mtarget[39m=[32m"_blank"[39m
        [33mtitle[39m=[32m"TikTok"[39m
      [36m/>[39m

      Name "✈️":
      [36m<a[39m
        [33mclass[39m=[32m"w-10 h-10 flex items-center justify-center rounded-full bg-gray-700 hover:bg-blue-500 transition-all transform hover:scale-110"[39m
        [33mhref[39m=[32m"https://t.me/Abi_yam21"[39m
        [33mrel[39m=[32m"noopener noreferrer"[39m
        [33mtarget[39m=[32m"_blank"[39m
        [33mtitle[39m=[32m"Telegram"[39m
      [36m/>[39m

      Name "💻":
      [36m<a[39m
        [33mclass[39m=[32m"w-10 h-10 flex items-center justify-center rounded-full bg-gray-700 hover:bg-blue-500 transition-all transform hover:scale-110"[39m
        [33mhref[39m=[32m"https://github.com/NetsanetWorku"[39m
        [33mrel[39m=[32m"noopener noreferrer"[39m
        [33mtarget[39m=[32m"_blank"[39m
        [33mtitle[39m=[32m"GitHub"[39m
      [36m/>[39m

      --------------------------------------------------

    Ignored nodes: comments, script, style
    [36m<body>[39m
      [36m<div>[39m
        [36m<section[39m
          [33maria-labelledby[39m=[32m"hero-title"[39m
          [33mclass[39m=[32m"pt-32 pb-20 px-4 md:px-8 bg-gradient-to-b from-gray-900 via-gray-800 to-gray-900 min-h-screen flex items-center opacity-0 "[39m
          [33mid[39m=[32m"hero"[39m
          [33mrole[39m=[32m"main"[39m
        [36m>[39m
          [36m<div[39m
            [33mclass[39m=[32m"max-w-6xl mx-auto w-full"[39m
          [36m>[39m
            [36m<div[39m
              [33mclass[39m=[32m"grid grid-cols-1 md:grid-cols-2 gap-12 items-center"[39m
            [36m>[39m
              [36m<div[39m
                [33mclass[39m=[32m"flex justify-center "[39m
              [36m>[39m
                [36m<div[39m
                  [33mclass[39m=[32m"relative w-64 h-64 md:w-80 md:h-80"[39m
                [36m>[39m
                  [36m<div[39m
                    [33mclass[39m=[32m"absolute inset-0 bg-gradient-to-r from-blue-400 to-blue-600 rounded-full blur-3xl opacity-40"[39m
                  [36m/>[39m
                  [36m<img[39m
                    [33malt[39m=[32m"Professional headshot of Netsanet, a full-stack developer"[39m
                    [33mclass[39m=[32m"relative w-full h-full object-cover rounded-full shadow-2xl border-4 border-blue-500/30 hover:border-blue-500/60 transition-all duration-300 animate-float"[39m
                    [33mloading[39m=[32m"eager"[39m
                    [33msrc[39m=[32m"./images/netsa.jpg"[39m
                  [36m/>[39m
                [36m</div>[39m
              [36m</div>[39m
              [36m<div[39m
                [33mclass[39m=[32m"text-center md:text-left "[39m
              [36m>[39m
                [36m<div[39m
                  [33mclass[39m=[32m"mb-6"[39m
                [36m>[39m
                  [36m<h2[39m
                    [33mclass[39m=[32m"text-lg md:text-xl font-semibold text-blue-400 mb-2 animate-wave"[39m
                  [36m>[39m
                    [0mHello, I'm[0m
                  [36m</h2>[39m
                  [36m<h1[39m
                    [33mclass[39m=[32m"text-4xl md:text-6xl font-bold mb-4 animated-name glow"[39m
                    [33mid[39m=[32m"hero-title"[39m
                  [36m>[39m
                    [0mNetsanet Worku[0m
                  [36m</h1>[39m
                  [36m<h2[39m
                    [33mclass[39m=[32m"text-xl md:text-2xl font-semibold text-gray-300 mb-6"[39m
                  [36m>[39m
                    [0mComputer Science Student & Web Developer[0m
                  [36m</h2>[39m
                [36m</div>[39m
                [36m<p[39m
                  [33mclass[39m=[32m"text-base md:text-lg text-gray-300 mb-8 leading-relaxed"[39m
                [36m>[39m
                  [0mThird-year Computer Science student at Madda Walabu University, passionate about web development and creating modern, responsive applications. I combine academic knowledge with hands-on experience in HTML, CSS, JavaScript, React, and PHP to build user-friendly digital solutions.[0m
                [36m</p>[39m
                [36m<div[39m
                  [33mclass[39m=[32m"mb-8"[39m
                [36m>[39m
                  [36m<p[39m
                    [33mclass[39m=[32m"text-sm font-semibold text-gray-400 mb-3"[39m
                  [36m>[39m
                    [0mTech Stack[0m
                  [36m</p>[39m
                  [36m<div[39m
                    [33mclass[39m=[32m"flex flex-wrap gap-2 justify-center md:justify-start"[39m
                  [36m>[39m
                    [36m<span[39m
                      [33mclass[39m=[32m"px-3 py-1 text-sm bg-gradient-to-r from-blue-500/20 to-blue-600/20 text-blue-300 rounded-full border border-blue-500/30 hover:border-blue-500 transition-all"[39m
                    [36m>[39m
                      [0mHTML[0m
                    [36m</span>[39m
                    [36m<span[39m
                      [33mclass[39m=[32m"px-3 py-1 text-sm bg-gradient-to-r from-blue-500/20 to-blue-600/20 text-blue-300 rounded-full border border-blue-500/30 hover:border-blue-500 transition-all"[39m
                    [36m>[39m
                      [0mCSS[0m
                    [36m</span>[39m
                    [36m<span[39m
                      [33mclass[39m=[32m"px-3 py-1 text-sm bg-gradient-to-r from-blue-500/20 to-blue-600/20 text-blue-300 rounded-full border border-blue-500/30 hover:border-blue-500 transition-all"[39m
                    [36m>[39m
                      [0mJavaScript[0m
                    [36m</span>[39m
                    [36m<span[39m
                      [33mclass[39m=[32m"px-3 py-1 text-sm bg-gradient-to-r from-blue-500/20 to-blue-600/20 text-blue-300 rounded-full border border-blue-500/30 hover:border-blue-500 transition-all"[39m
                    [36m>[39m
                      [0mReact[0m
                    [36m</span>[39m
                    [36m<span[39m
                      [33mclass[39m=[32m"px-3 py-1 text-sm bg-gradient-to-r from-blue-500/20 to-blue-600/20 text-blue-300 rounded-full border border-blue-500/30 hover:border-blue-500 transition-all"[39m
                    [36m>[39m
                      [0mTypeScript[0m
                    [36m</span>[39m
                    [36m<span[39m
                      [33mclass[39m=[32m"px-3 py-1 text-sm bg-gradient-to-r from-blue-500/20 to-blue-600/20 text-blue-300 rounded-full border border-blue-500/30 hover:border-blue-500 transition-all"[39m
                    [36m>[39m
                      [0mTailwind CSS[0m
                    [36m</span>[39m
                    [36m<span[39m
                      [33mclass[39m=[32m"px-3 py-1 text-sm bg-gradient-to-r from-blue-500/20 to-blue-600/20 text-blue-300 rounded-full border border-blue-500/30 hover:border-blue-500 transition-all"[39m
                    [36m>[39m
                      [0mSCSS[0m
                    [36m</span>[39m
                    [36m<span[39m
                      [33mclass[39m=[32m"px-3 py-1 text-sm bg-gradient-to-r from-blue-500/20 to-blue-600/20 text-blue-300 rounded-full border border-blue-500/30 hover:border-blue-500 transition-all"[39m
                    [36m>[39m
                      [0mPHP[0m
                    [36m</span>[39m
                  [36m</div>[39m
                [36m</div>[39m
                [36m<div[39m
                  [33mclass[39m=[32m"flex flex-col sm:flex-row gap-4 justify-center md:justify-start"[39m
                [36m>[39m
                  [36m<button[39m
                    [33mclass[39m=[32m"px-8 py-3 bg-gradient-to-r from-blue-500 to-blue-600 text-white font-semibold rounded-lg hover:from-blue-600 hover:to-blue-700 transition-all transform hover:scale-105 hover:shadow-lg"[39m
                  [36m>[39m
                    [0mView My Work[0m
                  [36m</button>[39m
                  [36m<button[39m
                    [33mclass[39m=[32m"px-8 py-3 border-2 border-blue-400 text-blue-400 font-semibold rounded-lg hover:bg-blue-400/10 transition-all transform hover:scale-105"[39m
                  [36m>[39m
                    [0mGet In Touch[0m
                  [36m</button>[39m
                [36m</div>[39m
                [36m<div[39m
                  [33mclass[39m=[32m"mt-8 flex gap-4 justify-center md:justify-start"[39m
                [36m>[39m
                  [36m<a[39m
                    [33mclass[39m=[32m"w-10 h-10 flex items-center justify-center rounded-full bg-gray-700 hover:bg-blue-500 transition-all transform hover:scale-110"[39m
                    [33mhref[39m=[32m"https://tiktok.com/@netsanet.worku"[39m
                    [33mrel[39m=[32m"noopener noreferrer"[39m
                    [33mtarget[39m=[32m"_blank"[39m
                    [33mtitle[39m=[32m"TikTok"[39m
                  [36m>[39m
                    [0m📱[0m
                  [36m</a>[39m
                  [36m<a[39m
                    [33mclass[39m=[32m"w-10 h-10 flex items-center justify-center rounded-full bg-gray-700 hover:bg-blue-500 transition-all transform hover:scale-110"[39m
                    [33mhref[39m=[32m"https://t.me/Abi_yam21"[39m
                    [33mrel[39m=[32m"noopener noreferrer"[39m
                    [33mtarget[39m=[32m"_blank"[39m
                    [33mtitle[39m=[32m"Telegram"[39m
                  [36m>[39m
                    [0m✈️[0m
                  [36m</a>[39m
                  [36m<a[39m
                    [33mclass[39m=[32m"w-10 h-10 flex items-center justify-center rounded-full bg-gray-700 hover:bg-blue-500 transition-all transform hover:scale-110"[39m
                    [33mhref[39m=[32m"https://github.com/NetsanetWorku"[39m
                    [33mrel[39m=[32m"noopener noreferrer"[39m
                    [33mtarget[39m=[32m"_blank"[39m
                    [33mtitle[39m=[32m"GitHub"[39m
                  [36m>[39m
                    [0m💻[0m
                  [36m</a>[39m
                [36m</div>[39m
              [36m</div>[39m
            [36m</div>[39m
            [36m<div[39m
              [33mclass[39m=[32m"mt-12 flex justify-center"[39m
            [36m>[39m
              [36m<div[39m
                [33mclass[39m=[32m"animate-bounce"[39m
              [36m>[39m
                [36m<svg[39m
                  [33mclass[39m=[32m"w-6 h-6 text-blue-400"[39m
                  [33mfill[39m=[32m"none"[39m
                  [33mstroke[39m=[32m"currentColor"[39m
                  [33mviewBox[39m=[32m"0 0 24 24"[39m
                [36m>[39m
                  [36m<path[39m
                    [33md[39m=[32m"M19 14l-7 7m0 0l-7-7m7 7V3"[39m
                    [33mstroke-linecap[39m=[32m"round"[39m
                    [33mstroke-linejoin[39m=[32m"round"[39m
                    [33mstroke-width[39m=[32m"2"[39m
                  [36m/>[39m
                [36m</svg>[39m
              [36m</div>[39m
            [36m</div>[39m
          [36m</div>[39m
        [36m</section>[39m
      [36m</div>[39m
    [36m</body>[39m

      199 |       render(<Hero />);
      200 |       
    > 201 |       const viewWorkButton = screen.getByRole('button', { name: 'View my projects' });
          |                                     ^
      202 |       const contactButton = screen.getByRole('button', { name: 'Get in touch' });
      203 |       
      204 |       // Tab to first button

      at Object.getElementError (node_modules/@testing-library/react/node_modules/@testing-library/dom/dist/config.js:37:19)
      at node_modules/@testing-library/react/node_modules/@testing-library/dom/dist/query-helpers.js:76:38
      at node_modules/@testing-library/react/node_modules/@testing-library/dom/dist/query-helpers.js:52:17
      at node_modules/@testing-library/react/node_modules/@testing-library/dom/dist/query-helpers.js:95:19
      at Object.<anonymous> (src/components/Home/Home.test.tsx:201:37)

  ● Hero Component › Accessibility › buttons can be activated with Enter key

    TestingLibraryElementError: Unable to find an accessible element with the role "button" and name "View my projects"

    Here are the accessible roles:

      main:

      Name "Netsanet Worku":
      [36m<section[39m
        [33maria-labelledby[39m=[32m"hero-title"[39m
        [33mclass[39m=[32m"pt-32 pb-20 px-4 md:px-8 bg-gradient-to-b from-gray-900 via-gray-800 to-gray-900 min-h-screen flex items-center opacity-0 "[39m
        [33mid[39m=[32m"hero"[39m
        [33mrole[39m=[32m"main"[39m
      [36m/>[39m

      --------------------------------------------------
      img:

      Name "Professional headshot of Netsanet, a full-stack developer":
      [36m<img[39m
        [33malt[39m=[32m"Professional headshot of Netsanet, a full-stack developer"[39m
        [33mclass[39m=[32m"relative w-full h-full object-cover rounded-full shadow-2xl border-4 border-blue-500/30 hover:border-blue-500/60 transition-all duration-300 animate-float"[39m
        [33mloading[39m=[32m"eager"[39m
        [33msrc[39m=[32m"./images/netsa.jpg"[39m
      [36m/>[39m

      --------------------------------------------------
      heading:

      Name "Hello, I'm":
      [36m<h2[39m
        [33mclass[39m=[32m"text-lg md:text-xl font-semibold text-blue-400 mb-2 animate-wave"[39m
      [36m/>[39m

      Name "Netsanet Worku":
      [36m<h1[39m
        [33mclass[39m=[32m"text-4xl md:text-6xl font-bold mb-4 animated-name glow"[39m
        [33mid[39m=[32m"hero-title"[39m
      [36m/>[39m

      Name "Computer Science Student & Web Developer":
      [36m<h2[39m
        [33mclass[39m=[32m"text-xl md:text-2xl font-semibold text-gray-300 mb-6"[39m
      [36m/>[39m

      --------------------------------------------------
      button:

      Name "View My Work":
      [36m<button[39m
        [33mclass[39m=[32m"px-8 py-3 bg-gradient-to-r from-blue-500 to-blue-600 text-white font-semibold rounded-lg hover:from-blue-600 hover:to-blue-700 transition-all transform hover:scale-105 hover:shadow-lg"[39m
      [36m/>[39m

      Name "Get In Touch":
      [36m<button[39m
        [33mclass[39m=[32m"px-8 py-3 border-2 border-blue-400 text-blue-400 font-semibold rounded-lg hover:bg-blue-400/10 transition-all transform hover:scale-105"[39m
      [36m/>[39m

      --------------------------------------------------
      link:

      Name "📱":
      [36m<a[39m
        [33mclass[39m=[32m"w-10 h-10 flex items-center justify-center rounded-full bg-gray-700 hover:bg-blue-500 transition-all transform hover:scale-110"[39m
        [33mhref[39m=[32m"https://tiktok.com/@netsanet.worku"[39m
        [33mrel[39m=[32m"noopener noreferrer"[39m
        [33mtarget[39m=[32m"_blank"[39m
        [33mtitle[39m=[32m"TikTok"[39m
      [36m/>[39m

      Name "✈️":
      [36m<a[39m
        [33mclass[39m=[32m"w-10 h-10 flex items-center justify-center rounded-full bg-gray-700 hover:bg-blue-500 transition-all transform hover:scale-110"[39m
        [33mhref[39m=[32m"https://t.me/Abi_yam21"[39m
        [33mrel[39m=[32m"noopener noreferrer"[39m
        [33mtarget[39m=[32m"_blank"[39m
        [33mtitle[39m=[32m"Telegram"[39m
      [36m/>[39m

      Name "💻":
      [36m<a[39m
        [33mclass[39m=[32m"w-10 h-10 flex items-center justify-center rounded-full bg-gray-700 hover:bg-blue-500 transition-all transform hover:scale-110"[39m
        [33mhref[39m=[32m"https://github.com/NetsanetWorku"[39m
        [33mrel[39m=[32m"noopener noreferrer"[39m
        [33mtarget[39m=[32m"_blank"[39m
        [33mtitle[39m=[32m"GitHub"[39m
      [36m/>[39m

      --------------------------------------------------

    Ignored nodes: comments, script, style
    [36m<body>[39m
      [36m<div>[39m
        [36m<section[39m
          [33maria-labelledby[39m=[32m"hero-title"[39m
          [33mclass[39m=[32m"pt-32 pb-20 px-4 md:px-8 bg-gradient-to-b from-gray-900 via-gray-800 to-gray-900 min-h-screen flex items-center opacity-0 "[39m
          [33mid[39m=[32m"hero"[39m
          [33mrole[39m=[32m"main"[39m
        [36m>[39m
          [36m<div[39m
            [33mclass[39m=[32m"max-w-6xl mx-auto w-full"[39m
          [36m>[39m
            [36m<div[39m
              [33mclass[39m=[32m"grid grid-cols-1 md:grid-cols-2 gap-12 items-center"[39m
            [36m>[39m
              [36m<div[39m
                [33mclass[39m=[32m"flex justify-center "[39m
              [36m>[39m
                [36m<div[39m
                  [33mclass[39m=[32m"relative w-64 h-64 md:w-80 md:h-80"[39m
                [36m>[39m
                  [36m<div[39m
                    [33mclass[39m=[32m"absolute inset-0 bg-gradient-to-r from-blue-400 to-blue-600 rounded-full blur-3xl opacity-40"[39m
                  [36m/>[39m
                  [36m<img[39m
                    [33malt[39m=[32m"Professional headshot of Netsanet, a full-stack developer"[39m
                    [33mclass[39m=[32m"relative w-full h-full object-cover rounded-full shadow-2xl border-4 border-blue-500/30 hover:border-blue-500/60 transition-all duration-300 animate-float"[39m
                    [33mloading[39m=[32m"eager"[39m
                    [33msrc[39m=[32m"./images/netsa.jpg"[39m
                  [36m/>[39m
                [36m</div>[39m
              [36m</div>[39m
              [36m<div[39m
                [33mclass[39m=[32m"text-center md:text-left "[39m
              [36m>[39m
                [36m<div[39m
                  [33mclass[39m=[32m"mb-6"[39m
                [36m>[39m
                  [36m<h2[39m
                    [33mclass[39m=[32m"text-lg md:text-xl font-semibold text-blue-400 mb-2 animate-wave"[39m
                  [36m>[39m
                    [0mHello, I'm[0m
                  [36m</h2>[39m
                  [36m<h1[39m
                    [33mclass[39m=[32m"text-4xl md:text-6xl font-bold mb-4 animated-name glow"[39m
                    [33mid[39m=[32m"hero-title"[39m
                  [36m>[39m
                    [0mNetsanet Worku[0m
                  [36m</h1>[39m
                  [36m<h2[39m
                    [33mclass[39m=[32m"text-xl md:text-2xl font-semibold text-gray-300 mb-6"[39m
                  [36m>[39m
                    [0mComputer Science Student & Web Developer[0m
                  [36m</h2>[39m
                [36m</div>[39m
                [36m<p[39m
                  [33mclass[39m=[32m"text-base md:text-lg text-gray-300 mb-8 leading-relaxed"[39m
                [36m>[39m
                  [0mThird-year Computer Science student at Madda Walabu University, passionate about web development and creating modern, responsive applications. I combine academic knowledge with hands-on experience in HTML, CSS, JavaScript, React, and PHP to build user-friendly digital solutions.[0m
                [36m</p>[39m
                [36m<div[39m
                  [33mclass[39m=[32m"mb-8"[39m
                [36m>[39m
                  [36m<p[39m
                    [33mclass[39m=[32m"text-sm font-semibold text-gray-400 mb-3"[39m
                  [36m>[39m
                    [0mTech Stack[0m
                  [36m</p>[39m
                  [36m<div[39m
                    [33mclass[39m=[32m"flex flex-wrap gap-2 justify-center md:justify-start"[39m
                  [36m>[39m
                    [36m<span[39m
                      [33mclass[39m=[32m"px-3 py-1 text-sm bg-gradient-to-r from-blue-500/20 to-blue-600/20 text-blue-300 rounded-full border border-blue-500/30 hover:border-blue-500 transition-all"[39m
                    [36m>[39m
                      [0mHTML[0m
                    [36m</span>[39m
                    [36m<span[39m
                      [33mclass[39m=[32m"px-3 py-1 text-sm bg-gradient-to-r from-blue-500/20 to-blue-600/20 text-blue-300 rounded-full border border-blue-500/30 hover:border-blue-500 transition-all"[39m
                    [36m>[39m
                      [0mCSS[0m
                    [36m</span>[39m
                    [36m<span[39m
                      [33mclass[39m=[32m"px-3 py-1 text-sm bg-gradient-to-r from-blue-500/20 to-blue-600/20 text-blue-300 rounded-full border border-blue-500/30 hover:border-blue-500 transition-all"[39m
                    [36m>[39m
                      [0mJavaScript[0m
                    [36m</span>[39m
                    [36m<span[39m
                      [33mclass[39m=[32m"px-3 py-1 text-sm bg-gradient-to-r from-blue-500/20 to-blue-600/20 text-blue-300 rounded-full border border-blue-500/30 hover:border-blue-500 transition-all"[39m
                    [36m>[39m
                      [0mReact[0m
                    [36m</span>[39m
                    [36m<span[39m
                      [33mclass[39m=[32m"px-3 py-1 text-sm bg-gradient-to-r from-blue-500/20 to-blue-600/20 text-blue-300 rounded-full border border-blue-500/30 hover:border-blue-500 transition-all"[39m
                    [36m>[39m
                      [0mTypeScript[0m
                    [36m</span>[39m
                    [36m<span[39m
                      [33mclass[39m=[32m"px-3 py-1 text-sm bg-gradient-to-r from-blue-500/20 to-blue-600/20 text-blue-300 rounded-full border border-blue-500/30 hover:border-blue-500 transition-all"[39m
                    [36m>[39m
                      [0mTailwind CSS[0m
                    [36m</span>[39m
                    [36m<span[39m
                      [33mclass[39m=[32m"px-3 py-1 text-sm bg-gradient-to-r from-blue-500/20 to-blue-600/20 text-blue-300 rounded-full border border-blue-500/30 hover:border-blue-500 transition-all"[39m
                    [36m>[39m
                      [0mSCSS[0m
                    [36m</span>[39m
                    [36m<span[39m
                      [33mclass[39m=[32m"px-3 py-1 text-sm bg-gradient-to-r from-blue-500/20 to-blue-600/20 text-blue-300 rounded-full border border-blue-500/30 hover:border-blue-500 transition-all"[39m
                    [36m>[39m
                      [0mPHP[0m
                    [36m</span>[39m
                  [36m</div>[39m
                [36m</div>[39m
                [36m<div[39m
                  [33mclass[39m=[32m"flex flex-col sm:flex-row gap-4 justify-center md:justify-start"[39m
                [36m>[39m
                  [36m<button[39m
                    [33mclass[39m=[32m"px-8 py-3 bg-gradient-to-r from-blue-500 to-blue-600 text-white font-semibold rounded-lg hover:from-blue-600 hover:to-blue-700 transition-all transform hover:scale-105 hover:shadow-lg"[39m
                  [36m>[39m
                    [0mView My Work[0m
                  [36m</button>[39m
                  [36m<button[39m
                    [33mclass[39m=[32m"px-8 py-3 border-2 border-blue-400 text-blue-400 font-semibold rounded-lg hover:bg-blue-400/10 transition-all transform hover:scale-105"[39m
                  [36m>[39m
                    [0mGet In Touch[0m
                  [36m</button>[39m
                [36m</div>[39m
                [36m<div[39m
                  [33mclass[39m=[32m"mt-8 flex gap-4 justify-center md:justify-start"[39m
                [36m>[39m
                  [36m<a[39m
                    [33mclass[39m=[32m"w-10 h-10 flex items-center justify-center rounded-full bg-gray-700 hover:bg-blue-500 transition-all transform hover:scale-110"[39m
                    [33mhref[39m=[32m"https://tiktok.com/@netsanet.worku"[39m
                    [33mrel[39m=[32m"noopener noreferrer"[39m
                    [33mtarget[39m=[32m"_blank"[39m
                    [33mtitle[39m=[32m"TikTok"[39m
                  [36m>[39m
                    [0m📱[0m
                  [36m</a>[39m
                  [36m<a[39m
                    [33mclass[39m=[32m"w-10 h-10 flex items-center justify-center rounded-full bg-gray-700 hover:bg-blue-500 transition-all transform hover:scale-110"[39m
                    [33mhref[39m=[32m"https://t.me/Abi_yam21"[39m
                    [33mrel[39m=[32m"noopener noreferrer"[39m
                    [33mtarget[39m=[32m"_blank"[39m
                    [33mtitle[39m=[32m"Telegram"[39m
                  [36m>[39m
                    [0m✈️[0m
                  [36m</a>[39m
                  [36m<a[39m
                    [33mclass[39m=[32m"w-10 h-10 flex items-center justify-center rounded-full bg-gray-700 hover:bg-blue-500 transition-all transform hover:scale-110"[39m
                    [33mhref[39m=[32m"https://github.com/NetsanetWorku"[39m
                    [33mrel[39m=[32m"noopener noreferrer"[39m
                    [33mtarget[39m=[32m"_blank"[39m
                    [33mtitle[39m=[32m"GitHub"[39m
                  [36m>[39m
                    [0m💻[0m
                  [36m</a>[39m
                [36m</div>[39m
              [36m</div>[39m
            [36m</div>[39m
            [36m<div[39m
              [33mclass[39m=[32m"mt-12 flex justify-center"[39m
            [36m>[39m
              [36m<div[39m
                [33mclass[39m=[32m"animate-bounce"[39m
              [36m>[39m
                [36m<svg[39m
                  [33mclass[39m=[32m"w-6 h-6 text-blue-400"[39m
                  [33mfill[39m=[32m"none"[39m
                  [33mstroke[39m=[32m"currentColor"[39m
                  [33mviewBox[39m=[32m"0 0 24 24"[39m
                [36m>[39m
                  [36m<path[39m
                    [33md[39m=[32m"M19 14l-7 7m0 0l-7-7m7 7V3"[39m
                    [33mstroke-linecap[39m=[32m"round"[39m
                    [33mstroke-linejoin[39m=[32m"round"[39m
                    [33mstroke-width[39m=[32m"2"[39m
                  [36m/>[39m
                [36m</svg>[39m
              [36m</div>[39m
            [36m</div>[39m
          [36m</div>[39m
        [36m</section>[39m
      [36m</div>[39m
      [36m<div[39m
        [33mid[39m=[32m"projects"[39m
      [36m/>[39m
    [36m</body>[39m

      220 |       document.body.appendChild(projectsSection);
      221 |       
    > 222 |       const viewWorkButton = screen.getByRole('button', { name: 'View my projects' });
          |                                     ^
      223 |       viewWorkButton.focus();
      224 |       
      225 |       await user.keyboard('{Enter}');

      at Object.getElementError (node_modules/@testing-library/react/node_modules/@testing-library/dom/dist/config.js:37:19)
      at node_modules/@testing-library/react/node_modules/@testing-library/dom/dist/query-helpers.js:76:38
      at node_modules/@testing-library/react/node_modules/@testing-library/dom/dist/query-helpers.js:52:17
      at node_modules/@testing-library/react/node_modules/@testing-library/dom/dist/query-helpers.js:95:19
      at Object.<anonymous> (src/components/Home/Home.test.tsx:222:37)

  ● Hero Component › Responsive Design › renders with responsive image classes

    expect(element).toHaveClass("profileImage")

    Expected the element to have class:
      profileImage
    Received:
      relative w-full h-full object-cover rounded-full shadow-2xl border-4 border-blue-500/30 hover:border-blue-500/60 transition-all duration-300 animate-float

      237 |       
      238 |       const profileImage = screen.getByRole('img');
    > 239 |       expect(profileImage).toHaveClass('profileImage');
          |                            ^
      240 |     });
      241 |
      242 |     test('renders with responsive layout classes', () => {

      at Object.<anonymous> (src/components/Home/Home.test.tsx:239:28)

  ● Hero Component › Responsive Design › renders with responsive layout classes

    expect(received).toBeInTheDocument()

    received value must be an HTMLElement or an SVGElement.
    Received has value: null

      244 |       
      245 |       // Check that main container has responsive classes
    > 246 |       expect(container.querySelector('.content')).toBeInTheDocument();
          |                                                   ^
      247 |       expect(container.querySelector('.textContent')).toBeInTheDocument();
      248 |       expect(container.querySelector('.imageContainer')).toBeInTheDocument();
      249 |     });

      at __EXTERNAL_MATCHER_TRAP__ (node_modules/expect/build/index.js:325:30)
      at Object.throwingMatcher [as toBeInTheDocument] (node_modules/expect/build/index.js:326:15)
      at Object.<anonymous> (src/components/Home/Home.test.tsx:246:51)

  ● Hero Component › Responsive Design › buttons have responsive styling classes

    TestingLibraryElementError: Unable to find an accessible element with the role "button" and name "View my projects"

    Here are the accessible roles:

      main:

      Name "Netsanet Worku":
      [36m<section[39m
        [33maria-labelledby[39m=[32m"hero-title"[39m
        [33mclass[39m=[32m"pt-32 pb-20 px-4 md:px-8 bg-gradient-to-b from-gray-900 via-gray-800 to-gray-900 min-h-screen flex items-center opacity-0 "[39m
        [33mid[39m=[32m"hero"[39m
        [33mrole[39m=[32m"main"[39m
      [36m/>[39m

      --------------------------------------------------
      img:

      Name "Professional headshot of Netsanet, a full-stack developer":
      [36m<img[39m
        [33malt[39m=[32m"Professional headshot of Netsanet, a full-stack developer"[39m
        [33mclass[39m=[32m"relative w-full h-full object-cover rounded-full shadow-2xl border-4 border-blue-500/30 hover:border-blue-500/60 transition-all duration-300 animate-float"[39m
        [33mloading[39m=[32m"eager"[39m
        [33msrc[39m=[32m"./images/netsa.jpg"[39m
      [36m/>[39m

      --------------------------------------------------
      heading:

      Name "Hello, I'm":
      [36m<h2[39m
        [33mclass[39m=[32m"text-lg md:text-xl font-semibold text-blue-400 mb-2 animate-wave"[39m
      [36m/>[39m

      Name "Netsanet Worku":
      [36m<h1[39m
        [33mclass[39m=[32m"text-4xl md:text-6xl font-bold mb-4 animated-name glow"[39m
        [33mid[39m=[32m"hero-title"[39m
      [36m/>[39m

      Name "Computer Science Student & Web Developer":
      [36m<h2[39m
        [33mclass[39m=[32m"text-xl md:text-2xl font-semibold text-gray-300 mb-6"[39m
      [36m/>[39m

      --------------------------------------------------
      button:

      Name "View My Work":
      [36m<button[39m
        [33mclass[39m=[32m"px-8 py-3 bg-gradient-to-r from-blue-500 to-blue-600 text-white font-semibold rounded-lg hover:from-blue-600 hover:to-blue-700 transition-all transform hover:scale-105 hover:shadow-lg"[39m
      [36m/>[39m

      Name "Get In Touch":
      [36m<button[39m
        [33mclass[39m=[32m"px-8 py-3 border-2 border-blue-400 text-blue-400 font-semibold rounded-lg hover:bg-blue-400/10 transition-all transform hover:scale-105"[39m
      [36m/>[39m

      --------------------------------------------------
      link:

      Name "📱":
      [36m<a[39m
        [33mclass[39m=[32m"w-10 h-10 flex items-center justify-center rounded-full bg-gray-700 hover:bg-blue-500 transition-all transform hover:scale-110"[39m
        [33mhref[39m=[32m"https://tiktok.com/@netsanet.worku"[39m
        [33mrel[39m=[32m"noopener noreferrer"[39m
        [33mtarget[39m=[32m"_blank"[39m
        [33mtitle[39m=[32m"TikTok"[39m
      [36m/>[39m

      Name "✈️":
      [36m<a[39m
        [33mclass[39m=[32m"w-10 h-10 flex items-center justify-center rounded-full bg-gray-700 hover:bg-blue-500 transition-all transform hover:scale-110"[39m
        [33mhref[39m=[32m"https://t.me/Abi_yam21"[39m
        [33mrel[39m=[32m"noopener noreferrer"[39m
        [33mtarget[39m=[32m"_blank"[39m
        [33mtitle[39m=[32m"Telegram"[39m
      [36m/>[39m

      Name "💻":
      [36m<a[39m
        [33mclass[39m=[32m"w-10 h-10 flex items-center justify-center rounded-full bg-gray-700 hover:bg-blue-500 transition-all transform hover:scale-110"[39m
        [33mhref[39m=[32m"https://github.com/NetsanetWorku"[39m
        [33mrel[39m=[32m"noopener noreferrer"[39m
        [33mtarget[39m=[32m"_blank"[39m
        [33mtitle[39m=[32m"GitHub"[39m
      [36m/>[39m

      --------------------------------------------------

    Ignored nodes: comments, script, style
    [36m<body>[39m
      [36m<div>[39m
        [36m<section[39m
          [33maria-labelledby[39m=[32m"hero-title"[39m
          [33mclass[39m=[32m"pt-32 pb-20 px-4 md:px-8 bg-gradient-to-b from-gray-900 via-gray-800 to-gray-900 min-h-screen flex items-center opacity-0 "[39m
          [33mid[39m=[32m"hero"[39m
          [33mrole[39m=[32m"main"[39m
        [36m>[39m
          [36m<div[39m
            [33mclass[39m=[32m"max-w-6xl mx-auto w-full"[39m
          [36m>[39m
            [36m<div[39m
              [33mclass[39m=[32m"grid grid-cols-1 md:grid-cols-2 gap-12 items-center"[39m
            [36m>[39m
              [36m<div[39m
                [33mclass[39m=[32m"flex justify-center "[39m
              [36m>[39m
                [36m<div[39m
                  [33mclass[39m=[32m"relative w-64 h-64 md:w-80 md:h-80"[39m
                [36m>[39m
                  [36m<div[39m
                    [33mclass[39m=[32m"absolute inset-0 bg-gradient-to-r from-blue-400 to-blue-600 rounded-full blur-3xl opacity-40"[39m
                  [36m/>[39m
                  [36m<img[39m
                    [33malt[39m=[32m"Professional headshot of Netsanet, a full-stack developer"[39m
                    [33mclass[39m=[32m"relative w-full h-full object-cover rounded-full shadow-2xl border-4 border-blue-500/30 hover:border-blue-500/60 transition-all duration-300 animate-float"[39m
                    [33mloading[39m=[32m"eager"[39m
                    [33msrc[39m=[32m"./images/netsa.jpg"[39m
                  [36m/>[39m
                [36m</div>[39m
              [36m</div>[39m
              [36m<div[39m
                [33mclass[39m=[32m"text-center md:text-left "[39m
              [36m>[39m
                [36m<div[39m
                  [33mclass[39m=[32m"mb-6"[39m
                [36m>[39m
                  [36m<h2[39m
                    [33mclass[39m=[32m"text-lg md:text-xl font-semibold text-blue-400 mb-2 animate-wave"[39m
                  [36m>[39m
                    [0mHello, I'm[0m
                  [36m</h2>[39m
                  [36m<h1[39m
                    [33mclass[39m=[32m"text-4xl md:text-6xl font-bold mb-4 animated-name glow"[39m
                    [33mid[39m=[32m"hero-title"[39m
                  [36m>[39m
                    [0mNetsanet Worku[0m
                  [36m</h1>[39m
                  [36m<h2[39m
                    [33mclass[39m=[32m"text-xl md:text-2xl font-semibold text-gray-300 mb-6"[39m
                  [36m>[39m
                    [0mComputer Science Student & Web Developer[0m
                  [36m</h2>[39m
                [36m</div>[39m
                [36m<p[39m
                  [33mclass[39m=[32m"text-base md:text-lg text-gray-300 mb-8 leading-relaxed"[39m
                [36m>[39m
                  [0mThird-year Computer Science student at Madda Walabu University, passionate about web development and creating modern, responsive applications. I combine academic knowledge with hands-on experience in HTML, CSS, JavaScript, React, and PHP to build user-friendly digital solutions.[0m
                [36m</p>[39m
                [36m<div[39m
                  [33mclass[39m=[32m"mb-8"[39m
                [36m>[39m
                  [36m<p[39m
                    [33mclass[39m=[32m"text-sm font-semibold text-gray-400 mb-3"[39m
                  [36m>[39m
                    [0mTech Stack[0m
                  [36m</p>[39m
                  [36m<div[39m
                    [33mclass[39m=[32m"flex flex-wrap gap-2 justify-center md:justify-start"[39m
                  [36m>[39m
                    [36m<span[39m
                      [33mclass[39m=[32m"px-3 py-1 text-sm bg-gradient-to-r from-blue-500/20 to-blue-600/20 text-blue-300 rounded-full border border-blue-500/30 hover:border-blue-500 transition-all"[39m
                    [36m>[39m
                      [0mHTML[0m
                    [36m</span>[39m
                    [36m<span[39m
                      [33mclass[39m=[32m"px-3 py-1 text-sm bg-gradient-to-r from-blue-500/20 to-blue-600/20 text-blue-300 rounded-full border border-blue-500/30 hover:border-blue-500 transition-all"[39m
                    [36m>[39m
                      [0mCSS[0m
                    [36m</span>[39m
                    [36m<span[39m
                      [33mclass[39m=[32m"px-3 py-1 text-sm bg-gradient-to-r from-blue-500/20 to-blue-600/20 text-blue-300 rounded-full border border-blue-500/30 hover:border-blue-500 transition-all"[39m
                    [36m>[39m
                      [0mJavaScript[0m
                    [36m</span>[39m
                    [36m<span[39m
                      [33mclass[39m=[32m"px-3 py-1 text-sm bg-gradient-to-r from-blue-500/20 to-blue-600/20 text-blue-300 rounded-full border border-blue-500/30 hover:border-blue-500 transition-all"[39m
                    [36m>[39m
                      [0mReact[0m
                    [36m</span>[39m
                    [36m<span[39m
                      [33mclass[39m=[32m"px-3 py-1 text-sm bg-gradient-to-r from-blue-500/20 to-blue-600/20 text-blue-300 rounded-full border border-blue-500/30 hover:border-blue-500 transition-all"[39m
                    [36m>[39m
                      [0mTypeScript[0m
                    [36m</span>[39m
                    [36m<span[39m
                      [33mclass[39m=[32m"px-3 py-1 text-sm bg-gradient-to-r from-blue-500/20 to-blue-600/20 text-blue-300 rounded-full border border-blue-500/30 hover:border-blue-500 transition-all"[39m
                    [36m>[39m
                      [0mTailwind CSS[0m
                    [36m</span>[39m
                    [36m<span[39m
                      [33mclass[39m=[32m"px-3 py-1 text-sm bg-gradient-to-r from-blue-500/20 to-blue-600/20 text-blue-300 rounded-full border border-blue-500/30 hover:border-blue-500 transition-all"[39m
                    [36m>[39m
                      [0mSCSS[0m
                    [36m</span>[39m
                    [36m<span[39m
                      [33mclass[39m=[32m"px-3 py-1 text-sm bg-gradient-to-r from-blue-500/20 to-blue-600/20 text-blue-300 rounded-full border border-blue-500/30 hover:border-blue-500 transition-all"[39m
                    [36m>[39m
                      [0mPHP[0m
                    [36m</span>[39m
                  [36m</div>[39m
                [36m</div>[39m
                [36m<div[39m
                  [33mclass[39m=[32m"flex flex-col sm:flex-row gap-4 justify-center md:justify-start"[39m
                [36m>[39m
                  [36m<button[39m
                    [33mclass[39m=[32m"px-8 py-3 bg-gradient-to-r from-blue-500 to-blue-600 text-white font-semibold rounded-lg hover:from-blue-600 hover:to-blue-700 transition-all transform hover:scale-105 hover:shadow-lg"[39m
                  [36m>[39m
                    [0mView My Work[0m
                  [36m</button>[39m
                  [36m<button[39m
                    [33mclass[39m=[32m"px-8 py-3 border-2 border-blue-400 text-blue-400 font-semibold rounded-lg hover:bg-blue-400/10 transition-all transform hover:scale-105"[39m
                  [36m>[39m
                    [0mGet In Touch[0m
                  [36m</button>[39m
                [36m</div>[39m
                [36m<div[39m
                  [33mclass[39m=[32m"mt-8 flex gap-4 justify-center md:justify-start"[39m
                [36m>[39m
                  [36m<a[39m
                    [33mclass[39m=[32m"w-10 h-10 flex items-center justify-center rounded-full bg-gray-700 hover:bg-blue-500 transition-all transform hover:scale-110"[39m
                    [33mhref[39m=[32m"https://tiktok.com/@netsanet.worku"[39m
                    [33mrel[39m=[32m"noopener noreferrer"[39m
                    [33mtarget[39m=[32m"_blank"[39m
                    [33mtitle[39m=[32m"TikTok"[39m
                  [36m>[39m
                    [0m📱[0m
                  [36m</a>[39m
                  [36m<a[39m
                    [33mclass[39m=[32m"w-10 h-10 flex items-center justify-center rounded-full bg-gray-700 hover:bg-blue-500 transition-all transform hover:scale-110"[39m
                    [33mhref[39m=[32m"https://t.me/Abi_yam21"[39m
                    [33mrel[39m=[32m"noopener noreferrer"[39m
                    [33mtarget[39m=[32m"_blank"[39m
                    [33mtitle[39m=[32m"Telegram"[39m
                  [36m>[39m
                    [0m✈️[0m
                  [36m</a>[39m
                  [36m<a[39m
                    [33mclass[39m=[32m"w-10 h-10 flex items-center justify-center rounded-full bg-gray-700 hover:bg-blue-500 transition-all transform hover:scale-110"[39m
                    [33mhref[39m=[32m"https://github.com/NetsanetWorku"[39m
                    [33mrel[39m=[32m"noopener noreferrer"[39m
                    [33mtarget[39m=[32m"_blank"[39m
                    [33mtitle[39m=[32m"GitHub"[39m
                  [36m>[39m
                    [0m💻[0m
                  [36m</a>[39m
                [36m</div>[39m
              [36m</div>[39m
            [36m</div>[39m
            [36m<div[39m
              [33mclass[39m=[32m"mt-12 flex justify-center"[39m
            [36m>[39m
              [36m<div[39m
                [33mclass[39m=[32m"animate-bounce"[39m
              [36m>[39m
                [36m<svg[39m
                  [33mclass[39m=[32m"w-6 h-6 text-blue-400"[39m
                  [33mfill[39m=[32m"none"[39m
                  [33mstroke[39m=[32m"currentColor"[39m
                  [33mviewBox[39m=[32m"0 0 24 24"[39m
                [36m>[39m
                  [36m<path[39m
                    [33md[39m=[32m"M19 14l-7 7m0 0l-7-7m7 7V3"[39m
                    [33mstroke-linecap[39m=[32m"round"[39m
                    [33mstroke-linejoin[39m=[32m"round"[39m
                    [33mstroke-width[39m=[32m"2"[39m
                  [36m/>[39m
                [36m</svg>[39m
              [36m</div>[39m
            [36m</div>[39m
          [36m</div>[39m
        [36m</section>[39m
      [36m</div>[39m
    [36m</body>[39m

      252 |       render(<Hero />);
      253 |       
    > 254 |       const viewWorkButton = screen.getByRole('button', { name: 'View my projects' });
          |                                     ^
      255 |       const contactButton = screen.getByRole('button', { name: 'Get in touch' });
      256 |       
      257 |       expect(viewWorkButton).toHaveClass('ctaButton');

      at Object.getElementError (node_modules/@testing-library/react/node_modules/@testing-library/dom/dist/config.js:37:19)
      at node_modules/@testing-library/react/node_modules/@testing-library/dom/dist/query-helpers.js:76:38
      at node_modules/@testing-library/react/node_modules/@testing-library/dom/dist/query-helpers.js:52:17
      at node_modules/@testing-library/react/node_modules/@testing-library/dom/dist/query-helpers.js:95:19
      at Object.<anonymous> (src/components/Home/Home.test.tsx:254:37)

FAIL src/components/Header/Header.test.tsx
  ● Console

    console.error
      Warning: An update to Header inside a test was not wrapped in act(...).
      
      When testing, code that causes React state updates should be wrapped into act(...):
      
      act(() => {
        /* fire events that update state */
      });
      /* assert on the output */
      
      This ensures that you're testing the behavior the user would see in the browser. Learn more at https://reactjs.org/link/wrap-tests-with-act
          at Header (/workspaces/netsanet-portfolio/src/components/Header/Header.tsx:8:42)

      36 |
      37 |   const toggleMobileMenu = () => {
    > 38 |     setIsMobileMenuOpen(!isMobileMenuOpen);
         |     ^
      39 |   };
      40 |
      41 |   const handleNavClick = (sectionId: string) => {

      at printWarning (node_modules/react-dom/cjs/react-dom.development.js:86:30)
      at error (node_modules/react-dom/cjs/react-dom.development.js:60:7)
      at warnIfUpdatesNotWrappedWithActDEV (node_modules/react-dom/cjs/react-dom.development.js:27628:9)
      at scheduleUpdateOnFiber (node_modules/react-dom/cjs/react-dom.development.js:25547:5)
      at dispatchSetState (node_modules/react-dom/cjs/react-dom.development.js:16708:7)
      at toggleMobileMenu (src/components/Header/Header.tsx:38:5)
      at HTMLUnknownElement.callCallback (node_modules/react-dom/cjs/react-dom.development.js:4164:14)
      at HTMLUnknownElement.callTheUserObjectsOperation (node_modules/jsdom/lib/jsdom/living/generated/EventListener.js:26:30)
      at innerInvokeEventListeners (node_modules/jsdom/lib/jsdom/living/events/EventTarget-impl.js:350:25)
      at invokeEventListeners (node_modules/jsdom/lib/jsdom/living/events/EventTarget-impl.js:286:3)
      at HTMLUnknownElementImpl._dispatch (node_modules/jsdom/lib/jsdom/living/events/EventTarget-impl.js:233:9)
      at HTMLUnknownElementImpl.dispatchEvent (node_modules/jsdom/lib/jsdom/living/events/EventTarget-impl.js:104:17)
      at HTMLUnknownElement.dispatchEvent (node_modules/jsdom/lib/jsdom/living/generated/EventTarget.js:241:34)
      at Object.invokeGuardedCallbackDev (node_modules/react-dom/cjs/react-dom.development.js:4213:16)
      at invokeGuardedCallback (node_modules/react-dom/cjs/react-dom.development.js:4277:31)
      at invokeGuardedCallbackAndCatchFirstError (node_modules/react-dom/cjs/react-dom.development.js:4291:25)
      at executeDispatch (node_modules/react-dom/cjs/react-dom.development.js:9041:3)
      at processDispatchQueueItemsInOrder (node_modules/react-dom/cjs/react-dom.development.js:9073:7)
      at processDispatchQueue (node_modules/react-dom/cjs/react-dom.development.js:9086:5)
      at dispatchEventsForPlugins (node_modules/react-dom/cjs/react-dom.development.js:9097:3)
      at node_modules/react-dom/cjs/react-dom.development.js:9288:12
      at batchedUpdates$1 (node_modules/react-dom/cjs/react-dom.development.js:26179:12)
      at batchedUpdates (node_modules/react-dom/cjs/react-dom.development.js:3991:12)
      at dispatchEventForPluginEventSystem (node_modules/react-dom/cjs/react-dom.development.js:9287:3)
      at dispatchEventWithEnableCapturePhaseSelectiveHydrationWithoutDiscreteEventReplay (node_modules/react-dom/cjs/react-dom.development.js:6465:5)
      at dispatchEvent (node_modules/react-dom/cjs/react-dom.development.js:6457:5)
      at dispatchDiscreteEvent (node_modules/react-dom/cjs/react-dom.development.js:6430:5)
      at HTMLDivElement.callTheUserObjectsOperation (node_modules/jsdom/lib/jsdom/living/generated/EventListener.js:26:30)
      at innerInvokeEventListeners (node_modules/jsdom/lib/jsdom/living/events/EventTarget-impl.js:350:25)
      at invokeEventListeners (node_modules/jsdom/lib/jsdom/living/events/EventTarget-impl.js:286:3)
      at HTMLButtonElementImpl._dispatch (node_modules/jsdom/lib/jsdom/living/events/EventTarget-impl.js:233:9)
      at HTMLButtonElementImpl.dispatchEvent (node_modules/jsdom/lib/jsdom/living/events/EventTarget-impl.js:104:17)
      at HTMLButtonElement.dispatchEvent (node_modules/jsdom/lib/jsdom/living/generated/EventTarget.js:241:34)
      at node_modules/@testing-library/user-event/dist/cjs/event/dispatchEvent.js:45:43
      at Object.eventWrapper (node_modules/@testing-library/dom/dist/config.js:25:23)
      at Object.wrapEvent (node_modules/@testing-library/user-event/dist/cjs/event/wrapEvent.js:6:28)
      at Object.dispatchEvent (node_modules/@testing-library/user-event/dist/cjs/event/dispatchEvent.js:45:22)
      at Object.dispatchUIEvent (node_modules/@testing-library/user-event/dist/cjs/event/dispatchEvent.js:22:26)
      at Mouse.up (node_modules/@testing-library/user-event/dist/cjs/system/pointer/mouse.js:100:30)
      at PointerHost.release (node_modules/@testing-library/user-event/dist/cjs/system/pointer/index.js:87:24)
      at pointerAction (node_modules/@testing-library/user-event/dist/cjs/pointer/index.js:54:47)
      at Object.pointer (node_modules/@testing-library/user-event/dist/cjs/pointer/index.js:27:9)
      at Object.<anonymous> (src/components/Header/Header.test.tsx:83:7)

    console.error
      Warning: An update to Header inside a test was not wrapped in act(...).
      
      When testing, code that causes React state updates should be wrapped into act(...):
      
      act(() => {
        /* fire events that update state */
      });
      /* assert on the output */
      
      This ensures that you're testing the behavior the user would see in the browser. Learn more at https://reactjs.org/link/wrap-tests-with-act
          at Header (/workspaces/netsanet-portfolio/src/components/Header/Header.tsx:8:42)

      36 |
      37 |   const toggleMobileMenu = () => {
    > 38 |     setIsMobileMenuOpen(!isMobileMenuOpen);
         |     ^
      39 |   };
      40 |
      41 |   const handleNavClick = (sectionId: string) => {

      at printWarning (node_modules/react-dom/cjs/react-dom.development.js:86:30)
      at error (node_modules/react-dom/cjs/react-dom.development.js:60:7)
      at warnIfUpdatesNotWrappedWithActDEV (node_modules/react-dom/cjs/react-dom.development.js:27628:9)
      at scheduleUpdateOnFiber (node_modules/react-dom/cjs/react-dom.development.js:25547:5)
      at dispatchSetState (node_modules/react-dom/cjs/react-dom.development.js:16708:7)
      at toggleMobileMenu (src/components/Header/Header.tsx:38:5)
      at HTMLUnknownElement.callCallback (node_modules/react-dom/cjs/react-dom.development.js:4164:14)
      at HTMLUnknownElement.callTheUserObjectsOperation (node_modules/jsdom/lib/jsdom/living/generated/EventListener.js:26:30)
      at innerInvokeEventListeners (node_modules/jsdom/lib/jsdom/living/events/EventTarget-impl.js:350:25)
      at invokeEventListeners (node_modules/jsdom/lib/jsdom/living/events/EventTarget-impl.js:286:3)
      at HTMLUnknownElementImpl._dispatch (node_modules/jsdom/lib/jsdom/living/events/EventTarget-impl.js:233:9)
      at HTMLUnknownElementImpl.dispatchEvent (node_modules/jsdom/lib/jsdom/living/events/EventTarget-impl.js:104:17)
      at HTMLUnknownElement.dispatchEvent (node_modules/jsdom/lib/jsdom/living/generated/EventTarget.js:241:34)
      at Object.invokeGuardedCallbackDev (node_modules/react-dom/cjs/react-dom.development.js:4213:16)
      at invokeGuardedCallback (node_modules/react-dom/cjs/react-dom.development.js:4277:31)
      at invokeGuardedCallbackAndCatchFirstError (node_modules/react-dom/cjs/react-dom.development.js:4291:25)
      at executeDispatch (node_modules/react-dom/cjs/react-dom.development.js:9041:3)
      at processDispatchQueueItemsInOrder (node_modules/react-dom/cjs/react-dom.development.js:9073:7)
      at processDispatchQueue (node_modules/react-dom/cjs/react-dom.development.js:9086:5)
      at dispatchEventsForPlugins (node_modules/react-dom/cjs/react-dom.development.js:9097:3)
      at node_modules/react-dom/cjs/react-dom.development.js:9288:12
      at batchedUpdates$1 (node_modules/react-dom/cjs/react-dom.development.js:26179:12)
      at batchedUpdates (node_modules/react-dom/cjs/react-dom.development.js:3991:12)
      at dispatchEventForPluginEventSystem (node_modules/react-dom/cjs/react-dom.development.js:9287:3)
      at dispatchEventWithEnableCapturePhaseSelectiveHydrationWithoutDiscreteEventReplay (node_modules/react-dom/cjs/react-dom.development.js:6465:5)
      at dispatchEvent (node_modules/react-dom/cjs/react-dom.development.js:6457:5)
      at dispatchDiscreteEvent (node_modules/react-dom/cjs/react-dom.development.js:6430:5)
      at HTMLDivElement.callTheUserObjectsOperation (node_modules/jsdom/lib/jsdom/living/generated/EventListener.js:26:30)
      at innerInvokeEventListeners (node_modules/jsdom/lib/jsdom/living/events/EventTarget-impl.js:350:25)
      at invokeEventListeners (node_modules/jsdom/lib/jsdom/living/events/EventTarget-impl.js:286:3)
      at HTMLButtonElementImpl._dispatch (node_modules/jsdom/lib/jsdom/living/events/EventTarget-impl.js:233:9)
      at HTMLButtonElementImpl.dispatchEvent (node_modules/jsdom/lib/jsdom/living/events/EventTarget-impl.js:104:17)
      at HTMLButtonElement.dispatchEvent (node_modules/jsdom/lib/jsdom/living/generated/EventTarget.js:241:34)
      at node_modules/@testing-library/user-event/dist/cjs/event/dispatchEvent.js:45:43
      at Object.eventWrapper (node_modules/@testing-library/dom/dist/config.js:25:23)
      at Object.wrapEvent (node_modules/@testing-library/user-event/dist/cjs/event/wrapEvent.js:6:28)
      at Object.dispatchEvent (node_modules/@testing-library/user-event/dist/cjs/event/dispatchEvent.js:45:22)
      at Object.dispatchUIEvent (node_modules/@testing-library/user-event/dist/cjs/event/dispatchEvent.js:22:26)
      at Mouse.up (node_modules/@testing-library/user-event/dist/cjs/system/pointer/mouse.js:100:30)
      at PointerHost.release (node_modules/@testing-library/user-event/dist/cjs/system/pointer/index.js:87:24)
      at pointerAction (node_modules/@testing-library/user-event/dist/cjs/pointer/index.js:54:47)
      at Object.pointer (node_modules/@testing-library/user-event/dist/cjs/pointer/index.js:27:9)
      at Object.<anonymous> (src/components/Header/Header.test.tsx:87:7)

    console.error
      Warning: An update to Header inside a test was not wrapped in act(...).
      
      When testing, code that causes React state updates should be wrapped into act(...):
      
      act(() => {
        /* fire events that update state */
      });
      /* assert on the output */
      
      This ensures that you're testing the behavior the user would see in the browser. Learn more at https://reactjs.org/link/wrap-tests-with-act
          at Header (/workspaces/netsanet-portfolio/src/components/Header/Header.tsx:8:42)

      36 |
      37 |   const toggleMobileMenu = () => {
    > 38 |     setIsMobileMenuOpen(!isMobileMenuOpen);
         |     ^
      39 |   };
      40 |
      41 |   const handleNavClick = (sectionId: string) => {

      at printWarning (node_modules/react-dom/cjs/react-dom.development.js:86:30)
      at error (node_modules/react-dom/cjs/react-dom.development.js:60:7)
      at warnIfUpdatesNotWrappedWithActDEV (node_modules/react-dom/cjs/react-dom.development.js:27628:9)
      at scheduleUpdateOnFiber (node_modules/react-dom/cjs/react-dom.development.js:25547:5)
      at dispatchSetState (node_modules/react-dom/cjs/react-dom.development.js:16708:7)
      at toggleMobileMenu (src/components/Header/Header.tsx:38:5)
      at HTMLUnknownElement.callCallback (node_modules/react-dom/cjs/react-dom.development.js:4164:14)
      at HTMLUnknownElement.callTheUserObjectsOperation (node_modules/jsdom/lib/jsdom/living/generated/EventListener.js:26:30)
      at innerInvokeEventListeners (node_modules/jsdom/lib/jsdom/living/events/EventTarget-impl.js:350:25)
      at invokeEventListeners (node_modules/jsdom/lib/jsdom/living/events/EventTarget-impl.js:286:3)
      at HTMLUnknownElementImpl._dispatch (node_modules/jsdom/lib/jsdom/living/events/EventTarget-impl.js:233:9)
      at HTMLUnknownElementImpl.dispatchEvent (node_modules/jsdom/lib/jsdom/living/events/EventTarget-impl.js:104:17)
      at HTMLUnknownElement.dispatchEvent (node_modules/jsdom/lib/jsdom/living/generated/EventTarget.js:241:34)
      at Object.invokeGuardedCallbackDev (node_modules/react-dom/cjs/react-dom.development.js:4213:16)
      at invokeGuardedCallback (node_modules/react-dom/cjs/react-dom.development.js:4277:31)
      at invokeGuardedCallbackAndCatchFirstError (node_modules/react-dom/cjs/react-dom.development.js:4291:25)
      at executeDispatch (node_modules/react-dom/cjs/react-dom.development.js:9041:3)
      at processDispatchQueueItemsInOrder (node_modules/react-dom/cjs/react-dom.development.js:9073:7)
      at processDispatchQueue (node_modules/react-dom/cjs/react-dom.development.js:9086:5)
      at dispatchEventsForPlugins (node_modules/react-dom/cjs/react-dom.development.js:9097:3)
      at node_modules/react-dom/cjs/react-dom.development.js:9288:12
      at batchedUpdates$1 (node_modules/react-dom/cjs/react-dom.development.js:26179:12)
      at batchedUpdates (node_modules/react-dom/cjs/react-dom.development.js:3991:12)
      at dispatchEventForPluginEventSystem (node_modules/react-dom/cjs/react-dom.development.js:9287:3)
      at dispatchEventWithEnableCapturePhaseSelectiveHydrationWithoutDiscreteEventReplay (node_modules/react-dom/cjs/react-dom.development.js:6465:5)
      at dispatchEvent (node_modules/react-dom/cjs/react-dom.development.js:6457:5)
      at dispatchDiscreteEvent (node_modules/react-dom/cjs/react-dom.development.js:6430:5)
      at HTMLDivElement.callTheUserObjectsOperation (node_modules/jsdom/lib/jsdom/living/generated/EventListener.js:26:30)
      at innerInvokeEventListeners (node_modules/jsdom/lib/jsdom/living/events/EventTarget-impl.js:350:25)
      at invokeEventListeners (node_modules/jsdom/lib/jsdom/living/events/EventTarget-impl.js:286:3)
      at HTMLButtonElementImpl._dispatch (node_modules/jsdom/lib/jsdom/living/events/EventTarget-impl.js:233:9)
      at HTMLButtonElementImpl.dispatchEvent (node_modules/jsdom/lib/jsdom/living/events/EventTarget-impl.js:104:17)
      at HTMLButtonElement.dispatchEvent (node_modules/jsdom/lib/jsdom/living/generated/EventTarget.js:241:34)
      at node_modules/@testing-library/user-event/dist/cjs/event/dispatchEvent.js:45:43
      at Object.eventWrapper (node_modules/@testing-library/dom/dist/config.js:25:23)
      at Object.wrapEvent (node_modules/@testing-library/user-event/dist/cjs/event/wrapEvent.js:6:28)
      at Object.dispatchEvent (node_modules/@testing-library/user-event/dist/cjs/event/dispatchEvent.js:45:22)
      at Object.dispatchUIEvent (node_modules/@testing-library/user-event/dist/cjs/event/dispatchEvent.js:22:26)
      at Mouse.up (node_modules/@testing-library/user-event/dist/cjs/system/pointer/mouse.js:100:30)
      at PointerHost.release (node_modules/@testing-library/user-event/dist/cjs/system/pointer/index.js:87:24)
      at pointerAction (node_modules/@testing-library/user-event/dist/cjs/pointer/index.js:54:47)
      at Object.pointer (node_modules/@testing-library/user-event/dist/cjs/pointer/index.js:27:9)
      at Object.<anonymous> (src/components/Header/Header.test.tsx:96:7)

    console.error
      Warning: An update to Header inside a test was not wrapped in act(...).
      
      When testing, code that causes React state updates should be wrapped into act(...):
      
      act(() => {
        /* fire events that update state */
      });
      /* assert on the output */
      
      This ensures that you're testing the behavior the user would see in the browser. Learn more at https://reactjs.org/link/wrap-tests-with-act
          at Header (/workspaces/netsanet-portfolio/src/components/Header/Header.tsx:8:42)

      36 |
      37 |   const toggleMobileMenu = () => {
    > 38 |     setIsMobileMenuOpen(!isMobileMenuOpen);
         |     ^
      39 |   };
      40 |
      41 |   const handleNavClick = (sectionId: string) => {

      at printWarning (node_modules/react-dom/cjs/react-dom.development.js:86:30)
      at error (node_modules/react-dom/cjs/react-dom.development.js:60:7)
      at warnIfUpdatesNotWrappedWithActDEV (node_modules/react-dom/cjs/react-dom.development.js:27628:9)
      at scheduleUpdateOnFiber (node_modules/react-dom/cjs/react-dom.development.js:25547:5)
      at dispatchSetState (node_modules/react-dom/cjs/react-dom.development.js:16708:7)
      at toggleMobileMenu (src/components/Header/Header.tsx:38:5)
      at HTMLUnknownElement.callCallback (node_modules/react-dom/cjs/react-dom.development.js:4164:14)
      at HTMLUnknownElement.callTheUserObjectsOperation (node_modules/jsdom/lib/jsdom/living/generated/EventListener.js:26:30)
      at innerInvokeEventListeners (node_modules/jsdom/lib/jsdom/living/events/EventTarget-impl.js:350:25)
      at invokeEventListeners (node_modules/jsdom/lib/jsdom/living/events/EventTarget-impl.js:286:3)
      at HTMLUnknownElementImpl._dispatch (node_modules/jsdom/lib/jsdom/living/events/EventTarget-impl.js:233:9)
      at HTMLUnknownElementImpl.dispatchEvent (node_modules/jsdom/lib/jsdom/living/events/EventTarget-impl.js:104:17)
      at HTMLUnknownElement.dispatchEvent (node_modules/jsdom/lib/jsdom/living/generated/EventTarget.js:241:34)
      at Object.invokeGuardedCallbackDev (node_modules/react-dom/cjs/react-dom.development.js:4213:16)
      at invokeGuardedCallback (node_modules/react-dom/cjs/react-dom.development.js:4277:31)
      at invokeGuardedCallbackAndCatchFirstError (node_modules/react-dom/cjs/react-dom.development.js:4291:25)
      at executeDispatch (node_modules/react-dom/cjs/react-dom.development.js:9041:3)
      at processDispatchQueueItemsInOrder (node_modules/react-dom/cjs/react-dom.development.js:9073:7)
      at processDispatchQueue (node_modules/react-dom/cjs/react-dom.development.js:9086:5)
      at dispatchEventsForPlugins (node_modules/react-dom/cjs/react-dom.development.js:9097:3)
      at node_modules/react-dom/cjs/react-dom.development.js:9288:12
      at batchedUpdates$1 (node_modules/react-dom/cjs/react-dom.development.js:26179:12)
      at batchedUpdates (node_modules/react-dom/cjs/react-dom.development.js:3991:12)
      at dispatchEventForPluginEventSystem (node_modules/react-dom/cjs/react-dom.development.js:9287:3)
      at dispatchEventWithEnableCapturePhaseSelectiveHydrationWithoutDiscreteEventReplay (node_modules/react-dom/cjs/react-dom.development.js:6465:5)
      at dispatchEvent (node_modules/react-dom/cjs/react-dom.development.js:6457:5)
      at dispatchDiscreteEvent (node_modules/react-dom/cjs/react-dom.development.js:6430:5)
      at HTMLDivElement.callTheUserObjectsOperation (node_modules/jsdom/lib/jsdom/living/generated/EventListener.js:26:30)
      at innerInvokeEventListeners (node_modules/jsdom/lib/jsdom/living/events/EventTarget-impl.js:350:25)
      at invokeEventListeners (node_modules/jsdom/lib/jsdom/living/events/EventTarget-impl.js:286:3)
      at HTMLButtonElementImpl._dispatch (node_modules/jsdom/lib/jsdom/living/events/EventTarget-impl.js:233:9)
      at HTMLButtonElementImpl.dispatchEvent (node_modules/jsdom/lib/jsdom/living/events/EventTarget-impl.js:104:17)
      at HTMLButtonElement.dispatchEvent (node_modules/jsdom/lib/jsdom/living/generated/EventTarget.js:241:34)
      at node_modules/@testing-library/user-event/dist/cjs/event/dispatchEvent.js:45:43
      at Object.eventWrapper (node_modules/@testing-library/dom/dist/config.js:25:23)
      at Object.wrapEvent (node_modules/@testing-library/user-event/dist/cjs/event/wrapEvent.js:6:28)
      at Object.dispatchEvent (node_modules/@testing-library/user-event/dist/cjs/event/dispatchEvent.js:45:22)
      at Object.dispatchUIEvent (node_modules/@testing-library/user-event/dist/cjs/event/dispatchEvent.js:22:26)
      at Mouse.up (node_modules/@testing-library/user-event/dist/cjs/system/pointer/mouse.js:100:30)
      at PointerHost.release (node_modules/@testing-library/user-event/dist/cjs/system/pointer/index.js:87:24)
      at pointerAction (node_modules/@testing-library/user-event/dist/cjs/pointer/index.js:54:47)
      at Object.pointer (node_modules/@testing-library/user-event/dist/cjs/pointer/index.js:27:9)
      at Object.<anonymous> (src/components/Header/Header.test.tsx:109:7)

    console.error
      Warning: An update to Header inside a test was not wrapped in act(...).
      
      When testing, code that causes React state updates should be wrapped into act(...):
      
      act(() => {
        /* fire events that update state */
      });
      /* assert on the output */
      
      This ensures that you're testing the behavior the user would see in the browser. Learn more at https://reactjs.org/link/wrap-tests-with-act
          at Header (/workspaces/netsanet-portfolio/src/components/Header/Header.tsx:8:42)

      36 |
      37 |   const toggleMobileMenu = () => {
    > 38 |     setIsMobileMenuOpen(!isMobileMenuOpen);
         |     ^
      39 |   };
      40 |
      41 |   const handleNavClick = (sectionId: string) => {

      at printWarning (node_modules/react-dom/cjs/react-dom.development.js:86:30)
      at error (node_modules/react-dom/cjs/react-dom.development.js:60:7)
      at warnIfUpdatesNotWrappedWithActDEV (node_modules/react-dom/cjs/react-dom.development.js:27628:9)
      at scheduleUpdateOnFiber (node_modules/react-dom/cjs/react-dom.development.js:25547:5)
      at dispatchSetState (node_modules/react-dom/cjs/react-dom.development.js:16708:7)
      at toggleMobileMenu (src/components/Header/Header.tsx:38:5)
      at HTMLUnknownElement.callCallback (node_modules/react-dom/cjs/react-dom.development.js:4164:14)
      at HTMLUnknownElement.callTheUserObjectsOperation (node_modules/jsdom/lib/jsdom/living/generated/EventListener.js:26:30)
      at innerInvokeEventListeners (node_modules/jsdom/lib/jsdom/living/events/EventTarget-impl.js:350:25)
      at invokeEventListeners (node_modules/jsdom/lib/jsdom/living/events/EventTarget-impl.js:286:3)
      at HTMLUnknownElementImpl._dispatch (node_modules/jsdom/lib/jsdom/living/events/EventTarget-impl.js:233:9)
      at HTMLUnknownElementImpl.dispatchEvent (node_modules/jsdom/lib/jsdom/living/events/EventTarget-impl.js:104:17)
      at HTMLUnknownElement.dispatchEvent (node_modules/jsdom/lib/jsdom/living/generated/EventTarget.js:241:34)
      at Object.invokeGuardedCallbackDev (node_modules/react-dom/cjs/react-dom.development.js:4213:16)
      at invokeGuardedCallback (node_modules/react-dom/cjs/react-dom.development.js:4277:31)
      at invokeGuardedCallbackAndCatchFirstError (node_modules/react-dom/cjs/react-dom.development.js:4291:25)
      at executeDispatch (node_modules/react-dom/cjs/react-dom.development.js:9041:3)
      at processDispatchQueueItemsInOrder (node_modules/react-dom/cjs/react-dom.development.js:9073:7)
      at processDispatchQueue (node_modules/react-dom/cjs/react-dom.development.js:9086:5)
      at dispatchEventsForPlugins (node_modules/react-dom/cjs/react-dom.development.js:9097:3)
      at node_modules/react-dom/cjs/react-dom.development.js:9288:12
      at batchedUpdates$1 (node_modules/react-dom/cjs/react-dom.development.js:26179:12)
      at batchedUpdates (node_modules/react-dom/cjs/react-dom.development.js:3991:12)
      at dispatchEventForPluginEventSystem (node_modules/react-dom/cjs/react-dom.development.js:9287:3)
      at dispatchEventWithEnableCapturePhaseSelectiveHydrationWithoutDiscreteEventReplay (node_modules/react-dom/cjs/react-dom.development.js:6465:5)
      at dispatchEvent (node_modules/react-dom/cjs/react-dom.development.js:6457:5)
      at dispatchDiscreteEvent (node_modules/react-dom/cjs/react-dom.development.js:6430:5)
      at HTMLDivElement.callTheUserObjectsOperation (node_modules/jsdom/lib/jsdom/living/generated/EventListener.js:26:30)
      at innerInvokeEventListeners (node_modules/jsdom/lib/jsdom/living/events/EventTarget-impl.js:350:25)
      at invokeEventListeners (node_modules/jsdom/lib/jsdom/living/events/EventTarget-impl.js:286:3)
      at HTMLButtonElementImpl._dispatch (node_modules/jsdom/lib/jsdom/living/events/EventTarget-impl.js:233:9)
      at HTMLButtonElementImpl.dispatchEvent (node_modules/jsdom/lib/jsdom/living/events/EventTarget-impl.js:104:17)
      at HTMLButtonElement.dispatchEvent (node_modules/jsdom/lib/jsdom/living/generated/EventTarget.js:241:34)
      at node_modules/@testing-library/user-event/dist/cjs/event/dispatchEvent.js:45:43
      at Object.eventWrapper (node_modules/@testing-library/dom/dist/config.js:25:23)
      at Object.wrapEvent (node_modules/@testing-library/user-event/dist/cjs/event/wrapEvent.js:6:28)
      at Object.dispatchEvent (node_modules/@testing-library/user-event/dist/cjs/event/dispatchEvent.js:45:22)
      at Object.dispatchUIEvent (node_modules/@testing-library/user-event/dist/cjs/event/dispatchEvent.js:22:26)
      at Mouse.up (node_modules/@testing-library/user-event/dist/cjs/system/pointer/mouse.js:100:30)
      at PointerHost.release (node_modules/@testing-library/user-event/dist/cjs/system/pointer/index.js:87:24)
      at pointerAction (node_modules/@testing-library/user-event/dist/cjs/pointer/index.js:54:47)
      at Object.pointer (node_modules/@testing-library/user-event/dist/cjs/pointer/index.js:27:9)
      at Object.<anonymous> (src/components/Header/Header.test.tsx:171:7)

    console.error
      Warning: An update to Header inside a test was not wrapped in act(...).
      
      When testing, code that causes React state updates should be wrapped into act(...):
      
      act(() => {
        /* fire events that update state */
      });
      /* assert on the output */
      
      This ensures that you're testing the behavior the user would see in the browser. Learn more at https://reactjs.org/link/wrap-tests-with-act
          at Header (/workspaces/netsanet-portfolio/src/components/Header/Header.tsx:8:42)

      41 |   const handleNavClick = (sectionId: string) => {
      42 |     // Close mobile menu and search
    > 43 |     setIsMobileMenuOpen(false);
         |     ^
      44 |     setIsSearchOpen(false);
      45 |     
      46 |     // Smooth scroll to section

      at printWarning (node_modules/react-dom/cjs/react-dom.development.js:86:30)
      at error (node_modules/react-dom/cjs/react-dom.development.js:60:7)
      at warnIfUpdatesNotWrappedWithActDEV (node_modules/react-dom/cjs/react-dom.development.js:27628:9)
      at scheduleUpdateOnFiber (node_modules/react-dom/cjs/react-dom.development.js:25547:5)
      at dispatchSetState (node_modules/react-dom/cjs/react-dom.development.js:16708:7)
      at handleNavClick (src/components/Header/Header.tsx:43:5)
      at onClick (src/components/Header/Header.tsx:212:34)
      at HTMLUnknownElement.callCallback (node_modules/react-dom/cjs/react-dom.development.js:4164:14)
      at HTMLUnknownElement.callTheUserObjectsOperation (node_modules/jsdom/lib/jsdom/living/generated/EventListener.js:26:30)
      at innerInvokeEventListeners (node_modules/jsdom/lib/jsdom/living/events/EventTarget-impl.js:350:25)
      at invokeEventListeners (node_modules/jsdom/lib/jsdom/living/events/EventTarget-impl.js:286:3)
      at HTMLUnknownElementImpl._dispatch (node_modules/jsdom/lib/jsdom/living/events/EventTarget-impl.js:233:9)
      at HTMLUnknownElementImpl.dispatchEvent (node_modules/jsdom/lib/jsdom/living/events/EventTarget-impl.js:104:17)
      at HTMLUnknownElement.dispatchEvent (node_modules/jsdom/lib/jsdom/living/generated/EventTarget.js:241:34)
      at Object.invokeGuardedCallbackDev (node_modules/react-dom/cjs/react-dom.development.js:4213:16)
      at invokeGuardedCallback (node_modules/react-dom/cjs/react-dom.development.js:4277:31)
      at invokeGuardedCallbackAndCatchFirstError (node_modules/react-dom/cjs/react-dom.development.js:4291:25)
      at executeDispatch (node_modules/react-dom/cjs/react-dom.development.js:9041:3)
      at processDispatchQueueItemsInOrder (node_modules/react-dom/cjs/react-dom.development.js:9073:7)
      at processDispatchQueue (node_modules/react-dom/cjs/react-dom.development.js:9086:5)
      at dispatchEventsForPlugins (node_modules/react-dom/cjs/react-dom.development.js:9097:3)
      at node_modules/react-dom/cjs/react-dom.development.js:9288:12
      at batchedUpdates$1 (node_modules/react-dom/cjs/react-dom.development.js:26179:12)
      at batchedUpdates (node_modules/react-dom/cjs/react-dom.development.js:3991:12)
      at dispatchEventForPluginEventSystem (node_modules/react-dom/cjs/react-dom.development.js:9287:3)
      at dispatchEventWithEnableCapturePhaseSelectiveHydrationWithoutDiscreteEventReplay (node_modules/react-dom/cjs/react-dom.development.js:6465:5)
      at dispatchEvent (node_modules/react-dom/cjs/react-dom.development.js:6457:5)
      at dispatchDiscreteEvent (node_modules/react-dom/cjs/react-dom.development.js:6430:5)
      at HTMLDivElement.callTheUserObjectsOperation (node_modules/jsdom/lib/jsdom/living/generated/EventListener.js:26:30)
      at innerInvokeEventListeners (node_modules/jsdom/lib/jsdom/living/events/EventTarget-impl.js:350:25)
      at invokeEventListeners (node_modules/jsdom/lib/jsdom/living/events/EventTarget-impl.js:286:3)
      at HTMLButtonElementImpl._dispatch (node_modules/jsdom/lib/jsdom/living/events/EventTarget-impl.js:233:9)
      at HTMLButtonElementImpl.dispatchEvent (node_modules/jsdom/lib/jsdom/living/events/EventTarget-impl.js:104:17)
      at HTMLButtonElement.dispatchEvent (node_modules/jsdom/lib/jsdom/living/generated/EventTarget.js:241:34)
      at node_modules/@testing-library/user-event/dist/cjs/event/dispatchEvent.js:45:43
      at Object.eventWrapper (node_modules/@testing-library/dom/dist/config.js:25:23)
      at Object.wrapEvent (node_modules/@testing-library/user-event/dist/cjs/event/wrapEvent.js:6:28)
      at Object.dispatchEvent (node_modules/@testing-library/user-event/dist/cjs/event/dispatchEvent.js:45:22)
      at Object.dispatchUIEvent (node_modules/@testing-library/user-event/dist/cjs/event/dispatchEvent.js:22:26)
      at Mouse.up (node_modules/@testing-library/user-event/dist/cjs/system/pointer/mouse.js:100:30)
      at PointerHost.release (node_modules/@testing-library/user-event/dist/cjs/system/pointer/index.js:87:24)
      at pointerAction (node_modules/@testing-library/user-event/dist/cjs/pointer/index.js:54:47)
      at Object.pointer (node_modules/@testing-library/user-event/dist/cjs/pointer/index.js:27:9)
      at Object.<anonymous> (src/components/Header/Header.test.tsx:181:9)

    console.error
      Warning: An update to Header inside a test was not wrapped in act(...).
      
      When testing, code that causes React state updates should be wrapped into act(...):
      
      act(() => {
        /* fire events that update state */
      });
      /* assert on the output */
      
      This ensures that you're testing the behavior the user would see in the browser. Learn more at https://reactjs.org/link/wrap-tests-with-act
          at Header (/workspaces/netsanet-portfolio/src/components/Header/Header.tsx:8:42)

      42 |     // Close mobile menu and search
      43 |     setIsMobileMenuOpen(false);
    > 44 |     setIsSearchOpen(false);
         |     ^
      45 |     
      46 |     // Smooth scroll to section
      47 |     const element = document.getElementById(sectionId);

      at printWarning (node_modules/react-dom/cjs/react-dom.development.js:86:30)
      at error (node_modules/react-dom/cjs/react-dom.development.js:60:7)
      at warnIfUpdatesNotWrappedWithActDEV (node_modules/react-dom/cjs/react-dom.development.js:27628:9)
      at scheduleUpdateOnFiber (node_modules/react-dom/cjs/react-dom.development.js:25547:5)
      at dispatchSetState (node_modules/react-dom/cjs/react-dom.development.js:16708:7)
      at handleNavClick (src/components/Header/Header.tsx:44:5)
      at onClick (src/components/Header/Header.tsx:212:34)
      at HTMLUnknownElement.callCallback (node_modules/react-dom/cjs/react-dom.development.js:4164:14)
      at HTMLUnknownElement.callTheUserObjectsOperation (node_modules/jsdom/lib/jsdom/living/generated/EventListener.js:26:30)
      at innerInvokeEventListeners (node_modules/jsdom/lib/jsdom/living/events/EventTarget-impl.js:350:25)
      at invokeEventListeners (node_modules/jsdom/lib/jsdom/living/events/EventTarget-impl.js:286:3)
      at HTMLUnknownElementImpl._dispatch (node_modules/jsdom/lib/jsdom/living/events/EventTarget-impl.js:233:9)
      at HTMLUnknownElementImpl.dispatchEvent (node_modules/jsdom/lib/jsdom/living/events/EventTarget-impl.js:104:17)
      at HTMLUnknownElement.dispatchEvent (node_modules/jsdom/lib/jsdom/living/generated/EventTarget.js:241:34)
      at Object.invokeGuardedCallbackDev (node_modules/react-dom/cjs/react-dom.development.js:4213:16)
      at invokeGuardedCallback (node_modules/react-dom/cjs/react-dom.development.js:4277:31)
      at invokeGuardedCallbackAndCatchFirstError (node_modules/react-dom/cjs/react-dom.development.js:4291:25)
      at executeDispatch (node_modules/react-dom/cjs/react-dom.development.js:9041:3)
      at processDispatchQueueItemsInOrder (node_modules/react-dom/cjs/react-dom.development.js:9073:7)
      at processDispatchQueue (node_modules/react-dom/cjs/react-dom.development.js:9086:5)
      at dispatchEventsForPlugins (node_modules/react-dom/cjs/react-dom.development.js:9097:3)
      at node_modules/react-dom/cjs/react-dom.development.js:9288:12
      at batchedUpdates$1 (node_modules/react-dom/cjs/react-dom.development.js:26179:12)
      at batchedUpdates (node_modules/react-dom/cjs/react-dom.development.js:3991:12)
      at dispatchEventForPluginEventSystem (node_modules/react-dom/cjs/react-dom.development.js:9287:3)
      at dispatchEventWithEnableCapturePhaseSelectiveHydrationWithoutDiscreteEventReplay (node_modules/react-dom/cjs/react-dom.development.js:6465:5)
      at dispatchEvent (node_modules/react-dom/cjs/react-dom.development.js:6457:5)
      at dispatchDiscreteEvent (node_modules/react-dom/cjs/react-dom.development.js:6430:5)
      at HTMLDivElement.callTheUserObjectsOperation (node_modules/jsdom/lib/jsdom/living/generated/EventListener.js:26:30)
      at innerInvokeEventListeners (node_modules/jsdom/lib/jsdom/living/events/EventTarget-impl.js:350:25)
      at invokeEventListeners (node_modules/jsdom/lib/jsdom/living/events/EventTarget-impl.js:286:3)
      at HTMLButtonElementImpl._dispatch (node_modules/jsdom/lib/jsdom/living/events/EventTarget-impl.js:233:9)
      at HTMLButtonElementImpl.dispatchEvent (node_modules/jsdom/lib/jsdom/living/events/EventTarget-impl.js:104:17)
      at HTMLButtonElement.dispatchEvent (node_modules/jsdom/lib/jsdom/living/generated/EventTarget.js:241:34)
      at node_modules/@testing-library/user-event/dist/cjs/event/dispatchEvent.js:45:43
      at Object.eventWrapper (node_modules/@testing-library/dom/dist/config.js:25:23)
      at Object.wrapEvent (node_modules/@testing-library/user-event/dist/cjs/event/wrapEvent.js:6:28)
      at Object.dispatchEvent (node_modules/@testing-library/user-event/dist/cjs/event/dispatchEvent.js:45:22)
      at Object.dispatchUIEvent (node_modules/@testing-library/user-event/dist/cjs/event/dispatchEvent.js:22:26)
      at Mouse.up (node_modules/@testing-library/user-event/dist/cjs/system/pointer/mouse.js:100:30)
      at PointerHost.release (node_modules/@testing-library/user-event/dist/cjs/system/pointer/index.js:87:24)
      at pointerAction (node_modules/@testing-library/user-event/dist/cjs/pointer/index.js:54:47)
      at Object.pointer (node_modules/@testing-library/user-event/dist/cjs/pointer/index.js:27:9)
      at Object.<anonymous> (src/components/Header/Header.test.tsx:181:9)

  ● Header Component › Navigation Links Rendering › renders brand name

    TestingLibraryElementError: Unable to find an element with the text: NetsanetTech-Portfolio. This could be because the text is broken up by multiple elements. In this case, you can provide a function for your text matcher to make your matcher more flexible.

    Ignored nodes: comments, script, style
    [36m<body>[39m
      [36m<div>[39m
        [36m<header[39m
          [33mclass[39m=[32m"header  "[39m
          [33mrole[39m=[32m"banner"[39m
        [36m>[39m
          [36m<div[39m
            [33mclass[39m=[32m"container"[39m
          [36m>[39m
            [36m<div[39m
              [33mclass[39m=[32m"brand"[39m
            [36m>[39m
              [36m<button[39m
                [33maria-label[39m=[32m"Go to top of page"[39m
                [33mclass[39m=[32m"brandButton"[39m
              [36m>[39m
                [36m<img[39m
                  [33malt[39m=[32m"Netsanet"[39m
                  [33mclass[39m=[32m"profilePhoto"[39m
                  [33msrc[39m=[32m"./images/profile-photo.jpg"[39m
                [36m/>[39m
                [36m<span[39m
                  [33mclass[39m=[32m"brandText"[39m
                [36m>[39m
                  [0mNetsanet-Portfolio[0m
                [36m</span>[39m
              [36m</button>[39m
            [36m</div>[39m
            [36m<div[39m
              [33mclass[39m=[32m"searchContainer "[39m
            [36m>[39m
              [36m<button[39m
                [33maria-label[39m=[32m"Toggle search"[39m
                [33mclass[39m=[32m"searchToggle"[39m
              [36m>[39m
                [36m<svg[39m
                  [33mclass[39m=[32m"searchIcon"[39m
                  [33mfill[39m=[32m"none"[39m
                  [33mstroke[39m=[32m"currentColor"[39m
                  [33mviewBox[39m=[32m"0 0 24 24"[39m
                [36m>[39m
                  [36m<path[39m
                    [33md[39m=[32m"M21 21l-6-6m2-5a7 7 0 11-14 0 7 7 0 0114 0z"[39m
                    [33mstroke-linecap[39m=[32m"round"[39m
                    [33mstroke-linejoin[39m=[32m"round"[39m
                    [33mstroke-width[39m=[32m"2"[39m
                  [36m/>[39m
                [36m</svg>[39m
              [36m</button>[39m
              [36m<form[39m
                [33mclass[39m=[32m"searchForm"[39m
              [36m>[39m
                [36m<input[39m
                  [33maria-label[39m=[32m"Search portfolio"[39m
                  [33mclass[39m=[32m"searchInput"[39m
                  [33mid[39m=[32m"search-input"[39m
                  [33mplaceholder[39m=[32m"Search portfolio..."[39m
                  [33mtype[39m=[32m"text"[39m
                  [33mvalue[39m=[32m""[39m
                [36m/>[39m
              [36m</form>[39m
            [36m</div>[39m
            [36m<nav[39m
              [33maria-label[39m=[32m"Main navigation"[39m
              [33mclass[39m=[32m"desktopNav"[39m
              [33mrole[39m=[32m"navigation"[39m
            [36m>[39m
              [36m<ul[39m
                [33mclass[39m=[32m"navList"[39m
              [36m>[39m
                [36m<li[39m
                  [33mclass[39m=[32m"navItem"[39m
                [36m>[39m
                  [36m<button[39m
                    [33maria-label[39m=[32m"Navigate to Home section"[39m
                    [33mclass[39m=[32m"navLink"[39m
                  [36m>[39m
                    [0mHome[0m
                  [36m</button>[39m
                [36m</li>[39m
                [36m<li[39m
                  [33mclass[39m=[32m"navItem"[39m
                [36m>[39m
                  [36m<button[39m
                    [33maria-label[39m=[32m"Navigate to About section"[39m
                    [33mclass[39m=[32m"navLink"[39m
                  [36m>[39m
                    [0mAbout[0m
                  [36m</button>[39m
                [36m</li>[39m
                [36m<li[39m
                  [33mclass[39m=[32m"navItem"[39m
                [36m>[39m
                  [36m<button[39m
                    [33maria-label[39m=[32m"Navigate to Gallery section"[39m
                    [33mclass[39m=[32m"navLink"[39m
                  [36m>[39m
                    [0mGallery[0m
                  [36m</button>[39m
                [36m</li>[39m
                [36m<li[39m
                  [33mclass[39m=[32m"navItem"[39m
                [36m>[39m
                  [36m<button[39m
                    [33maria-label[39m=[32m"Navigate to Contact section"[39m
                    [33mclass[39m=[32m"navLink"[39m
                  [36m>[39m
                    [0mContact[0m
                  [36m</button>[39m
                [36m</li>[39m
              [36m</ul>[39m
            [36m</nav>[39m
            [36m<div[39m
              [33mclass[39m=[32m"socialLinks"[39m
            [36m>[39m
              [36m<a[39m
                [33maria-label[39m=[32m"Visit TikTok profile"[39m
                [33mclass[39m=[32m"socialLink"[39m
                [33mhref[39m=[32m"https://tiktok.com/@netsanet.worku"[39m
                [33mrel[39m=[32m"noopener noreferrer"[39m
                [33mtarget[39m=[32m"_blank"[39m
                [33mtitle[39m=[32m"TikTok"[39m
              [36m>[39m
                [36m<span[39m
                  [33mclass[39m=[32m"socialIcon"[39m
                [36m>[39m
                  [0m📱[0m
                [36m</span>[39m
              [36m</a>[39m
              [36m<a[39m
                [33maria-label[39m=[32m"Visit Telegram profile"[39m
                [33mclass[39m=[32m"socialLink"[39m
                [33mhref[39m=[32m"https://t.me/Abi_yam21"[39m
                [33mrel[39m=[32m"noopener noreferrer"[39m
                [33mtarget[39m=[32m"_blank"[39m
                [33mtitle[39m=[32m"Telegram"[39m
              [36m>[39m
                [36m<span[39m
                  [33mclass[39m=[32m"socialIcon"[39m
                [36m>[39m
                  [0m✈️[0m
                [36m</span>[39m
              [36m</a>[39m
            [36m</div>[39m
            [36m<button[39m
              [33maria-controls[39m=[32m"mobile-menu"[39m
              [33maria-expanded[39m=[32m"false"[39m
              [33maria-label[39m=[32m"Toggle mobile menu"[39m
              [33mclass[39m=[32m"mobileMenuButton"[39m
            [36m>[39m
              [36m<span[39m
                [33mclass[39m=[32m"hamburger"[39m
              [36m>[39m
                [36m<span[39m
                  [33mclass[39m=[32m"hamburgerLine"[39m
                [36m/>[39m
                [36m<span[39m
                  [33mclass[39m=[32m"hamburgerLine"[39m
                [36m/>[39m
                [36m<span[39m
                  [33mclass[39m=[32m"hamburgerLine"[39m
                [36m/>[39m
              [36m</span>[39m
            [36m</button>[39m
            [36m<nav[39m
              [33maria-hidden[39m=[32m"true"[39m
              [33maria-label[39m=[32m"Mobile navigation"[39m
              [33mclass[39m=[32m"mobileNav "[39m
              [33mid[39m=[32m"mobile-menu"[39m
              [33mrole[39m=[32m"navigation"[39m
            [36m>[39m
              [36m<ul[39m
                [33mclass[39m=[32m"mobileNavList"[39m
              [36m>[39m
                [36m<li[39m
                  [33mclass[39m=[32m"mobileNavItem"[39m
                [36m>[39m
                  [36m<button[39m
                    [33maria-label[39m=[32m"Navigate to Home section"[39m
                    [33mclass[39m=[32m"mobileNavLink"[39m
                  [36m>[39m
                    [0mHome[0m
                  [36m</button>[39m
                [36m</li>[39m
                [36m<li[39m
                  [33mclass[39m=[32m"mobileNavItem"[39m
                [36m>[39m
                  [36m<button[39m
                    [33maria-label[39m=[32m"Navigate to About section"[39m
                    [33mclass[39m=[32m"mobileNavLink"[39m
                  [36m>[39m
                    [0mAbout[0m
                  [36m</button>[39m
                [36m</li>[39m
                [36m<li[39m
                  [33mclass[39m=[32m"mobileNavItem"[39m
                [36m>[39m
                  [36m<button[39m
                    [33maria-label[39m=[32m"Navigate to Gallery section"[39m
                    [33mclass[39m=[32m"mobileNavLink"[39m
                  [36m>[39m
                    [0mGallery[0m
                  [36m</button>[39m
                [36m</li>[39m
                [36m<li[39m
                  [33mclass[39m=[32m"mobileNavItem"[39m
                [36m>[39m
                  [36m<button[39m
                    [33maria-label[39m=[32m"Navigate to Contact section"[39m
                    [33mclass[39m=[32m"mobileNavLink"[39m
                  [36m>[39m
                    [0mContact[0m
                  [36m</button>[39m
                [36m</li>[39m
              [36m</ul>[39m
            [36m</nav>[39m
          [36m</div>[39m
        [36m</header>[39m
      [36m</div>[39m
    [36m</body>[39m

      31 |     test('renders brand name', () => {
      32 |       render(<Header />);
    > 33 |       expect(screen.getByText('NetsanetTech-Portfolio')).toBeInTheDocument();
         |                     ^
      34 |     });
      35 |
      36 |     test('renders all navigation links in desktop nav', () => {

      at Object.getElementError (node_modules/@testing-library/react/node_modules/@testing-library/dom/dist/config.js:37:19)
      at node_modules/@testing-library/react/node_modules/@testing-library/dom/dist/query-helpers.js:76:38
      at node_modules/@testing-library/react/node_modules/@testing-library/dom/dist/query-helpers.js:52:17
      at node_modules/@testing-library/react/node_modules/@testing-library/dom/dist/query-helpers.js:95:19
      at Object.<anonymous> (src/components/Header/Header.test.tsx:33:21)

  ● Header Component › Navigation Links Rendering › renders all navigation links in desktop nav

    TestingLibraryElementError: Unable to find an accessible element with the role "button" and name "Navigate to Projects section"

    Here are the accessible roles:

      banner:

      Name "":
      [36m<header[39m
        [33mclass[39m=[32m"header  "[39m
        [33mrole[39m=[32m"banner"[39m
      [36m/>[39m

      --------------------------------------------------
      button:

      Name "Go to top of page":
      [36m<button[39m
        [33maria-label[39m=[32m"Go to top of page"[39m
        [33mclass[39m=[32m"brandButton"[39m
      [36m/>[39m

      Name "Toggle search":
      [36m<button[39m
        [33maria-label[39m=[32m"Toggle search"[39m
        [33mclass[39m=[32m"searchToggle"[39m
      [36m/>[39m

      Name "Navigate to Home section":
      [36m<button[39m
        [33maria-label[39m=[32m"Navigate to Home section"[39m
        [33mclass[39m=[32m"navLink"[39m
      [36m/>[39m

      Name "Navigate to About section":
      [36m<button[39m
        [33maria-label[39m=[32m"Navigate to About section"[39m
        [33mclass[39m=[32m"navLink"[39m
      [36m/>[39m

      Name "Navigate to Gallery section":
      [36m<button[39m
        [33maria-label[39m=[32m"Navigate to Gallery section"[39m
        [33mclass[39m=[32m"navLink"[39m
      [36m/>[39m

      Name "Navigate to Contact section":
      [36m<button[39m
        [33maria-label[39m=[32m"Navigate to Contact section"[39m
        [33mclass[39m=[32m"navLink"[39m
      [36m/>[39m

      Name "Toggle mobile menu":
      [36m<button[39m
        [33maria-controls[39m=[32m"mobile-menu"[39m
        [33maria-expanded[39m=[32m"false"[39m
        [33maria-label[39m=[32m"Toggle mobile menu"[39m
        [33mclass[39m=[32m"mobileMenuButton"[39m
      [36m/>[39m

      --------------------------------------------------
      img:

      Name "Netsanet":
      [36m<img[39m
        [33malt[39m=[32m"Netsanet"[39m
        [33mclass[39m=[32m"profilePhoto"[39m
        [33msrc[39m=[32m"./images/profile-photo.jpg"[39m
      [36m/>[39m

      --------------------------------------------------
      textbox:

      Name "Search portfolio":
      [36m<input[39m
        [33maria-label[39m=[32m"Search portfolio"[39m
        [33mclass[39m=[32m"searchInput"[39m
        [33mid[39m=[32m"search-input"[39m
        [33mplaceholder[39m=[32m"Search portfolio..."[39m
        [33mtype[39m=[32m"text"[39m
        [33mvalue[39m=[32m""[39m
      [36m/>[39m

      --------------------------------------------------
      navigation:

      Name "Main navigation":
      [36m<nav[39m
        [33maria-label[39m=[32m"Main navigation"[39m
        [33mclass[39m=[32m"desktopNav"[39m
        [33mrole[39m=[32m"navigation"[39m
      [36m/>[39m

      --------------------------------------------------
      list:

      Name "":
      [36m<ul[39m
        [33mclass[39m=[32m"navList"[39m
      [36m/>[39m

      --------------------------------------------------
      listitem:

      Name "":
      [36m<li[39m
        [33mclass[39m=[32m"navItem"[39m
      [36m/>[39m

      Name "":
      [36m<li[39m
        [33mclass[39m=[32m"navItem"[39m
      [36m/>[39m

      Name "":
      [36m<li[39m
        [33mclass[39m=[32m"navItem"[39m
      [36m/>[39m

      Name "":
      [36m<li[39m
        [33mclass[39m=[32m"navItem"[39m
      [36m/>[39m

      --------------------------------------------------
      link:

      Name "Visit TikTok profile":
      [36m<a[39m
        [33maria-label[39m=[32m"Visit TikTok profile"[39m
        [33mclass[39m=[32m"socialLink"[39m
        [33mhref[39m=[32m"https://tiktok.com/@netsanet.worku"[39m
        [33mrel[39m=[32m"noopener noreferrer"[39m
        [33mtarget[39m=[32m"_blank"[39m
        [33mtitle[39m=[32m"TikTok"[39m
      [36m/>[39m

      Name "Visit Telegram profile":
      [36m<a[39m
        [33maria-label[39m=[32m"Visit Telegram profile"[39m
        [33mclass[39m=[32m"socialLink"[39m
        [33mhref[39m=[32m"https://t.me/Abi_yam21"[39m
        [33mrel[39m=[32m"noopener noreferrer"[39m
        [33mtarget[39m=[32m"_blank"[39m
        [33mtitle[39m=[32m"Telegram"[39m
      [36m/>[39m

      --------------------------------------------------

    Ignored nodes: comments, script, style
    [36m<body>[39m
      [36m<div>[39m
        [36m<header[39m
          [33mclass[39m=[32m"header  "[39m
          [33mrole[39m=[32m"banner"[39m
        [36m>[39m
          [36m<div[39m
            [33mclass[39m=[32m"container"[39m
          [36m>[39m
            [36m<div[39m
              [33mclass[39m=[32m"brand"[39m
            [36m>[39m
              [36m<button[39m
                [33maria-label[39m=[32m"Go to top of page"[39m
                [33mclass[39m=[32m"brandButton"[39m
              [36m>[39m
                [36m<img[39m
                  [33malt[39m=[32m"Netsanet"[39m
                  [33mclass[39m=[32m"profilePhoto"[39m
                  [33msrc[39m=[32m"./images/profile-photo.jpg"[39m
                [36m/>[39m
                [36m<span[39m
                  [33mclass[39m=[32m"brandText"[39m
                [36m>[39m
                  [0mNetsanet-Portfolio[0m
                [36m</span>[39m
              [36m</button>[39m
            [36m</div>[39m
            [36m<div[39m
              [33mclass[39m=[32m"searchContainer "[39m
            [36m>[39m
              [36m<button[39m
                [33maria-label[39m=[32m"Toggle search"[39m
                [33mclass[39m=[32m"searchToggle"[39m
              [36m>[39m
                [36m<svg[39m
                  [33mclass[39m=[32m"searchIcon"[39m
                  [33mfill[39m=[32m"none"[39m
                  [33mstroke[39m=[32m"currentColor"[39m
                  [33mviewBox[39m=[32m"0 0 24 24"[39m
                [36m>[39m
                  [36m<path[39m
                    [33md[39m=[32m"M21 21l-6-6m2-5a7 7 0 11-14 0 7 7 0 0114 0z"[39m
                    [33mstroke-linecap[39m=[32m"round"[39m
                    [33mstroke-linejoin[39m=[32m"round"[39m
                    [33mstroke-width[39m=[32m"2"[39m
                  [36m/>[39m
                [36m</svg>[39m
              [36m</button>[39m
              [36m<form[39m
                [33mclass[39m=[32m"searchForm"[39m
              [36m>[39m
                [36m<input[39m
                  [33maria-label[39m=[32m"Search portfolio"[39m
                  [33mclass[39m=[32m"searchInput"[39m
                  [33mid[39m=[32m"search-input"[39m
                  [33mplaceholder[39m=[32m"Search portfolio..."[39m
                  [33mtype[39m=[32m"text"[39m
                  [33mvalue[39m=[32m""[39m
                [36m/>[39m
              [36m</form>[39m
            [36m</div>[39m
            [36m<nav[39m
              [33maria-label[39m=[32m"Main navigation"[39m
              [33mclass[39m=[32m"desktopNav"[39m
              [33mrole[39m=[32m"navigation"[39m
            [36m>[39m
              [36m<ul[39m
                [33mclass[39m=[32m"navList"[39m
              [36m>[39m
                [36m<li[39m
                  [33mclass[39m=[32m"navItem"[39m
                [36m>[39m
                  [36m<button[39m
                    [33maria-label[39m=[32m"Navigate to Home section"[39m
                    [33mclass[39m=[32m"navLink"[39m
                  [36m>[39m
                    [0mHome[0m
                  [36m</button>[39m
                [36m</li>[39m
                [36m<li[39m
                  [33mclass[39m=[32m"navItem"[39m
                [36m>[39m
                  [36m<button[39m
                    [33maria-label[39m=[32m"Navigate to About section"[39m
                    [33mclass[39m=[32m"navLink"[39m
                  [36m>[39m
                    [0mAbout[0m
                  [36m</button>[39m
                [36m</li>[39m
                [36m<li[39m
                  [33mclass[39m=[32m"navItem"[39m
                [36m>[39m
                  [36m<button[39m
                    [33maria-label[39m=[32m"Navigate to Gallery section"[39m
                    [33mclass[39m=[32m"navLink"[39m
                  [36m>[39m
                    [0mGallery[0m
                  [36m</button>[39m
                [36m</li>[39m
                [36m<li[39m
                  [33mclass[39m=[32m"navItem"[39m
                [36m>[39m
                  [36m<button[39m
                    [33maria-label[39m=[32m"Navigate to Contact section"[39m
                    [33mclass[39m=[32m"navLink"[39m
                  [36m>[39m
                    [0mContact[0m
                  [36m</button>[39m
                [36m</li>[39m
              [36m</ul>[39m
            [36m</nav>[39m
            [36m<div[39m
              [33mclass[39m=[32m"socialLinks"[39m
            [36m>[39m
              [36m<a[39m
                [33maria-label[39m=[32m"Visit TikTok profile"[39m
                [33mclass[39m=[32m"socialLink"[39m
                [33mhref[39m=[32m"https://tiktok.com/@netsanet.worku"[39m
                [33mrel[39m=[32m"noopener noreferrer"[39m
                [33mtarget[39m=[32m"_blank"[39m
                [33mtitle[39m=[32m"TikTok"[39m
              [36m>[39m
                [36m<span[39m
                  [33mclass[39m=[32m"socialIcon"[39m
                [36m>[39m
                  [0m📱[0m
                [36m</span>[39m
              [36m</a>[39m
              [36m<a[39m
                [33maria-label[39m=[32m"Visit Telegram profile"[39m
                [33mclass[39m=[32m"socialLink"[39m
                [33mhref[39m=[32m"https://t.me/Abi_yam21"[39m
                [33mrel[39m=[32m"noopener noreferrer"[39m
                [33mtarget[39m=[32m"_blank"[39m
                [33mtitle[39m=[32m"Telegram"[39m
              [36m>[39m
                [36m<span[39m
                  [33mclass[39m=[32m"socialIcon"[39m
                [36m>[39m
                  [0m✈️[0m
                [36m</span>[39m
              [36m</a>[39m
            [36m</div>[39m
            [36m<button[39m
              [33maria-controls[39m=[32m"mobile-menu"[39m
              [33maria-expanded[39m=[32m"false"[39m
              [33maria-label[39m=[32m"Toggle mobile menu"[39m
              [33mclass[39m=[32m"mobileMenuButton"[39m
            [36m>[39m
              [36m<span[39m
                [33mclass[39m=[32m"hamburger"[39m
              [36m>[39m
                [36m<span[39m
                  [33mclass[39m=[32m"hamburgerLine"[39m
                [36m/>[39m
                [36m<span[39m
                  [33mclass[39m=[32m"hamburgerLine"[39m
                [36m/>[39m
                [36m<span[39m
                  [33mclass[39m=[32m"hamburgerLine"[39m
                [36m/>[39m
              [36m</span>[39m
            [36m</button>[39m
            [36m<nav[39m
              [33maria-hidden[39m=[32m"true"[39m
              [33maria-label[39m=[32m"Mobile navigation"[39m
              [33mclass[39m=[32m"mobileNav "[39m
              [33mid[39m=[32m"mobile-menu"[39m
              [33mrole[39m=[32m"navigation"[39m
            [36m>[39m
              [36m<ul[39m
                [33mclass[39m=[32m"mobileNavList"[39m
              [36m>[39m
                [36m<li[39m
                  [33mclass[39m=[32m"mobileNavItem"[39m
                [36m>[39m
                  [36m<button[39m
                    [33maria-label[39m=[32m"Navigate to Home section"[39m
                    [33mclass[39m=[32m"mobileNavLink"[39m
                  [36m>[39m
                    [0mHome[0m
                  [36m</button>[39m
                [36m</li>[39m
                [36m<li[39m
                  [33mclass[39m=[32m"mobileNavItem"[39m
                [36m>[39m
                  [36m<button[39m
                    [33maria-label[39m=[32m"Navigate to About section"[39m
                    [33mclass[39m=[32m"mobileNavLink"[39m
                  [36m>[39m
                    [0mAbout[0m
                  [36m</button>[39m
                [36m</li>[39m
                [36m<li[39m
                  [33mclass[39m=[32m"mobileNavItem"[39m
                [36m>[39m
                  [36m<button[39m
                    [33maria-label[39m=[32m"Navigate to Gallery section"[39m
                    [33mclass[39m=[32m"mobileNavLink"[39m
                  [36m>[39m
                    [0mGallery[0m
                  [36m</button>[39m
                [36m</li>[39m
                [36m<li[39m
                  [33mclass[39m=[32m"mobileNavItem"[39m
                [36m>[39m
                  [36m<button[39m
                    [33maria-label[39m=[32m"Navigate to Contact section"[39m
                    [33mclass[39m=[32m"mobileNavLink"[39m
                  [36m>[39m
                    [0mContact[0m
                  [36m</button>[39m
                [36m</li>[39m
              [36m</ul>[39m
            [36m</nav>[39m
          [36m</div>[39m
        [36m</header>[39m
      [36m</div>[39m
    [36m</body>[39m

      39 |       const navItems = ['About', 'Projects', 'Skills', 'Contact'];
      40 |       navItems.forEach(item => {
    > 41 |         expect(screen.getByRole('button', { name: `Navigate to ${item} section` })).toBeInTheDocument();
         |                       ^
      42 |       });
      43 |     });
      44 |

      at Object.getElementError (node_modules/@testing-library/react/node_modules/@testing-library/dom/dist/config.js:37:19)
      at node_modules/@testing-library/react/node_modules/@testing-library/dom/dist/query-helpers.js:76:38
      at node_modules/@testing-library/react/node_modules/@testing-library/dom/dist/query-helpers.js:52:17
      at node_modules/@testing-library/react/node_modules/@testing-library/dom/dist/query-helpers.js:95:19
      at src/components/Header/Header.test.tsx:41:23
          at Array.forEach (<anonymous>)
      at Object.<anonymous> (src/components/Header/Header.test.tsx:40:16)

  ● Header Component › Mobile Menu Toggle › renders mobile navigation links when menu is open

    TestingLibraryElementError: Unable to find an accessible element with the role "button" and name "Navigate to Projects section"

    Here are the accessible roles:

      banner:

      Name "":
      [36m<header[39m
        [33mclass[39m=[32m"header  "[39m
        [33mrole[39m=[32m"banner"[39m
      [36m/>[39m

      --------------------------------------------------
      button:

      Name "Go to top of page":
      [36m<button[39m
        [33maria-label[39m=[32m"Go to top of page"[39m
        [33mclass[39m=[32m"brandButton"[39m
      [36m/>[39m

      Name "Toggle search":
      [36m<button[39m
        [33maria-label[39m=[32m"Toggle search"[39m
        [33mclass[39m=[32m"searchToggle"[39m
      [36m/>[39m

      Name "Navigate to Home section":
      [36m<button[39m
        [33maria-label[39m=[32m"Navigate to Home section"[39m
        [33mclass[39m=[32m"navLink"[39m
      [36m/>[39m

      Name "Navigate to About section":
      [36m<button[39m
        [33maria-label[39m=[32m"Navigate to About section"[39m
        [33mclass[39m=[32m"navLink"[39m
      [36m/>[39m

      Name "Navigate to Gallery section":
      [36m<button[39m
        [33maria-label[39m=[32m"Navigate to Gallery section"[39m
        [33mclass[39m=[32m"navLink"[39m
      [36m/>[39m

      Name "Navigate to Contact section":
      [36m<button[39m
        [33maria-label[39m=[32m"Navigate to Contact section"[39m
        [33mclass[39m=[32m"navLink"[39m
      [36m/>[39m

      Name "Toggle mobile menu":
      [36m<button[39m
        [33maria-controls[39m=[32m"mobile-menu"[39m
        [33maria-expanded[39m=[32m"true"[39m
        [33maria-label[39m=[32m"Toggle mobile menu"[39m
        [33mclass[39m=[32m"mobileMenuButton"[39m
      [36m/>[39m

      Name "Navigate to Home section":
      [36m<button[39m
        [33maria-label[39m=[32m"Navigate to Home section"[39m
        [33mclass[39m=[32m"mobileNavLink"[39m
      [36m/>[39m

      Name "Navigate to About section":
      [36m<button[39m
        [33maria-label[39m=[32m"Navigate to About section"[39m
        [33mclass[39m=[32m"mobileNavLink"[39m
      [36m/>[39m

      Name "Navigate to Gallery section":
      [36m<button[39m
        [33maria-label[39m=[32m"Navigate to Gallery section"[39m
        [33mclass[39m=[32m"mobileNavLink"[39m
      [36m/>[39m

      Name "Navigate to Contact section":
      [36m<button[39m
        [33maria-label[39m=[32m"Navigate to Contact section"[39m
        [33mclass[39m=[32m"mobileNavLink"[39m
      [36m/>[39m

      --------------------------------------------------
      img:

      Name "Netsanet":
      [36m<img[39m
        [33malt[39m=[32m"Netsanet"[39m
        [33mclass[39m=[32m"profilePhoto"[39m
        [33msrc[39m=[32m"./images/profile-photo.jpg"[39m
      [36m/>[39m

      --------------------------------------------------
      textbox:

      Name "Search portfolio":
      [36m<input[39m
        [33maria-label[39m=[32m"Search portfolio"[39m
        [33mclass[39m=[32m"searchInput"[39m
        [33mid[39m=[32m"search-input"[39m
        [33mplaceholder[39m=[32m"Search portfolio..."[39m
        [33mtype[39m=[32m"text"[39m
        [33mvalue[39m=[32m""[39m
      [36m/>[39m

      --------------------------------------------------
      navigation:

      Name "Main navigation":
      [36m<nav[39m
        [33maria-label[39m=[32m"Main navigation"[39m
        [33mclass[39m=[32m"desktopNav"[39m
        [33mrole[39m=[32m"navigation"[39m
      [36m/>[39m

      Name "Mobile navigation":
      [36m<nav[39m
        [33maria-hidden[39m=[32m"false"[39m
        [33maria-label[39m=[32m"Mobile navigation"[39m
        [33mclass[39m=[32m"mobileNav mobileNavOpen"[39m
        [33mid[39m=[32m"mobile-menu"[39m
        [33mrole[39m=[32m"navigation"[39m
      [36m/>[39m

      --------------------------------------------------
      list:

      Name "":
      [36m<ul[39m
        [33mclass[39m=[32m"navList"[39m
      [36m/>[39m

      Name "":
      [36m<ul[39m
        [33mclass[39m=[32m"mobileNavList"[39m
      [36m/>[39m

      --------------------------------------------------
      listitem:

      Name "":
      [36m<li[39m
        [33mclass[39m=[32m"navItem"[39m
      [36m/>[39m

      Name "":
      [36m<li[39m
        [33mclass[39m=[32m"navItem"[39m
      [36m/>[39m

      Name "":
      [36m<li[39m
        [33mclass[39m=[32m"navItem"[39m
      [36m/>[39m

      Name "":
      [36m<li[39m
        [33mclass[39m=[32m"navItem"[39m
      [36m/>[39m

      Name "":
      [36m<li[39m
        [33mclass[39m=[32m"mobileNavItem"[39m
      [36m/>[39m

      Name "":
      [36m<li[39m
        [33mclass[39m=[32m"mobileNavItem"[39m
      [36m/>[39m

      Name "":
      [36m<li[39m
        [33mclass[39m=[32m"mobileNavItem"[39m
      [36m/>[39m

      Name "":
      [36m<li[39m
        [33mclass[39m=[32m"mobileNavItem"[39m
      [36m/>[39m

      --------------------------------------------------
      link:

      Name "Visit TikTok profile":
      [36m<a[39m
        [33maria-label[39m=[32m"Visit TikTok profile"[39m
        [33mclass[39m=[32m"socialLink"[39m
        [33mhref[39m=[32m"https://tiktok.com/@netsanet.worku"[39m
        [33mrel[39m=[32m"noopener noreferrer"[39m
        [33mtarget[39m=[32m"_blank"[39m
        [33mtitle[39m=[32m"TikTok"[39m
      [36m/>[39m

      Name "Visit Telegram profile":
      [36m<a[39m
        [33maria-label[39m=[32m"Visit Telegram profile"[39m
        [33mclass[39m=[32m"socialLink"[39m
        [33mhref[39m=[32m"https://t.me/Abi_yam21"[39m
        [33mrel[39m=[32m"noopener noreferrer"[39m
        [33mtarget[39m=[32m"_blank"[39m
        [33mtitle[39m=[32m"Telegram"[39m
      [36m/>[39m

      --------------------------------------------------

    Ignored nodes: comments, script, style
    [36m<body>[39m
      [36m<div>[39m
        [36m<header[39m
          [33mclass[39m=[32m"header  "[39m
          [33mrole[39m=[32m"banner"[39m
        [36m>[39m
          [36m<div[39m
            [33mclass[39m=[32m"container"[39m
          [36m>[39m
            [36m<div[39m
              [33mclass[39m=[32m"brand"[39m
            [36m>[39m
              [36m<button[39m
                [33maria-label[39m=[32m"Go to top of page"[39m
                [33mclass[39m=[32m"brandButton"[39m
              [36m>[39m
                [36m<img[39m
                  [33malt[39m=[32m"Netsanet"[39m
                  [33mclass[39m=[32m"profilePhoto"[39m
                  [33msrc[39m=[32m"./images/profile-photo.jpg"[39m
                [36m/>[39m
                [36m<span[39m
                  [33mclass[39m=[32m"brandText"[39m
                [36m>[39m
                  [0mNetsanet-Portfolio[0m
                [36m</span>[39m
              [36m</button>[39m
            [36m</div>[39m
            [36m<div[39m
              [33mclass[39m=[32m"searchContainer "[39m
            [36m>[39m
              [36m<button[39m
                [33maria-label[39m=[32m"Toggle search"[39m
                [33mclass[39m=[32m"searchToggle"[39m
              [36m>[39m
                [36m<svg[39m
                  [33mclass[39m=[32m"searchIcon"[39m
                  [33mfill[39m=[32m"none"[39m
                  [33mstroke[39m=[32m"currentColor"[39m
                  [33mviewBox[39m=[32m"0 0 24 24"[39m
                [36m>[39m
                  [36m<path[39m
                    [33md[39m=[32m"M21 21l-6-6m2-5a7 7 0 11-14 0 7 7 0 0114 0z"[39m
                    [33mstroke-linecap[39m=[32m"round"[39m
                    [33mstroke-linejoin[39m=[32m"round"[39m
                    [33mstroke-width[39m=[32m"2"[39m
                  [36m/>[39m
                [36m</svg>[39m
              [36m</button>[39m
              [36m<form[39m
                [33mclass[39m=[32m"searchForm"[39m
              [36m>[39m
                [36m<input[39m
                  [33maria-label[39m=[32m"Search portfolio"[39m
                  [33mclass[39m=[32m"searchInput"[39m
                  [33mid[39m=[32m"search-input"[39m
                  [33mplaceholder[39m=[32m"Search portfolio..."[39m
                  [33mtype[39m=[32m"text"[39m
                  [33mvalue[39m=[32m""[39m
                [36m/>[39m
              [36m</form>[39m
            [36m</div>[39m
            [36m<nav[39m
              [33maria-label[39m=[32m"Main navigation"[39m
              [33mclass[39m=[32m"desktopNav"[39m
              [33mrole[39m=[32m"navigation"[39m
            [36m>[39m
              [36m<ul[39m
                [33mclass[39m=[32m"navList"[39m
              [36m>[39m
                [36m<li[39m
                  [33mclass[39m=[32m"navItem"[39m
                [36m>[39m
                  [36m<button[39m
                    [33maria-label[39m=[32m"Navigate to Home section"[39m
                    [33mclass[39m=[32m"navLink"[39m
                  [36m>[39m
                    [0mHome[0m
                  [36m</button>[39m
                [36m</li>[39m
                [36m<li[39m
                  [33mclass[39m=[32m"navItem"[39m
                [36m>[39m
                  [36m<button[39m
                    [33maria-label[39m=[32m"Navigate to About section"[39m
                    [33mclass[39m=[32m"navLink"[39m
                  [36m>[39m
                    [0mAbout[0m
                  [36m</button>[39m
                [36m</li>[39m
                [36m<li[39m
                  [33mclass[39m=[32m"navItem"[39m
                [36m>[39m
                  [36m<button[39m
                    [33maria-label[39m=[32m"Navigate to Gallery section"[39m
                    [33mclass[39m=[32m"navLink"[39m
                  [36m>[39m
                    [0mGallery[0m
                  [36m</button>[39m
                [36m</li>[39m
                [36m<li[39m
                  [33mclass[39m=[32m"navItem"[39m
                [36m>[39m
                  [36m<button[39m
                    [33maria-label[39m=[32m"Navigate to Contact section"[39m
                    [33mclass[39m=[32m"navLink"[39m
                  [36m>[39m
                    [0mContact[0m
                  [36m</button>[39m
                [36m</li>[39m
              [36m</ul>[39m
            [36m</nav>[39m
            [36m<div[39m
              [33mclass[39m=[32m"socialLinks"[39m
            [36m>[39m
              [36m<a[39m
                [33maria-label[39m=[32m"Visit TikTok profile"[39m
                [33mclass[39m=[32m"socialLink"[39m
                [33mhref[39m=[32m"https://tiktok.com/@netsanet.worku"[39m
                [33mrel[39m=[32m"noopener noreferrer"[39m
                [33mtarget[39m=[32m"_blank"[39m
                [33mtitle[39m=[32m"TikTok"[39m
              [36m>[39m
                [36m<span[39m
                  [33mclass[39m=[32m"socialIcon"[39m
                [36m>[39m
                  [0m📱[0m
                [36m</span>[39m
              [36m</a>[39m
              [36m<a[39m
                [33maria-label[39m=[32m"Visit Telegram profile"[39m
                [33mclass[39m=[32m"socialLink"[39m
                [33mhref[39m=[32m"https://t.me/Abi_yam21"[39m
                [33mrel[39m=[32m"noopener noreferrer"[39m
                [33mtarget[39m=[32m"_blank"[39m
                [33mtitle[39m=[32m"Telegram"[39m
              [36m>[39m
                [36m<span[39m
                  [33mclass[39m=[32m"socialIcon"[39m
                [36m>[39m
                  [0m✈️[0m
                [36m</span>[39m
              [36m</a>[39m
            [36m</div>[39m
            [36m<button[39m
              [33maria-controls[39m=[32m"mobile-menu"[39m
              [33maria-expanded[39m=[32m"true"[39m
              [33maria-label[39m=[32m"Toggle mobile menu"[39m
              [33mclass[39m=[32m"mobileMenuButton"[39m
            [36m>[39m
              [36m<span[39m
                [33mclass[39m=[32m"hamburger"[39m
              [36m>[39m
                [36m<span[39m
                  [33mclass[39m=[32m"hamburgerLine"[39m
                [36m/>[39m
                [36m<span[39m
                  [33mclass[39m=[32m"hamburgerLine"[39m
                [36m/>[39m
                [36m<span[39m
                  [33mclass[39m=[32m"hamburgerLine"[39m
                [36m/>[39m
              [36m</span>[39m
            [36m</button>[39m
            [36m<nav[39m
              [33maria-hidden[39m=[32m"false"[39m
              [33maria-label[39m=[32m"Mobile navigation"[39m
              [33mclass[39m=[32m"mobileNav mobileNavOpen"[39m
              [33mid[39m=[32m"mobile-menu"[39m
              [33mrole[39m=[32m"navigation"[39m
            [36m>[39m
              [36m<ul[39m
                [33mclass[39m=[32m"mobileNavList"[39m
              [36m>[39m
                [36m<li[39m
                  [33mclass[39m=[32m"mobileNavItem"[39m
                [36m>[39m
                  [36m<button[39m
                    [33maria-label[39m=[32m"Navigate to Home section"[39m
                    [33mclass[39m=[32m"mobileNavLink"[39m
                  [36m>[39m
                    [0mHome[0m
                  [36m</button>[39m
                [36m</li>[39m
                [36m<li[39m
                  [33mclass[39m=[32m"mobileNavItem"[39m
                [36m>[39m
                  [36m<button[39m
                    [33maria-label[39m=[32m"Navigate to About section"[39m
                    [33mclass[39m=[32m"mobileNavLink"[39m
                  [36m>[39m
                    [0mAbout[0m
                  [36m</button>[39m
                [36m</li>[39m
                [36m<li[39m
                  [33mclass[39m=[32m"mobileNavItem"[39m
                [36m>[39m
                  [36m<button[39m
                    [33maria-label[39m=[32m"Navigate to Gallery section"[39m
                    [33mclass[39m=[32m"mobileNavLink"[39m
                  [36m>[39m
                    [0mGallery[0m
                  [36m</button>[39m
                [36m</li>[39m
                [36m<li[39m
                  [33mclass[39m=[32m"mobileNavItem"[39m
                [36m>[39m
                  [36m<button[39m
                    [33maria-label[39m=[32m"Navigate to Contact section"[39m
                    [33mclass[39m=[32m"mobileNavLink"[39m
                  [36m>[39m
                    [0mContact[0m
                  [36m</button>[39m
                [36m</li>[39m
              [36m</ul>[39m
            [36m</nav>[39m
          [36m</div>[39m
          [36m<div[39m
            [33maria-hidden[39m=[32m"true"[39m
            [33mclass[39m=[32m"mobileOverlay"[39m
          [36m/>[39m
        [36m</header>[39m
      [36m</div>[39m
    [36m</body>[39m

      115 |       const navItems = ['About', 'Projects', 'Skills', 'Contact'];
      116 |       navItems.forEach(item => {
    > 117 |         const links = screen.getAllByRole('button', { name: `Navigate to ${item} section` });
          |                              ^
      118 |         expect(links.length).toBeGreaterThanOrEqual(1); // Should have at least one (mobile or desktop)
      119 |       });
      120 |     });

      at Object.getElementError (node_modules/@testing-library/react/node_modules/@testing-library/dom/dist/config.js:37:19)
      at node_modules/@testing-library/react/node_modules/@testing-library/dom/dist/query-helpers.js:76:38
      at node_modules/@testing-library/react/node_modules/@testing-library/dom/dist/query-helpers.js:109:15
      at src/components/Header/Header.test.tsx:117:30
          at Array.forEach (<anonymous>)
      at Object.<anonymous> (src/components/Header/Header.test.tsx:116:16)

  ● Header Component › Keyboard Navigation › navigation links are focusable with keyboard

    expect(element).toHaveFocus()

    Expected element with focus:
      <button aria-label="Navigate to About section" class="navLink">About</button>
    Received element with focus:
      <button aria-label="Toggle search" class="searchToggle"><svg class="searchIcon" fill="none" stroke="currentColor" viewBox="0 0 24 24"><path d="M21 21l-6-6m2-5a7 7 0 11-14 0 7 7 0 0114 0z" stroke-linecap="round" stroke-linejoin="round" stroke-width="2" /></svg></button>

      238 |       // Continue tabbing to reach navigation links
      239 |       await user.tab();
    > 240 |       expect(aboutLink).toHaveFocus();
          |                         ^
      241 |     });
      242 |
      243 |     test('mobile menu button is focusable with keyboard', async () => {

      at Object.<anonymous> (src/components/Header/Header.test.tsx:240:25)

  ● Header Component › Keyboard Navigation › mobile menu button is focusable with keyboard

    expect(element).toHaveFocus()

    Expected element with focus:
      <button aria-controls="mobile-menu" aria-expanded="false" aria-label="Toggle mobile menu" class="mobileMenuButton"><span class="hamburger"><span class="hamburgerLine" /><span class="hamburgerLine" /><span class="hamburgerLine" /></span></button>
    Received element with focus:
      <button aria-label="Navigate to Gallery section" class="navLink">Gallery</button>

      255 |       await user.tab(); // Mobile menu button
      256 |       
    > 257 |       expect(mobileMenuButton).toHaveFocus();
          |                                ^
      258 |     });
      259 |
      260 |     test('can activate navigation with Enter key', async () => {

      at Object.<anonymous> (src/components/Header/Header.test.tsx:257:32)

FAIL src/components/Projects/Projects.test.tsx
  ● Property 1: Project Grid Rendering › should handle empty project list gracefully

    TestingLibraryElementError: Unable to find an element with the text: No projects found for the selected filter.. This could be because the text is broken up by multiple elements. In this case, you can provide a function for your text matcher to make your matcher more flexible.

    Ignored nodes: comments, script, style
    [36m<body>[39m
      [36m<div>[39m
        [36m<section[39m
          [33maria-labelledby[39m=[32m"projects-title"[39m
          [33mclass[39m=[32m"projects"[39m
          [33mid[39m=[32m"projects"[39m
        [36m>[39m
          [36m<div[39m
            [33mclass[39m=[32m"container"[39m
          [36m>[39m
            [36m<header>[39m
              [36m<h2[39m
                [33mclass[39m=[32m"title"[39m
                [33mid[39m=[32m"projects-title"[39m
              [36m>[39m
                [0mFeatured Projects[0m
              [36m</h2>[39m
              [36m<p[39m
                [33mclass[39m=[32m"subtitle"[39m
              [36m>[39m
                [0mA showcase of my recent work and personal projects[0m
              [36m</p>[39m
            [36m</header>[39m
            [36m<div[39m
              [33maria-labelledby[39m=[32m"filter-controls-label"[39m
              [33mclass[39m=[32m"filterControls"[39m
              [33mrole[39m=[32m"group"[39m
            [36m>[39m
              [36m<h3[39m
                [33mclass[39m=[32m"sr-only"[39m
                [33mid[39m=[32m"filter-controls-label"[39m
              [36m>[39m
                [0mProject Filters[0m
              [36m</h3>[39m
              [36m<div[39m
                [33maria-label[39m=[32m"Filter type selection"[39m
                [33mclass[39m=[32m"filterTypeToggle"[39m
                [33mrole[39m=[32m"tablist"[39m
              [36m>[39m
                [36m<button[39m
                  [33maria-controls[39m=[32m"filter-buttons"[39m
                  [33maria-selected[39m=[32m"true"[39m
                  [33mclass[39m=[32m"toggleButton active"[39m
                  [33mrole[39m=[32m"tab"[39m
                  [33mtype[39m=[32m"button"[39m
                [36m>[39m
                  [0mBy Category[0m
                [36m</button>[39m
                [36m<button[39m
                  [33maria-controls[39m=[32m"filter-buttons"[39m
                  [33maria-selected[39m=[32m"false"[39m
                  [33mclass[39m=[32m"toggleButton "[39m
                  [33mrole[39m=[32m"tab"[39m
                  [33mtype[39m=[32m"button"[39m
                [36m>[39m
                  [0mBy Technology[0m
                [36m</button>[39m
              [36m</div>[39m
              [36m<div[39m
                [33maria-label[39m=[32m"Filter projects by category"[39m
                [33mclass[39m=[32m"filterButtons"[39m
                [33mid[39m=[32m"filter-buttons"[39m
                [33mrole[39m=[32m"group"[39m
              [36m>[39m
                [36m<button[39m
                  [33maria-pressed[39m=[32m"true"[39m
                  [33mclass[39m=[32m"filterButton active"[39m
                  [33mtype[39m=[32m"button"[39m
                [36m>[39m
                  [0mAll[0m
                [36m</button>[39m
              [36m</div>[39m
            [36m</div>[39m
            [36m<div[39m
              [33maria-atomic[39m=[32m"false"[39m
              [33maria-label[39m=[32m"Projects showcase"[39m
              [33maria-live[39m=[32m"polite"[39m
              [33mclass[39m=[32m"projectsGrid"[39m
              [33mrole[39m=[32m"grid"[39m
            [36m/>[39m
            [36m<div[39m
              [33maria-live[39m=[32m"polite"[39m
              [33mclass[39m=[32m"noResults"[39m
              [33mrole[39m=[32m"status"[39m
            [36m>[39m
              [36m<p>[39m
                [0mNo projects found for the selected filter "[0m
                [0mAll[0m
                [0m".[0m
              [36m</p>[39m
            [36m</div>[39m
          [36m</div>[39m
        [36m</section>[39m
      [36m</div>[39m
    [36m</body>[39m

      172 |     
      173 |     // Property 1: Should show "no results" message when no projects
    > 174 |     expect(screen.getByText('No projects found for the selected filter.')).toBeInTheDocument();
          |                   ^
      175 |     
      176 |     // Property 2: Should not show any project cards
      177 |     const projectCards = container.querySelectorAll('[class*="projectCard"]');

      at Object.getElementError (node_modules/@testing-library/react/node_modules/@testing-library/dom/dist/config.js:37:19)
      at node_modules/@testing-library/react/node_modules/@testing-library/dom/dist/query-helpers.js:76:38
      at node_modules/@testing-library/react/node_modules/@testing-library/dom/dist/query-helpers.js:52:17
      at node_modules/@testing-library/react/node_modules/@testing-library/dom/dist/query-helpers.js:95:19
      at Object.<anonymous> (src/components/Projects/Projects.test.tsx:174:19)

PASS src/components/Skills/Skills.test.tsx
PASS src/types/index.test.ts
PASS src/components/Projects/ProjectModal.test.tsx

Test Suites: 5 failed, 3 passed, 8 total
Tests:       40 failed, 46 passed, 86 total
Snapshots:   0 total
Time:        31.109 s, estimated 32 s
Ran all test suites.
Jest did not exit one second after the test run has completed.

'This usually means that there are asynchronous operations that weren't stopped in your tests. Consider running Jest with `--detectOpenHandles` to troubleshoot this issue.
